/userdata/control_ws/install/task_controller/lib/python3.10/site-packages/task_controller/task1_line_follow.py
/userdata/control_ws/install/task_controller/lib/python3.10/site-packages/task_controller/main_controller.py
/userdata/control_ws/install/task_controller/lib/python3.10/site-packages/task_controller/__init__.py
/userdata/control_ws/install/task_controller/lib/python3.10/site-packages/task_controller/state_machine.py
/userdata/control_ws/install/task_controller/lib/python3.10/site-packages/task_controller/__pycache__/task1_line_follow.cpython-310.pyc
/userdata/control_ws/install/task_controller/lib/python3.10/site-packages/task_controller/__pycache__/main_controller.cpython-310.pyc
/userdata/control_ws/install/task_controller/lib/python3.10/site-packages/task_controller/__pycache__/__init__.cpython-310.pyc
/userdata/control_ws/install/task_controller/lib/python3.10/site-packages/task_controller/__pycache__/state_machine.cpython-310.pyc
/userdata/control_ws/install/task_controller/share/ament_index/resource_index/packages/task_controller
/userdata/control_ws/install/task_controller/share/task_controller/package.xml
/userdata/control_ws/install/task_controller/share/task_controller/launch
/userdata/control_ws/install/task_controller/lib/task_controller/main_controller_node
/userdata/control_ws/install/task_controller/lib/python3.10/site-packages/task_controller-0.1.0-py3.10.egg-info/SOURCES.txt
/userdata/control_ws/install/task_controller/lib/python3.10/site-packages/task_controller-0.1.0-py3.10.egg-info/PKG-INFO
/userdata/control_ws/install/task_controller/lib/python3.10/site-packages/task_controller-0.1.0-py3.10.egg-info/dependency_links.txt
/userdata/control_ws/install/task_controller/lib/python3.10/site-packages/task_controller-0.1.0-py3.10.egg-info/top_level.txt
/userdata/control_ws/install/task_controller/lib/python3.10/site-packages/task_controller-0.1.0-py3.10.egg-info/zip-safe
/userdata/control_ws/install/task_controller/lib/python3.10/site-packages/task_controller-0.1.0-py3.10.egg-info/entry_points.txt
/userdata/control_ws/install/task_controller/lib/python3.10/site-packages/task_controller-0.1.0-py3.10.egg-info/requires.txt
/userdata/control_ws/install/task_controller/bin/main_controller_node
