-- The C compiler identification is GNU 11.2.0
-- The CXX compiler identification is GNU 11.2.0
-- Detecting C compiler ABI info
-- Detecting C compiler ABI info - done
-- Check for working C compiler: /usr/bin/cc - skipped
-- Detecting C compile features
-- Detecting C compile features - done
-- Detecting CXX compiler ABI info
-- Detecting CXX compiler ABI info - done
-- Check for working CXX compiler: /usr/bin/c++ - skipped
-- Detecting CXX compile features
-- Detecting CXX compile features - done
-- Found ament_cmake: 1.3.10 (/opt/ros/humble/share/ament_cmake/cmake)
-- Found Python3: /usr/bin/python3 (found version "3.10.12") found components: Interpreter 
-- Override CMake install command with custom implementation using symlinks instead of copying resources
-- Configuring done
-- Generating done
-- Build files have been written to: /userdata/navi_ws/build/navi_bringup
-- Install configuration: ""
-- Installing: /userdata/navi_ws/install/navi_bringup/share/navi_bringup/launch
-- Installing: /userdata/navi_ws/install/navi_bringup/share/navi_bringup/launch/ekf_fusion.launch.py
-- Installing: /userdata/navi_ws/install/navi_bringup/share/navi_bringup/config
-- Installing: /userdata/navi_ws/install/navi_bringup/share/navi_bringup/config/ekf.yaml
-- Installing: /userdata/navi_ws/install/navi_bringup/share/navi_bringup/config/imu_filter.yaml
-- Execute custom install script
-- Symlinking: /userdata/navi_ws/install/navi_bringup/share/ament_index/resource_index/package_run_dependencies/navi_bringup
-- Symlinking: /userdata/navi_ws/install/navi_bringup/share/ament_index/resource_index/parent_prefix_path/navi_bringup
-- Symlinking: /userdata/navi_ws/install/navi_bringup/share/navi_bringup/environment/ament_prefix_path.sh
-- Symlinking: /userdata/navi_ws/install/navi_bringup/share/navi_bringup/environment/ament_prefix_path.dsv
-- Symlinking: /userdata/navi_ws/install/navi_bringup/share/navi_bringup/environment/path.sh
-- Symlinking: /userdata/navi_ws/install/navi_bringup/share/navi_bringup/environment/path.dsv
-- Symlinking: /userdata/navi_ws/install/navi_bringup/share/navi_bringup/local_setup.bash
-- Symlinking: /userdata/navi_ws/install/navi_bringup/share/navi_bringup/local_setup.sh
-- Symlinking: /userdata/navi_ws/install/navi_bringup/share/navi_bringup/local_setup.zsh
-- Symlinking: /userdata/navi_ws/install/navi_bringup/share/navi_bringup/local_setup.dsv
-- Symlinking: /userdata/navi_ws/install/navi_bringup/share/navi_bringup/package.dsv
-- Symlinking: /userdata/navi_ws/install/navi_bringup/share/ament_index/resource_index/packages/navi_bringup
-- Symlinking: /userdata/navi_ws/install/navi_bringup/share/navi_bringup/cmake/navi_bringupConfig.cmake
-- Symlinking: /userdata/navi_ws/install/navi_bringup/share/navi_bringup/cmake/navi_bringupConfig-version.cmake
-- Symlinking: /userdata/navi_ws/install/navi_bringup/share/navi_bringup/package.xml
