[0.711s] DEBUG:colcon:Command line arguments: ['/usr/bin/colcon', 'build', '--symlink-install', '--packages-select', 'qr_decoder']
[0.712s] DEBUG:colcon:Parsed command line arguments: Namespace(log_base=None, log_level=None, verb_name='build', build_base='build', install_base='install', merge_install=False, symlink_install=True, test_result_base=None, continue_on_error=False, executor='parallel', parallel_workers=8, event_handlers=None, ignore_user_meta=False, metas=['./colcon.meta'], base_paths=['.'], packages_ignore=None, packages_ignore_regex=None, paths=None, packages_up_to=None, packages_up_to_regex=None, packages_above=None, packages_above_and_dependencies=None, packages_above_depth=None, packages_select_by_dep=None, packages_skip_by_dep=None, packages_skip_up_to=None, packages_select_build_failed=False, packages_skip_build_finished=False, packages_select_test_failures=False, packages_skip_test_passed=False, packages_select=['qr_decoder'], packages_skip=None, packages_select_regex=None, packages_skip_regex=None, packages_start=None, packages_end=None, allow_overriding=[], cmake_args=None, cmake_target=None, cmake_target_skip_unavailable=False, cmake_clean_cache=False, cmake_clean_first=False, cmake_force_configure=False, ament_cmake_args=None, catkin_cmake_args=None, catkin_skip_building_tests=False, verb_parser=<colcon_defaults.argument_parser.defaults.DefaultArgumentsDecorator object at 0xffff7e364df0>, verb_extension=<colcon_core.verb.build.BuildVerb object at 0xffff7e3648e0>, main=<bound method BuildVerb.main of <colcon_core.verb.build.BuildVerb object at 0xffff7e3648e0>>)
[2.098s] Level 1:colcon.colcon_core.package_discovery:discover_packages(colcon_meta) check parameters
[2.099s] Level 1:colcon.colcon_core.package_discovery:discover_packages(recursive) check parameters
[2.099s] Level 1:colcon.colcon_core.package_discovery:discover_packages(ignore) check parameters
[2.100s] Level 1:colcon.colcon_core.package_discovery:discover_packages(path) check parameters
[2.100s] Level 1:colcon.colcon_core.package_discovery:discover_packages(colcon_meta) discover
[2.100s] Level 1:colcon.colcon_core.package_discovery:discover_packages(recursive) discover
[2.101s] INFO:colcon.colcon_core.package_discovery:Crawling recursively for packages in '/userdata/BPU_bl_ws'
[2.101s] Level 1:colcon.colcon_core.package_identification:_identify(.) by extensions ['ignore', 'ignore_ament_install']
[2.102s] Level 1:colcon.colcon_core.package_identification:_identify(.) by extension 'ignore'
[2.102s] Level 1:colcon.colcon_core.package_identification:_identify(.) by extension 'ignore_ament_install'
[2.103s] Level 1:colcon.colcon_core.package_identification:_identify(.) by extensions ['colcon_pkg']
[2.103s] Level 1:colcon.colcon_core.package_identification:_identify(.) by extension 'colcon_pkg'
[2.103s] Level 1:colcon.colcon_core.package_identification:_identify(.) by extensions ['colcon_meta']
[2.104s] Level 1:colcon.colcon_core.package_identification:_identify(.) by extension 'colcon_meta'
[2.104s] Level 1:colcon.colcon_core.package_identification:_identify(.) by extensions ['ros']
[2.104s] Level 1:colcon.colcon_core.package_identification:_identify(.) by extension 'ros'
[2.188s] Level 1:colcon.colcon_core.package_identification:_identify(.) by extensions ['cmake', 'python']
[2.188s] Level 1:colcon.colcon_core.package_identification:_identify(.) by extension 'cmake'
[2.189s] Level 1:colcon.colcon_core.package_identification:_identify(.) by extension 'python'
[2.190s] Level 1:colcon.colcon_core.package_identification:_identify(.) by extensions ['python_setup_py']
[2.190s] Level 1:colcon.colcon_core.package_identification:_identify(.) by extension 'python_setup_py'
[2.191s] Level 1:colcon.colcon_core.package_identification:_identify(build) by extensions ['ignore', 'ignore_ament_install']
[2.192s] Level 1:colcon.colcon_core.package_identification:_identify(build) by extension 'ignore'
[2.193s] Level 1:colcon.colcon_core.package_identification:_identify(build) ignored
[2.194s] Level 1:colcon.colcon_core.package_identification:_identify(config) by extensions ['ignore', 'ignore_ament_install']
[2.195s] Level 1:colcon.colcon_core.package_identification:_identify(config) by extension 'ignore'
[2.196s] Level 1:colcon.colcon_core.package_identification:_identify(config) by extension 'ignore_ament_install'
[2.196s] Level 1:colcon.colcon_core.package_identification:_identify(config) by extensions ['colcon_pkg']
[2.197s] Level 1:colcon.colcon_core.package_identification:_identify(config) by extension 'colcon_pkg'
[2.197s] Level 1:colcon.colcon_core.package_identification:_identify(config) by extensions ['colcon_meta']
[2.198s] Level 1:colcon.colcon_core.package_identification:_identify(config) by extension 'colcon_meta'
[2.198s] Level 1:colcon.colcon_core.package_identification:_identify(config) by extensions ['ros']
[2.198s] Level 1:colcon.colcon_core.package_identification:_identify(config) by extension 'ros'
[2.199s] Level 1:colcon.colcon_core.package_identification:_identify(config) by extensions ['cmake', 'python']
[2.199s] Level 1:colcon.colcon_core.package_identification:_identify(config) by extension 'cmake'
[2.200s] Level 1:colcon.colcon_core.package_identification:_identify(config) by extension 'python'
[2.201s] Level 1:colcon.colcon_core.package_identification:_identify(config) by extensions ['python_setup_py']
[2.201s] Level 1:colcon.colcon_core.package_identification:_identify(config) by extension 'python_setup_py'
[2.202s] Level 1:colcon.colcon_core.package_identification:_identify(config/coco_80) by extensions ['ignore', 'ignore_ament_install']
[2.202s] Level 1:colcon.colcon_core.package_identification:_identify(config/coco_80) by extension 'ignore'
[2.203s] Level 1:colcon.colcon_core.package_identification:_identify(config/coco_80) by extension 'ignore_ament_install'
[2.203s] Level 1:colcon.colcon_core.package_identification:_identify(config/coco_80) by extensions ['colcon_pkg']
[2.204s] Level 1:colcon.colcon_core.package_identification:_identify(config/coco_80) by extension 'colcon_pkg'
[2.204s] Level 1:colcon.colcon_core.package_identification:_identify(config/coco_80) by extensions ['colcon_meta']
[2.204s] Level 1:colcon.colcon_core.package_identification:_identify(config/coco_80) by extension 'colcon_meta'
[2.205s] Level 1:colcon.colcon_core.package_identification:_identify(config/coco_80) by extensions ['ros']
[2.205s] Level 1:colcon.colcon_core.package_identification:_identify(config/coco_80) by extension 'ros'
[2.206s] Level 1:colcon.colcon_core.package_identification:_identify(config/coco_80) by extensions ['cmake', 'python']
[2.206s] Level 1:colcon.colcon_core.package_identification:_identify(config/coco_80) by extension 'cmake'
[2.207s] Level 1:colcon.colcon_core.package_identification:_identify(config/coco_80) by extension 'python'
[2.207s] Level 1:colcon.colcon_core.package_identification:_identify(config/coco_80) by extensions ['python_setup_py']
[2.207s] Level 1:colcon.colcon_core.package_identification:_identify(config/coco_80) by extension 'python_setup_py'
[2.208s] Level 1:colcon.colcon_core.package_identification:_identify(config/custom_4) by extensions ['ignore', 'ignore_ament_install']
[2.208s] Level 1:colcon.colcon_core.package_identification:_identify(config/custom_4) by extension 'ignore'
[2.209s] Level 1:colcon.colcon_core.package_identification:_identify(config/custom_4) by extension 'ignore_ament_install'
[2.209s] Level 1:colcon.colcon_core.package_identification:_identify(config/custom_4) by extensions ['colcon_pkg']
[2.210s] Level 1:colcon.colcon_core.package_identification:_identify(config/custom_4) by extension 'colcon_pkg'
[2.210s] Level 1:colcon.colcon_core.package_identification:_identify(config/custom_4) by extensions ['colcon_meta']
[2.210s] Level 1:colcon.colcon_core.package_identification:_identify(config/custom_4) by extension 'colcon_meta'
[2.211s] Level 1:colcon.colcon_core.package_identification:_identify(config/custom_4) by extensions ['ros']
[2.211s] Level 1:colcon.colcon_core.package_identification:_identify(config/custom_4) by extension 'ros'
[2.211s] Level 1:colcon.colcon_core.package_identification:_identify(config/custom_4) by extensions ['cmake', 'python']
[2.212s] Level 1:colcon.colcon_core.package_identification:_identify(config/custom_4) by extension 'cmake'
[2.212s] Level 1:colcon.colcon_core.package_identification:_identify(config/custom_4) by extension 'python'
[2.212s] Level 1:colcon.colcon_core.package_identification:_identify(config/custom_4) by extensions ['python_setup_py']
[2.212s] Level 1:colcon.colcon_core.package_identification:_identify(config/custom_4) by extension 'python_setup_py'
[2.213s] Level 1:colcon.colcon_core.package_identification:_identify(install) by extensions ['ignore', 'ignore_ament_install']
[2.214s] Level 1:colcon.colcon_core.package_identification:_identify(install) by extension 'ignore'
[2.214s] Level 1:colcon.colcon_core.package_identification:_identify(install) ignored
[2.215s] Level 1:colcon.colcon_core.package_identification:_identify(log) by extensions ['ignore', 'ignore_ament_install']
[2.215s] Level 1:colcon.colcon_core.package_identification:_identify(log) by extension 'ignore'
[2.216s] Level 1:colcon.colcon_core.package_identification:_identify(log) ignored
[2.216s] Level 1:colcon.colcon_core.package_identification:_identify(src) by extensions ['ignore', 'ignore_ament_install']
[2.217s] Level 1:colcon.colcon_core.package_identification:_identify(src) by extension 'ignore'
[2.217s] Level 1:colcon.colcon_core.package_identification:_identify(src) by extension 'ignore_ament_install'
[2.218s] Level 1:colcon.colcon_core.package_identification:_identify(src) by extensions ['colcon_pkg']
[2.218s] Level 1:colcon.colcon_core.package_identification:_identify(src) by extension 'colcon_pkg'
[2.218s] Level 1:colcon.colcon_core.package_identification:_identify(src) by extensions ['colcon_meta']
[2.219s] Level 1:colcon.colcon_core.package_identification:_identify(src) by extension 'colcon_meta'
[2.219s] Level 1:colcon.colcon_core.package_identification:_identify(src) by extensions ['ros']
[2.219s] Level 1:colcon.colcon_core.package_identification:_identify(src) by extension 'ros'
[2.220s] Level 1:colcon.colcon_core.package_identification:_identify(src) by extensions ['cmake', 'python']
[2.220s] Level 1:colcon.colcon_core.package_identification:_identify(src) by extension 'cmake'
[2.220s] Level 1:colcon.colcon_core.package_identification:_identify(src) by extension 'python'
[2.221s] Level 1:colcon.colcon_core.package_identification:_identify(src) by extensions ['python_setup_py']
[2.221s] Level 1:colcon.colcon_core.package_identification:_identify(src) by extension 'python_setup_py'
[2.221s] Level 1:colcon.colcon_core.package_identification:_identify(src/bpu_bringup) by extensions ['ignore', 'ignore_ament_install']
[2.222s] Level 1:colcon.colcon_core.package_identification:_identify(src/bpu_bringup) by extension 'ignore'
[2.223s] Level 1:colcon.colcon_core.package_identification:_identify(src/bpu_bringup) by extension 'ignore_ament_install'
[2.223s] Level 1:colcon.colcon_core.package_identification:_identify(src/bpu_bringup) by extensions ['colcon_pkg']
[2.223s] Level 1:colcon.colcon_core.package_identification:_identify(src/bpu_bringup) by extension 'colcon_pkg'
[2.224s] Level 1:colcon.colcon_core.package_identification:_identify(src/bpu_bringup) by extensions ['colcon_meta']
[2.224s] Level 1:colcon.colcon_core.package_identification:_identify(src/bpu_bringup) by extension 'colcon_meta'
[2.224s] Level 1:colcon.colcon_core.package_identification:_identify(src/bpu_bringup) by extensions ['ros']
[2.225s] Level 1:colcon.colcon_core.package_identification:_identify(src/bpu_bringup) by extension 'ros'
[2.240s] DEBUG:colcon.colcon_core.package_identification:Package 'src/bpu_bringup' with type 'ros.ament_cmake' and name 'bpu_bringup'
[2.241s] Level 1:colcon.colcon_core.package_identification:_identify(src/qr_decoder) by extensions ['ignore', 'ignore_ament_install']
[2.242s] Level 1:colcon.colcon_core.package_identification:_identify(src/qr_decoder) by extension 'ignore'
[2.243s] Level 1:colcon.colcon_core.package_identification:_identify(src/qr_decoder) by extension 'ignore_ament_install'
[2.243s] Level 1:colcon.colcon_core.package_identification:_identify(src/qr_decoder) by extensions ['colcon_pkg']
[2.244s] Level 1:colcon.colcon_core.package_identification:_identify(src/qr_decoder) by extension 'colcon_pkg'
[2.244s] Level 1:colcon.colcon_core.package_identification:_identify(src/qr_decoder) by extensions ['colcon_meta']
[2.244s] Level 1:colcon.colcon_core.package_identification:_identify(src/qr_decoder) by extension 'colcon_meta'
[2.245s] Level 1:colcon.colcon_core.package_identification:_identify(src/qr_decoder) by extensions ['ros']
[2.245s] Level 1:colcon.colcon_core.package_identification:_identify(src/qr_decoder) by extension 'ros'
[2.249s] DEBUG:colcon.colcon_core.package_identification:Package 'src/qr_decoder' with type 'ros.ament_python' and name 'qr_decoder'
[2.250s] Level 1:colcon.colcon_core.package_identification:_identify(src/utils) by extensions ['ignore', 'ignore_ament_install']
[2.250s] Level 1:colcon.colcon_core.package_identification:_identify(src/utils) by extension 'ignore'
[2.251s] Level 1:colcon.colcon_core.package_identification:_identify(src/utils) by extension 'ignore_ament_install'
[2.251s] Level 1:colcon.colcon_core.package_identification:_identify(src/utils) by extensions ['colcon_pkg']
[2.252s] Level 1:colcon.colcon_core.package_identification:_identify(src/utils) by extension 'colcon_pkg'
[2.252s] Level 1:colcon.colcon_core.package_identification:_identify(src/utils) by extensions ['colcon_meta']
[2.252s] Level 1:colcon.colcon_core.package_identification:_identify(src/utils) by extension 'colcon_meta'
[2.253s] Level 1:colcon.colcon_core.package_identification:_identify(src/utils) by extensions ['ros']
[2.253s] Level 1:colcon.colcon_core.package_identification:_identify(src/utils) by extension 'ros'
[2.259s] DEBUG:colcon.colcon_core.package_identification:Package 'src/utils' with type 'ros.ament_cmake' and name 'utils'
[2.259s] Level 1:colcon.colcon_core.package_discovery:discover_packages(recursive) using defaults
[2.260s] Level 1:colcon.colcon_core.package_discovery:discover_packages(ignore) discover
[2.260s] Level 1:colcon.colcon_core.package_discovery:discover_packages(ignore) using defaults
[2.260s] Level 1:colcon.colcon_core.package_discovery:discover_packages(path) discover
[2.260s] Level 1:colcon.colcon_core.package_discovery:discover_packages(path) using defaults
[2.408s] INFO:colcon.colcon_core.package_selection:Skipping not selected package 'bpu_bringup' in 'src/bpu_bringup'
[2.408s] INFO:colcon.colcon_core.package_selection:Skipping not selected package 'utils' in 'src/utils'
[2.411s] Level 1:colcon.colcon_core.package_discovery:discover_packages(prefix_path) check parameters
[2.412s] Level 1:colcon.colcon_core.package_discovery:discover_packages(prefix_path) discover
[2.507s] DEBUG:colcon.colcon_installed_package_information.package_discovery:Found 8 installed packages in /userdata/dev_ws/install
[2.511s] DEBUG:colcon.colcon_installed_package_information.package_discovery:Found 49 installed packages in /opt/tros/humble
[2.522s] DEBUG:colcon.colcon_installed_package_information.package_discovery:Found 290 installed packages in /opt/ros/humble
[2.535s] Level 1:colcon.colcon_core.package_discovery:discover_packages(prefix_path) using defaults
[2.878s] Level 5:colcon.colcon_core.verb:set package 'qr_decoder' build argument 'cmake_args' from command line to 'None'
[2.879s] Level 5:colcon.colcon_core.verb:set package 'qr_decoder' build argument 'cmake_target' from command line to 'None'
[2.879s] Level 5:colcon.colcon_core.verb:set package 'qr_decoder' build argument 'cmake_target_skip_unavailable' from command line to 'False'
[2.879s] Level 5:colcon.colcon_core.verb:set package 'qr_decoder' build argument 'cmake_clean_cache' from command line to 'False'
[2.879s] Level 5:colcon.colcon_core.verb:set package 'qr_decoder' build argument 'cmake_clean_first' from command line to 'False'
[2.880s] Level 5:colcon.colcon_core.verb:set package 'qr_decoder' build argument 'cmake_force_configure' from command line to 'False'
[2.880s] Level 5:colcon.colcon_core.verb:set package 'qr_decoder' build argument 'ament_cmake_args' from command line to 'None'
[2.880s] Level 5:colcon.colcon_core.verb:set package 'qr_decoder' build argument 'catkin_cmake_args' from command line to 'None'
[2.880s] Level 5:colcon.colcon_core.verb:set package 'qr_decoder' build argument 'catkin_skip_building_tests' from command line to 'False'
[2.880s] DEBUG:colcon.colcon_core.verb:Building package 'qr_decoder' with the following arguments: {'ament_cmake_args': None, 'build_base': '/userdata/BPU_bl_ws/build/qr_decoder', 'catkin_cmake_args': None, 'catkin_skip_building_tests': False, 'cmake_args': None, 'cmake_clean_cache': False, 'cmake_clean_first': False, 'cmake_force_configure': False, 'cmake_target': None, 'cmake_target_skip_unavailable': False, 'install_base': '/userdata/BPU_bl_ws/install/qr_decoder', 'merge_install': False, 'path': '/userdata/BPU_bl_ws/src/qr_decoder', 'symlink_install': True, 'test_result_base': None}
[2.881s] INFO:colcon.colcon_core.executor:Executing jobs using 'parallel' executor
[2.887s] DEBUG:colcon.colcon_parallel_executor.executor.parallel:run_until_complete
[2.888s] INFO:colcon.colcon_ros.task.ament_python.build:Building ROS package in '/userdata/BPU_bl_ws/src/qr_decoder' with build type 'ament_python'
[2.889s] Level 1:colcon.colcon_core.shell:create_environment_hook('qr_decoder', 'ament_prefix_path')
[2.901s] INFO:colcon.colcon_core.plugin_system:Skipping extension 'colcon_core.shell.bat': Not used on non-Windows systems
[2.903s] INFO:colcon.colcon_core.shell:Creating environment hook '/userdata/BPU_bl_ws/install/qr_decoder/share/qr_decoder/hook/ament_prefix_path.ps1'
[2.907s] INFO:colcon.colcon_core.shell:Creating environment descriptor '/userdata/BPU_bl_ws/install/qr_decoder/share/qr_decoder/hook/ament_prefix_path.dsv'
[2.910s] INFO:colcon.colcon_core.shell:Creating environment hook '/userdata/BPU_bl_ws/install/qr_decoder/share/qr_decoder/hook/ament_prefix_path.sh'
[2.916s] INFO:colcon.colcon_core.shell:Skip shell extension 'powershell' for command environment: Not usable outside of PowerShell
[2.916s] DEBUG:colcon.colcon_core.shell:Skip shell extension 'dsv' for command environment
[4.824s] INFO:colcon.colcon_core.task.python.build:Building Python package in '/userdata/BPU_bl_ws/src/qr_decoder'
[4.825s] INFO:colcon.colcon_core.shell:Skip shell extension 'powershell' for command environment: Not usable outside of PowerShell
[4.826s] DEBUG:colcon.colcon_core.shell:Skip shell extension 'dsv' for command environment
[7.392s] DEBUG:colcon.colcon_core.event_handler.log_command:Invoking command in '/userdata/BPU_bl_ws/build/qr_decoder': PYTHONPATH=/userdata/BPU_bl_ws/build/qr_decoder/prefix_override:/usr/lib/python3/dist-packages/colcon_core/task/python/colcon_distutils_commands:/userdata/BPU_bl_ws/install/qr_decoder/lib/python3.10/site-packages:${PYTHONPATH} /usr/bin/python3 -W ignore:setup.py install is deprecated -W ignore:easy_install command is deprecated setup.py develop --editable --build-directory /userdata/BPU_bl_ws/build/qr_decoder/build --no-deps symlink_data
[10.969s] Level 1:colcon.colcon_core.shell:create_environment_hook('qr_decoder', 'pythonpath_develop')
[10.971s] INFO:colcon.colcon_core.shell:Creating environment hook '/userdata/BPU_bl_ws/build/qr_decoder/share/qr_decoder/hook/pythonpath_develop.ps1'
[10.974s] DEBUG:colcon.colcon_core.event_handler.log_command:Invoked command in '/userdata/BPU_bl_ws/build/qr_decoder' returned '0': PYTHONPATH=/userdata/BPU_bl_ws/build/qr_decoder/prefix_override:/usr/lib/python3/dist-packages/colcon_core/task/python/colcon_distutils_commands:/userdata/BPU_bl_ws/install/qr_decoder/lib/python3.10/site-packages:${PYTHONPATH} /usr/bin/python3 -W ignore:setup.py install is deprecated -W ignore:easy_install command is deprecated setup.py develop --editable --build-directory /userdata/BPU_bl_ws/build/qr_decoder/build --no-deps symlink_data
[10.977s] INFO:colcon.colcon_core.shell:Creating environment descriptor '/userdata/BPU_bl_ws/build/qr_decoder/share/qr_decoder/hook/pythonpath_develop.dsv'
[10.980s] INFO:colcon.colcon_core.shell:Creating environment hook '/userdata/BPU_bl_ws/build/qr_decoder/share/qr_decoder/hook/pythonpath_develop.sh'
[11.005s] Level 1:colcon.colcon_core.environment:checking '/userdata/BPU_bl_ws/install/qr_decoder' for CMake module files
[11.008s] Level 1:colcon.colcon_core.environment:checking '/userdata/BPU_bl_ws/install/qr_decoder' for CMake config files
[11.011s] Level 1:colcon.colcon_core.environment:checking '/userdata/BPU_bl_ws/install/qr_decoder/lib'
[11.013s] Level 1:colcon.colcon_core.environment:checking '/userdata/BPU_bl_ws/install/qr_decoder/bin'
[11.013s] Level 1:colcon.colcon_core.shell:create_environment_hook('qr_decoder', 'path')
[11.015s] INFO:colcon.colcon_core.shell:Creating environment hook '/userdata/BPU_bl_ws/install/qr_decoder/share/qr_decoder/hook/path.ps1'
[11.018s] INFO:colcon.colcon_core.shell:Creating environment descriptor '/userdata/BPU_bl_ws/install/qr_decoder/share/qr_decoder/hook/path.dsv'
[11.021s] INFO:colcon.colcon_core.shell:Creating environment hook '/userdata/BPU_bl_ws/install/qr_decoder/share/qr_decoder/hook/path.sh'
[11.024s] Level 1:colcon.colcon_core.environment:checking '/userdata/BPU_bl_ws/install/qr_decoder/lib/pkgconfig/qr_decoder.pc'
[11.026s] Level 1:colcon.colcon_core.environment:checking '/userdata/BPU_bl_ws/install/qr_decoder/lib/python3.10/site-packages'
[11.027s] Level 1:colcon.colcon_core.shell:create_environment_hook('qr_decoder', 'pythonpath')
[11.029s] INFO:colcon.colcon_core.shell:Creating environment hook '/userdata/BPU_bl_ws/install/qr_decoder/share/qr_decoder/hook/pythonpath.ps1'
[11.032s] INFO:colcon.colcon_core.shell:Creating environment descriptor '/userdata/BPU_bl_ws/install/qr_decoder/share/qr_decoder/hook/pythonpath.dsv'
[11.035s] INFO:colcon.colcon_core.shell:Creating environment hook '/userdata/BPU_bl_ws/install/qr_decoder/share/qr_decoder/hook/pythonpath.sh'
[11.040s] Level 1:colcon.colcon_core.environment:checking '/userdata/BPU_bl_ws/install/qr_decoder/bin'
[11.041s] Level 1:colcon.colcon_core.shell:create_environment_hook('qr_decoder', 'pythonscriptspath')
[11.042s] INFO:colcon.colcon_core.shell:Creating environment hook '/userdata/BPU_bl_ws/install/qr_decoder/share/qr_decoder/hook/pythonscriptspath.ps1'
[11.045s] INFO:colcon.colcon_core.shell:Creating environment descriptor '/userdata/BPU_bl_ws/install/qr_decoder/share/qr_decoder/hook/pythonscriptspath.dsv'
[11.048s] INFO:colcon.colcon_core.shell:Creating environment hook '/userdata/BPU_bl_ws/install/qr_decoder/share/qr_decoder/hook/pythonscriptspath.sh'
[11.051s] Level 1:colcon.colcon_core.environment:create_environment_scripts_only(qr_decoder)
[11.054s] INFO:colcon.colcon_core.shell:Creating package script '/userdata/BPU_bl_ws/install/qr_decoder/share/qr_decoder/package.ps1'
[11.061s] INFO:colcon.colcon_core.shell:Creating package descriptor '/userdata/BPU_bl_ws/install/qr_decoder/share/qr_decoder/package.dsv'
[11.067s] INFO:colcon.colcon_core.shell:Creating package script '/userdata/BPU_bl_ws/install/qr_decoder/share/qr_decoder/package.sh'
[11.073s] INFO:colcon.colcon_core.shell:Creating package script '/userdata/BPU_bl_ws/install/qr_decoder/share/qr_decoder/package.bash'
[11.079s] INFO:colcon.colcon_core.shell:Creating package script '/userdata/BPU_bl_ws/install/qr_decoder/share/qr_decoder/package.zsh'
[11.084s] Level 1:colcon.colcon_core.environment:create_file_with_runtime_dependencies(/userdata/BPU_bl_ws/install/qr_decoder/share/colcon-core/packages/qr_decoder)
[11.086s] DEBUG:colcon.colcon_parallel_executor.executor.parallel:closing loop
[11.087s] DEBUG:colcon.colcon_parallel_executor.executor.parallel:loop closed
[11.088s] DEBUG:colcon.colcon_parallel_executor.executor.parallel:run_until_complete finished with '0'
[11.088s] DEBUG:colcon.colcon_core.event_reactor:joining thread
[11.121s] INFO:colcon.colcon_core.plugin_system:Skipping extension 'colcon_notification.desktop_notification.terminal_notifier': Not used on non-Darwin systems
[11.122s] INFO:colcon.colcon_core.plugin_system:Skipping extension 'colcon_notification.desktop_notification.win32': Not used on non-Windows systems
[11.123s] INFO:colcon.colcon_notification.desktop_notification:Sending desktop notification using 'notify2'
[36.150s] DEBUG:colcon.colcon_notification.desktop_notification.notify2:Failed to initialize notify2: org.freedesktop.DBus.Error.NoReply: Did not receive a reply. Possible causes include: the remote application did not send a reply, the message bus security policy blocked the reply, the reply timeout expired, or the network connection was broken.
[36.151s] DEBUG:colcon.colcon_core.event_reactor:joined thread
[36.153s] INFO:colcon.colcon_core.shell:Creating prefix script '/userdata/BPU_bl_ws/install/local_setup.ps1'
[36.161s] INFO:colcon.colcon_core.shell:Creating prefix util module '/userdata/BPU_bl_ws/install/_local_setup_util_ps1.py'
[36.172s] INFO:colcon.colcon_core.shell:Creating prefix chain script '/userdata/BPU_bl_ws/install/setup.ps1'
[36.181s] INFO:colcon.colcon_core.shell:Creating prefix script '/userdata/BPU_bl_ws/install/local_setup.sh'
[36.185s] INFO:colcon.colcon_core.shell:Creating prefix util module '/userdata/BPU_bl_ws/install/_local_setup_util_sh.py'
[36.189s] INFO:colcon.colcon_core.shell:Creating prefix chain script '/userdata/BPU_bl_ws/install/setup.sh'
[36.200s] INFO:colcon.colcon_core.shell:Creating prefix script '/userdata/BPU_bl_ws/install/local_setup.bash'
[36.203s] INFO:colcon.colcon_core.shell:Creating prefix chain script '/userdata/BPU_bl_ws/install/setup.bash'
[36.211s] INFO:colcon.colcon_core.shell:Creating prefix script '/userdata/BPU_bl_ws/install/local_setup.zsh'
[36.214s] INFO:colcon.colcon_core.shell:Creating prefix chain script '/userdata/BPU_bl_ws/install/setup.zsh'
