running develop
running egg_info
creating qr_decoder.egg-info
writing qr_decoder.egg-info/PKG-INFO
writing dependency_links to qr_decoder.egg-info/dependency_links.txt
writing entry points to qr_decoder.egg-info/entry_points.txt
writing requirements to qr_decoder.egg-info/requires.txt
writing top-level names to qr_decoder.egg-info/top_level.txt
writing manifest file 'qr_decoder.egg-info/SOURCES.txt'
package init file 'qr_decoder/__init__.py' not found (or not a regular file)
reading manifest file 'qr_decoder.egg-info/SOURCES.txt'
writing manifest file 'qr_decoder.egg-info/SOURCES.txt'
running build_ext
Creating /userdata/BPU_bl_ws/install/qr_decoder/lib/python3.10/site-packages/qr-decoder.egg-link (link to .)
Installing qr_decoder_node script to /userdata/BPU_bl_ws/install/qr_decoder/bin

Installed /userdata/BPU_bl_ws/build/qr_decoder
running symlink_data
creating /userdata/BPU_bl_ws/install/qr_decoder/share/ament_index
creating /userdata/BPU_bl_ws/install/qr_decoder/share/ament_index/resource_index
creating /userdata/BPU_bl_ws/install/qr_decoder/share/ament_index/resource_index/packages
symbolically linking /userdata/BPU_bl_ws/build/qr_decoder/resource/qr_decoder -> /userdata/BPU_bl_ws/install/qr_decoder/share/ament_index/resource_index/packages
symbolically linking /userdata/BPU_bl_ws/build/qr_decoder/package.xml -> /userdata/BPU_bl_ws/install/qr_decoder/share/qr_decoder
