[4.934s] Invoking command in '/userdata/BPU_bl_ws/build/qr_decoder': PYTHONPATH=/userdata/BPU_bl_ws/build/qr_decoder/prefix_override:/usr/lib/python3/dist-packages/colcon_core/task/python/colcon_distutils_commands:/userdata/BPU_bl_ws/install/qr_decoder/lib/python3.10/site-packages:${PYTHONPATH} /usr/bin/python3 -W ignore:setup.py install is deprecated -W ignore:easy_install command is deprecated setup.py develop --editable --build-directory /userdata/BPU_bl_ws/build/qr_decoder/build --no-deps symlink_data
[6.787s] running develop
[7.912s] running egg_info
[7.913s] creating qr_decoder.egg-info
[7.913s] writing qr_decoder.egg-info/PKG-INFO
[7.914s] writing dependency_links to qr_decoder.egg-info/dependency_links.txt
[7.916s] writing entry points to qr_decoder.egg-info/entry_points.txt
[7.916s] writing requirements to qr_decoder.egg-info/requires.txt
[7.917s] writing top-level names to qr_decoder.egg-info/top_level.txt
[7.917s] writing manifest file 'qr_decoder.egg-info/SOURCES.txt'
[7.923s] package init file 'qr_decoder/__init__.py' not found (or not a regular file)
[7.927s] reading manifest file 'qr_decoder.egg-info/SOURCES.txt'
[7.930s] writing manifest file 'qr_decoder.egg-info/SOURCES.txt'
[7.939s] running build_ext
[7.941s] Creating /userdata/BPU_bl_ws/install/qr_decoder/lib/python3.10/site-packages/qr-decoder.egg-link (link to .)
[7.945s] Installing qr_decoder_node script to /userdata/BPU_bl_ws/install/qr_decoder/bin
[7.947s] 
[7.948s] Installed /userdata/BPU_bl_ws/build/qr_decoder
[7.949s] running symlink_data
[7.950s] creating /userdata/BPU_bl_ws/install/qr_decoder/share/ament_index
[7.950s] creating /userdata/BPU_bl_ws/install/qr_decoder/share/ament_index/resource_index
[7.951s] creating /userdata/BPU_bl_ws/install/qr_decoder/share/ament_index/resource_index/packages
[7.951s] symbolically linking /userdata/BPU_bl_ws/build/qr_decoder/resource/qr_decoder -> /userdata/BPU_bl_ws/install/qr_decoder/share/ament_index/resource_index/packages
[7.952s] symbolically linking /userdata/BPU_bl_ws/build/qr_decoder/package.xml -> /userdata/BPU_bl_ws/install/qr_decoder/share/qr_decoder
[8.194s] Invoked command in '/userdata/BPU_bl_ws/build/qr_decoder' returned '0': PYTHONPATH=/userdata/BPU_bl_ws/build/qr_decoder/prefix_override:/usr/lib/python3/dist-packages/colcon_core/task/python/colcon_distutils_commands:/userdata/BPU_bl_ws/install/qr_decoder/lib/python3.10/site-packages:${PYTHONPATH} /usr/bin/python3 -W ignore:setup.py install is deprecated -W ignore:easy_install command is deprecated setup.py develop --editable --build-directory /userdata/BPU_bl_ws/build/qr_decoder/build --no-deps symlink_data
