[1.555s] DEBUG:colcon:Command line arguments: ['/usr/bin/colcon', 'build']
[1.556s] DEBUG:colcon:Parsed command line arguments: Namespace(log_base=None, log_level=None, verb_name='build', build_base='build', install_base='install', merge_install=False, symlink_install=False, test_result_base=None, continue_on_error=False, executor='parallel', parallel_workers=8, event_handlers=None, ignore_user_meta=False, metas=['./colcon.meta'], base_paths=['.'], packages_ignore=None, packages_ignore_regex=None, paths=None, packages_up_to=None, packages_up_to_regex=None, packages_above=None, packages_above_and_dependencies=None, packages_above_depth=None, packages_select_by_dep=None, packages_skip_by_dep=None, packages_skip_up_to=None, packages_select_build_failed=False, packages_skip_build_finished=False, packages_select_test_failures=False, packages_skip_test_passed=False, packages_select=None, packages_skip=None, packages_select_regex=None, packages_skip_regex=None, packages_start=None, packages_end=None, allow_overriding=[], cmake_args=None, cmake_target=None, cmake_target_skip_unavailable=False, cmake_clean_cache=False, cmake_clean_first=False, cmake_force_configure=False, ament_cmake_args=None, catkin_cmake_args=None, catkin_skip_building_tests=False, verb_parser=<colcon_defaults.argument_parser.defaults.DefaultArgumentsDecorator object at 0xffffb977d990>, verb_extension=<colcon_core.verb.build.BuildVerb object at 0xffffb977d480>, main=<bound method BuildVerb.main of <colcon_core.verb.build.BuildVerb object at 0xffffb977d480>>)
[3.471s] Level 1:colcon.colcon_core.package_discovery:discover_packages(colcon_meta) check parameters
[3.472s] Level 1:colcon.colcon_core.package_discovery:discover_packages(recursive) check parameters
[3.472s] Level 1:colcon.colcon_core.package_discovery:discover_packages(ignore) check parameters
[3.472s] Level 1:colcon.colcon_core.package_discovery:discover_packages(path) check parameters
[3.473s] Level 1:colcon.colcon_core.package_discovery:discover_packages(colcon_meta) discover
[3.473s] Level 1:colcon.colcon_core.package_discovery:discover_packages(recursive) discover
[3.473s] INFO:colcon.colcon_core.package_discovery:Crawling recursively for packages in '/userdata/control_ws'
[3.474s] Level 1:colcon.colcon_core.package_identification:_identify(.) by extensions ['ignore', 'ignore_ament_install']
[3.474s] Level 1:colcon.colcon_core.package_identification:_identify(.) by extension 'ignore'
[3.474s] Level 1:colcon.colcon_core.package_identification:_identify(.) by extension 'ignore_ament_install'
[3.475s] Level 1:colcon.colcon_core.package_identification:_identify(.) by extensions ['colcon_pkg']
[3.475s] Level 1:colcon.colcon_core.package_identification:_identify(.) by extension 'colcon_pkg'
[3.475s] Level 1:colcon.colcon_core.package_identification:_identify(.) by extensions ['colcon_meta']
[3.476s] Level 1:colcon.colcon_core.package_identification:_identify(.) by extension 'colcon_meta'
[3.476s] Level 1:colcon.colcon_core.package_identification:_identify(.) by extensions ['ros']
[3.476s] Level 1:colcon.colcon_core.package_identification:_identify(.) by extension 'ros'
[3.584s] Level 1:colcon.colcon_core.package_identification:_identify(.) by extensions ['cmake', 'python']
[3.584s] Level 1:colcon.colcon_core.package_identification:_identify(.) by extension 'cmake'
[3.585s] Level 1:colcon.colcon_core.package_identification:_identify(.) by extension 'python'
[3.586s] Level 1:colcon.colcon_core.package_identification:_identify(.) by extensions ['python_setup_py']
[3.586s] Level 1:colcon.colcon_core.package_identification:_identify(.) by extension 'python_setup_py'
[3.587s] Level 1:colcon.colcon_core.package_identification:_identify(build) by extensions ['ignore', 'ignore_ament_install']
[3.588s] Level 1:colcon.colcon_core.package_identification:_identify(build) by extension 'ignore'
[3.588s] Level 1:colcon.colcon_core.package_identification:_identify(build) ignored
[3.589s] Level 1:colcon.colcon_core.package_identification:_identify(install) by extensions ['ignore', 'ignore_ament_install']
[3.589s] Level 1:colcon.colcon_core.package_identification:_identify(install) by extension 'ignore'
[3.590s] Level 1:colcon.colcon_core.package_identification:_identify(install) ignored
[3.590s] Level 1:colcon.colcon_core.package_identification:_identify(log) by extensions ['ignore', 'ignore_ament_install']
[3.591s] Level 1:colcon.colcon_core.package_identification:_identify(log) by extension 'ignore'
[3.591s] Level 1:colcon.colcon_core.package_identification:_identify(log) ignored
[3.592s] Level 1:colcon.colcon_core.package_identification:_identify(src) by extensions ['ignore', 'ignore_ament_install']
[3.592s] Level 1:colcon.colcon_core.package_identification:_identify(src) by extension 'ignore'
[3.593s] Level 1:colcon.colcon_core.package_identification:_identify(src) by extension 'ignore_ament_install'
[3.593s] Level 1:colcon.colcon_core.package_identification:_identify(src) by extensions ['colcon_pkg']
[3.593s] Level 1:colcon.colcon_core.package_identification:_identify(src) by extension 'colcon_pkg'
[3.593s] Level 1:colcon.colcon_core.package_identification:_identify(src) by extensions ['colcon_meta']
[3.594s] Level 1:colcon.colcon_core.package_identification:_identify(src) by extension 'colcon_meta'
[3.594s] Level 1:colcon.colcon_core.package_identification:_identify(src) by extensions ['ros']
[3.594s] Level 1:colcon.colcon_core.package_identification:_identify(src) by extension 'ros'
[3.595s] Level 1:colcon.colcon_core.package_identification:_identify(src) by extensions ['cmake', 'python']
[3.595s] Level 1:colcon.colcon_core.package_identification:_identify(src) by extension 'cmake'
[3.595s] Level 1:colcon.colcon_core.package_identification:_identify(src) by extension 'python'
[3.596s] Level 1:colcon.colcon_core.package_identification:_identify(src) by extensions ['python_setup_py']
[3.596s] Level 1:colcon.colcon_core.package_identification:_identify(src) by extension 'python_setup_py'
[3.596s] Level 1:colcon.colcon_core.package_identification:_identify(src/task_controller) by extensions ['ignore', 'ignore_ament_install']
[3.597s] Level 1:colcon.colcon_core.package_identification:_identify(src/task_controller) by extension 'ignore'
[3.597s] Level 1:colcon.colcon_core.package_identification:_identify(src/task_controller) by extension 'ignore_ament_install'
[3.598s] Level 1:colcon.colcon_core.package_identification:_identify(src/task_controller) by extensions ['colcon_pkg']
[3.598s] Level 1:colcon.colcon_core.package_identification:_identify(src/task_controller) by extension 'colcon_pkg'
[3.598s] Level 1:colcon.colcon_core.package_identification:_identify(src/task_controller) by extensions ['colcon_meta']
[3.598s] Level 1:colcon.colcon_core.package_identification:_identify(src/task_controller) by extension 'colcon_meta'
[3.599s] Level 1:colcon.colcon_core.package_identification:_identify(src/task_controller) by extensions ['ros']
[3.599s] Level 1:colcon.colcon_core.package_identification:_identify(src/task_controller) by extension 'ros'
[3.623s] DEBUG:colcon.colcon_core.package_identification:Package 'src/task_controller' with type 'ros.ament_cmake' and name 'task_controller'
[3.623s] Level 1:colcon.colcon_core.package_discovery:discover_packages(recursive) using defaults
[3.624s] Level 1:colcon.colcon_core.package_discovery:discover_packages(ignore) discover
[3.624s] Level 1:colcon.colcon_core.package_discovery:discover_packages(ignore) using defaults
[3.624s] Level 1:colcon.colcon_core.package_discovery:discover_packages(path) discover
[3.624s] Level 1:colcon.colcon_core.package_discovery:discover_packages(path) using defaults
[3.851s] Level 1:colcon.colcon_core.package_discovery:discover_packages(prefix_path) check parameters
[3.852s] Level 1:colcon.colcon_core.package_discovery:discover_packages(prefix_path) discover
[3.881s] DEBUG:colcon.colcon_installed_package_information.package_discovery:Found 1 installed packages in /userdata/navi_ws/install
[3.885s] DEBUG:colcon.colcon_installed_package_information.package_discovery:Found 8 installed packages in /userdata/dev_ws/install
[3.889s] DEBUG:colcon.colcon_installed_package_information.package_discovery:Found 5 installed packages in /userdata/BPU_bl_ws/install
[3.892s] DEBUG:colcon.colcon_installed_package_information.package_discovery:Found 1 installed packages in /userdata/base_ws/install
[3.896s] DEBUG:colcon.colcon_installed_package_information.package_discovery:Found 49 installed packages in /opt/tros/humble
[3.987s] DEBUG:colcon.colcon_installed_package_information.package_discovery:Found 290 installed packages in /opt/ros/humble
[4.000s] Level 1:colcon.colcon_core.package_discovery:discover_packages(prefix_path) using defaults
[4.374s] Level 5:colcon.colcon_core.verb:set package 'task_controller' build argument 'cmake_args' from command line to 'None'
[4.375s] Level 5:colcon.colcon_core.verb:set package 'task_controller' build argument 'cmake_target' from command line to 'None'
[4.375s] Level 5:colcon.colcon_core.verb:set package 'task_controller' build argument 'cmake_target_skip_unavailable' from command line to 'False'
[4.375s] Level 5:colcon.colcon_core.verb:set package 'task_controller' build argument 'cmake_clean_cache' from command line to 'False'
[4.375s] Level 5:colcon.colcon_core.verb:set package 'task_controller' build argument 'cmake_clean_first' from command line to 'False'
[4.376s] Level 5:colcon.colcon_core.verb:set package 'task_controller' build argument 'cmake_force_configure' from command line to 'False'
[4.376s] Level 5:colcon.colcon_core.verb:set package 'task_controller' build argument 'ament_cmake_args' from command line to 'None'
[4.376s] Level 5:colcon.colcon_core.verb:set package 'task_controller' build argument 'catkin_cmake_args' from command line to 'None'
[4.376s] Level 5:colcon.colcon_core.verb:set package 'task_controller' build argument 'catkin_skip_building_tests' from command line to 'False'
[4.376s] DEBUG:colcon.colcon_core.verb:Building package 'task_controller' with the following arguments: {'ament_cmake_args': None, 'build_base': '/userdata/control_ws/build/task_controller', 'catkin_cmake_args': None, 'catkin_skip_building_tests': False, 'cmake_args': None, 'cmake_clean_cache': False, 'cmake_clean_first': False, 'cmake_force_configure': False, 'cmake_target': None, 'cmake_target_skip_unavailable': False, 'install_base': '/userdata/control_ws/install/task_controller', 'merge_install': False, 'path': '/userdata/control_ws/src/task_controller', 'symlink_install': False, 'test_result_base': None}
[4.378s] INFO:colcon.colcon_core.executor:Executing jobs using 'parallel' executor
[4.383s] DEBUG:colcon.colcon_parallel_executor.executor.parallel:run_until_complete
[4.385s] INFO:colcon.colcon_ros.task.ament_cmake.build:Building ROS package in '/userdata/control_ws/src/task_controller' with build type 'ament_cmake'
[4.386s] INFO:colcon.colcon_cmake.task.cmake.build:Building CMake package in '/userdata/control_ws/src/task_controller'
[4.413s] INFO:colcon.colcon_core.plugin_system:Skipping extension 'colcon_core.shell.bat': Not used on non-Windows systems
[4.414s] INFO:colcon.colcon_core.shell:Skip shell extension 'powershell' for command environment: Not usable outside of PowerShell
[4.415s] DEBUG:colcon.colcon_core.shell:Skip shell extension 'dsv' for command environment
[4.469s] DEBUG:colcon.colcon_core.event_handler.log_command:Invoking command in '/userdata/control_ws/build/task_controller': CMAKE_PREFIX_PATH=${CMAKE_PREFIX_PATH}:/userdata/BPU_bl_ws/install/qr_decoder:/userdata/BPU_bl_ws/install/detection_bridge:/userdata/dev_ws/install/line_follower_pkg:/opt/tros/humble:/opt/ros/humble /usr/bin/cmake /userdata/control_ws/src/task_controller -DCMAKE_INSTALL_PREFIX=/userdata/control_ws/install/task_controller
[10.669s] DEBUG:colcon.colcon_core.event_handler.log_command:Invoked command in '/userdata/control_ws/build/task_controller' returned '1': CMAKE_PREFIX_PATH=${CMAKE_PREFIX_PATH}:/userdata/BPU_bl_ws/install/qr_decoder:/userdata/BPU_bl_ws/install/detection_bridge:/userdata/dev_ws/install/line_follower_pkg:/opt/tros/humble:/opt/ros/humble /usr/bin/cmake /userdata/control_ws/src/task_controller -DCMAKE_INSTALL_PREFIX=/userdata/control_ws/install/task_controller
[10.720s] Level 1:colcon.colcon_core.environment:create_environment_scripts_only(task_controller)
[10.750s] Level 1:colcon.colcon_core.environment:checking '/userdata/control_ws/install/task_controller' for CMake module files
[10.752s] Level 1:colcon.colcon_core.environment:checking '/userdata/control_ws/install/task_controller' for CMake config files
[10.754s] Level 1:colcon.colcon_core.environment:checking '/userdata/control_ws/install/task_controller/bin'
[10.754s] Level 1:colcon.colcon_core.environment:checking '/userdata/control_ws/install/task_controller/lib/pkgconfig/task_controller.pc'
[10.756s] Level 1:colcon.colcon_core.environment:checking '/userdata/control_ws/install/task_controller/lib/python3.10/site-packages'
[10.758s] Level 1:colcon.colcon_core.environment:checking '/userdata/control_ws/install/task_controller/bin'
[10.760s] INFO:colcon.colcon_core.shell:Creating package script '/userdata/control_ws/install/task_controller/share/task_controller/package.ps1'
[10.768s] INFO:colcon.colcon_core.shell:Creating package descriptor '/userdata/control_ws/install/task_controller/share/task_controller/package.dsv'
[10.778s] INFO:colcon.colcon_core.shell:Creating package script '/userdata/control_ws/install/task_controller/share/task_controller/package.sh'
[10.783s] INFO:colcon.colcon_core.shell:Creating package script '/userdata/control_ws/install/task_controller/share/task_controller/package.bash'
[10.791s] INFO:colcon.colcon_core.shell:Creating package script '/userdata/control_ws/install/task_controller/share/task_controller/package.zsh'
[10.815s] Level 1:colcon.colcon_core.environment:create_file_with_runtime_dependencies(/userdata/control_ws/install/task_controller/share/colcon-core/packages/task_controller)
[10.827s] DEBUG:colcon.colcon_parallel_executor.executor.parallel:closing loop
[10.828s] DEBUG:colcon.colcon_parallel_executor.executor.parallel:loop closed
[10.829s] DEBUG:colcon.colcon_parallel_executor.executor.parallel:run_until_complete finished with '1'
[10.829s] DEBUG:colcon.colcon_core.event_reactor:joining thread
[10.903s] INFO:colcon.colcon_core.plugin_system:Skipping extension 'colcon_notification.desktop_notification.terminal_notifier': Not used on non-Darwin systems
[10.904s] INFO:colcon.colcon_core.plugin_system:Skipping extension 'colcon_notification.desktop_notification.win32': Not used on non-Windows systems
[10.904s] INFO:colcon.colcon_notification.desktop_notification:Sending desktop notification using 'notify2'
[36.025s] DEBUG:colcon.colcon_notification.desktop_notification.notify2:Failed to initialize notify2: org.freedesktop.DBus.Error.NoReply: Did not receive a reply. Possible causes include: the remote application did not send a reply, the message bus security policy blocked the reply, the reply timeout expired, or the network connection was broken.
[36.026s] DEBUG:colcon.colcon_core.event_reactor:joined thread
[36.027s] INFO:colcon.colcon_core.shell:Creating prefix script '/userdata/control_ws/install/local_setup.ps1'
[36.034s] INFO:colcon.colcon_core.shell:Creating prefix util module '/userdata/control_ws/install/_local_setup_util_ps1.py'
[36.053s] INFO:colcon.colcon_core.shell:Creating prefix chain script '/userdata/control_ws/install/setup.ps1'
[36.065s] INFO:colcon.colcon_core.shell:Creating prefix script '/userdata/control_ws/install/local_setup.sh'
[36.074s] INFO:colcon.colcon_core.shell:Creating prefix util module '/userdata/control_ws/install/_local_setup_util_sh.py'
[36.077s] INFO:colcon.colcon_core.shell:Creating prefix chain script '/userdata/control_ws/install/setup.sh'
[36.089s] INFO:colcon.colcon_core.shell:Creating prefix script '/userdata/control_ws/install/local_setup.bash'
[36.094s] INFO:colcon.colcon_core.shell:Creating prefix chain script '/userdata/control_ws/install/setup.bash'
[36.105s] INFO:colcon.colcon_core.shell:Creating prefix script '/userdata/control_ws/install/local_setup.zsh'
[36.109s] INFO:colcon.colcon_core.shell:Creating prefix chain script '/userdata/control_ws/install/setup.zsh'
