-- The C compiler identification is GNU 11.2.0
-- The CXX compiler identification is GNU 11.2.0
-- Detecting C compiler ABI info
-- Detecting C compiler ABI info - done
-- Check for working C compiler: /usr/bin/cc - skipped
-- Detecting C compile features
-- Detecting C compile features - done
-- Detecting CXX compiler ABI info
-- Detecting CXX compiler ABI info - done
-- Check for working CXX compiler: /usr/bin/c++ - skipped
-- Detecting CXX compile features
-- Detecting CXX compile features - done
-- Found ament_cmake: 1.3.14 (/opt/ros/humble/share/ament_cmake/cmake)
-- Found Python3: /usr/bin/python3 (found version "3.10.12") found components: Interpreter 
-- Override CMake install command with custom implementation using symlinks instead of copying resources
-- Found rosidl_default_generators: 1.2.1 (/opt/ros/humble/share/rosidl_default_generators/cmake)
-- Using all available rosidl_typesupport_c: rosidl_typesupport_fastrtps_c;rosidl_typesupport_introspection_c
-- Found rosidl_adapter: 3.1.5 (/opt/ros/humble/share/rosidl_adapter/cmake)
-- Using all available rosidl_typesupport_cpp: rosidl_typesupport_fastrtps_cpp;rosidl_typesupport_introspection_cpp
-- Found nav_msgs: 4.2.4 (/opt/ros/humble/share/nav_msgs/cmake)
-- Found ament_cmake_ros: 0.10.0 (/opt/ros/humble/share/ament_cmake_ros/cmake)
-- Using all available rosidl_typesupport_c: rosidl_typesupport_fastrtps_c;rosidl_typesupport_introspection_c
-- Using all available rosidl_typesupport_cpp: rosidl_typesupport_fastrtps_cpp;rosidl_typesupport_introspection_cpp
-- Found PythonInterp: /usr/bin/python3 (found suitable version "3.10.12", minimum required is "3.6") 
-- Found python_cmake_module: 0.10.0 (/opt/ros/humble/share/python_cmake_module/cmake)
-- Found PythonLibs: /usr/lib/aarch64-linux-gnu/libpython3.10.so (found suitable version "3.10.12", minimum required is "3.5") 
-- Using PYTHON_EXECUTABLE: /usr/bin/python3
-- Using PYTHON_INCLUDE_DIRS: /usr/include/python3.10
-- Using PYTHON_LIBRARIES: /usr/lib/aarch64-linux-gnu/libpython3.10.so
-- Found PythonExtra: .so  
-- Configuring done
-- Generating done
-- Build files have been written to: /userdata/navi_ws/build/navi_bringup
[  3%] Generating C code for ROS interfaces
[  6%] Generating Rust code for ROS interfaces
[  9%] Generating C++ code for ROS interfaces
[  9%] Built target ament_cmake_python_symlink_navi_bringup
[  9%] Built target navi_bringup__rs
[  9%] Built target navi_bringup__cpp
[ 12%] Building C object CMakeFiles/navi_bringup__rosidl_generator_c.dir/rosidl_generator_c/navi_bringup/msg/detail/odom_debug__functions.c.o
[ 15%] Generating C++ type support dispatch for ROS interfaces
[ 18%] Generating C++ introspection for ROS interfaces
[ 21%] Generating C++ type support for eProsima Fast-RTPS
running egg_info
creating navi_bringup.egg-info
writing navi_bringup.egg-info/PKG-INFO
writing dependency_links to navi_bringup.egg-info/dependency_links.txt
writing top-level names to navi_bringup.egg-info/top_level.txt
writing manifest file 'navi_bringup.egg-info/SOURCES.txt'
reading manifest file 'navi_bringup.egg-info/SOURCES.txt'
writing manifest file 'navi_bringup.egg-info/SOURCES.txt'
[ 25%] Linking C shared library libnavi_bringup__rosidl_generator_c.so
[ 25%] Built target ament_cmake_python_build_navi_bringup_egg
[ 25%] Built target navi_bringup__rosidl_generator_c
[ 28%] Generating C type support for eProsima Fast-RTPS
[ 31%] Generating C type support dispatch for ROS interfaces
[ 34%] Generating C introspection for ROS interfaces
[ 37%] Building CXX object CMakeFiles/navi_bringup__rosidl_typesupport_introspection_cpp.dir/rosidl_typesupport_introspection_cpp/navi_bringup/msg/detail/odom_debug__type_support.cpp.o
[ 40%] Building CXX object CMakeFiles/navi_bringup__rosidl_typesupport_cpp.dir/rosidl_typesupport_cpp/navi_bringup/msg/odom_debug__type_support.cpp.o
[ 43%] Building CXX object CMakeFiles/navi_bringup__rosidl_typesupport_fastrtps_cpp.dir/rosidl_typesupport_fastrtps_cpp/navi_bringup/msg/detail/dds_fastrtps/odom_debug__type_support.cpp.o
[ 46%] Building CXX object CMakeFiles/navi_bringup__rosidl_typesupport_c.dir/rosidl_typesupport_c/navi_bringup/msg/odom_debug__type_support.cpp.o
[ 50%] Building C object CMakeFiles/navi_bringup__rosidl_typesupport_introspection_c.dir/rosidl_typesupport_introspection_c/navi_bringup/msg/detail/odom_debug__type_support.c.o
[ 53%] Linking CXX shared library libnavi_bringup__rosidl_typesupport_c.so
[ 56%] Building CXX object CMakeFiles/navi_bringup__rosidl_typesupport_fastrtps_c.dir/rosidl_typesupport_fastrtps_c/navi_bringup/msg/detail/odom_debug__type_support_c.cpp.o
[ 59%] Linking C shared library libnavi_bringup__rosidl_typesupport_introspection_c.so
[ 59%] Built target navi_bringup__rosidl_typesupport_c
[ 59%] Built target navi_bringup__rosidl_typesupport_introspection_c
[ 62%] Linking CXX shared library libnavi_bringup__rosidl_typesupport_cpp.so
[ 62%] Built target navi_bringup__rosidl_typesupport_cpp
[ 65%] Linking CXX shared library libnavi_bringup__rosidl_typesupport_introspection_cpp.so
[ 68%] Linking CXX shared library libnavi_bringup__rosidl_typesupport_fastrtps_c.so
[ 71%] Linking CXX shared library libnavi_bringup__rosidl_typesupport_fastrtps_cpp.so
[ 71%] Built target navi_bringup__rosidl_typesupport_introspection_cpp
[ 71%] Built target navi_bringup__rosidl_typesupport_fastrtps_c
[ 71%] Built target navi_bringup__rosidl_typesupport_fastrtps_cpp
[ 71%] Built target navi_bringup
[ 75%] Generating Python code for ROS interfaces
[ 75%] Built target navi_bringup__py
[ 78%] Building C object CMakeFiles/navi_bringup__rosidl_generator_py.dir/rosidl_generator_py/navi_bringup/msg/_odom_debug_s.c.o
[ 81%] Linking C shared library rosidl_generator_py/navi_bringup/libnavi_bringup__rosidl_generator_py.so
[ 81%] Built target navi_bringup__rosidl_generator_py
[ 87%] Building C object CMakeFiles/navi_bringup__rosidl_typesupport_introspection_c__pyext.dir/rosidl_generator_py/navi_bringup/_navi_bringup_s.ep.rosidl_typesupport_introspection_c.c.o
[ 87%] Building C object CMakeFiles/navi_bringup__rosidl_typesupport_fastrtps_c__pyext.dir/rosidl_generator_py/navi_bringup/_navi_bringup_s.ep.rosidl_typesupport_fastrtps_c.c.o
[ 90%] Building C object CMakeFiles/navi_bringup__rosidl_typesupport_c__pyext.dir/rosidl_generator_py/navi_bringup/_navi_bringup_s.ep.rosidl_typesupport_c.c.o
[ 93%] Linking C shared library rosidl_generator_py/navi_bringup/navi_bringup_s__rosidl_typesupport_c.cpython-310-aarch64-linux-gnu.so
[ 96%] Linking C shared library rosidl_generator_py/navi_bringup/navi_bringup_s__rosidl_typesupport_fastrtps_c.cpython-310-aarch64-linux-gnu.so
[100%] Linking C shared library rosidl_generator_py/navi_bringup/navi_bringup_s__rosidl_typesupport_introspection_c.cpython-310-aarch64-linux-gnu.so
[100%] Built target navi_bringup__rosidl_typesupport_introspection_c__pyext
[100%] Built target navi_bringup__rosidl_typesupport_c__pyext
[100%] Built target navi_bringup__rosidl_typesupport_fastrtps_c__pyext
-- Install configuration: ""
-- Execute custom install script
-- Symlinking: /userdata/navi_ws/install/navi_bringup/share/ament_index/resource_index/rosidl_interfaces/navi_bringup
-- Symlinking: /userdata/navi_ws/install/navi_bringup/include/navi_bringup/navi_bringup/msg/detail/odom_debug__functions.h
-- Symlinking: /userdata/navi_ws/install/navi_bringup/include/navi_bringup/navi_bringup/msg/detail/odom_debug__struct.h
-- Symlinking: /userdata/navi_ws/install/navi_bringup/include/navi_bringup/navi_bringup/msg/detail/odom_debug__type_support.h
-- Symlinking: /userdata/navi_ws/install/navi_bringup/include/navi_bringup/navi_bringup/msg/odom_debug.h
-- Symlinking: /userdata/navi_ws/install/navi_bringup/include/navi_bringup/navi_bringup/msg/rosidl_generator_c__visibility_control.h
-- Symlinking: /userdata/navi_ws/install/navi_bringup/share/navi_bringup/environment/library_path.sh
-- Symlinking: /userdata/navi_ws/install/navi_bringup/share/navi_bringup/environment/library_path.dsv
-- Symlinking: /userdata/navi_ws/install/navi_bringup/include/navi_bringup/navi_bringup/msg/detail/odom_debug__rosidl_typesupport_fastrtps_c.h
-- Symlinking: /userdata/navi_ws/install/navi_bringup/include/navi_bringup/navi_bringup/msg/rosidl_typesupport_fastrtps_c__visibility_control.h
-- Symlinking: /userdata/navi_ws/install/navi_bringup/include/navi_bringup/navi_bringup/msg/detail/odom_debug__rosidl_typesupport_introspection_c.h
-- Symlinking: /userdata/navi_ws/install/navi_bringup/include/navi_bringup/navi_bringup/msg/rosidl_typesupport_introspection_c__visibility_control.h
-- Symlinking: /userdata/navi_ws/install/navi_bringup/include/navi_bringup/navi_bringup/msg/detail/odom_debug__builder.hpp
-- Symlinking: /userdata/navi_ws/install/navi_bringup/include/navi_bringup/navi_bringup/msg/detail/odom_debug__struct.hpp
-- Symlinking: /userdata/navi_ws/install/navi_bringup/include/navi_bringup/navi_bringup/msg/detail/odom_debug__traits.hpp
-- Symlinking: /userdata/navi_ws/install/navi_bringup/include/navi_bringup/navi_bringup/msg/odom_debug.hpp
-- Symlinking: /userdata/navi_ws/install/navi_bringup/include/navi_bringup/navi_bringup/msg/detail/odom_debug__rosidl_typesupport_fastrtps_cpp.hpp
-- Symlinking: /userdata/navi_ws/install/navi_bringup/include/navi_bringup/navi_bringup/msg/rosidl_typesupport_fastrtps_cpp__visibility_control.h
-- Symlinking: /userdata/navi_ws/install/navi_bringup/include/navi_bringup/navi_bringup/msg/detail/odom_debug__rosidl_typesupport_introspection_cpp.hpp
-- Symlinking: /userdata/navi_ws/install/navi_bringup/share/navi_bringup/environment/pythonpath.sh
-- Symlinking: /userdata/navi_ws/install/navi_bringup/share/navi_bringup/environment/pythonpath.dsv
-- Symlinking: /userdata/navi_ws/install/navi_bringup/local/lib/python3.10/dist-packages/navi_bringup-0.1.0-py3.10.egg-info/PKG-INFO
-- Symlinking: /userdata/navi_ws/install/navi_bringup/local/lib/python3.10/dist-packages/navi_bringup-0.1.0-py3.10.egg-info/SOURCES.txt
-- Symlinking: /userdata/navi_ws/install/navi_bringup/local/lib/python3.10/dist-packages/navi_bringup-0.1.0-py3.10.egg-info/dependency_links.txt
-- Symlinking: /userdata/navi_ws/install/navi_bringup/local/lib/python3.10/dist-packages/navi_bringup-0.1.0-py3.10.egg-info/top_level.txt
-- Symlinking: /userdata/navi_ws/install/navi_bringup/local/lib/python3.10/dist-packages/navi_bringup/__init__.py
-- Symlinking: /userdata/navi_ws/install/navi_bringup/local/lib/python3.10/dist-packages/navi_bringup/_navi_bringup_s.ep.rosidl_typesupport_c.c
-- Symlinking: /userdata/navi_ws/install/navi_bringup/local/lib/python3.10/dist-packages/navi_bringup/_navi_bringup_s.ep.rosidl_typesupport_fastrtps_c.c
-- Symlinking: /userdata/navi_ws/install/navi_bringup/local/lib/python3.10/dist-packages/navi_bringup/_navi_bringup_s.ep.rosidl_typesupport_introspection_c.c
-- Symlinking: /userdata/navi_ws/install/navi_bringup/local/lib/python3.10/dist-packages/navi_bringup/libnavi_bringup__rosidl_generator_py.so
-- Symlinking: /userdata/navi_ws/install/navi_bringup/local/lib/python3.10/dist-packages/navi_bringup/msg/__init__.py
-- Symlinking: /userdata/navi_ws/install/navi_bringup/local/lib/python3.10/dist-packages/navi_bringup/msg/_odom_debug.py
-- Symlinking: /userdata/navi_ws/install/navi_bringup/local/lib/python3.10/dist-packages/navi_bringup/msg/_odom_debug_s.c
-- Symlinking: /userdata/navi_ws/install/navi_bringup/local/lib/python3.10/dist-packages/navi_bringup/navi_bringup_s__rosidl_typesupport_c.cpython-310-aarch64-linux-gnu.so
-- Symlinking: /userdata/navi_ws/install/navi_bringup/local/lib/python3.10/dist-packages/navi_bringup/navi_bringup_s__rosidl_typesupport_fastrtps_c.cpython-310-aarch64-linux-gnu.so
-- Symlinking: /userdata/navi_ws/install/navi_bringup/local/lib/python3.10/dist-packages/navi_bringup/navi_bringup_s__rosidl_typesupport_introspection_c.cpython-310-aarch64-linux-gnu.so
-- Up-to-date symlink: /userdata/navi_ws/install/navi_bringup/local/lib/python3.10/dist-packages/navi_bringup/navi_bringup_s__rosidl_typesupport_fastrtps_c.cpython-310-aarch64-linux-gnu.so
-- Up-to-date symlink: /userdata/navi_ws/install/navi_bringup/local/lib/python3.10/dist-packages/navi_bringup/navi_bringup_s__rosidl_typesupport_introspection_c.cpython-310-aarch64-linux-gnu.so
-- Up-to-date symlink: /userdata/navi_ws/install/navi_bringup/local/lib/python3.10/dist-packages/navi_bringup/navi_bringup_s__rosidl_typesupport_c.cpython-310-aarch64-linux-gnu.so
-- Symlinking: /userdata/navi_ws/install/navi_bringup/share/ament_index/resource_index/rust_packages/navi_bringup
-- Symlinking: /userdata/navi_ws/install/navi_bringup/share/navi_bringup/rust/Cargo.toml
-- Symlinking: /userdata/navi_ws/install/navi_bringup/share/navi_bringup/rust/build.rs
-- Symlinking: /userdata/navi_ws/install/navi_bringup/share/navi_bringup/rust/src/lib.rs
-- Symlinking: /userdata/navi_ws/install/navi_bringup/share/navi_bringup/rust/src/msg.rs
-- Symlinking: /userdata/navi_ws/install/navi_bringup/share/navi_bringup/rust/src/msg/rmw.rs
-- Symlinking: /userdata/navi_ws/install/navi_bringup/share/navi_bringup/msg/OdomDebug.idl
-- Symlinking: /userdata/navi_ws/install/navi_bringup/share/navi_bringup/msg/OdomDebug.msg
-- Symlinking: /userdata/navi_ws/install/navi_bringup/share/navi_bringup/launch/ekf_fusion.launch.py
-- Symlinking: /userdata/navi_ws/install/navi_bringup/share/navi_bringup/config/ekf.yaml
-- Symlinking: /userdata/navi_ws/install/navi_bringup/share/navi_bringup/config/imu_filter.yaml
-- Symlinking: /userdata/navi_ws/install/navi_bringup/lib/navi_bringup/odom_debug_publisher
-- Up-to-date symlink: /userdata/navi_ws/install/navi_bringup/share/ament_index/resource_index/package_run_dependencies/navi_bringup
-- Up-to-date symlink: /userdata/navi_ws/install/navi_bringup/share/ament_index/resource_index/parent_prefix_path/navi_bringup
-- Up-to-date symlink: /userdata/navi_ws/install/navi_bringup/share/navi_bringup/environment/ament_prefix_path.sh
-- Up-to-date symlink: /userdata/navi_ws/install/navi_bringup/share/navi_bringup/environment/ament_prefix_path.dsv
-- Up-to-date symlink: /userdata/navi_ws/install/navi_bringup/share/navi_bringup/environment/path.sh
-- Up-to-date symlink: /userdata/navi_ws/install/navi_bringup/share/navi_bringup/environment/path.dsv
-- Up-to-date symlink: /userdata/navi_ws/install/navi_bringup/share/navi_bringup/local_setup.bash
-- Up-to-date symlink: /userdata/navi_ws/install/navi_bringup/share/navi_bringup/local_setup.sh
-- Up-to-date symlink: /userdata/navi_ws/install/navi_bringup/share/navi_bringup/local_setup.zsh
-- Up-to-date symlink: /userdata/navi_ws/install/navi_bringup/share/navi_bringup/local_setup.dsv
-- Symlinking: /userdata/navi_ws/install/navi_bringup/share/navi_bringup/package.dsv
-- Up-to-date symlink: /userdata/navi_ws/install/navi_bringup/share/ament_index/resource_index/packages/navi_bringup
-- Symlinking: /userdata/navi_ws/install/navi_bringup/share/navi_bringup/cmake/rosidl_cmake-extras.cmake
-- Symlinking: /userdata/navi_ws/install/navi_bringup/share/navi_bringup/cmake/ament_cmake_export_dependencies-extras.cmake
-- Symlinking: /userdata/navi_ws/install/navi_bringup/share/navi_bringup/cmake/ament_cmake_export_include_directories-extras.cmake
-- Symlinking: /userdata/navi_ws/install/navi_bringup/share/navi_bringup/cmake/ament_cmake_export_libraries-extras.cmake
-- Symlinking: /userdata/navi_ws/install/navi_bringup/share/navi_bringup/cmake/ament_cmake_export_targets-extras.cmake
-- Symlinking: /userdata/navi_ws/install/navi_bringup/share/navi_bringup/cmake/rosidl_cmake_export_typesupport_targets-extras.cmake
-- Symlinking: /userdata/navi_ws/install/navi_bringup/share/navi_bringup/cmake/rosidl_cmake_export_typesupport_libraries-extras.cmake
-- Up-to-date symlink: /userdata/navi_ws/install/navi_bringup/share/navi_bringup/cmake/navi_bringupConfig.cmake
-- Up-to-date symlink: /userdata/navi_ws/install/navi_bringup/share/navi_bringup/cmake/navi_bringupConfig-version.cmake
-- Up-to-date symlink: /userdata/navi_ws/install/navi_bringup/share/navi_bringup/package.xml
-- Installing: /userdata/navi_ws/install/navi_bringup/lib/libnavi_bringup__rosidl_generator_c.so
-- Set runtime path of "/userdata/navi_ws/install/navi_bringup/lib/libnavi_bringup__rosidl_generator_c.so" to ""
-- Installing: /userdata/navi_ws/install/navi_bringup/lib/libnavi_bringup__rosidl_typesupport_fastrtps_c.so
-- Set runtime path of "/userdata/navi_ws/install/navi_bringup/lib/libnavi_bringup__rosidl_typesupport_fastrtps_c.so" to ""
-- Installing: /userdata/navi_ws/install/navi_bringup/lib/libnavi_bringup__rosidl_typesupport_introspection_c.so
-- Set runtime path of "/userdata/navi_ws/install/navi_bringup/lib/libnavi_bringup__rosidl_typesupport_introspection_c.so" to ""
-- Installing: /userdata/navi_ws/install/navi_bringup/lib/libnavi_bringup__rosidl_typesupport_c.so
-- Set runtime path of "/userdata/navi_ws/install/navi_bringup/lib/libnavi_bringup__rosidl_typesupport_c.so" to ""
-- Installing: /userdata/navi_ws/install/navi_bringup/lib/libnavi_bringup__rosidl_typesupport_fastrtps_cpp.so
-- Set runtime path of "/userdata/navi_ws/install/navi_bringup/lib/libnavi_bringup__rosidl_typesupport_fastrtps_cpp.so" to ""
-- Installing: /userdata/navi_ws/install/navi_bringup/lib/libnavi_bringup__rosidl_typesupport_introspection_cpp.so
-- Set runtime path of "/userdata/navi_ws/install/navi_bringup/lib/libnavi_bringup__rosidl_typesupport_introspection_cpp.so" to ""
-- Installing: /userdata/navi_ws/install/navi_bringup/lib/libnavi_bringup__rosidl_typesupport_cpp.so
-- Set runtime path of "/userdata/navi_ws/install/navi_bringup/lib/libnavi_bringup__rosidl_typesupport_cpp.so" to ""
Listing '/userdata/navi_ws/install/navi_bringup/local/lib/python3.10/dist-packages/navi_bringup'...
Compiling '/userdata/navi_ws/install/navi_bringup/local/lib/python3.10/dist-packages/navi_bringup/__init__.py'...
Listing '/userdata/navi_ws/install/navi_bringup/local/lib/python3.10/dist-packages/navi_bringup/msg'...
Compiling '/userdata/navi_ws/install/navi_bringup/local/lib/python3.10/dist-packages/navi_bringup/msg/__init__.py'...
Compiling '/userdata/navi_ws/install/navi_bringup/local/lib/python3.10/dist-packages/navi_bringup/msg/_odom_debug.py'...
-- Installing: /userdata/navi_ws/install/navi_bringup/lib/libnavi_bringup__rosidl_generator_py.so
-- Set runtime path of "/userdata/navi_ws/install/navi_bringup/lib/libnavi_bringup__rosidl_generator_py.so" to ""
-- Installing: /userdata/navi_ws/install/navi_bringup/share/navi_bringup/cmake/export_navi_bringup__rosidl_generator_cExport.cmake
-- Installing: /userdata/navi_ws/install/navi_bringup/share/navi_bringup/cmake/export_navi_bringup__rosidl_generator_cExport-noconfig.cmake
-- Installing: /userdata/navi_ws/install/navi_bringup/share/navi_bringup/cmake/export_navi_bringup__rosidl_typesupport_fastrtps_cExport.cmake
-- Installing: /userdata/navi_ws/install/navi_bringup/share/navi_bringup/cmake/export_navi_bringup__rosidl_typesupport_fastrtps_cExport-noconfig.cmake
-- Installing: /userdata/navi_ws/install/navi_bringup/share/navi_bringup/cmake/navi_bringup__rosidl_typesupport_introspection_cExport.cmake
-- Installing: /userdata/navi_ws/install/navi_bringup/share/navi_bringup/cmake/navi_bringup__rosidl_typesupport_introspection_cExport-noconfig.cmake
-- Installing: /userdata/navi_ws/install/navi_bringup/share/navi_bringup/cmake/navi_bringup__rosidl_typesupport_cExport.cmake
-- Installing: /userdata/navi_ws/install/navi_bringup/share/navi_bringup/cmake/navi_bringup__rosidl_typesupport_cExport-noconfig.cmake
-- Installing: /userdata/navi_ws/install/navi_bringup/share/navi_bringup/cmake/export_navi_bringup__rosidl_generator_cppExport.cmake
-- Installing: /userdata/navi_ws/install/navi_bringup/share/navi_bringup/cmake/export_navi_bringup__rosidl_typesupport_fastrtps_cppExport.cmake
-- Installing: /userdata/navi_ws/install/navi_bringup/share/navi_bringup/cmake/export_navi_bringup__rosidl_typesupport_fastrtps_cppExport-noconfig.cmake
-- Installing: /userdata/navi_ws/install/navi_bringup/share/navi_bringup/cmake/navi_bringup__rosidl_typesupport_introspection_cppExport.cmake
-- Installing: /userdata/navi_ws/install/navi_bringup/share/navi_bringup/cmake/navi_bringup__rosidl_typesupport_introspection_cppExport-noconfig.cmake
-- Installing: /userdata/navi_ws/install/navi_bringup/share/navi_bringup/cmake/navi_bringup__rosidl_typesupport_cppExport.cmake
-- Installing: /userdata/navi_ws/install/navi_bringup/share/navi_bringup/cmake/navi_bringup__rosidl_typesupport_cppExport-noconfig.cmake
-- Installing: /userdata/navi_ws/install/navi_bringup/share/navi_bringup/cmake/export_navi_bringup__rosidl_generator_pyExport.cmake
-- Installing: /userdata/navi_ws/install/navi_bringup/share/navi_bringup/cmake/export_navi_bringup__rosidl_generator_pyExport-noconfig.cmake
