[0.084s] Invoking command in '/userdata/navi_ws/build/navi_bringup': CMAKE_PREFIX_PATH=${CMAKE_PREFIX_PATH}:/userdata/BPU_bl_ws/install/qr_decoder:/userdata/BPU_bl_ws/install/detection_bridge:/userdata/dev_ws/install/line_follower_pkg:/opt/tros/humble:/opt/ros/humble /usr/bin/cmake /userdata/navi_ws/src/navi_bringup -DAMENT_CMAKE_SYMLINK_INSTALL=1 -DCMAKE_INSTALL_PREFIX=/userdata/navi_ws/install/navi_bringup
[0.431s] -- The C compiler identification is GNU 11.2.0
[0.784s] -- The CXX compiler identification is GNU 11.2.0
[0.821s] -- Detecting C compiler ABI info
[1.226s] -- Detecting C compiler ABI info - done
[1.278s] -- Check for working C compiler: /usr/bin/cc - skipped
[1.279s] -- Detecting C compile features
[1.281s] -- Detecting C compile features - done
[1.298s] -- Detecting CXX compiler ABI info
[1.751s] -- Detecting CXX compiler ABI info - done
[1.800s] -- Check for working CXX compiler: /usr/bin/c++ - skipped
[1.802s] -- Detecting CXX compile features
[1.804s] -- Detecting CXX compile features - done
[1.822s] -- Found ament_cmake: 1.3.14 (/opt/ros/humble/share/ament_cmake/cmake)
[3.166s] -- Found Python3: /usr/bin/python3 (found version "3.10.12") found components: Interpreter 
[3.722s] -- Override CMake install command with custom implementation using symlinks instead of copying resources
[4.055s] -- Found rosidl_default_generators: 1.2.1 (/opt/ros/humble/share/rosidl_default_generators/cmake)
[4.096s] -- Using all available rosidl_typesupport_c: rosidl_typesupport_fastrtps_c;rosidl_typesupport_introspection_c
[4.165s] -- Found rosidl_adapter: 3.1.5 (/opt/ros/humble/share/rosidl_adapter/cmake)
[4.528s] -- Using all available rosidl_typesupport_cpp: rosidl_typesupport_fastrtps_cpp;rosidl_typesupport_introspection_cpp
[4.891s] -- Found nav_msgs: 4.2.4 (/opt/ros/humble/share/nav_msgs/cmake)
[7.695s] -- Found ament_cmake_ros: 0.10.0 (/opt/ros/humble/share/ament_cmake_ros/cmake)
[9.908s] -- Using all available rosidl_typesupport_c: rosidl_typesupport_fastrtps_c;rosidl_typesupport_introspection_c
[12.727s] -- Using all available rosidl_typesupport_cpp: rosidl_typesupport_fastrtps_cpp;rosidl_typesupport_introspection_cpp
[12.928s] -- Found PythonInterp: /usr/bin/python3 (found suitable version "3.10.12", minimum required is "3.6") 
[12.945s] -- Found python_cmake_module: 0.10.0 (/opt/ros/humble/share/python_cmake_module/cmake)
[13.177s] -- Found PythonLibs: /usr/lib/aarch64-linux-gnu/libpython3.10.so (found suitable version "3.10.12", minimum required is "3.5") 
[13.178s] -- Using PYTHON_EXECUTABLE: /usr/bin/python3
[13.178s] -- Using PYTHON_INCLUDE_DIRS: /usr/include/python3.10
[13.179s] -- Using PYTHON_LIBRARIES: /usr/lib/aarch64-linux-gnu/libpython3.10.so
[13.369s] -- Found PythonExtra: .so  
[14.760s] -- Configuring done
[14.978s] -- Generating done
[15.058s] -- Build files have been written to: /userdata/navi_ws/build/navi_bringup
[15.141s] Invoked command in '/userdata/navi_ws/build/navi_bringup' returned '0': CMAKE_PREFIX_PATH=${CMAKE_PREFIX_PATH}:/userdata/BPU_bl_ws/install/qr_decoder:/userdata/BPU_bl_ws/install/detection_bridge:/userdata/dev_ws/install/line_follower_pkg:/opt/tros/humble:/opt/ros/humble /usr/bin/cmake /userdata/navi_ws/src/navi_bringup -DAMENT_CMAKE_SYMLINK_INSTALL=1 -DCMAKE_INSTALL_PREFIX=/userdata/navi_ws/install/navi_bringup
[15.152s] Invoking command in '/userdata/navi_ws/build/navi_bringup': CMAKE_PREFIX_PATH=${CMAKE_PREFIX_PATH}:/userdata/BPU_bl_ws/install/qr_decoder:/userdata/BPU_bl_ws/install/detection_bridge:/userdata/dev_ws/install/line_follower_pkg:/opt/tros/humble:/opt/ros/humble /usr/bin/cmake --build /userdata/navi_ws/build/navi_bringup -- -j8 -l8
[15.357s] [  3%] Generating C code for ROS interfaces
[15.420s] [  6%] Generating Rust code for ROS interfaces
[15.424s] [  9%] Generating C++ code for ROS interfaces
[15.484s] [  9%] Built target ament_cmake_python_symlink_navi_bringup
[17.474s] [  9%] Built target navi_bringup__rs
[17.609s] [  9%] Built target navi_bringup__cpp
[17.622s] [ 12%] Building C object CMakeFiles/navi_bringup__rosidl_generator_c.dir/rosidl_generator_c/navi_bringup/msg/detail/odom_debug__functions.c.o
[17.663s] [ 15%] Generating C++ type support dispatch for ROS interfaces
[17.669s] [ 18%] Generating C++ introspection for ROS interfaces
[17.669s] [ 21%] Generating C++ type support for eProsima Fast-RTPS
[18.032s] running egg_info
[18.036s] creating navi_bringup.egg-info
[18.039s] writing navi_bringup.egg-info/PKG-INFO
[18.042s] writing dependency_links to navi_bringup.egg-info/dependency_links.txt
[18.047s] writing top-level names to navi_bringup.egg-info/top_level.txt
[18.049s] writing manifest file 'navi_bringup.egg-info/SOURCES.txt'
[18.065s] reading manifest file 'navi_bringup.egg-info/SOURCES.txt'
[18.071s] writing manifest file 'navi_bringup.egg-info/SOURCES.txt'
[18.255s] [ 25%] Linking C shared library libnavi_bringup__rosidl_generator_c.so
[18.415s] [ 25%] Built target ament_cmake_python_build_navi_bringup_egg
[18.533s] [ 25%] Built target navi_bringup__rosidl_generator_c
[18.597s] [ 28%] Generating C type support for eProsima Fast-RTPS
[18.608s] [ 31%] Generating C type support dispatch for ROS interfaces
[18.610s] [ 34%] Generating C introspection for ROS interfaces
[19.895s] [ 37%] Building CXX object CMakeFiles/navi_bringup__rosidl_typesupport_introspection_cpp.dir/rosidl_typesupport_introspection_cpp/navi_bringup/msg/detail/odom_debug__type_support.cpp.o
[19.912s] [ 40%] Building CXX object CMakeFiles/navi_bringup__rosidl_typesupport_cpp.dir/rosidl_typesupport_cpp/navi_bringup/msg/odom_debug__type_support.cpp.o
[20.054s] [ 43%] Building CXX object CMakeFiles/navi_bringup__rosidl_typesupport_fastrtps_cpp.dir/rosidl_typesupport_fastrtps_cpp/navi_bringup/msg/detail/dds_fastrtps/odom_debug__type_support.cpp.o
[20.702s] [ 46%] Building CXX object CMakeFiles/navi_bringup__rosidl_typesupport_c.dir/rosidl_typesupport_c/navi_bringup/msg/odom_debug__type_support.cpp.o
[20.926s] [ 50%] Building C object CMakeFiles/navi_bringup__rosidl_typesupport_introspection_c.dir/rosidl_typesupport_introspection_c/navi_bringup/msg/detail/odom_debug__type_support.c.o
[20.998s] [ 53%] Linking CXX shared library libnavi_bringup__rosidl_typesupport_c.so
[21.034s] [ 56%] Building CXX object CMakeFiles/navi_bringup__rosidl_typesupport_fastrtps_c.dir/rosidl_typesupport_fastrtps_c/navi_bringup/msg/detail/odom_debug__type_support_c.cpp.o
[21.150s] [ 59%] Linking C shared library libnavi_bringup__rosidl_typesupport_introspection_c.so
[21.281s] [ 59%] Built target navi_bringup__rosidl_typesupport_c
[21.385s] [ 59%] Built target navi_bringup__rosidl_typesupport_introspection_c
[22.595s] [ 62%] Linking CXX shared library libnavi_bringup__rosidl_typesupport_cpp.so
[22.852s] [ 62%] Built target navi_bringup__rosidl_typesupport_cpp
[23.811s] [ 65%] Linking CXX shared library libnavi_bringup__rosidl_typesupport_introspection_cpp.so
[23.822s] [ 68%] Linking CXX shared library libnavi_bringup__rosidl_typesupport_fastrtps_c.so
[24.066s] [ 71%] Linking CXX shared library libnavi_bringup__rosidl_typesupport_fastrtps_cpp.so
[24.067s] [ 71%] Built target navi_bringup__rosidl_typesupport_introspection_cpp
[24.420s] [ 71%] Built target navi_bringup__rosidl_typesupport_fastrtps_c
[24.754s] [ 71%] Built target navi_bringup__rosidl_typesupport_fastrtps_cpp
[24.848s] [ 71%] Built target navi_bringup
[24.947s] [ 75%] Generating Python code for ROS interfaces
[27.312s] [ 75%] Built target navi_bringup__py
[27.414s] [ 78%] Building C object CMakeFiles/navi_bringup__rosidl_generator_py.dir/rosidl_generator_py/navi_bringup/msg/_odom_debug_s.c.o
[28.371s] [ 81%] Linking C shared library rosidl_generator_py/navi_bringup/libnavi_bringup__rosidl_generator_py.so
[28.675s] [ 81%] Built target navi_bringup__rosidl_generator_py
[28.788s] [ 87%] Building C object CMakeFiles/navi_bringup__rosidl_typesupport_introspection_c__pyext.dir/rosidl_generator_py/navi_bringup/_navi_bringup_s.ep.rosidl_typesupport_introspection_c.c.o
[28.789s] [ 87%] Building C object CMakeFiles/navi_bringup__rosidl_typesupport_fastrtps_c__pyext.dir/rosidl_generator_py/navi_bringup/_navi_bringup_s.ep.rosidl_typesupport_fastrtps_c.c.o
[28.789s] [ 90%] Building C object CMakeFiles/navi_bringup__rosidl_typesupport_c__pyext.dir/rosidl_generator_py/navi_bringup/_navi_bringup_s.ep.rosidl_typesupport_c.c.o
[29.432s] [ 93%] Linking C shared library rosidl_generator_py/navi_bringup/navi_bringup_s__rosidl_typesupport_c.cpython-310-aarch64-linux-gnu.so
[29.440s] [ 96%] Linking C shared library rosidl_generator_py/navi_bringup/navi_bringup_s__rosidl_typesupport_fastrtps_c.cpython-310-aarch64-linux-gnu.so
[29.453s] [100%] Linking C shared library rosidl_generator_py/navi_bringup/navi_bringup_s__rosidl_typesupport_introspection_c.cpython-310-aarch64-linux-gnu.so
[29.809s] [100%] Built target navi_bringup__rosidl_typesupport_introspection_c__pyext
[29.814s] [100%] Built target navi_bringup__rosidl_typesupport_c__pyext
[29.827s] [100%] Built target navi_bringup__rosidl_typesupport_fastrtps_c__pyext
[29.887s] Invoked command in '/userdata/navi_ws/build/navi_bringup' returned '0': CMAKE_PREFIX_PATH=${CMAKE_PREFIX_PATH}:/userdata/BPU_bl_ws/install/qr_decoder:/userdata/BPU_bl_ws/install/detection_bridge:/userdata/dev_ws/install/line_follower_pkg:/opt/tros/humble:/opt/ros/humble /usr/bin/cmake --build /userdata/navi_ws/build/navi_bringup -- -j8 -l8
[29.941s] Invoking command in '/userdata/navi_ws/build/navi_bringup': CMAKE_PREFIX_PATH=${CMAKE_PREFIX_PATH}:/userdata/BPU_bl_ws/install/qr_decoder:/userdata/BPU_bl_ws/install/detection_bridge:/userdata/dev_ws/install/line_follower_pkg:/opt/tros/humble:/opt/ros/humble /usr/bin/cmake --install /userdata/navi_ws/build/navi_bringup
[29.981s] -- Install configuration: ""
[29.984s] -- Execute custom install script
[29.986s] -- Symlinking: /userdata/navi_ws/install/navi_bringup/share/ament_index/resource_index/rosidl_interfaces/navi_bringup
[30.036s] -- Symlinking: /userdata/navi_ws/install/navi_bringup/include/navi_bringup/navi_bringup/msg/detail/odom_debug__functions.h
[30.079s] -- Symlinking: /userdata/navi_ws/install/navi_bringup/include/navi_bringup/navi_bringup/msg/detail/odom_debug__struct.h
[30.123s] -- Symlinking: /userdata/navi_ws/install/navi_bringup/include/navi_bringup/navi_bringup/msg/detail/odom_debug__type_support.h
[30.168s] -- Symlinking: /userdata/navi_ws/install/navi_bringup/include/navi_bringup/navi_bringup/msg/odom_debug.h
[30.209s] -- Symlinking: /userdata/navi_ws/install/navi_bringup/include/navi_bringup/navi_bringup/msg/rosidl_generator_c__visibility_control.h
[30.252s] -- Symlinking: /userdata/navi_ws/install/navi_bringup/share/navi_bringup/environment/library_path.sh
[30.297s] -- Symlinking: /userdata/navi_ws/install/navi_bringup/share/navi_bringup/environment/library_path.dsv
[30.341s] -- Symlinking: /userdata/navi_ws/install/navi_bringup/include/navi_bringup/navi_bringup/msg/detail/odom_debug__rosidl_typesupport_fastrtps_c.h
[30.384s] -- Symlinking: /userdata/navi_ws/install/navi_bringup/include/navi_bringup/navi_bringup/msg/rosidl_typesupport_fastrtps_c__visibility_control.h
[30.431s] -- Symlinking: /userdata/navi_ws/install/navi_bringup/include/navi_bringup/navi_bringup/msg/detail/odom_debug__rosidl_typesupport_introspection_c.h
[30.475s] -- Symlinking: /userdata/navi_ws/install/navi_bringup/include/navi_bringup/navi_bringup/msg/rosidl_typesupport_introspection_c__visibility_control.h
[30.520s] -- Symlinking: /userdata/navi_ws/install/navi_bringup/include/navi_bringup/navi_bringup/msg/detail/odom_debug__builder.hpp
[30.564s] -- Symlinking: /userdata/navi_ws/install/navi_bringup/include/navi_bringup/navi_bringup/msg/detail/odom_debug__struct.hpp
[30.611s] -- Symlinking: /userdata/navi_ws/install/navi_bringup/include/navi_bringup/navi_bringup/msg/detail/odom_debug__traits.hpp
[30.658s] -- Symlinking: /userdata/navi_ws/install/navi_bringup/include/navi_bringup/navi_bringup/msg/odom_debug.hpp
[30.700s] -- Symlinking: /userdata/navi_ws/install/navi_bringup/include/navi_bringup/navi_bringup/msg/detail/odom_debug__rosidl_typesupport_fastrtps_cpp.hpp
[30.742s] -- Symlinking: /userdata/navi_ws/install/navi_bringup/include/navi_bringup/navi_bringup/msg/rosidl_typesupport_fastrtps_cpp__visibility_control.h
[30.784s] -- Symlinking: /userdata/navi_ws/install/navi_bringup/include/navi_bringup/navi_bringup/msg/detail/odom_debug__rosidl_typesupport_introspection_cpp.hpp
[30.829s] -- Symlinking: /userdata/navi_ws/install/navi_bringup/share/navi_bringup/environment/pythonpath.sh
[30.871s] -- Symlinking: /userdata/navi_ws/install/navi_bringup/share/navi_bringup/environment/pythonpath.dsv
[30.915s] -- Symlinking: /userdata/navi_ws/install/navi_bringup/local/lib/python3.10/dist-packages/navi_bringup-0.1.0-py3.10.egg-info/PKG-INFO
[30.958s] -- Symlinking: /userdata/navi_ws/install/navi_bringup/local/lib/python3.10/dist-packages/navi_bringup-0.1.0-py3.10.egg-info/SOURCES.txt
[31.001s] -- Symlinking: /userdata/navi_ws/install/navi_bringup/local/lib/python3.10/dist-packages/navi_bringup-0.1.0-py3.10.egg-info/dependency_links.txt
[31.043s] -- Symlinking: /userdata/navi_ws/install/navi_bringup/local/lib/python3.10/dist-packages/navi_bringup-0.1.0-py3.10.egg-info/top_level.txt
[31.092s] -- Symlinking: /userdata/navi_ws/install/navi_bringup/local/lib/python3.10/dist-packages/navi_bringup/__init__.py
[31.135s] -- Symlinking: /userdata/navi_ws/install/navi_bringup/local/lib/python3.10/dist-packages/navi_bringup/_navi_bringup_s.ep.rosidl_typesupport_c.c
[31.179s] -- Symlinking: /userdata/navi_ws/install/navi_bringup/local/lib/python3.10/dist-packages/navi_bringup/_navi_bringup_s.ep.rosidl_typesupport_fastrtps_c.c
[31.224s] -- Symlinking: /userdata/navi_ws/install/navi_bringup/local/lib/python3.10/dist-packages/navi_bringup/_navi_bringup_s.ep.rosidl_typesupport_introspection_c.c
[31.266s] -- Symlinking: /userdata/navi_ws/install/navi_bringup/local/lib/python3.10/dist-packages/navi_bringup/libnavi_bringup__rosidl_generator_py.so
[31.313s] -- Symlinking: /userdata/navi_ws/install/navi_bringup/local/lib/python3.10/dist-packages/navi_bringup/msg/__init__.py
[31.358s] -- Symlinking: /userdata/navi_ws/install/navi_bringup/local/lib/python3.10/dist-packages/navi_bringup/msg/_odom_debug.py
[31.401s] -- Symlinking: /userdata/navi_ws/install/navi_bringup/local/lib/python3.10/dist-packages/navi_bringup/msg/_odom_debug_s.c
[31.446s] -- Symlinking: /userdata/navi_ws/install/navi_bringup/local/lib/python3.10/dist-packages/navi_bringup/navi_bringup_s__rosidl_typesupport_c.cpython-310-aarch64-linux-gnu.so
[31.492s] -- Symlinking: /userdata/navi_ws/install/navi_bringup/local/lib/python3.10/dist-packages/navi_bringup/navi_bringup_s__rosidl_typesupport_fastrtps_c.cpython-310-aarch64-linux-gnu.so
[31.541s] -- Symlinking: /userdata/navi_ws/install/navi_bringup/local/lib/python3.10/dist-packages/navi_bringup/navi_bringup_s__rosidl_typesupport_introspection_c.cpython-310-aarch64-linux-gnu.so
[31.588s] -- Up-to-date symlink: /userdata/navi_ws/install/navi_bringup/local/lib/python3.10/dist-packages/navi_bringup/navi_bringup_s__rosidl_typesupport_fastrtps_c.cpython-310-aarch64-linux-gnu.so
[31.589s] -- Up-to-date symlink: /userdata/navi_ws/install/navi_bringup/local/lib/python3.10/dist-packages/navi_bringup/navi_bringup_s__rosidl_typesupport_introspection_c.cpython-310-aarch64-linux-gnu.so
[31.590s] -- Up-to-date symlink: /userdata/navi_ws/install/navi_bringup/local/lib/python3.10/dist-packages/navi_bringup/navi_bringup_s__rosidl_typesupport_c.cpython-310-aarch64-linux-gnu.so
[31.591s] -- Symlinking: /userdata/navi_ws/install/navi_bringup/share/ament_index/resource_index/rust_packages/navi_bringup
[31.637s] -- Symlinking: /userdata/navi_ws/install/navi_bringup/share/navi_bringup/rust/Cargo.toml
[31.681s] -- Symlinking: /userdata/navi_ws/install/navi_bringup/share/navi_bringup/rust/build.rs
[31.745s] -- Symlinking: /userdata/navi_ws/install/navi_bringup/share/navi_bringup/rust/src/lib.rs
[31.786s] -- Symlinking: /userdata/navi_ws/install/navi_bringup/share/navi_bringup/rust/src/msg.rs
[31.830s] -- Symlinking: /userdata/navi_ws/install/navi_bringup/share/navi_bringup/rust/src/msg/rmw.rs
[31.876s] -- Symlinking: /userdata/navi_ws/install/navi_bringup/share/navi_bringup/msg/OdomDebug.idl
[31.923s] -- Symlinking: /userdata/navi_ws/install/navi_bringup/share/navi_bringup/msg/OdomDebug.msg
[31.969s] -- Symlinking: /userdata/navi_ws/install/navi_bringup/share/navi_bringup/launch/ekf_fusion.launch.py
[32.014s] -- Symlinking: /userdata/navi_ws/install/navi_bringup/share/navi_bringup/config/ekf.yaml
[32.059s] -- Symlinking: /userdata/navi_ws/install/navi_bringup/share/navi_bringup/config/imu_filter.yaml
[32.104s] -- Symlinking: /userdata/navi_ws/install/navi_bringup/lib/navi_bringup/odom_debug_publisher
[32.148s] -- Up-to-date symlink: /userdata/navi_ws/install/navi_bringup/share/ament_index/resource_index/package_run_dependencies/navi_bringup
[32.150s] -- Up-to-date symlink: /userdata/navi_ws/install/navi_bringup/share/ament_index/resource_index/parent_prefix_path/navi_bringup
[32.152s] -- Up-to-date symlink: /userdata/navi_ws/install/navi_bringup/share/navi_bringup/environment/ament_prefix_path.sh
[32.153s] -- Up-to-date symlink: /userdata/navi_ws/install/navi_bringup/share/navi_bringup/environment/ament_prefix_path.dsv
[32.154s] -- Up-to-date symlink: /userdata/navi_ws/install/navi_bringup/share/navi_bringup/environment/path.sh
[32.155s] -- Up-to-date symlink: /userdata/navi_ws/install/navi_bringup/share/navi_bringup/environment/path.dsv
[32.156s] -- Up-to-date symlink: /userdata/navi_ws/install/navi_bringup/share/navi_bringup/local_setup.bash
[32.157s] -- Up-to-date symlink: /userdata/navi_ws/install/navi_bringup/share/navi_bringup/local_setup.sh
[32.158s] -- Up-to-date symlink: /userdata/navi_ws/install/navi_bringup/share/navi_bringup/local_setup.zsh
[32.159s] -- Up-to-date symlink: /userdata/navi_ws/install/navi_bringup/share/navi_bringup/local_setup.dsv
[32.159s] -- Symlinking: /userdata/navi_ws/install/navi_bringup/share/navi_bringup/package.dsv
[32.203s] -- Up-to-date symlink: /userdata/navi_ws/install/navi_bringup/share/ament_index/resource_index/packages/navi_bringup
[32.203s] -- Symlinking: /userdata/navi_ws/install/navi_bringup/share/navi_bringup/cmake/rosidl_cmake-extras.cmake
[32.250s] -- Symlinking: /userdata/navi_ws/install/navi_bringup/share/navi_bringup/cmake/ament_cmake_export_dependencies-extras.cmake
[32.294s] -- Symlinking: /userdata/navi_ws/install/navi_bringup/share/navi_bringup/cmake/ament_cmake_export_include_directories-extras.cmake
[32.342s] -- Symlinking: /userdata/navi_ws/install/navi_bringup/share/navi_bringup/cmake/ament_cmake_export_libraries-extras.cmake
[32.384s] -- Symlinking: /userdata/navi_ws/install/navi_bringup/share/navi_bringup/cmake/ament_cmake_export_targets-extras.cmake
[32.427s] -- Symlinking: /userdata/navi_ws/install/navi_bringup/share/navi_bringup/cmake/rosidl_cmake_export_typesupport_targets-extras.cmake
[32.474s] -- Symlinking: /userdata/navi_ws/install/navi_bringup/share/navi_bringup/cmake/rosidl_cmake_export_typesupport_libraries-extras.cmake
[32.520s] -- Up-to-date symlink: /userdata/navi_ws/install/navi_bringup/share/navi_bringup/cmake/navi_bringupConfig.cmake
[32.521s] -- Up-to-date symlink: /userdata/navi_ws/install/navi_bringup/share/navi_bringup/cmake/navi_bringupConfig-version.cmake
[32.523s] -- Up-to-date symlink: /userdata/navi_ws/install/navi_bringup/share/navi_bringup/package.xml
[32.523s] -- Installing: /userdata/navi_ws/install/navi_bringup/lib/libnavi_bringup__rosidl_generator_c.so
[32.524s] -- Set runtime path of "/userdata/navi_ws/install/navi_bringup/lib/libnavi_bringup__rosidl_generator_c.so" to ""
[32.525s] -- Installing: /userdata/navi_ws/install/navi_bringup/lib/libnavi_bringup__rosidl_typesupport_fastrtps_c.so
[32.536s] -- Set runtime path of "/userdata/navi_ws/install/navi_bringup/lib/libnavi_bringup__rosidl_typesupport_fastrtps_c.so" to ""
[32.537s] -- Installing: /userdata/navi_ws/install/navi_bringup/lib/libnavi_bringup__rosidl_typesupport_introspection_c.so
[32.538s] -- Set runtime path of "/userdata/navi_ws/install/navi_bringup/lib/libnavi_bringup__rosidl_typesupport_introspection_c.so" to ""
[32.539s] -- Installing: /userdata/navi_ws/install/navi_bringup/lib/libnavi_bringup__rosidl_typesupport_c.so
[32.539s] -- Set runtime path of "/userdata/navi_ws/install/navi_bringup/lib/libnavi_bringup__rosidl_typesupport_c.so" to ""
[32.541s] -- Installing: /userdata/navi_ws/install/navi_bringup/lib/libnavi_bringup__rosidl_typesupport_fastrtps_cpp.so
[32.542s] -- Set runtime path of "/userdata/navi_ws/install/navi_bringup/lib/libnavi_bringup__rosidl_typesupport_fastrtps_cpp.so" to ""
[32.542s] -- Installing: /userdata/navi_ws/install/navi_bringup/lib/libnavi_bringup__rosidl_typesupport_introspection_cpp.so
[32.543s] -- Set runtime path of "/userdata/navi_ws/install/navi_bringup/lib/libnavi_bringup__rosidl_typesupport_introspection_cpp.so" to ""
[32.544s] -- Installing: /userdata/navi_ws/install/navi_bringup/lib/libnavi_bringup__rosidl_typesupport_cpp.so
[32.544s] -- Set runtime path of "/userdata/navi_ws/install/navi_bringup/lib/libnavi_bringup__rosidl_typesupport_cpp.so" to ""
[32.820s] Listing '/userdata/navi_ws/install/navi_bringup/local/lib/python3.10/dist-packages/navi_bringup'...
[32.821s] Compiling '/userdata/navi_ws/install/navi_bringup/local/lib/python3.10/dist-packages/navi_bringup/__init__.py'...
[32.821s] Listing '/userdata/navi_ws/install/navi_bringup/local/lib/python3.10/dist-packages/navi_bringup/msg'...
[32.822s] Compiling '/userdata/navi_ws/install/navi_bringup/local/lib/python3.10/dist-packages/navi_bringup/msg/__init__.py'...
[32.823s] Compiling '/userdata/navi_ws/install/navi_bringup/local/lib/python3.10/dist-packages/navi_bringup/msg/_odom_debug.py'...
[32.875s] -- Installing: /userdata/navi_ws/install/navi_bringup/lib/libnavi_bringup__rosidl_generator_py.so
[32.878s] -- Set runtime path of "/userdata/navi_ws/install/navi_bringup/lib/libnavi_bringup__rosidl_generator_py.so" to ""
[32.879s] -- Installing: /userdata/navi_ws/install/navi_bringup/share/navi_bringup/cmake/export_navi_bringup__rosidl_generator_cExport.cmake
[32.881s] -- Installing: /userdata/navi_ws/install/navi_bringup/share/navi_bringup/cmake/export_navi_bringup__rosidl_generator_cExport-noconfig.cmake
[32.882s] -- Installing: /userdata/navi_ws/install/navi_bringup/share/navi_bringup/cmake/export_navi_bringup__rosidl_typesupport_fastrtps_cExport.cmake
[32.883s] -- Installing: /userdata/navi_ws/install/navi_bringup/share/navi_bringup/cmake/export_navi_bringup__rosidl_typesupport_fastrtps_cExport-noconfig.cmake
[32.884s] -- Installing: /userdata/navi_ws/install/navi_bringup/share/navi_bringup/cmake/navi_bringup__rosidl_typesupport_introspection_cExport.cmake
[32.885s] -- Installing: /userdata/navi_ws/install/navi_bringup/share/navi_bringup/cmake/navi_bringup__rosidl_typesupport_introspection_cExport-noconfig.cmake
[32.886s] -- Installing: /userdata/navi_ws/install/navi_bringup/share/navi_bringup/cmake/navi_bringup__rosidl_typesupport_cExport.cmake
[32.889s] -- Installing: /userdata/navi_ws/install/navi_bringup/share/navi_bringup/cmake/navi_bringup__rosidl_typesupport_cExport-noconfig.cmake
[32.890s] -- Installing: /userdata/navi_ws/install/navi_bringup/share/navi_bringup/cmake/export_navi_bringup__rosidl_generator_cppExport.cmake
[32.891s] -- Installing: /userdata/navi_ws/install/navi_bringup/share/navi_bringup/cmake/export_navi_bringup__rosidl_typesupport_fastrtps_cppExport.cmake
[32.891s] -- Installing: /userdata/navi_ws/install/navi_bringup/share/navi_bringup/cmake/export_navi_bringup__rosidl_typesupport_fastrtps_cppExport-noconfig.cmake
[32.892s] -- Installing: /userdata/navi_ws/install/navi_bringup/share/navi_bringup/cmake/navi_bringup__rosidl_typesupport_introspection_cppExport.cmake
[32.893s] -- Installing: /userdata/navi_ws/install/navi_bringup/share/navi_bringup/cmake/navi_bringup__rosidl_typesupport_introspection_cppExport-noconfig.cmake
[32.893s] -- Installing: /userdata/navi_ws/install/navi_bringup/share/navi_bringup/cmake/navi_bringup__rosidl_typesupport_cppExport.cmake
[32.894s] -- Installing: /userdata/navi_ws/install/navi_bringup/share/navi_bringup/cmake/navi_bringup__rosidl_typesupport_cppExport-noconfig.cmake
[32.895s] -- Installing: /userdata/navi_ws/install/navi_bringup/share/navi_bringup/cmake/export_navi_bringup__rosidl_generator_pyExport.cmake
[32.895s] -- Installing: /userdata/navi_ws/install/navi_bringup/share/navi_bringup/cmake/export_navi_bringup__rosidl_generator_pyExport-noconfig.cmake
[32.902s] Invoked command in '/userdata/navi_ws/build/navi_bringup' returned '0': CMAKE_PREFIX_PATH=${CMAKE_PREFIX_PATH}:/userdata/BPU_bl_ws/install/qr_decoder:/userdata/BPU_bl_ws/install/detection_bridge:/userdata/dev_ws/install/line_follower_pkg:/opt/tros/humble:/opt/ros/humble /usr/bin/cmake --install /userdata/navi_ws/build/navi_bringup
