[0.827s] DEBUG:colcon:Command line arguments: ['/usr/bin/colcon', 'build', '--symlink-install', '--packages-select', 'qr_decoder']
[0.828s] DEBUG:colcon:Parsed command line arguments: Namespace(log_base=None, log_level=None, verb_name='build', build_base='build', install_base='install', merge_install=False, symlink_install=True, test_result_base=None, continue_on_error=False, executor='parallel', parallel_workers=8, event_handlers=None, ignore_user_meta=False, metas=['./colcon.meta'], base_paths=['.'], packages_ignore=None, packages_ignore_regex=None, paths=None, packages_up_to=None, packages_up_to_regex=None, packages_above=None, packages_above_and_dependencies=None, packages_above_depth=None, packages_select_by_dep=None, packages_skip_by_dep=None, packages_skip_up_to=None, packages_select_build_failed=False, packages_skip_build_finished=False, packages_select_test_failures=False, packages_skip_test_passed=False, packages_select=['qr_decoder'], packages_skip=None, packages_select_regex=None, packages_skip_regex=None, packages_start=None, packages_end=None, allow_overriding=[], cmake_args=None, cmake_target=None, cmake_target_skip_unavailable=False, cmake_clean_cache=False, cmake_clean_first=False, cmake_force_configure=False, ament_cmake_args=None, catkin_cmake_args=None, catkin_skip_building_tests=False, verb_parser=<colcon_defaults.argument_parser.defaults.DefaultArgumentsDecorator object at 0xffff94364dc0>, verb_extension=<colcon_core.verb.build.BuildVerb object at 0xffff943648b0>, main=<bound method BuildVerb.main of <colcon_core.verb.build.BuildVerb object at 0xffff943648b0>>)
[2.393s] Level 1:colcon.colcon_core.package_discovery:discover_packages(colcon_meta) check parameters
[2.394s] Level 1:colcon.colcon_core.package_discovery:discover_packages(recursive) check parameters
[2.394s] Level 1:colcon.colcon_core.package_discovery:discover_packages(ignore) check parameters
[2.395s] Level 1:colcon.colcon_core.package_discovery:discover_packages(path) check parameters
[2.395s] Level 1:colcon.colcon_core.package_discovery:discover_packages(colcon_meta) discover
[2.395s] Level 1:colcon.colcon_core.package_discovery:discover_packages(recursive) discover
[2.395s] INFO:colcon.colcon_core.package_discovery:Crawling recursively for packages in '/userdata/BPU_bl_ws'
[2.396s] Level 1:colcon.colcon_core.package_identification:_identify(.) by extensions ['ignore', 'ignore_ament_install']
[2.396s] Level 1:colcon.colcon_core.package_identification:_identify(.) by extension 'ignore'
[2.397s] Level 1:colcon.colcon_core.package_identification:_identify(.) by extension 'ignore_ament_install'
[2.397s] Level 1:colcon.colcon_core.package_identification:_identify(.) by extensions ['colcon_pkg']
[2.397s] Level 1:colcon.colcon_core.package_identification:_identify(.) by extension 'colcon_pkg'
[2.398s] Level 1:colcon.colcon_core.package_identification:_identify(.) by extensions ['colcon_meta']
[2.398s] Level 1:colcon.colcon_core.package_identification:_identify(.) by extension 'colcon_meta'
[2.398s] Level 1:colcon.colcon_core.package_identification:_identify(.) by extensions ['ros']
[2.398s] Level 1:colcon.colcon_core.package_identification:_identify(.) by extension 'ros'
[2.483s] Level 1:colcon.colcon_core.package_identification:_identify(.) by extensions ['cmake', 'python']
[2.483s] Level 1:colcon.colcon_core.package_identification:_identify(.) by extension 'cmake'
[2.483s] Level 1:colcon.colcon_core.package_identification:_identify(.) by extension 'python'
[2.484s] Level 1:colcon.colcon_core.package_identification:_identify(.) by extensions ['python_setup_py']
[2.484s] Level 1:colcon.colcon_core.package_identification:_identify(.) by extension 'python_setup_py'
[2.485s] Level 1:colcon.colcon_core.package_identification:_identify(build) by extensions ['ignore', 'ignore_ament_install']
[2.485s] Level 1:colcon.colcon_core.package_identification:_identify(build) by extension 'ignore'
[2.485s] Level 1:colcon.colcon_core.package_identification:_identify(build) ignored
[2.486s] Level 1:colcon.colcon_core.package_identification:_identify(config) by extensions ['ignore', 'ignore_ament_install']
[2.487s] Level 1:colcon.colcon_core.package_identification:_identify(config) by extension 'ignore'
[2.487s] Level 1:colcon.colcon_core.package_identification:_identify(config) by extension 'ignore_ament_install'
[2.487s] Level 1:colcon.colcon_core.package_identification:_identify(config) by extensions ['colcon_pkg']
[2.488s] Level 1:colcon.colcon_core.package_identification:_identify(config) by extension 'colcon_pkg'
[2.488s] Level 1:colcon.colcon_core.package_identification:_identify(config) by extensions ['colcon_meta']
[2.488s] Level 1:colcon.colcon_core.package_identification:_identify(config) by extension 'colcon_meta'
[2.489s] Level 1:colcon.colcon_core.package_identification:_identify(config) by extensions ['ros']
[2.489s] Level 1:colcon.colcon_core.package_identification:_identify(config) by extension 'ros'
[2.490s] Level 1:colcon.colcon_core.package_identification:_identify(config) by extensions ['cmake', 'python']
[2.490s] Level 1:colcon.colcon_core.package_identification:_identify(config) by extension 'cmake'
[2.491s] Level 1:colcon.colcon_core.package_identification:_identify(config) by extension 'python'
[2.491s] Level 1:colcon.colcon_core.package_identification:_identify(config) by extensions ['python_setup_py']
[2.491s] Level 1:colcon.colcon_core.package_identification:_identify(config) by extension 'python_setup_py'
[2.492s] Level 1:colcon.colcon_core.package_identification:_identify(config/coco_80) by extensions ['ignore', 'ignore_ament_install']
[2.493s] Level 1:colcon.colcon_core.package_identification:_identify(config/coco_80) by extension 'ignore'
[2.494s] Level 1:colcon.colcon_core.package_identification:_identify(config/coco_80) by extension 'ignore_ament_install'
[2.494s] Level 1:colcon.colcon_core.package_identification:_identify(config/coco_80) by extensions ['colcon_pkg']
[2.494s] Level 1:colcon.colcon_core.package_identification:_identify(config/coco_80) by extension 'colcon_pkg'
[2.495s] Level 1:colcon.colcon_core.package_identification:_identify(config/coco_80) by extensions ['colcon_meta']
[2.495s] Level 1:colcon.colcon_core.package_identification:_identify(config/coco_80) by extension 'colcon_meta'
[2.495s] Level 1:colcon.colcon_core.package_identification:_identify(config/coco_80) by extensions ['ros']
[2.496s] Level 1:colcon.colcon_core.package_identification:_identify(config/coco_80) by extension 'ros'
[2.496s] Level 1:colcon.colcon_core.package_identification:_identify(config/coco_80) by extensions ['cmake', 'python']
[2.496s] Level 1:colcon.colcon_core.package_identification:_identify(config/coco_80) by extension 'cmake'
[2.496s] Level 1:colcon.colcon_core.package_identification:_identify(config/coco_80) by extension 'python'
[2.497s] Level 1:colcon.colcon_core.package_identification:_identify(config/coco_80) by extensions ['python_setup_py']
[2.497s] Level 1:colcon.colcon_core.package_identification:_identify(config/coco_80) by extension 'python_setup_py'
[2.498s] Level 1:colcon.colcon_core.package_identification:_identify(config/custom_4) by extensions ['ignore', 'ignore_ament_install']
[2.498s] Level 1:colcon.colcon_core.package_identification:_identify(config/custom_4) by extension 'ignore'
[2.499s] Level 1:colcon.colcon_core.package_identification:_identify(config/custom_4) by extension 'ignore_ament_install'
[2.500s] Level 1:colcon.colcon_core.package_identification:_identify(config/custom_4) by extensions ['colcon_pkg']
[2.500s] Level 1:colcon.colcon_core.package_identification:_identify(config/custom_4) by extension 'colcon_pkg'
[2.500s] Level 1:colcon.colcon_core.package_identification:_identify(config/custom_4) by extensions ['colcon_meta']
[2.501s] Level 1:colcon.colcon_core.package_identification:_identify(config/custom_4) by extension 'colcon_meta'
[2.501s] Level 1:colcon.colcon_core.package_identification:_identify(config/custom_4) by extensions ['ros']
[2.502s] Level 1:colcon.colcon_core.package_identification:_identify(config/custom_4) by extension 'ros'
[2.502s] Level 1:colcon.colcon_core.package_identification:_identify(config/custom_4) by extensions ['cmake', 'python']
[2.503s] Level 1:colcon.colcon_core.package_identification:_identify(config/custom_4) by extension 'cmake'
[2.503s] Level 1:colcon.colcon_core.package_identification:_identify(config/custom_4) by extension 'python'
[2.504s] Level 1:colcon.colcon_core.package_identification:_identify(config/custom_4) by extensions ['python_setup_py']
[2.504s] Level 1:colcon.colcon_core.package_identification:_identify(config/custom_4) by extension 'python_setup_py'
[2.506s] Level 1:colcon.colcon_core.package_identification:_identify(install) by extensions ['ignore', 'ignore_ament_install']
[2.506s] Level 1:colcon.colcon_core.package_identification:_identify(install) by extension 'ignore'
[2.507s] Level 1:colcon.colcon_core.package_identification:_identify(install) ignored
[2.508s] Level 1:colcon.colcon_core.package_identification:_identify(log) by extensions ['ignore', 'ignore_ament_install']
[2.508s] Level 1:colcon.colcon_core.package_identification:_identify(log) by extension 'ignore'
[2.509s] Level 1:colcon.colcon_core.package_identification:_identify(log) ignored
[2.509s] Level 1:colcon.colcon_core.package_identification:_identify(src) by extensions ['ignore', 'ignore_ament_install']
[2.510s] Level 1:colcon.colcon_core.package_identification:_identify(src) by extension 'ignore'
[2.510s] Level 1:colcon.colcon_core.package_identification:_identify(src) by extension 'ignore_ament_install'
[2.511s] Level 1:colcon.colcon_core.package_identification:_identify(src) by extensions ['colcon_pkg']
[2.511s] Level 1:colcon.colcon_core.package_identification:_identify(src) by extension 'colcon_pkg'
[2.511s] Level 1:colcon.colcon_core.package_identification:_identify(src) by extensions ['colcon_meta']
[2.511s] Level 1:colcon.colcon_core.package_identification:_identify(src) by extension 'colcon_meta'
[2.512s] Level 1:colcon.colcon_core.package_identification:_identify(src) by extensions ['ros']
[2.512s] Level 1:colcon.colcon_core.package_identification:_identify(src) by extension 'ros'
[2.512s] Level 1:colcon.colcon_core.package_identification:_identify(src) by extensions ['cmake', 'python']
[2.512s] Level 1:colcon.colcon_core.package_identification:_identify(src) by extension 'cmake'
[2.513s] Level 1:colcon.colcon_core.package_identification:_identify(src) by extension 'python'
[2.513s] Level 1:colcon.colcon_core.package_identification:_identify(src) by extensions ['python_setup_py']
[2.513s] Level 1:colcon.colcon_core.package_identification:_identify(src) by extension 'python_setup_py'
[2.514s] Level 1:colcon.colcon_core.package_identification:_identify(src/bpu_bringup) by extensions ['ignore', 'ignore_ament_install']
[2.515s] Level 1:colcon.colcon_core.package_identification:_identify(src/bpu_bringup) by extension 'ignore'
[2.515s] Level 1:colcon.colcon_core.package_identification:_identify(src/bpu_bringup) by extension 'ignore_ament_install'
[2.515s] Level 1:colcon.colcon_core.package_identification:_identify(src/bpu_bringup) by extensions ['colcon_pkg']
[2.516s] Level 1:colcon.colcon_core.package_identification:_identify(src/bpu_bringup) by extension 'colcon_pkg'
[2.516s] Level 1:colcon.colcon_core.package_identification:_identify(src/bpu_bringup) by extensions ['colcon_meta']
[2.516s] Level 1:colcon.colcon_core.package_identification:_identify(src/bpu_bringup) by extension 'colcon_meta'
[2.517s] Level 1:colcon.colcon_core.package_identification:_identify(src/bpu_bringup) by extensions ['ros']
[2.517s] Level 1:colcon.colcon_core.package_identification:_identify(src/bpu_bringup) by extension 'ros'
[2.535s] DEBUG:colcon.colcon_core.package_identification:Package 'src/bpu_bringup' with type 'ros.ament_cmake' and name 'bpu_bringup'
[2.536s] Level 1:colcon.colcon_core.package_identification:_identify(src/detection_bridge) by extensions ['ignore', 'ignore_ament_install']
[2.537s] Level 1:colcon.colcon_core.package_identification:_identify(src/detection_bridge) by extension 'ignore'
[2.538s] Level 1:colcon.colcon_core.package_identification:_identify(src/detection_bridge) by extension 'ignore_ament_install'
[2.539s] Level 1:colcon.colcon_core.package_identification:_identify(src/detection_bridge) by extensions ['colcon_pkg']
[2.539s] Level 1:colcon.colcon_core.package_identification:_identify(src/detection_bridge) by extension 'colcon_pkg'
[2.539s] Level 1:colcon.colcon_core.package_identification:_identify(src/detection_bridge) by extensions ['colcon_meta']
[2.540s] Level 1:colcon.colcon_core.package_identification:_identify(src/detection_bridge) by extension 'colcon_meta'
[2.540s] Level 1:colcon.colcon_core.package_identification:_identify(src/detection_bridge) by extensions ['ros']
[2.540s] Level 1:colcon.colcon_core.package_identification:_identify(src/detection_bridge) by extension 'ros'
[2.544s] DEBUG:colcon.colcon_core.package_identification:Package 'src/detection_bridge' with type 'ros.ament_python' and name 'detection_bridge'
[2.545s] Level 1:colcon.colcon_core.package_identification:_identify(src/detection_interfaces) by extensions ['ignore', 'ignore_ament_install']
[2.546s] Level 1:colcon.colcon_core.package_identification:_identify(src/detection_interfaces) by extension 'ignore'
[2.546s] Level 1:colcon.colcon_core.package_identification:_identify(src/detection_interfaces) by extension 'ignore_ament_install'
[2.547s] Level 1:colcon.colcon_core.package_identification:_identify(src/detection_interfaces) by extensions ['colcon_pkg']
[2.547s] Level 1:colcon.colcon_core.package_identification:_identify(src/detection_interfaces) by extension 'colcon_pkg'
[2.547s] Level 1:colcon.colcon_core.package_identification:_identify(src/detection_interfaces) by extensions ['colcon_meta']
[2.547s] Level 1:colcon.colcon_core.package_identification:_identify(src/detection_interfaces) by extension 'colcon_meta'
[2.548s] Level 1:colcon.colcon_core.package_identification:_identify(src/detection_interfaces) by extensions ['ros']
[2.548s] Level 1:colcon.colcon_core.package_identification:_identify(src/detection_interfaces) by extension 'ros'
[2.552s] DEBUG:colcon.colcon_core.package_identification:Package 'src/detection_interfaces' with type 'ros.ament_cmake' and name 'detection_interfaces'
[2.553s] Level 1:colcon.colcon_core.package_identification:_identify(src/qr_decoder) by extensions ['ignore', 'ignore_ament_install']
[2.554s] Level 1:colcon.colcon_core.package_identification:_identify(src/qr_decoder) by extension 'ignore'
[2.554s] Level 1:colcon.colcon_core.package_identification:_identify(src/qr_decoder) by extension 'ignore_ament_install'
[2.555s] Level 1:colcon.colcon_core.package_identification:_identify(src/qr_decoder) by extensions ['colcon_pkg']
[2.555s] Level 1:colcon.colcon_core.package_identification:_identify(src/qr_decoder) by extension 'colcon_pkg'
[2.556s] Level 1:colcon.colcon_core.package_identification:_identify(src/qr_decoder) by extensions ['colcon_meta']
[2.556s] Level 1:colcon.colcon_core.package_identification:_identify(src/qr_decoder) by extension 'colcon_meta'
[2.556s] Level 1:colcon.colcon_core.package_identification:_identify(src/qr_decoder) by extensions ['ros']
[2.557s] Level 1:colcon.colcon_core.package_identification:_identify(src/qr_decoder) by extension 'ros'
[2.561s] DEBUG:colcon.colcon_core.package_identification:Package 'src/qr_decoder' with type 'ros.ament_python' and name 'qr_decoder'
[2.562s] Level 1:colcon.colcon_core.package_identification:_identify(src/utils) by extensions ['ignore', 'ignore_ament_install']
[2.563s] Level 1:colcon.colcon_core.package_identification:_identify(src/utils) by extension 'ignore'
[2.563s] Level 1:colcon.colcon_core.package_identification:_identify(src/utils) by extension 'ignore_ament_install'
[2.564s] Level 1:colcon.colcon_core.package_identification:_identify(src/utils) by extensions ['colcon_pkg']
[2.564s] Level 1:colcon.colcon_core.package_identification:_identify(src/utils) by extension 'colcon_pkg'
[2.564s] Level 1:colcon.colcon_core.package_identification:_identify(src/utils) by extensions ['colcon_meta']
[2.564s] Level 1:colcon.colcon_core.package_identification:_identify(src/utils) by extension 'colcon_meta'
[2.565s] Level 1:colcon.colcon_core.package_identification:_identify(src/utils) by extensions ['ros']
[2.565s] Level 1:colcon.colcon_core.package_identification:_identify(src/utils) by extension 'ros'
[2.572s] DEBUG:colcon.colcon_core.package_identification:Package 'src/utils' with type 'ros.ament_cmake' and name 'utils'
[2.573s] Level 1:colcon.colcon_core.package_discovery:discover_packages(recursive) using defaults
[2.573s] Level 1:colcon.colcon_core.package_discovery:discover_packages(ignore) discover
[2.574s] Level 1:colcon.colcon_core.package_discovery:discover_packages(ignore) using defaults
[2.574s] Level 1:colcon.colcon_core.package_discovery:discover_packages(path) discover
[2.574s] Level 1:colcon.colcon_core.package_discovery:discover_packages(path) using defaults
[2.814s] INFO:colcon.colcon_core.package_selection:Skipping not selected package 'bpu_bringup' in 'src/bpu_bringup'
[2.814s] INFO:colcon.colcon_core.package_selection:Skipping not selected package 'detection_interfaces' in 'src/detection_interfaces'
[2.815s] INFO:colcon.colcon_core.package_selection:Skipping not selected package 'utils' in 'src/utils'
[2.815s] INFO:colcon.colcon_core.package_selection:Skipping not selected package 'detection_bridge' in 'src/detection_bridge'
[2.818s] Level 1:colcon.colcon_core.package_discovery:discover_packages(prefix_path) check parameters
[2.819s] Level 1:colcon.colcon_core.package_discovery:discover_packages(prefix_path) discover
[2.837s] DEBUG:colcon.colcon_installed_package_information.package_discovery:Found 8 installed packages in /userdata/dev_ws/install
[2.841s] DEBUG:colcon.colcon_installed_package_information.package_discovery:Found 49 installed packages in /opt/tros/humble
[2.853s] DEBUG:colcon.colcon_installed_package_information.package_discovery:Found 290 installed packages in /opt/ros/humble
[2.866s] Level 1:colcon.colcon_core.package_discovery:discover_packages(prefix_path) using defaults
[3.224s] Level 5:colcon.colcon_core.verb:set package 'qr_decoder' build argument 'cmake_args' from command line to 'None'
[3.224s] Level 5:colcon.colcon_core.verb:set package 'qr_decoder' build argument 'cmake_target' from command line to 'None'
[3.225s] Level 5:colcon.colcon_core.verb:set package 'qr_decoder' build argument 'cmake_target_skip_unavailable' from command line to 'False'
[3.225s] Level 5:colcon.colcon_core.verb:set package 'qr_decoder' build argument 'cmake_clean_cache' from command line to 'False'
[3.225s] Level 5:colcon.colcon_core.verb:set package 'qr_decoder' build argument 'cmake_clean_first' from command line to 'False'
[3.225s] Level 5:colcon.colcon_core.verb:set package 'qr_decoder' build argument 'cmake_force_configure' from command line to 'False'
[3.225s] Level 5:colcon.colcon_core.verb:set package 'qr_decoder' build argument 'ament_cmake_args' from command line to 'None'
[3.226s] Level 5:colcon.colcon_core.verb:set package 'qr_decoder' build argument 'catkin_cmake_args' from command line to 'None'
[3.226s] Level 5:colcon.colcon_core.verb:set package 'qr_decoder' build argument 'catkin_skip_building_tests' from command line to 'False'
[3.226s] DEBUG:colcon.colcon_core.verb:Building package 'qr_decoder' with the following arguments: {'ament_cmake_args': None, 'build_base': '/userdata/BPU_bl_ws/build/qr_decoder', 'catkin_cmake_args': None, 'catkin_skip_building_tests': False, 'cmake_args': None, 'cmake_clean_cache': False, 'cmake_clean_first': False, 'cmake_force_configure': False, 'cmake_target': None, 'cmake_target_skip_unavailable': False, 'install_base': '/userdata/BPU_bl_ws/install/qr_decoder', 'merge_install': False, 'path': '/userdata/BPU_bl_ws/src/qr_decoder', 'symlink_install': True, 'test_result_base': None}
[3.227s] INFO:colcon.colcon_core.executor:Executing jobs using 'parallel' executor
[3.234s] DEBUG:colcon.colcon_parallel_executor.executor.parallel:run_until_complete
[3.236s] INFO:colcon.colcon_ros.task.ament_python.build:Building ROS package in '/userdata/BPU_bl_ws/src/qr_decoder' with build type 'ament_python'
[3.237s] Level 1:colcon.colcon_core.shell:create_environment_hook('qr_decoder', 'ament_prefix_path')
[3.253s] INFO:colcon.colcon_core.plugin_system:Skipping extension 'colcon_core.shell.bat': Not used on non-Windows systems
[3.255s] INFO:colcon.colcon_core.shell:Creating environment hook '/userdata/BPU_bl_ws/install/qr_decoder/share/qr_decoder/hook/ament_prefix_path.ps1'
[3.259s] INFO:colcon.colcon_core.shell:Creating environment descriptor '/userdata/BPU_bl_ws/install/qr_decoder/share/qr_decoder/hook/ament_prefix_path.dsv'
[3.264s] INFO:colcon.colcon_core.shell:Creating environment hook '/userdata/BPU_bl_ws/install/qr_decoder/share/qr_decoder/hook/ament_prefix_path.sh'
[3.270s] INFO:colcon.colcon_core.shell:Skip shell extension 'powershell' for command environment: Not usable outside of PowerShell
[3.271s] DEBUG:colcon.colcon_core.shell:Skip shell extension 'dsv' for command environment
[5.494s] INFO:colcon.colcon_core.task.python.build:Building Python package in '/userdata/BPU_bl_ws/src/qr_decoder'
[5.497s] INFO:colcon.colcon_core.shell:Skip shell extension 'powershell' for command environment: Not usable outside of PowerShell
[5.497s] DEBUG:colcon.colcon_core.shell:Skip shell extension 'dsv' for command environment
[8.665s] DEBUG:colcon.colcon_core.event_handler.log_command:Invoking command in '/userdata/BPU_bl_ws/build/qr_decoder': PYTHONPATH=/userdata/BPU_bl_ws/build/qr_decoder/prefix_override:/usr/lib/python3/dist-packages/colcon_core/task/python/colcon_distutils_commands:/userdata/BPU_bl_ws/install/qr_decoder/lib/python3.10/site-packages:${PYTHONPATH} /usr/bin/python3 -W ignore:setup.py install is deprecated -W ignore:easy_install command is deprecated setup.py develop --editable --build-directory /userdata/BPU_bl_ws/build/qr_decoder/build --no-deps symlink_data
[13.098s] Level 1:colcon.colcon_core.shell:create_environment_hook('qr_decoder', 'pythonpath_develop')
[13.101s] INFO:colcon.colcon_core.shell:Creating environment hook '/userdata/BPU_bl_ws/build/qr_decoder/share/qr_decoder/hook/pythonpath_develop.ps1'
[13.104s] DEBUG:colcon.colcon_core.event_handler.log_command:Invoked command in '/userdata/BPU_bl_ws/build/qr_decoder' returned '0': PYTHONPATH=/userdata/BPU_bl_ws/build/qr_decoder/prefix_override:/usr/lib/python3/dist-packages/colcon_core/task/python/colcon_distutils_commands:/userdata/BPU_bl_ws/install/qr_decoder/lib/python3.10/site-packages:${PYTHONPATH} /usr/bin/python3 -W ignore:setup.py install is deprecated -W ignore:easy_install command is deprecated setup.py develop --editable --build-directory /userdata/BPU_bl_ws/build/qr_decoder/build --no-deps symlink_data
[13.107s] INFO:colcon.colcon_core.shell:Creating environment descriptor '/userdata/BPU_bl_ws/build/qr_decoder/share/qr_decoder/hook/pythonpath_develop.dsv'
[13.110s] INFO:colcon.colcon_core.shell:Creating environment hook '/userdata/BPU_bl_ws/build/qr_decoder/share/qr_decoder/hook/pythonpath_develop.sh'
[13.131s] Level 1:colcon.colcon_core.environment:checking '/userdata/BPU_bl_ws/install/qr_decoder' for CMake module files
[13.134s] Level 1:colcon.colcon_core.environment:checking '/userdata/BPU_bl_ws/install/qr_decoder' for CMake config files
[13.138s] Level 1:colcon.colcon_core.environment:checking '/userdata/BPU_bl_ws/install/qr_decoder/lib'
[13.139s] Level 1:colcon.colcon_core.environment:checking '/userdata/BPU_bl_ws/install/qr_decoder/bin'
[13.139s] Level 1:colcon.colcon_core.shell:create_environment_hook('qr_decoder', 'path')
[13.141s] INFO:colcon.colcon_core.shell:Creating environment hook '/userdata/BPU_bl_ws/install/qr_decoder/share/qr_decoder/hook/path.ps1'
[13.143s] INFO:colcon.colcon_core.shell:Creating environment descriptor '/userdata/BPU_bl_ws/install/qr_decoder/share/qr_decoder/hook/path.dsv'
[13.146s] INFO:colcon.colcon_core.shell:Creating environment hook '/userdata/BPU_bl_ws/install/qr_decoder/share/qr_decoder/hook/path.sh'
[13.150s] Level 1:colcon.colcon_core.environment:checking '/userdata/BPU_bl_ws/install/qr_decoder/lib/pkgconfig/qr_decoder.pc'
[13.151s] Level 1:colcon.colcon_core.environment:checking '/userdata/BPU_bl_ws/install/qr_decoder/lib/python3.10/site-packages'
[13.152s] Level 1:colcon.colcon_core.shell:create_environment_hook('qr_decoder', 'pythonpath')
[13.154s] INFO:colcon.colcon_core.shell:Creating environment hook '/userdata/BPU_bl_ws/install/qr_decoder/share/qr_decoder/hook/pythonpath.ps1'
[13.157s] INFO:colcon.colcon_core.shell:Creating environment descriptor '/userdata/BPU_bl_ws/install/qr_decoder/share/qr_decoder/hook/pythonpath.dsv'
[13.160s] INFO:colcon.colcon_core.shell:Creating environment hook '/userdata/BPU_bl_ws/install/qr_decoder/share/qr_decoder/hook/pythonpath.sh'
[13.164s] Level 1:colcon.colcon_core.environment:checking '/userdata/BPU_bl_ws/install/qr_decoder/bin'
[13.166s] Level 1:colcon.colcon_core.shell:create_environment_hook('qr_decoder', 'pythonscriptspath')
[13.168s] INFO:colcon.colcon_core.shell:Creating environment hook '/userdata/BPU_bl_ws/install/qr_decoder/share/qr_decoder/hook/pythonscriptspath.ps1'
[13.171s] INFO:colcon.colcon_core.shell:Creating environment descriptor '/userdata/BPU_bl_ws/install/qr_decoder/share/qr_decoder/hook/pythonscriptspath.dsv'
[13.174s] INFO:colcon.colcon_core.shell:Creating environment hook '/userdata/BPU_bl_ws/install/qr_decoder/share/qr_decoder/hook/pythonscriptspath.sh'
[13.177s] Level 1:colcon.colcon_core.environment:create_environment_scripts_only(qr_decoder)
[13.180s] INFO:colcon.colcon_core.shell:Creating package script '/userdata/BPU_bl_ws/install/qr_decoder/share/qr_decoder/package.ps1'
[13.188s] INFO:colcon.colcon_core.shell:Creating package descriptor '/userdata/BPU_bl_ws/install/qr_decoder/share/qr_decoder/package.dsv'
[13.194s] INFO:colcon.colcon_core.shell:Creating package script '/userdata/BPU_bl_ws/install/qr_decoder/share/qr_decoder/package.sh'
[13.201s] INFO:colcon.colcon_core.shell:Creating package script '/userdata/BPU_bl_ws/install/qr_decoder/share/qr_decoder/package.bash'
[13.206s] INFO:colcon.colcon_core.shell:Creating package script '/userdata/BPU_bl_ws/install/qr_decoder/share/qr_decoder/package.zsh'
[13.210s] Level 1:colcon.colcon_core.environment:create_file_with_runtime_dependencies(/userdata/BPU_bl_ws/install/qr_decoder/share/colcon-core/packages/qr_decoder)
[13.212s] DEBUG:colcon.colcon_parallel_executor.executor.parallel:closing loop
[13.214s] DEBUG:colcon.colcon_parallel_executor.executor.parallel:loop closed
[13.214s] DEBUG:colcon.colcon_parallel_executor.executor.parallel:run_until_complete finished with '0'
[13.215s] DEBUG:colcon.colcon_core.event_reactor:joining thread
[13.248s] INFO:colcon.colcon_core.plugin_system:Skipping extension 'colcon_notification.desktop_notification.terminal_notifier': Not used on non-Darwin systems
[13.249s] INFO:colcon.colcon_core.plugin_system:Skipping extension 'colcon_notification.desktop_notification.win32': Not used on non-Windows systems
[13.250s] INFO:colcon.colcon_notification.desktop_notification:Sending desktop notification using 'notify2'
[38.279s] DEBUG:colcon.colcon_notification.desktop_notification.notify2:Failed to initialize notify2: org.freedesktop.DBus.Error.NoReply: Did not receive a reply. Possible causes include: the remote application did not send a reply, the message bus security policy blocked the reply, the reply timeout expired, or the network connection was broken.
[38.280s] DEBUG:colcon.colcon_core.event_reactor:joined thread
[38.282s] INFO:colcon.colcon_core.shell:Creating prefix script '/userdata/BPU_bl_ws/install/local_setup.ps1'
[38.288s] INFO:colcon.colcon_core.shell:Creating prefix util module '/userdata/BPU_bl_ws/install/_local_setup_util_ps1.py'
[38.298s] INFO:colcon.colcon_core.shell:Creating prefix chain script '/userdata/BPU_bl_ws/install/setup.ps1'
[38.307s] INFO:colcon.colcon_core.shell:Creating prefix script '/userdata/BPU_bl_ws/install/local_setup.sh'
[38.311s] INFO:colcon.colcon_core.shell:Creating prefix util module '/userdata/BPU_bl_ws/install/_local_setup_util_sh.py'
[38.316s] INFO:colcon.colcon_core.shell:Creating prefix chain script '/userdata/BPU_bl_ws/install/setup.sh'
[38.325s] INFO:colcon.colcon_core.shell:Creating prefix script '/userdata/BPU_bl_ws/install/local_setup.bash'
[38.328s] INFO:colcon.colcon_core.shell:Creating prefix chain script '/userdata/BPU_bl_ws/install/setup.bash'
[38.337s] INFO:colcon.colcon_core.shell:Creating prefix script '/userdata/BPU_bl_ws/install/local_setup.zsh'
[38.340s] INFO:colcon.colcon_core.shell:Creating prefix chain script '/userdata/BPU_bl_ws/install/setup.zsh'
