[0.887s] DEBUG:colcon:Command line arguments: ['/usr/bin/colcon', 'build', '--symlink-install', '--packages-select', 'navi_bringup']
[0.888s] DEBUG:colcon:Parsed command line arguments: Namespace(log_base=None, log_level=None, verb_name='build', build_base='build', install_base='install', merge_install=False, symlink_install=True, test_result_base=None, continue_on_error=False, executor='parallel', parallel_workers=8, event_handlers=None, ignore_user_meta=False, metas=['./colcon.meta'], base_paths=['.'], packages_ignore=None, packages_ignore_regex=None, paths=None, packages_up_to=None, packages_up_to_regex=None, packages_above=None, packages_above_and_dependencies=None, packages_above_depth=None, packages_select_by_dep=None, packages_skip_by_dep=None, packages_skip_up_to=None, packages_select_build_failed=False, packages_skip_build_finished=False, packages_select_test_failures=False, packages_skip_test_passed=False, packages_select=['navi_bringup'], packages_skip=None, packages_select_regex=None, packages_skip_regex=None, packages_start=None, packages_end=None, allow_overriding=[], cmake_args=None, cmake_target=None, cmake_target_skip_unavailable=False, cmake_clean_cache=False, cmake_clean_first=False, cmake_force_configure=False, ament_cmake_args=None, catkin_cmake_args=None, catkin_skip_building_tests=False, verb_parser=<colcon_defaults.argument_parser.defaults.DefaultArgumentsDecorator object at 0xffff97c4dbd0>, verb_extension=<colcon_core.verb.build.BuildVerb object at 0xffff97c4d6c0>, main=<bound method BuildVerb.main of <colcon_core.verb.build.BuildVerb object at 0xffff97c4d6c0>>)
[2.469s] Level 1:colcon.colcon_core.package_discovery:discover_packages(colcon_meta) check parameters
[2.470s] Level 1:colcon.colcon_core.package_discovery:discover_packages(recursive) check parameters
[2.470s] Level 1:colcon.colcon_core.package_discovery:discover_packages(ignore) check parameters
[2.470s] Level 1:colcon.colcon_core.package_discovery:discover_packages(path) check parameters
[2.471s] Level 1:colcon.colcon_core.package_discovery:discover_packages(colcon_meta) discover
[2.471s] Level 1:colcon.colcon_core.package_discovery:discover_packages(recursive) discover
[2.471s] INFO:colcon.colcon_core.package_discovery:Crawling recursively for packages in '/userdata/navi_ws'
[2.472s] Level 1:colcon.colcon_core.package_identification:_identify(.) by extensions ['ignore', 'ignore_ament_install']
[2.473s] Level 1:colcon.colcon_core.package_identification:_identify(.) by extension 'ignore'
[2.473s] Level 1:colcon.colcon_core.package_identification:_identify(.) by extension 'ignore_ament_install'
[2.474s] Level 1:colcon.colcon_core.package_identification:_identify(.) by extensions ['colcon_pkg']
[2.474s] Level 1:colcon.colcon_core.package_identification:_identify(.) by extension 'colcon_pkg'
[2.475s] Level 1:colcon.colcon_core.package_identification:_identify(.) by extensions ['colcon_meta']
[2.475s] Level 1:colcon.colcon_core.package_identification:_identify(.) by extension 'colcon_meta'
[2.475s] Level 1:colcon.colcon_core.package_identification:_identify(.) by extensions ['ros']
[2.475s] Level 1:colcon.colcon_core.package_identification:_identify(.) by extension 'ros'
[2.567s] Level 1:colcon.colcon_core.package_identification:_identify(.) by extensions ['cmake', 'python']
[2.568s] Level 1:colcon.colcon_core.package_identification:_identify(.) by extension 'cmake'
[2.568s] Level 1:colcon.colcon_core.package_identification:_identify(.) by extension 'python'
[2.568s] Level 1:colcon.colcon_core.package_identification:_identify(.) by extensions ['python_setup_py']
[2.569s] Level 1:colcon.colcon_core.package_identification:_identify(.) by extension 'python_setup_py'
[2.569s] Level 1:colcon.colcon_core.package_identification:_identify(build) by extensions ['ignore', 'ignore_ament_install']
[2.570s] Level 1:colcon.colcon_core.package_identification:_identify(build) by extension 'ignore'
[2.570s] Level 1:colcon.colcon_core.package_identification:_identify(build) ignored
[2.571s] Level 1:colcon.colcon_core.package_identification:_identify(install) by extensions ['ignore', 'ignore_ament_install']
[2.572s] Level 1:colcon.colcon_core.package_identification:_identify(install) by extension 'ignore'
[2.573s] Level 1:colcon.colcon_core.package_identification:_identify(install) ignored
[2.574s] Level 1:colcon.colcon_core.package_identification:_identify(log) by extensions ['ignore', 'ignore_ament_install']
[2.575s] Level 1:colcon.colcon_core.package_identification:_identify(log) by extension 'ignore'
[2.575s] Level 1:colcon.colcon_core.package_identification:_identify(log) ignored
[2.576s] Level 1:colcon.colcon_core.package_identification:_identify(src) by extensions ['ignore', 'ignore_ament_install']
[2.577s] Level 1:colcon.colcon_core.package_identification:_identify(src) by extension 'ignore'
[2.577s] Level 1:colcon.colcon_core.package_identification:_identify(src) by extension 'ignore_ament_install'
[2.578s] Level 1:colcon.colcon_core.package_identification:_identify(src) by extensions ['colcon_pkg']
[2.578s] Level 1:colcon.colcon_core.package_identification:_identify(src) by extension 'colcon_pkg'
[2.579s] Level 1:colcon.colcon_core.package_identification:_identify(src) by extensions ['colcon_meta']
[2.579s] Level 1:colcon.colcon_core.package_identification:_identify(src) by extension 'colcon_meta'
[2.579s] Level 1:colcon.colcon_core.package_identification:_identify(src) by extensions ['ros']
[2.580s] Level 1:colcon.colcon_core.package_identification:_identify(src) by extension 'ros'
[2.580s] Level 1:colcon.colcon_core.package_identification:_identify(src) by extensions ['cmake', 'python']
[2.581s] Level 1:colcon.colcon_core.package_identification:_identify(src) by extension 'cmake'
[2.581s] Level 1:colcon.colcon_core.package_identification:_identify(src) by extension 'python'
[2.581s] Level 1:colcon.colcon_core.package_identification:_identify(src) by extensions ['python_setup_py']
[2.581s] Level 1:colcon.colcon_core.package_identification:_identify(src) by extension 'python_setup_py'
[2.582s] Level 1:colcon.colcon_core.package_identification:_identify(src/navi_bringup) by extensions ['ignore', 'ignore_ament_install']
[2.583s] Level 1:colcon.colcon_core.package_identification:_identify(src/navi_bringup) by extension 'ignore'
[2.583s] Level 1:colcon.colcon_core.package_identification:_identify(src/navi_bringup) by extension 'ignore_ament_install'
[2.584s] Level 1:colcon.colcon_core.package_identification:_identify(src/navi_bringup) by extensions ['colcon_pkg']
[2.584s] Level 1:colcon.colcon_core.package_identification:_identify(src/navi_bringup) by extension 'colcon_pkg'
[2.584s] Level 1:colcon.colcon_core.package_identification:_identify(src/navi_bringup) by extensions ['colcon_meta']
[2.584s] Level 1:colcon.colcon_core.package_identification:_identify(src/navi_bringup) by extension 'colcon_meta'
[2.585s] Level 1:colcon.colcon_core.package_identification:_identify(src/navi_bringup) by extensions ['ros']
[2.585s] Level 1:colcon.colcon_core.package_identification:_identify(src/navi_bringup) by extension 'ros'
[2.602s] DEBUG:colcon.colcon_core.package_identification:Package 'src/navi_bringup' with type 'ros.ament_cmake' and name 'navi_bringup'
[2.603s] Level 1:colcon.colcon_core.package_discovery:discover_packages(recursive) using defaults
[2.603s] Level 1:colcon.colcon_core.package_discovery:discover_packages(ignore) discover
[2.603s] Level 1:colcon.colcon_core.package_discovery:discover_packages(ignore) using defaults
[2.603s] Level 1:colcon.colcon_core.package_discovery:discover_packages(path) discover
[2.604s] Level 1:colcon.colcon_core.package_discovery:discover_packages(path) using defaults
[2.764s] Level 1:colcon.colcon_core.package_discovery:discover_packages(prefix_path) check parameters
[2.764s] Level 1:colcon.colcon_core.package_discovery:discover_packages(prefix_path) discover
[2.781s] DEBUG:colcon.colcon_installed_package_information.package_discovery:Found 8 installed packages in /userdata/dev_ws/install
[2.785s] DEBUG:colcon.colcon_installed_package_information.package_discovery:Found 1 installed packages in /userdata/control_ws/install
[2.788s] DEBUG:colcon.colcon_installed_package_information.package_discovery:Found 1 installed packages in /userdata/navi_ws/install
[2.793s] DEBUG:colcon.colcon_installed_package_information.package_discovery:Found 5 installed packages in /userdata/BPU_bl_ws/install
[2.798s] DEBUG:colcon.colcon_installed_package_information.package_discovery:Found 1 installed packages in /userdata/base_ws/install
[2.802s] DEBUG:colcon.colcon_installed_package_information.package_discovery:Found 49 installed packages in /opt/tros/humble
[2.908s] DEBUG:colcon.colcon_installed_package_information.package_discovery:Found 290 installed packages in /opt/ros/humble
[2.921s] Level 1:colcon.colcon_core.package_discovery:discover_packages(prefix_path) using defaults
[3.317s] Level 5:colcon.colcon_core.verb:set package 'navi_bringup' build argument 'cmake_args' from command line to 'None'
[3.318s] Level 5:colcon.colcon_core.verb:set package 'navi_bringup' build argument 'cmake_target' from command line to 'None'
[3.318s] Level 5:colcon.colcon_core.verb:set package 'navi_bringup' build argument 'cmake_target_skip_unavailable' from command line to 'False'
[3.318s] Level 5:colcon.colcon_core.verb:set package 'navi_bringup' build argument 'cmake_clean_cache' from command line to 'False'
[3.319s] Level 5:colcon.colcon_core.verb:set package 'navi_bringup' build argument 'cmake_clean_first' from command line to 'False'
[3.319s] Level 5:colcon.colcon_core.verb:set package 'navi_bringup' build argument 'cmake_force_configure' from command line to 'False'
[3.319s] Level 5:colcon.colcon_core.verb:set package 'navi_bringup' build argument 'ament_cmake_args' from command line to 'None'
[3.319s] Level 5:colcon.colcon_core.verb:set package 'navi_bringup' build argument 'catkin_cmake_args' from command line to 'None'
[3.320s] Level 5:colcon.colcon_core.verb:set package 'navi_bringup' build argument 'catkin_skip_building_tests' from command line to 'False'
[3.320s] DEBUG:colcon.colcon_core.verb:Building package 'navi_bringup' with the following arguments: {'ament_cmake_args': None, 'build_base': '/userdata/navi_ws/build/navi_bringup', 'catkin_cmake_args': None, 'catkin_skip_building_tests': False, 'cmake_args': None, 'cmake_clean_cache': False, 'cmake_clean_first': False, 'cmake_force_configure': False, 'cmake_target': None, 'cmake_target_skip_unavailable': False, 'install_base': '/userdata/navi_ws/install/navi_bringup', 'merge_install': False, 'path': '/userdata/navi_ws/src/navi_bringup', 'symlink_install': True, 'test_result_base': None}
[3.321s] INFO:colcon.colcon_core.executor:Executing jobs using 'parallel' executor
[3.328s] DEBUG:colcon.colcon_parallel_executor.executor.parallel:run_until_complete
[3.330s] INFO:colcon.colcon_ros.task.ament_cmake.build:Building ROS package in '/userdata/navi_ws/src/navi_bringup' with build type 'ament_cmake'
[3.331s] INFO:colcon.colcon_cmake.task.cmake.build:Building CMake package in '/userdata/navi_ws/src/navi_bringup'
[3.347s] INFO:colcon.colcon_core.plugin_system:Skipping extension 'colcon_core.shell.bat': Not used on non-Windows systems
[3.349s] INFO:colcon.colcon_core.shell:Skip shell extension 'powershell' for command environment: Not usable outside of PowerShell
[3.350s] DEBUG:colcon.colcon_core.shell:Skip shell extension 'dsv' for command environment
[3.416s] DEBUG:colcon.colcon_core.event_handler.log_command:Invoking command in '/userdata/navi_ws/build/navi_bringup': CMAKE_PREFIX_PATH=${CMAKE_PREFIX_PATH}:/userdata/BPU_bl_ws/install/qr_decoder:/userdata/BPU_bl_ws/install/detection_bridge:/userdata/dev_ws/install/line_follower_pkg:/opt/tros/humble:/opt/ros/humble /usr/bin/cmake /userdata/navi_ws/src/navi_bringup -DAMENT_CMAKE_SYMLINK_INSTALL=1 -DCMAKE_INSTALL_PREFIX=/userdata/navi_ws/install/navi_bringup
[18.474s] DEBUG:colcon.colcon_core.event_handler.log_command:Invoked command in '/userdata/navi_ws/build/navi_bringup' returned '0': CMAKE_PREFIX_PATH=${CMAKE_PREFIX_PATH}:/userdata/BPU_bl_ws/install/qr_decoder:/userdata/BPU_bl_ws/install/detection_bridge:/userdata/dev_ws/install/line_follower_pkg:/opt/tros/humble:/opt/ros/humble /usr/bin/cmake /userdata/navi_ws/src/navi_bringup -DAMENT_CMAKE_SYMLINK_INSTALL=1 -DCMAKE_INSTALL_PREFIX=/userdata/navi_ws/install/navi_bringup
[18.485s] DEBUG:colcon.colcon_core.event_handler.log_command:Invoking command in '/userdata/navi_ws/build/navi_bringup': CMAKE_PREFIX_PATH=${CMAKE_PREFIX_PATH}:/userdata/BPU_bl_ws/install/qr_decoder:/userdata/BPU_bl_ws/install/detection_bridge:/userdata/dev_ws/install/line_follower_pkg:/opt/tros/humble:/opt/ros/humble /usr/bin/cmake --build /userdata/navi_ws/build/navi_bringup -- -j8 -l8
[33.219s] DEBUG:colcon.colcon_core.event_handler.log_command:Invoked command in '/userdata/navi_ws/build/navi_bringup' returned '0': CMAKE_PREFIX_PATH=${CMAKE_PREFIX_PATH}:/userdata/BPU_bl_ws/install/qr_decoder:/userdata/BPU_bl_ws/install/detection_bridge:/userdata/dev_ws/install/line_follower_pkg:/opt/tros/humble:/opt/ros/humble /usr/bin/cmake --build /userdata/navi_ws/build/navi_bringup -- -j8 -l8
[33.273s] DEBUG:colcon.colcon_core.event_handler.log_command:Invoking command in '/userdata/navi_ws/build/navi_bringup': CMAKE_PREFIX_PATH=${CMAKE_PREFIX_PATH}:/userdata/BPU_bl_ws/install/qr_decoder:/userdata/BPU_bl_ws/install/detection_bridge:/userdata/dev_ws/install/line_follower_pkg:/opt/tros/humble:/opt/ros/humble /usr/bin/cmake --install /userdata/navi_ws/build/navi_bringup
[36.231s] Level 1:colcon.colcon_core.environment:create_environment_scripts_only(navi_bringup)
[36.234s] DEBUG:colcon.colcon_core.event_handler.log_command:Invoked command in '/userdata/navi_ws/build/navi_bringup' returned '0': CMAKE_PREFIX_PATH=${CMAKE_PREFIX_PATH}:/userdata/BPU_bl_ws/install/qr_decoder:/userdata/BPU_bl_ws/install/detection_bridge:/userdata/dev_ws/install/line_follower_pkg:/opt/tros/humble:/opt/ros/humble /usr/bin/cmake --install /userdata/navi_ws/build/navi_bringup
[36.249s] Level 1:colcon.colcon_core.environment:checking '/userdata/navi_ws/install/navi_bringup' for CMake module files
[36.254s] Level 1:colcon.colcon_core.environment:checking '/userdata/navi_ws/install/navi_bringup' for CMake config files
[36.257s] Level 1:colcon.colcon_core.shell:create_environment_hook('navi_bringup', 'cmake_prefix_path')
[36.259s] INFO:colcon.colcon_core.shell:Creating environment hook '/userdata/navi_ws/install/navi_bringup/share/navi_bringup/hook/cmake_prefix_path.ps1'
[36.263s] INFO:colcon.colcon_core.shell:Creating environment descriptor '/userdata/navi_ws/install/navi_bringup/share/navi_bringup/hook/cmake_prefix_path.dsv'
[36.267s] INFO:colcon.colcon_core.shell:Creating environment hook '/userdata/navi_ws/install/navi_bringup/share/navi_bringup/hook/cmake_prefix_path.sh'
[36.274s] Level 1:colcon.colcon_core.environment:checking '/userdata/navi_ws/install/navi_bringup/lib'
[36.275s] Level 1:colcon.colcon_core.shell:create_environment_hook('navi_bringup', 'ld_library_path_lib')
[36.277s] INFO:colcon.colcon_core.shell:Creating environment hook '/userdata/navi_ws/install/navi_bringup/share/navi_bringup/hook/ld_library_path_lib.ps1'
[36.279s] INFO:colcon.colcon_core.shell:Creating environment descriptor '/userdata/navi_ws/install/navi_bringup/share/navi_bringup/hook/ld_library_path_lib.dsv'
[36.282s] INFO:colcon.colcon_core.shell:Creating environment hook '/userdata/navi_ws/install/navi_bringup/share/navi_bringup/hook/ld_library_path_lib.sh'
[36.285s] Level 1:colcon.colcon_core.environment:checking '/userdata/navi_ws/install/navi_bringup/bin'
[36.286s] Level 1:colcon.colcon_core.environment:checking '/userdata/navi_ws/install/navi_bringup/lib/pkgconfig/navi_bringup.pc'
[36.288s] Level 1:colcon.colcon_core.environment:checking '/userdata/navi_ws/install/navi_bringup/lib/python3.10/site-packages'
[36.290s] Level 1:colcon.colcon_core.environment:checking '/userdata/navi_ws/install/navi_bringup/bin'
[36.293s] INFO:colcon.colcon_core.shell:Creating package script '/userdata/navi_ws/install/navi_bringup/share/navi_bringup/package.ps1'
[36.299s] INFO:colcon.colcon_core.shell:Creating package descriptor '/userdata/navi_ws/install/navi_bringup/share/navi_bringup/package.dsv'
[36.304s] INFO:colcon.colcon_core.shell:Creating package script '/userdata/navi_ws/install/navi_bringup/share/navi_bringup/package.sh'
[36.309s] INFO:colcon.colcon_core.shell:Creating package script '/userdata/navi_ws/install/navi_bringup/share/navi_bringup/package.bash'
[36.315s] INFO:colcon.colcon_core.shell:Creating package script '/userdata/navi_ws/install/navi_bringup/share/navi_bringup/package.zsh'
[36.320s] Level 1:colcon.colcon_core.environment:create_file_with_runtime_dependencies(/userdata/navi_ws/install/navi_bringup/share/colcon-core/packages/navi_bringup)
[36.327s] Level 1:colcon.colcon_core.environment:create_environment_scripts_only(navi_bringup)
[36.329s] Level 1:colcon.colcon_core.environment:checking '/userdata/navi_ws/install/navi_bringup' for CMake module files
[36.334s] Level 1:colcon.colcon_core.environment:checking '/userdata/navi_ws/install/navi_bringup' for CMake config files
[36.337s] Level 1:colcon.colcon_core.shell:create_environment_hook('navi_bringup', 'cmake_prefix_path')
[36.339s] INFO:colcon.colcon_core.shell:Creating environment hook '/userdata/navi_ws/install/navi_bringup/share/navi_bringup/hook/cmake_prefix_path.ps1'
[36.342s] INFO:colcon.colcon_core.shell:Creating environment descriptor '/userdata/navi_ws/install/navi_bringup/share/navi_bringup/hook/cmake_prefix_path.dsv'
[36.345s] INFO:colcon.colcon_core.shell:Creating environment hook '/userdata/navi_ws/install/navi_bringup/share/navi_bringup/hook/cmake_prefix_path.sh'
[36.349s] Level 1:colcon.colcon_core.environment:checking '/userdata/navi_ws/install/navi_bringup/lib'
[36.350s] Level 1:colcon.colcon_core.shell:create_environment_hook('navi_bringup', 'ld_library_path_lib')
[36.352s] INFO:colcon.colcon_core.shell:Creating environment hook '/userdata/navi_ws/install/navi_bringup/share/navi_bringup/hook/ld_library_path_lib.ps1'
[36.356s] INFO:colcon.colcon_core.shell:Creating environment descriptor '/userdata/navi_ws/install/navi_bringup/share/navi_bringup/hook/ld_library_path_lib.dsv'
[36.359s] INFO:colcon.colcon_core.shell:Creating environment hook '/userdata/navi_ws/install/navi_bringup/share/navi_bringup/hook/ld_library_path_lib.sh'
[36.363s] Level 1:colcon.colcon_core.environment:checking '/userdata/navi_ws/install/navi_bringup/bin'
[36.364s] Level 1:colcon.colcon_core.environment:checking '/userdata/navi_ws/install/navi_bringup/lib/pkgconfig/navi_bringup.pc'
[36.365s] Level 1:colcon.colcon_core.environment:checking '/userdata/navi_ws/install/navi_bringup/lib/python3.10/site-packages'
[36.367s] Level 1:colcon.colcon_core.environment:checking '/userdata/navi_ws/install/navi_bringup/bin'
[36.370s] INFO:colcon.colcon_core.shell:Creating package script '/userdata/navi_ws/install/navi_bringup/share/navi_bringup/package.ps1'
[36.374s] INFO:colcon.colcon_core.shell:Creating package descriptor '/userdata/navi_ws/install/navi_bringup/share/navi_bringup/package.dsv'
[36.378s] INFO:colcon.colcon_core.shell:Creating package script '/userdata/navi_ws/install/navi_bringup/share/navi_bringup/package.sh'
[36.382s] INFO:colcon.colcon_core.shell:Creating package script '/userdata/navi_ws/install/navi_bringup/share/navi_bringup/package.bash'
[36.386s] INFO:colcon.colcon_core.shell:Creating package script '/userdata/navi_ws/install/navi_bringup/share/navi_bringup/package.zsh'
[36.392s] Level 1:colcon.colcon_core.environment:create_file_with_runtime_dependencies(/userdata/navi_ws/install/navi_bringup/share/colcon-core/packages/navi_bringup)
[36.394s] DEBUG:colcon.colcon_parallel_executor.executor.parallel:closing loop
[36.397s] DEBUG:colcon.colcon_parallel_executor.executor.parallel:loop closed
[36.397s] DEBUG:colcon.colcon_parallel_executor.executor.parallel:run_until_complete finished with '0'
[36.398s] DEBUG:colcon.colcon_core.event_reactor:joining thread
[36.434s] INFO:colcon.colcon_core.plugin_system:Skipping extension 'colcon_notification.desktop_notification.terminal_notifier': Not used on non-Darwin systems
[36.435s] INFO:colcon.colcon_core.plugin_system:Skipping extension 'colcon_notification.desktop_notification.win32': Not used on non-Windows systems
[36.436s] INFO:colcon.colcon_notification.desktop_notification:Sending desktop notification using 'notify2'
[61.461s] DEBUG:colcon.colcon_notification.desktop_notification.notify2:Failed to initialize notify2: org.freedesktop.DBus.Error.NoReply: Did not receive a reply. Possible causes include: the remote application did not send a reply, the message bus security policy blocked the reply, the reply timeout expired, or the network connection was broken.
[61.462s] DEBUG:colcon.colcon_core.event_reactor:joined thread
[61.464s] INFO:colcon.colcon_core.shell:Creating prefix script '/userdata/navi_ws/install/local_setup.ps1'
[61.471s] INFO:colcon.colcon_core.shell:Creating prefix util module '/userdata/navi_ws/install/_local_setup_util_ps1.py'
[61.482s] INFO:colcon.colcon_core.shell:Creating prefix chain script '/userdata/navi_ws/install/setup.ps1'
[61.494s] INFO:colcon.colcon_core.shell:Creating prefix script '/userdata/navi_ws/install/local_setup.sh'
[61.498s] INFO:colcon.colcon_core.shell:Creating prefix util module '/userdata/navi_ws/install/_local_setup_util_sh.py'
[61.504s] INFO:colcon.colcon_core.shell:Creating prefix chain script '/userdata/navi_ws/install/setup.sh'
[61.517s] INFO:colcon.colcon_core.shell:Creating prefix script '/userdata/navi_ws/install/local_setup.bash'
[61.521s] INFO:colcon.colcon_core.shell:Creating prefix chain script '/userdata/navi_ws/install/setup.bash'
[61.532s] INFO:colcon.colcon_core.shell:Creating prefix script '/userdata/navi_ws/install/local_setup.zsh'
[61.536s] INFO:colcon.colcon_core.shell:Creating prefix chain script '/userdata/navi_ws/install/setup.zsh'
