[0.802s] DEBUG:colcon:Command line arguments: ['/usr/bin/colcon', 'build', '--symlink-install', '--packages-select', 'navi_bringup']
[0.803s] DEBUG:colcon:Parsed command line arguments: Namespace(log_base=None, log_level=None, verb_name='build', build_base='build', install_base='install', merge_install=False, symlink_install=True, test_result_base=None, continue_on_error=False, executor='parallel', parallel_workers=8, event_handlers=None, ignore_user_meta=False, metas=['./colcon.meta'], base_paths=['.'], packages_ignore=None, packages_ignore_regex=None, paths=None, packages_up_to=None, packages_up_to_regex=None, packages_above=None, packages_above_and_dependencies=None, packages_above_depth=None, packages_select_by_dep=None, packages_skip_by_dep=None, packages_skip_up_to=None, packages_select_build_failed=False, packages_skip_build_finished=False, packages_select_test_failures=False, packages_skip_test_passed=False, packages_select=['navi_bringup'], packages_skip=None, packages_select_regex=None, packages_skip_regex=None, packages_start=None, packages_end=None, allow_overriding=[], cmake_args=None, cmake_target=None, cmake_target_skip_unavailable=False, cmake_clean_cache=False, cmake_clean_first=False, cmake_force_configure=False, ament_cmake_args=None, catkin_cmake_args=None, catkin_skip_building_tests=False, verb_parser=<colcon_defaults.argument_parser.defaults.DefaultArgumentsDecorator object at 0xffff8ad2dba0>, verb_extension=<colcon_core.verb.build.BuildVerb object at 0xffff8ad2d690>, main=<bound method BuildVerb.main of <colcon_core.verb.build.BuildVerb object at 0xffff8ad2d690>>)
[2.183s] Level 1:colcon.colcon_core.package_discovery:discover_packages(colcon_meta) check parameters
[2.184s] Level 1:colcon.colcon_core.package_discovery:discover_packages(recursive) check parameters
[2.185s] Level 1:colcon.colcon_core.package_discovery:discover_packages(ignore) check parameters
[2.185s] Level 1:colcon.colcon_core.package_discovery:discover_packages(path) check parameters
[2.185s] Level 1:colcon.colcon_core.package_discovery:discover_packages(colcon_meta) discover
[2.186s] Level 1:colcon.colcon_core.package_discovery:discover_packages(recursive) discover
[2.186s] INFO:colcon.colcon_core.package_discovery:Crawling recursively for packages in '/userdata/navi_ws'
[2.187s] Level 1:colcon.colcon_core.package_identification:_identify(.) by extensions ['ignore', 'ignore_ament_install']
[2.187s] Level 1:colcon.colcon_core.package_identification:_identify(.) by extension 'ignore'
[2.188s] Level 1:colcon.colcon_core.package_identification:_identify(.) by extension 'ignore_ament_install'
[2.189s] Level 1:colcon.colcon_core.package_identification:_identify(.) by extensions ['colcon_pkg']
[2.189s] Level 1:colcon.colcon_core.package_identification:_identify(.) by extension 'colcon_pkg'
[2.189s] Level 1:colcon.colcon_core.package_identification:_identify(.) by extensions ['colcon_meta']
[2.190s] Level 1:colcon.colcon_core.package_identification:_identify(.) by extension 'colcon_meta'
[2.190s] Level 1:colcon.colcon_core.package_identification:_identify(.) by extensions ['ros']
[2.190s] Level 1:colcon.colcon_core.package_identification:_identify(.) by extension 'ros'
[2.272s] Level 1:colcon.colcon_core.package_identification:_identify(.) by extensions ['cmake', 'python']
[2.272s] Level 1:colcon.colcon_core.package_identification:_identify(.) by extension 'cmake'
[2.273s] Level 1:colcon.colcon_core.package_identification:_identify(.) by extension 'python'
[2.273s] Level 1:colcon.colcon_core.package_identification:_identify(.) by extensions ['python_setup_py']
[2.273s] Level 1:colcon.colcon_core.package_identification:_identify(.) by extension 'python_setup_py'
[2.274s] Level 1:colcon.colcon_core.package_identification:_identify(build) by extensions ['ignore', 'ignore_ament_install']
[2.275s] Level 1:colcon.colcon_core.package_identification:_identify(build) by extension 'ignore'
[2.275s] Level 1:colcon.colcon_core.package_identification:_identify(build) ignored
[2.276s] Level 1:colcon.colcon_core.package_identification:_identify(install) by extensions ['ignore', 'ignore_ament_install']
[2.276s] Level 1:colcon.colcon_core.package_identification:_identify(install) by extension 'ignore'
[2.277s] Level 1:colcon.colcon_core.package_identification:_identify(install) ignored
[2.277s] Level 1:colcon.colcon_core.package_identification:_identify(log) by extensions ['ignore', 'ignore_ament_install']
[2.278s] Level 1:colcon.colcon_core.package_identification:_identify(log) by extension 'ignore'
[2.278s] Level 1:colcon.colcon_core.package_identification:_identify(log) ignored
[2.279s] Level 1:colcon.colcon_core.package_identification:_identify(src) by extensions ['ignore', 'ignore_ament_install']
[2.279s] Level 1:colcon.colcon_core.package_identification:_identify(src) by extension 'ignore'
[2.279s] Level 1:colcon.colcon_core.package_identification:_identify(src) by extension 'ignore_ament_install'
[2.280s] Level 1:colcon.colcon_core.package_identification:_identify(src) by extensions ['colcon_pkg']
[2.280s] Level 1:colcon.colcon_core.package_identification:_identify(src) by extension 'colcon_pkg'
[2.280s] Level 1:colcon.colcon_core.package_identification:_identify(src) by extensions ['colcon_meta']
[2.280s] Level 1:colcon.colcon_core.package_identification:_identify(src) by extension 'colcon_meta'
[2.281s] Level 1:colcon.colcon_core.package_identification:_identify(src) by extensions ['ros']
[2.281s] Level 1:colcon.colcon_core.package_identification:_identify(src) by extension 'ros'
[2.281s] Level 1:colcon.colcon_core.package_identification:_identify(src) by extensions ['cmake', 'python']
[2.282s] Level 1:colcon.colcon_core.package_identification:_identify(src) by extension 'cmake'
[2.282s] Level 1:colcon.colcon_core.package_identification:_identify(src) by extension 'python'
[2.282s] Level 1:colcon.colcon_core.package_identification:_identify(src) by extensions ['python_setup_py']
[2.283s] Level 1:colcon.colcon_core.package_identification:_identify(src) by extension 'python_setup_py'
[2.283s] Level 1:colcon.colcon_core.package_identification:_identify(src/navi_bringup) by extensions ['ignore', 'ignore_ament_install']
[2.284s] Level 1:colcon.colcon_core.package_identification:_identify(src/navi_bringup) by extension 'ignore'
[2.284s] Level 1:colcon.colcon_core.package_identification:_identify(src/navi_bringup) by extension 'ignore_ament_install'
[2.285s] Level 1:colcon.colcon_core.package_identification:_identify(src/navi_bringup) by extensions ['colcon_pkg']
[2.285s] Level 1:colcon.colcon_core.package_identification:_identify(src/navi_bringup) by extension 'colcon_pkg'
[2.285s] Level 1:colcon.colcon_core.package_identification:_identify(src/navi_bringup) by extensions ['colcon_meta']
[2.285s] Level 1:colcon.colcon_core.package_identification:_identify(src/navi_bringup) by extension 'colcon_meta'
[2.286s] Level 1:colcon.colcon_core.package_identification:_identify(src/navi_bringup) by extensions ['ros']
[2.286s] Level 1:colcon.colcon_core.package_identification:_identify(src/navi_bringup) by extension 'ros'
[2.302s] DEBUG:colcon.colcon_core.package_identification:Package 'src/navi_bringup' with type 'ros.ament_cmake' and name 'navi_bringup'
[2.302s] Level 1:colcon.colcon_core.package_discovery:discover_packages(recursive) using defaults
[2.303s] Level 1:colcon.colcon_core.package_discovery:discover_packages(ignore) discover
[2.303s] Level 1:colcon.colcon_core.package_discovery:discover_packages(ignore) using defaults
[2.303s] Level 1:colcon.colcon_core.package_discovery:discover_packages(path) discover
[2.303s] Level 1:colcon.colcon_core.package_discovery:discover_packages(path) using defaults
[2.446s] Level 1:colcon.colcon_core.package_discovery:discover_packages(prefix_path) check parameters
[2.447s] Level 1:colcon.colcon_core.package_discovery:discover_packages(prefix_path) discover
[2.462s] DEBUG:colcon.colcon_installed_package_information.package_discovery:Found 8 installed packages in /userdata/dev_ws/install
[2.465s] DEBUG:colcon.colcon_installed_package_information.package_discovery:Found 1 installed packages in /userdata/control_ws/install
[2.468s] DEBUG:colcon.colcon_installed_package_information.package_discovery:Found 1 installed packages in /userdata/navi_ws/install
[2.472s] DEBUG:colcon.colcon_installed_package_information.package_discovery:Found 5 installed packages in /userdata/BPU_bl_ws/install
[2.476s] DEBUG:colcon.colcon_installed_package_information.package_discovery:Found 1 installed packages in /userdata/base_ws/install
[2.479s] DEBUG:colcon.colcon_installed_package_information.package_discovery:Found 49 installed packages in /opt/tros/humble
[2.577s] DEBUG:colcon.colcon_installed_package_information.package_discovery:Found 290 installed packages in /opt/ros/humble
[2.590s] Level 1:colcon.colcon_core.package_discovery:discover_packages(prefix_path) using defaults
[2.945s] Level 5:colcon.colcon_core.verb:set package 'navi_bringup' build argument 'cmake_args' from command line to 'None'
[2.945s] Level 5:colcon.colcon_core.verb:set package 'navi_bringup' build argument 'cmake_target' from command line to 'None'
[2.946s] Level 5:colcon.colcon_core.verb:set package 'navi_bringup' build argument 'cmake_target_skip_unavailable' from command line to 'False'
[2.946s] Level 5:colcon.colcon_core.verb:set package 'navi_bringup' build argument 'cmake_clean_cache' from command line to 'False'
[2.946s] Level 5:colcon.colcon_core.verb:set package 'navi_bringup' build argument 'cmake_clean_first' from command line to 'False'
[2.946s] Level 5:colcon.colcon_core.verb:set package 'navi_bringup' build argument 'cmake_force_configure' from command line to 'False'
[2.946s] Level 5:colcon.colcon_core.verb:set package 'navi_bringup' build argument 'ament_cmake_args' from command line to 'None'
[2.947s] Level 5:colcon.colcon_core.verb:set package 'navi_bringup' build argument 'catkin_cmake_args' from command line to 'None'
[2.947s] Level 5:colcon.colcon_core.verb:set package 'navi_bringup' build argument 'catkin_skip_building_tests' from command line to 'False'
[2.947s] DEBUG:colcon.colcon_core.verb:Building package 'navi_bringup' with the following arguments: {'ament_cmake_args': None, 'build_base': '/userdata/navi_ws/build/navi_bringup', 'catkin_cmake_args': None, 'catkin_skip_building_tests': False, 'cmake_args': None, 'cmake_clean_cache': False, 'cmake_clean_first': False, 'cmake_force_configure': False, 'cmake_target': None, 'cmake_target_skip_unavailable': False, 'install_base': '/userdata/navi_ws/install/navi_bringup', 'merge_install': False, 'path': '/userdata/navi_ws/src/navi_bringup', 'symlink_install': True, 'test_result_base': None}
[2.948s] INFO:colcon.colcon_core.executor:Executing jobs using 'parallel' executor
[2.954s] DEBUG:colcon.colcon_parallel_executor.executor.parallel:run_until_complete
[2.955s] INFO:colcon.colcon_ros.task.ament_cmake.build:Building ROS package in '/userdata/navi_ws/src/navi_bringup' with build type 'ament_cmake'
[2.956s] INFO:colcon.colcon_cmake.task.cmake.build:Building CMake package in '/userdata/navi_ws/src/navi_bringup'
[2.970s] INFO:colcon.colcon_core.plugin_system:Skipping extension 'colcon_core.shell.bat': Not used on non-Windows systems
[2.972s] INFO:colcon.colcon_core.shell:Skip shell extension 'powershell' for command environment: Not usable outside of PowerShell
[2.972s] DEBUG:colcon.colcon_core.shell:Skip shell extension 'dsv' for command environment
[3.028s] DEBUG:colcon.colcon_core.event_handler.log_command:Invoking command in '/userdata/navi_ws/build/navi_bringup': CMAKE_PREFIX_PATH=${CMAKE_PREFIX_PATH}:/userdata/BPU_bl_ws/install/qr_decoder:/userdata/BPU_bl_ws/install/detection_bridge:/userdata/dev_ws/install/line_follower_pkg:/opt/tros/humble:/opt/ros/humble /usr/bin/cmake /userdata/navi_ws/src/navi_bringup -DAMENT_CMAKE_SYMLINK_INSTALL=1 -DCMAKE_INSTALL_PREFIX=/userdata/navi_ws/install/navi_bringup
[4.856s] DEBUG:colcon.colcon_core.event_handler.log_command:Invoked command in '/userdata/navi_ws/build/navi_bringup' returned '1': CMAKE_PREFIX_PATH=${CMAKE_PREFIX_PATH}:/userdata/BPU_bl_ws/install/qr_decoder:/userdata/BPU_bl_ws/install/detection_bridge:/userdata/dev_ws/install/line_follower_pkg:/opt/tros/humble:/opt/ros/humble /usr/bin/cmake /userdata/navi_ws/src/navi_bringup -DAMENT_CMAKE_SYMLINK_INSTALL=1 -DCMAKE_INSTALL_PREFIX=/userdata/navi_ws/install/navi_bringup
[4.912s] Level 1:colcon.colcon_core.environment:create_environment_scripts_only(navi_bringup)
[4.933s] Level 1:colcon.colcon_core.environment:checking '/userdata/navi_ws/install/navi_bringup' for CMake module files
[4.937s] Level 1:colcon.colcon_core.environment:checking '/userdata/navi_ws/install/navi_bringup' for CMake config files
[4.938s] Level 1:colcon.colcon_core.shell:create_environment_hook('navi_bringup', 'cmake_prefix_path')
[4.940s] INFO:colcon.colcon_core.shell:Creating environment hook '/userdata/navi_ws/install/navi_bringup/share/navi_bringup/hook/cmake_prefix_path.ps1'
[4.946s] INFO:colcon.colcon_core.shell:Creating environment descriptor '/userdata/navi_ws/install/navi_bringup/share/navi_bringup/hook/cmake_prefix_path.dsv'
[4.950s] INFO:colcon.colcon_core.shell:Creating environment hook '/userdata/navi_ws/install/navi_bringup/share/navi_bringup/hook/cmake_prefix_path.sh'
[4.957s] Level 1:colcon.colcon_core.environment:checking '/userdata/navi_ws/install/navi_bringup/bin'
[4.958s] Level 1:colcon.colcon_core.environment:checking '/userdata/navi_ws/install/navi_bringup/lib/pkgconfig/navi_bringup.pc'
[4.960s] Level 1:colcon.colcon_core.environment:checking '/userdata/navi_ws/install/navi_bringup/lib/python3.10/site-packages'
[4.962s] Level 1:colcon.colcon_core.environment:checking '/userdata/navi_ws/install/navi_bringup/bin'
[4.965s] INFO:colcon.colcon_core.shell:Creating package script '/userdata/navi_ws/install/navi_bringup/share/navi_bringup/package.ps1'
[4.971s] INFO:colcon.colcon_core.shell:Creating package descriptor '/userdata/navi_ws/install/navi_bringup/share/navi_bringup/package.dsv'
[4.975s] INFO:colcon.colcon_core.shell:Creating package script '/userdata/navi_ws/install/navi_bringup/share/navi_bringup/package.sh'
[4.982s] INFO:colcon.colcon_core.shell:Creating package script '/userdata/navi_ws/install/navi_bringup/share/navi_bringup/package.bash'
[4.989s] INFO:colcon.colcon_core.shell:Creating package script '/userdata/navi_ws/install/navi_bringup/share/navi_bringup/package.zsh'
[4.995s] Level 1:colcon.colcon_core.environment:create_file_with_runtime_dependencies(/userdata/navi_ws/install/navi_bringup/share/colcon-core/packages/navi_bringup)
[4.999s] ERROR:colcon.colcon_core.event_reactor:Exception in event handler extension 'console_stderr': 'utf-8' codec can't decode byte 0xa1 in position 169: invalid start byte
Traceback (most recent call last):
  File "/usr/lib/python3/dist-packages/colcon_core/event_reactor.py", line 78, in _notify_observers
    retval = observer(event)
  File "/usr/lib/python3/dist-packages/colcon_output/event_handler/console_stderr.py", line 50, in __call__
    self._stderr_lines[job]).decode() + \
UnicodeDecodeError: 'utf-8' codec can't decode byte 0xa1 in position 169: invalid start byte

[5.007s] DEBUG:colcon.colcon_parallel_executor.executor.parallel:closing loop
[5.008s] DEBUG:colcon.colcon_parallel_executor.executor.parallel:loop closed
[5.009s] DEBUG:colcon.colcon_parallel_executor.executor.parallel:run_until_complete finished with '1'
[5.009s] DEBUG:colcon.colcon_core.event_reactor:joining thread
[5.041s] INFO:colcon.colcon_core.plugin_system:Skipping extension 'colcon_notification.desktop_notification.terminal_notifier': Not used on non-Darwin systems
[5.041s] INFO:colcon.colcon_core.plugin_system:Skipping extension 'colcon_notification.desktop_notification.win32': Not used on non-Windows systems
[5.042s] INFO:colcon.colcon_notification.desktop_notification:Sending desktop notification using 'notify2'
[30.063s] DEBUG:colcon.colcon_notification.desktop_notification.notify2:Failed to initialize notify2: org.freedesktop.DBus.Error.NoReply: Did not receive a reply. Possible causes include: the remote application did not send a reply, the message bus security policy blocked the reply, the reply timeout expired, or the network connection was broken.
[30.063s] DEBUG:colcon.colcon_core.event_reactor:joined thread
[30.065s] INFO:colcon.colcon_core.shell:Creating prefix script '/userdata/navi_ws/install/local_setup.ps1'
[30.073s] INFO:colcon.colcon_core.shell:Creating prefix util module '/userdata/navi_ws/install/_local_setup_util_ps1.py'
[30.083s] INFO:colcon.colcon_core.shell:Creating prefix chain script '/userdata/navi_ws/install/setup.ps1'
[30.095s] INFO:colcon.colcon_core.shell:Creating prefix script '/userdata/navi_ws/install/local_setup.sh'
[30.099s] INFO:colcon.colcon_core.shell:Creating prefix util module '/userdata/navi_ws/install/_local_setup_util_sh.py'
[30.103s] INFO:colcon.colcon_core.shell:Creating prefix chain script '/userdata/navi_ws/install/setup.sh'
[30.114s] INFO:colcon.colcon_core.shell:Creating prefix script '/userdata/navi_ws/install/local_setup.bash'
[30.117s] INFO:colcon.colcon_core.shell:Creating prefix chain script '/userdata/navi_ws/install/setup.bash'
[30.129s] INFO:colcon.colcon_core.shell:Creating prefix script '/userdata/navi_ws/install/local_setup.zsh'
[30.132s] INFO:colcon.colcon_core.shell:Creating prefix chain script '/userdata/navi_ws/install/setup.zsh'
