[5.643s] Invoking command in '/userdata/control_ws/build/task_controller': PYTHONPATH=/userdata/control_ws/build/task_controller/prefix_override:/usr/lib/python3/dist-packages/colcon_core/task/python/colcon_distutils_commands:/userdata/control_ws/install/task_controller/lib/python3.10/site-packages:${PYTHONPATH} /usr/bin/python3 -W ignore:setup.py install is deprecated -W ignore:easy_install command is deprecated setup.py develop --editable --build-directory /userdata/control_ws/build/task_controller/build --no-deps symlink_data
[7.738s] running develop
[9.111s] running egg_info
[9.112s] creating task_controller.egg-info
[9.112s] writing task_controller.egg-info/PKG-INFO
[9.114s] writing dependency_links to task_controller.egg-info/dependency_links.txt
[9.116s] writing entry points to task_controller.egg-info/entry_points.txt
[9.117s] writing requirements to task_controller.egg-info/requires.txt
[9.118s] writing top-level names to task_controller.egg-info/top_level.txt
[9.119s] writing manifest file 'task_controller.egg-info/SOURCES.txt'
[9.129s] reading manifest file 'task_controller.egg-info/SOURCES.txt'
[9.132s] writing manifest file 'task_controller.egg-info/SOURCES.txt'
[9.217s] running build_ext
[9.219s] Creating /userdata/control_ws/install/task_controller/lib/python3.10/site-packages/task-controller.egg-link (link to .)
[9.223s] Installing main_controller script to /userdata/control_ws/install/task_controller/bin
[9.226s] 
[9.229s] Installed /userdata/control_ws/build/task_controller
[9.230s] running symlink_data
[9.230s] creating /userdata/control_ws/install/task_controller/share/ament_index
[9.231s] creating /userdata/control_ws/install/task_controller/share/ament_index/resource_index
[9.232s] creating /userdata/control_ws/install/task_controller/share/ament_index/resource_index/packages
[9.232s] symbolically linking /userdata/control_ws/build/task_controller/resource/task_controller -> /userdata/control_ws/install/task_controller/share/ament_index/resource_index/packages
[9.233s] symbolically linking /userdata/control_ws/build/task_controller/package.xml -> /userdata/control_ws/install/task_controller/share/task_controller
[9.234s] creating /userdata/control_ws/install/task_controller/share/task_controller/launch
[9.234s] creating /userdata/control_ws/install/task_controller/lib/task_controller
[9.235s] symbolically linking /userdata/control_ws/build/task_controller/scripts/main_controller_node -> /userdata/control_ws/install/task_controller/lib/task_controller
[9.506s] Invoked command in '/userdata/control_ws/build/task_controller' returned '0': PYTHONPATH=/userdata/control_ws/build/task_controller/prefix_override:/usr/lib/python3/dist-packages/colcon_core/task/python/colcon_distutils_commands:/userdata/control_ws/install/task_controller/lib/python3.10/site-packages:${PYTHONPATH} /usr/bin/python3 -W ignore:setup.py install is deprecated -W ignore:easy_install command is deprecated setup.py develop --editable --build-directory /userdata/control_ws/build/task_controller/build --no-deps symlink_data
