-- Found ament_cmake: 1.3.14 (/opt/ros/humble/share/ament_cmake/cmake)
-- Override CMake install command with custom implementation using symlinks instead of copying resources
-- Found rosidl_default_generators: 1.2.1 (/opt/ros/humble/share/rosidl_default_generators/cmake)
-- Using all available rosidl_typesupport_c: rosidl_typesupport_fastrtps_c;rosidl_typesupport_introspection_c
-- Found rosidl_adapter: 3.1.5 (/opt/ros/humble/share/rosidl_adapter/cmake)
-- Using all available rosidl_typesupport_cpp: rosidl_typesupport_fastrtps_cpp;rosidl_typesupport_introspection_cpp
-- Found nav_msgs: 4.2.4 (/opt/ros/humble/share/nav_msgs/cmake)
-- Found ament_cmake_ros: 0.10.0 (/opt/ros/humble/share/ament_cmake_ros/cmake)
-- Using all available rosidl_typesupport_c: rosidl_typesupport_fastrtps_c;rosidl_typesupport_introspection_c
-- Using all available rosidl_typesupport_cpp: rosidl_typesupport_fastrtps_cpp;rosidl_typesupport_introspection_cpp
-- Found python_cmake_module: 0.10.0 (/opt/ros/humble/share/python_cmake_module/cmake)
-- Using PYTHON_EXECUTABLE: /usr/bin/python3
-- Using PYTHON_INCLUDE_DIRS: /usr/include/python3.10
-- Using PYTHON_LIBRARIES: /usr/lib/aarch64-linux-gnu/libpython3.10.so
-- Configuring done
-- Generating done
-- Build files have been written to: /userdata/navi_ws/build/navi_bringup
Consolidate compiler generated dependencies of target navi_bringup__rosidl_generator_c
[  6%] Built target navi_bringup__rs
[  6%] Built target navi_bringup__cpp
[ 15%] Built target navi_bringup__rosidl_generator_c
[ 15%] Built target ament_cmake_python_symlink_navi_bringup
Consolidate compiler generated dependencies of target navi_bringup__rosidl_typesupport_fastrtps_cpp
Consolidate compiler generated dependencies of target navi_bringup__rosidl_typesupport_introspection_c
Consolidate compiler generated dependencies of target navi_bringup__rosidl_typesupport_introspection_cpp
Consolidate compiler generated dependencies of target navi_bringup__rosidl_typesupport_c
Consolidate compiler generated dependencies of target navi_bringup__rosidl_typesupport_cpp
Consolidate compiler generated dependencies of target navi_bringup__rosidl_typesupport_fastrtps_c
[ 25%] Built target navi_bringup__rosidl_typesupport_introspection_c
[ 34%] Built target navi_bringup__rosidl_typesupport_fastrtps_cpp
[ 43%] Built target navi_bringup__rosidl_typesupport_c
[ 53%] Built target navi_bringup__rosidl_typesupport_cpp
[ 62%] Built target navi_bringup__rosidl_typesupport_introspection_cpp
[ 71%] Built target navi_bringup__rosidl_typesupport_fastrtps_c
[ 71%] Built target navi_bringup
[ 75%] Built target navi_bringup__py
Consolidate compiler generated dependencies of target navi_bringup__rosidl_generator_py
[ 81%] Built target navi_bringup__rosidl_generator_py
Consolidate compiler generated dependencies of target navi_bringup__rosidl_typesupport_introspection_c__pyext
Consolidate compiler generated dependencies of target navi_bringup__rosidl_typesupport_c__pyext
Consolidate compiler generated dependencies of target navi_bringup__rosidl_typesupport_fastrtps_c__pyext
[ 87%] Built target navi_bringup__rosidl_typesupport_c__pyext
[ 93%] Built target navi_bringup__rosidl_typesupport_introspection_c__pyext
[100%] Built target navi_bringup__rosidl_typesupport_fastrtps_c__pyext
running egg_info
writing navi_bringup.egg-info/PKG-INFO
writing dependency_links to navi_bringup.egg-info/dependency_links.txt
writing top-level names to navi_bringup.egg-info/top_level.txt
reading manifest file 'navi_bringup.egg-info/SOURCES.txt'
writing manifest file 'navi_bringup.egg-info/SOURCES.txt'
[100%] Built target ament_cmake_python_build_navi_bringup_egg
-- Install configuration: ""
-- Execute custom install script
-- Up-to-date symlink: /userdata/navi_ws/install/navi_bringup/share/ament_index/resource_index/rosidl_interfaces/navi_bringup
-- Up-to-date symlink: /userdata/navi_ws/install/navi_bringup/include/navi_bringup/navi_bringup/msg/detail/odom_debug__functions.h
-- Up-to-date symlink: /userdata/navi_ws/install/navi_bringup/include/navi_bringup/navi_bringup/msg/detail/odom_debug__struct.h
-- Up-to-date symlink: /userdata/navi_ws/install/navi_bringup/include/navi_bringup/navi_bringup/msg/detail/odom_debug__type_support.h
-- Up-to-date symlink: /userdata/navi_ws/install/navi_bringup/include/navi_bringup/navi_bringup/msg/odom_debug.h
-- Up-to-date symlink: /userdata/navi_ws/install/navi_bringup/include/navi_bringup/navi_bringup/msg/rosidl_generator_c__visibility_control.h
-- Up-to-date symlink: /userdata/navi_ws/install/navi_bringup/share/navi_bringup/environment/library_path.sh
-- Up-to-date symlink: /userdata/navi_ws/install/navi_bringup/share/navi_bringup/environment/library_path.dsv
-- Up-to-date symlink: /userdata/navi_ws/install/navi_bringup/include/navi_bringup/navi_bringup/msg/detail/odom_debug__rosidl_typesupport_fastrtps_c.h
-- Up-to-date symlink: /userdata/navi_ws/install/navi_bringup/include/navi_bringup/navi_bringup/msg/rosidl_typesupport_fastrtps_c__visibility_control.h
-- Up-to-date symlink: /userdata/navi_ws/install/navi_bringup/include/navi_bringup/navi_bringup/msg/detail/odom_debug__rosidl_typesupport_introspection_c.h
-- Up-to-date symlink: /userdata/navi_ws/install/navi_bringup/include/navi_bringup/navi_bringup/msg/rosidl_typesupport_introspection_c__visibility_control.h
-- Up-to-date symlink: /userdata/navi_ws/install/navi_bringup/include/navi_bringup/navi_bringup/msg/detail/odom_debug__builder.hpp
-- Up-to-date symlink: /userdata/navi_ws/install/navi_bringup/include/navi_bringup/navi_bringup/msg/detail/odom_debug__struct.hpp
-- Up-to-date symlink: /userdata/navi_ws/install/navi_bringup/include/navi_bringup/navi_bringup/msg/detail/odom_debug__traits.hpp
-- Up-to-date symlink: /userdata/navi_ws/install/navi_bringup/include/navi_bringup/navi_bringup/msg/odom_debug.hpp
-- Up-to-date symlink: /userdata/navi_ws/install/navi_bringup/include/navi_bringup/navi_bringup/msg/detail/odom_debug__rosidl_typesupport_fastrtps_cpp.hpp
-- Up-to-date symlink: /userdata/navi_ws/install/navi_bringup/include/navi_bringup/navi_bringup/msg/rosidl_typesupport_fastrtps_cpp__visibility_control.h
-- Up-to-date symlink: /userdata/navi_ws/install/navi_bringup/include/navi_bringup/navi_bringup/msg/detail/odom_debug__rosidl_typesupport_introspection_cpp.hpp
-- Up-to-date symlink: /userdata/navi_ws/install/navi_bringup/share/navi_bringup/environment/pythonpath.sh
-- Up-to-date symlink: /userdata/navi_ws/install/navi_bringup/share/navi_bringup/environment/pythonpath.dsv
-- Up-to-date symlink: /userdata/navi_ws/install/navi_bringup/local/lib/python3.10/dist-packages/navi_bringup-0.1.0-py3.10.egg-info/PKG-INFO
-- Up-to-date symlink: /userdata/navi_ws/install/navi_bringup/local/lib/python3.10/dist-packages/navi_bringup-0.1.0-py3.10.egg-info/SOURCES.txt
-- Up-to-date symlink: /userdata/navi_ws/install/navi_bringup/local/lib/python3.10/dist-packages/navi_bringup-0.1.0-py3.10.egg-info/dependency_links.txt
-- Up-to-date symlink: /userdata/navi_ws/install/navi_bringup/local/lib/python3.10/dist-packages/navi_bringup-0.1.0-py3.10.egg-info/top_level.txt
-- Up-to-date symlink: /userdata/navi_ws/install/navi_bringup/local/lib/python3.10/dist-packages/navi_bringup/__init__.py
-- Up-to-date symlink: /userdata/navi_ws/install/navi_bringup/local/lib/python3.10/dist-packages/navi_bringup/_navi_bringup_s.ep.rosidl_typesupport_c.c
-- Up-to-date symlink: /userdata/navi_ws/install/navi_bringup/local/lib/python3.10/dist-packages/navi_bringup/_navi_bringup_s.ep.rosidl_typesupport_fastrtps_c.c
-- Up-to-date symlink: /userdata/navi_ws/install/navi_bringup/local/lib/python3.10/dist-packages/navi_bringup/_navi_bringup_s.ep.rosidl_typesupport_introspection_c.c
-- Up-to-date symlink: /userdata/navi_ws/install/navi_bringup/local/lib/python3.10/dist-packages/navi_bringup/libnavi_bringup__rosidl_generator_py.so
-- Up-to-date symlink: /userdata/navi_ws/install/navi_bringup/local/lib/python3.10/dist-packages/navi_bringup/msg/__init__.py
-- Up-to-date symlink: /userdata/navi_ws/install/navi_bringup/local/lib/python3.10/dist-packages/navi_bringup/msg/_odom_debug.py
-- Up-to-date symlink: /userdata/navi_ws/install/navi_bringup/local/lib/python3.10/dist-packages/navi_bringup/msg/_odom_debug_s.c
-- Up-to-date symlink: /userdata/navi_ws/install/navi_bringup/local/lib/python3.10/dist-packages/navi_bringup/navi_bringup_s__rosidl_typesupport_c.cpython-310-aarch64-linux-gnu.so
-- Up-to-date symlink: /userdata/navi_ws/install/navi_bringup/local/lib/python3.10/dist-packages/navi_bringup/navi_bringup_s__rosidl_typesupport_fastrtps_c.cpython-310-aarch64-linux-gnu.so
-- Up-to-date symlink: /userdata/navi_ws/install/navi_bringup/local/lib/python3.10/dist-packages/navi_bringup/navi_bringup_s__rosidl_typesupport_introspection_c.cpython-310-aarch64-linux-gnu.so
-- Up-to-date symlink: /userdata/navi_ws/install/navi_bringup/local/lib/python3.10/dist-packages/navi_bringup/navi_bringup_s__rosidl_typesupport_fastrtps_c.cpython-310-aarch64-linux-gnu.so
-- Up-to-date symlink: /userdata/navi_ws/install/navi_bringup/local/lib/python3.10/dist-packages/navi_bringup/navi_bringup_s__rosidl_typesupport_introspection_c.cpython-310-aarch64-linux-gnu.so
-- Up-to-date symlink: /userdata/navi_ws/install/navi_bringup/local/lib/python3.10/dist-packages/navi_bringup/navi_bringup_s__rosidl_typesupport_c.cpython-310-aarch64-linux-gnu.so
-- Up-to-date symlink: /userdata/navi_ws/install/navi_bringup/share/ament_index/resource_index/rust_packages/navi_bringup
-- Up-to-date symlink: /userdata/navi_ws/install/navi_bringup/share/navi_bringup/rust/Cargo.toml
-- Up-to-date symlink: /userdata/navi_ws/install/navi_bringup/share/navi_bringup/rust/build.rs
-- Up-to-date symlink: /userdata/navi_ws/install/navi_bringup/share/navi_bringup/rust/src/lib.rs
-- Up-to-date symlink: /userdata/navi_ws/install/navi_bringup/share/navi_bringup/rust/src/msg.rs
-- Up-to-date symlink: /userdata/navi_ws/install/navi_bringup/share/navi_bringup/rust/src/msg/rmw.rs
-- Up-to-date symlink: /userdata/navi_ws/install/navi_bringup/share/navi_bringup/msg/OdomDebug.idl
-- Up-to-date symlink: /userdata/navi_ws/install/navi_bringup/share/navi_bringup/msg/OdomDebug.msg
-- Up-to-date symlink: /userdata/navi_ws/install/navi_bringup/share/navi_bringup/launch/ekf_fusion.launch.py
-- Up-to-date symlink: /userdata/navi_ws/install/navi_bringup/share/navi_bringup/config/ekf.yaml
-- Up-to-date symlink: /userdata/navi_ws/install/navi_bringup/share/navi_bringup/config/imu_filter.yaml
-- Up-to-date symlink: /userdata/navi_ws/install/navi_bringup/lib/navi_bringup/odom_debug_publisher
-- Up-to-date symlink: /userdata/navi_ws/install/navi_bringup/share/ament_index/resource_index/package_run_dependencies/navi_bringup
-- Up-to-date symlink: /userdata/navi_ws/install/navi_bringup/share/ament_index/resource_index/parent_prefix_path/navi_bringup
-- Up-to-date symlink: /userdata/navi_ws/install/navi_bringup/share/navi_bringup/environment/ament_prefix_path.sh
-- Up-to-date symlink: /userdata/navi_ws/install/navi_bringup/share/navi_bringup/environment/ament_prefix_path.dsv
-- Up-to-date symlink: /userdata/navi_ws/install/navi_bringup/share/navi_bringup/environment/path.sh
-- Up-to-date symlink: /userdata/navi_ws/install/navi_bringup/share/navi_bringup/environment/path.dsv
-- Up-to-date symlink: /userdata/navi_ws/install/navi_bringup/share/navi_bringup/local_setup.bash
-- Up-to-date symlink: /userdata/navi_ws/install/navi_bringup/share/navi_bringup/local_setup.sh
-- Up-to-date symlink: /userdata/navi_ws/install/navi_bringup/share/navi_bringup/local_setup.zsh
-- Up-to-date symlink: /userdata/navi_ws/install/navi_bringup/share/navi_bringup/local_setup.dsv
-- Symlinking: /userdata/navi_ws/install/navi_bringup/share/navi_bringup/package.dsv
-- Up-to-date symlink: /userdata/navi_ws/install/navi_bringup/share/ament_index/resource_index/packages/navi_bringup
-- Up-to-date symlink: /userdata/navi_ws/install/navi_bringup/share/navi_bringup/cmake/rosidl_cmake-extras.cmake
-- Up-to-date symlink: /userdata/navi_ws/install/navi_bringup/share/navi_bringup/cmake/ament_cmake_export_dependencies-extras.cmake
-- Up-to-date symlink: /userdata/navi_ws/install/navi_bringup/share/navi_bringup/cmake/ament_cmake_export_include_directories-extras.cmake
-- Up-to-date symlink: /userdata/navi_ws/install/navi_bringup/share/navi_bringup/cmake/ament_cmake_export_libraries-extras.cmake
-- Up-to-date symlink: /userdata/navi_ws/install/navi_bringup/share/navi_bringup/cmake/ament_cmake_export_targets-extras.cmake
-- Up-to-date symlink: /userdata/navi_ws/install/navi_bringup/share/navi_bringup/cmake/rosidl_cmake_export_typesupport_targets-extras.cmake
-- Up-to-date symlink: /userdata/navi_ws/install/navi_bringup/share/navi_bringup/cmake/rosidl_cmake_export_typesupport_libraries-extras.cmake
-- Up-to-date symlink: /userdata/navi_ws/install/navi_bringup/share/navi_bringup/cmake/navi_bringupConfig.cmake
-- Up-to-date symlink: /userdata/navi_ws/install/navi_bringup/share/navi_bringup/cmake/navi_bringupConfig-version.cmake
-- Up-to-date symlink: /userdata/navi_ws/install/navi_bringup/share/navi_bringup/package.xml
-- Up-to-date: /userdata/navi_ws/install/navi_bringup/lib/libnavi_bringup__rosidl_generator_c.so
-- Up-to-date: /userdata/navi_ws/install/navi_bringup/lib/libnavi_bringup__rosidl_typesupport_fastrtps_c.so
-- Up-to-date: /userdata/navi_ws/install/navi_bringup/lib/libnavi_bringup__rosidl_typesupport_introspection_c.so
-- Up-to-date: /userdata/navi_ws/install/navi_bringup/lib/libnavi_bringup__rosidl_typesupport_c.so
-- Up-to-date: /userdata/navi_ws/install/navi_bringup/lib/libnavi_bringup__rosidl_typesupport_fastrtps_cpp.so
-- Up-to-date: /userdata/navi_ws/install/navi_bringup/lib/libnavi_bringup__rosidl_typesupport_introspection_cpp.so
-- Up-to-date: /userdata/navi_ws/install/navi_bringup/lib/libnavi_bringup__rosidl_typesupport_cpp.so
Listing '/userdata/navi_ws/install/navi_bringup/local/lib/python3.10/dist-packages/navi_bringup'...
Compiling '/userdata/navi_ws/install/navi_bringup/local/lib/python3.10/dist-packages/navi_bringup/__init__.py'...
Listing '/userdata/navi_ws/install/navi_bringup/local/lib/python3.10/dist-packages/navi_bringup/msg'...
-- Up-to-date: /userdata/navi_ws/install/navi_bringup/lib/libnavi_bringup__rosidl_generator_py.so
-- Up-to-date: /userdata/navi_ws/install/navi_bringup/share/navi_bringup/cmake/export_navi_bringup__rosidl_generator_cExport.cmake
-- Up-to-date: /userdata/navi_ws/install/navi_bringup/share/navi_bringup/cmake/export_navi_bringup__rosidl_generator_cExport-noconfig.cmake
-- Up-to-date: /userdata/navi_ws/install/navi_bringup/share/navi_bringup/cmake/export_navi_bringup__rosidl_typesupport_fastrtps_cExport.cmake
-- Up-to-date: /userdata/navi_ws/install/navi_bringup/share/navi_bringup/cmake/export_navi_bringup__rosidl_typesupport_fastrtps_cExport-noconfig.cmake
-- Up-to-date: /userdata/navi_ws/install/navi_bringup/share/navi_bringup/cmake/navi_bringup__rosidl_typesupport_introspection_cExport.cmake
-- Up-to-date: /userdata/navi_ws/install/navi_bringup/share/navi_bringup/cmake/navi_bringup__rosidl_typesupport_introspection_cExport-noconfig.cmake
-- Up-to-date: /userdata/navi_ws/install/navi_bringup/share/navi_bringup/cmake/navi_bringup__rosidl_typesupport_cExport.cmake
-- Up-to-date: /userdata/navi_ws/install/navi_bringup/share/navi_bringup/cmake/navi_bringup__rosidl_typesupport_cExport-noconfig.cmake
-- Up-to-date: /userdata/navi_ws/install/navi_bringup/share/navi_bringup/cmake/export_navi_bringup__rosidl_generator_cppExport.cmake
-- Up-to-date: /userdata/navi_ws/install/navi_bringup/share/navi_bringup/cmake/export_navi_bringup__rosidl_typesupport_fastrtps_cppExport.cmake
-- Up-to-date: /userdata/navi_ws/install/navi_bringup/share/navi_bringup/cmake/export_navi_bringup__rosidl_typesupport_fastrtps_cppExport-noconfig.cmake
-- Up-to-date: /userdata/navi_ws/install/navi_bringup/share/navi_bringup/cmake/navi_bringup__rosidl_typesupport_introspection_cppExport.cmake
-- Up-to-date: /userdata/navi_ws/install/navi_bringup/share/navi_bringup/cmake/navi_bringup__rosidl_typesupport_introspection_cppExport-noconfig.cmake
-- Up-to-date: /userdata/navi_ws/install/navi_bringup/share/navi_bringup/cmake/navi_bringup__rosidl_typesupport_cppExport.cmake
-- Up-to-date: /userdata/navi_ws/install/navi_bringup/share/navi_bringup/cmake/navi_bringup__rosidl_typesupport_cppExport-noconfig.cmake
-- Up-to-date: /userdata/navi_ws/install/navi_bringup/share/navi_bringup/cmake/export_navi_bringup__rosidl_generator_pyExport.cmake
-- Up-to-date: /userdata/navi_ws/install/navi_bringup/share/navi_bringup/cmake/export_navi_bringup__rosidl_generator_pyExport-noconfig.cmake
