[0.783s] DEBUG:colcon:Command line arguments: ['/usr/bin/colcon', 'build', '--symlink-install']
[0.784s] DEBUG:colcon:Parsed command line arguments: Namespace(log_base=None, log_level=None, verb_name='build', build_base='build', install_base='install', merge_install=False, symlink_install=True, test_result_base=None, continue_on_error=False, executor='parallel', parallel_workers=8, event_handlers=None, ignore_user_meta=False, metas=['./colcon.meta'], base_paths=['.'], packages_ignore=None, packages_ignore_regex=None, paths=None, packages_up_to=None, packages_up_to_regex=None, packages_above=None, packages_above_and_dependencies=None, packages_above_depth=None, packages_select_by_dep=None, packages_skip_by_dep=None, packages_skip_up_to=None, packages_select_build_failed=False, packages_skip_build_finished=False, packages_select_test_failures=False, packages_skip_test_passed=False, packages_select=None, packages_skip=None, packages_select_regex=None, packages_skip_regex=None, packages_start=None, packages_end=None, allow_overriding=[], cmake_args=None, cmake_target=None, cmake_target_skip_unavailable=False, cmake_clean_cache=False, cmake_clean_first=False, cmake_force_configure=False, ament_cmake_args=None, catkin_cmake_args=None, catkin_skip_building_tests=False, verb_parser=<colcon_defaults.argument_parser.defaults.DefaultArgumentsDecorator object at 0xffff98685b70>, verb_extension=<colcon_core.verb.build.BuildVerb object at 0xffff98685660>, main=<bound method BuildVerb.main of <colcon_core.verb.build.BuildVerb object at 0xffff98685660>>)
[2.114s] Level 1:colcon.colcon_core.package_discovery:discover_packages(colcon_meta) check parameters
[2.115s] Level 1:colcon.colcon_core.package_discovery:discover_packages(recursive) check parameters
[2.115s] Level 1:colcon.colcon_core.package_discovery:discover_packages(ignore) check parameters
[2.115s] Level 1:colcon.colcon_core.package_discovery:discover_packages(path) check parameters
[2.116s] Level 1:colcon.colcon_core.package_discovery:discover_packages(colcon_meta) discover
[2.116s] Level 1:colcon.colcon_core.package_discovery:discover_packages(recursive) discover
[2.116s] INFO:colcon.colcon_core.package_discovery:Crawling recursively for packages in '/userdata/navi_ws'
[2.117s] Level 1:colcon.colcon_core.package_identification:_identify(.) by extensions ['ignore', 'ignore_ament_install']
[2.117s] Level 1:colcon.colcon_core.package_identification:_identify(.) by extension 'ignore'
[2.117s] Level 1:colcon.colcon_core.package_identification:_identify(.) by extension 'ignore_ament_install'
[2.118s] Level 1:colcon.colcon_core.package_identification:_identify(.) by extensions ['colcon_pkg']
[2.118s] Level 1:colcon.colcon_core.package_identification:_identify(.) by extension 'colcon_pkg'
[2.118s] Level 1:colcon.colcon_core.package_identification:_identify(.) by extensions ['colcon_meta']
[2.118s] Level 1:colcon.colcon_core.package_identification:_identify(.) by extension 'colcon_meta'
[2.119s] Level 1:colcon.colcon_core.package_identification:_identify(.) by extensions ['ros']
[2.119s] Level 1:colcon.colcon_core.package_identification:_identify(.) by extension 'ros'
[2.199s] Level 1:colcon.colcon_core.package_identification:_identify(.) by extensions ['cmake', 'python']
[2.200s] Level 1:colcon.colcon_core.package_identification:_identify(.) by extension 'cmake'
[2.200s] Level 1:colcon.colcon_core.package_identification:_identify(.) by extension 'python'
[2.201s] Level 1:colcon.colcon_core.package_identification:_identify(.) by extensions ['python_setup_py']
[2.201s] Level 1:colcon.colcon_core.package_identification:_identify(.) by extension 'python_setup_py'
[2.202s] Level 1:colcon.colcon_core.package_identification:_identify(build) by extensions ['ignore', 'ignore_ament_install']
[2.202s] Level 1:colcon.colcon_core.package_identification:_identify(build) by extension 'ignore'
[2.202s] Level 1:colcon.colcon_core.package_identification:_identify(build) ignored
[2.203s] Level 1:colcon.colcon_core.package_identification:_identify(install) by extensions ['ignore', 'ignore_ament_install']
[2.204s] Level 1:colcon.colcon_core.package_identification:_identify(install) by extension 'ignore'
[2.204s] Level 1:colcon.colcon_core.package_identification:_identify(install) ignored
[2.205s] Level 1:colcon.colcon_core.package_identification:_identify(log) by extensions ['ignore', 'ignore_ament_install']
[2.206s] Level 1:colcon.colcon_core.package_identification:_identify(log) by extension 'ignore'
[2.206s] Level 1:colcon.colcon_core.package_identification:_identify(log) ignored
[2.207s] Level 1:colcon.colcon_core.package_identification:_identify(src) by extensions ['ignore', 'ignore_ament_install']
[2.207s] Level 1:colcon.colcon_core.package_identification:_identify(src) by extension 'ignore'
[2.208s] Level 1:colcon.colcon_core.package_identification:_identify(src) by extension 'ignore_ament_install'
[2.208s] Level 1:colcon.colcon_core.package_identification:_identify(src) by extensions ['colcon_pkg']
[2.209s] Level 1:colcon.colcon_core.package_identification:_identify(src) by extension 'colcon_pkg'
[2.209s] Level 1:colcon.colcon_core.package_identification:_identify(src) by extensions ['colcon_meta']
[2.209s] Level 1:colcon.colcon_core.package_identification:_identify(src) by extension 'colcon_meta'
[2.209s] Level 1:colcon.colcon_core.package_identification:_identify(src) by extensions ['ros']
[2.210s] Level 1:colcon.colcon_core.package_identification:_identify(src) by extension 'ros'
[2.210s] Level 1:colcon.colcon_core.package_identification:_identify(src) by extensions ['cmake', 'python']
[2.210s] Level 1:colcon.colcon_core.package_identification:_identify(src) by extension 'cmake'
[2.211s] Level 1:colcon.colcon_core.package_identification:_identify(src) by extension 'python'
[2.211s] Level 1:colcon.colcon_core.package_identification:_identify(src) by extensions ['python_setup_py']
[2.211s] Level 1:colcon.colcon_core.package_identification:_identify(src) by extension 'python_setup_py'
[2.212s] Level 1:colcon.colcon_core.package_identification:_identify(src/navi_bringup) by extensions ['ignore', 'ignore_ament_install']
[2.213s] Level 1:colcon.colcon_core.package_identification:_identify(src/navi_bringup) by extension 'ignore'
[2.213s] Level 1:colcon.colcon_core.package_identification:_identify(src/navi_bringup) by extension 'ignore_ament_install'
[2.213s] Level 1:colcon.colcon_core.package_identification:_identify(src/navi_bringup) by extensions ['colcon_pkg']
[2.213s] Level 1:colcon.colcon_core.package_identification:_identify(src/navi_bringup) by extension 'colcon_pkg'
[2.214s] Level 1:colcon.colcon_core.package_identification:_identify(src/navi_bringup) by extensions ['colcon_meta']
[2.214s] Level 1:colcon.colcon_core.package_identification:_identify(src/navi_bringup) by extension 'colcon_meta'
[2.214s] Level 1:colcon.colcon_core.package_identification:_identify(src/navi_bringup) by extensions ['ros']
[2.214s] Level 1:colcon.colcon_core.package_identification:_identify(src/navi_bringup) by extension 'ros'
[2.230s] DEBUG:colcon.colcon_core.package_identification:Package 'src/navi_bringup' with type 'ros.ament_cmake' and name 'navi_bringup'
[2.231s] Level 1:colcon.colcon_core.package_discovery:discover_packages(recursive) using defaults
[2.231s] Level 1:colcon.colcon_core.package_discovery:discover_packages(ignore) discover
[2.231s] Level 1:colcon.colcon_core.package_discovery:discover_packages(ignore) using defaults
[2.231s] Level 1:colcon.colcon_core.package_discovery:discover_packages(path) discover
[2.232s] Level 1:colcon.colcon_core.package_discovery:discover_packages(path) using defaults
[2.371s] Level 1:colcon.colcon_core.package_discovery:discover_packages(prefix_path) check parameters
[2.372s] Level 1:colcon.colcon_core.package_discovery:discover_packages(prefix_path) discover
[2.386s] DEBUG:colcon.colcon_installed_package_information.package_discovery:Found 1 installed packages in /userdata/navi_ws/install
[2.391s] DEBUG:colcon.colcon_installed_package_information.package_discovery:Found 8 installed packages in /userdata/dev_ws/install
[2.394s] DEBUG:colcon.colcon_installed_package_information.package_discovery:Found 1 installed packages in /userdata/control_ws/install
[2.398s] DEBUG:colcon.colcon_installed_package_information.package_discovery:Found 5 installed packages in /userdata/BPU_bl_ws/install
[2.402s] DEBUG:colcon.colcon_installed_package_information.package_discovery:Found 1 installed packages in /userdata/base_ws/install
[2.405s] DEBUG:colcon.colcon_installed_package_information.package_discovery:Found 49 installed packages in /opt/tros/humble
[2.496s] DEBUG:colcon.colcon_installed_package_information.package_discovery:Found 290 installed packages in /opt/ros/humble
[2.509s] Level 1:colcon.colcon_core.package_discovery:discover_packages(prefix_path) using defaults
[2.841s] Level 5:colcon.colcon_core.verb:set package 'navi_bringup' build argument 'cmake_args' from command line to 'None'
[2.841s] Level 5:colcon.colcon_core.verb:set package 'navi_bringup' build argument 'cmake_target' from command line to 'None'
[2.841s] Level 5:colcon.colcon_core.verb:set package 'navi_bringup' build argument 'cmake_target_skip_unavailable' from command line to 'False'
[2.842s] Level 5:colcon.colcon_core.verb:set package 'navi_bringup' build argument 'cmake_clean_cache' from command line to 'False'
[2.842s] Level 5:colcon.colcon_core.verb:set package 'navi_bringup' build argument 'cmake_clean_first' from command line to 'False'
[2.842s] Level 5:colcon.colcon_core.verb:set package 'navi_bringup' build argument 'cmake_force_configure' from command line to 'False'
[2.842s] Level 5:colcon.colcon_core.verb:set package 'navi_bringup' build argument 'ament_cmake_args' from command line to 'None'
[2.842s] Level 5:colcon.colcon_core.verb:set package 'navi_bringup' build argument 'catkin_cmake_args' from command line to 'None'
[2.842s] Level 5:colcon.colcon_core.verb:set package 'navi_bringup' build argument 'catkin_skip_building_tests' from command line to 'False'
[2.843s] DEBUG:colcon.colcon_core.verb:Building package 'navi_bringup' with the following arguments: {'ament_cmake_args': None, 'build_base': '/userdata/navi_ws/build/navi_bringup', 'catkin_cmake_args': None, 'catkin_skip_building_tests': False, 'cmake_args': None, 'cmake_clean_cache': False, 'cmake_clean_first': False, 'cmake_force_configure': False, 'cmake_target': None, 'cmake_target_skip_unavailable': False, 'install_base': '/userdata/navi_ws/install/navi_bringup', 'merge_install': False, 'path': '/userdata/navi_ws/src/navi_bringup', 'symlink_install': True, 'test_result_base': None}
[2.844s] INFO:colcon.colcon_core.executor:Executing jobs using 'parallel' executor
[2.849s] DEBUG:colcon.colcon_parallel_executor.executor.parallel:run_until_complete
[2.851s] INFO:colcon.colcon_ros.task.ament_cmake.build:Building ROS package in '/userdata/navi_ws/src/navi_bringup' with build type 'ament_cmake'
[2.852s] INFO:colcon.colcon_cmake.task.cmake.build:Building CMake package in '/userdata/navi_ws/src/navi_bringup'
[2.866s] INFO:colcon.colcon_core.plugin_system:Skipping extension 'colcon_core.shell.bat': Not used on non-Windows systems
[2.868s] INFO:colcon.colcon_core.shell:Skip shell extension 'powershell' for command environment: Not usable outside of PowerShell
[2.868s] DEBUG:colcon.colcon_core.shell:Skip shell extension 'dsv' for command environment
[2.927s] DEBUG:colcon.colcon_core.event_handler.log_command:Invoking command in '/userdata/navi_ws/build/navi_bringup': CMAKE_PREFIX_PATH=${CMAKE_PREFIX_PATH}:/userdata/control_ws/install/task_controller:/userdata/BPU_bl_ws/install/qr_decoder:/userdata/BPU_bl_ws/install/detection_bridge:/userdata/dev_ws/install/line_follower_pkg:/opt/tros/humble:/opt/ros/humble /usr/bin/cmake /userdata/navi_ws/src/navi_bringup -DAMENT_CMAKE_SYMLINK_INSTALL=1 -DCMAKE_INSTALL_PREFIX=/userdata/navi_ws/install/navi_bringup
[14.949s] DEBUG:colcon.colcon_core.event_handler.log_command:Invoked command in '/userdata/navi_ws/build/navi_bringup' returned '0': CMAKE_PREFIX_PATH=${CMAKE_PREFIX_PATH}:/userdata/control_ws/install/task_controller:/userdata/BPU_bl_ws/install/qr_decoder:/userdata/BPU_bl_ws/install/detection_bridge:/userdata/dev_ws/install/line_follower_pkg:/opt/tros/humble:/opt/ros/humble /usr/bin/cmake /userdata/navi_ws/src/navi_bringup -DAMENT_CMAKE_SYMLINK_INSTALL=1 -DCMAKE_INSTALL_PREFIX=/userdata/navi_ws/install/navi_bringup
[14.961s] DEBUG:colcon.colcon_core.event_handler.log_command:Invoking command in '/userdata/navi_ws/build/navi_bringup': CMAKE_PREFIX_PATH=${CMAKE_PREFIX_PATH}:/userdata/control_ws/install/task_controller:/userdata/BPU_bl_ws/install/qr_decoder:/userdata/BPU_bl_ws/install/detection_bridge:/userdata/dev_ws/install/line_follower_pkg:/opt/tros/humble:/opt/ros/humble /usr/bin/cmake --build /userdata/navi_ws/build/navi_bringup -- -j8 -l8
[17.428s] DEBUG:colcon.colcon_core.event_handler.log_command:Invoked command in '/userdata/navi_ws/build/navi_bringup' returned '0': CMAKE_PREFIX_PATH=${CMAKE_PREFIX_PATH}:/userdata/control_ws/install/task_controller:/userdata/BPU_bl_ws/install/qr_decoder:/userdata/BPU_bl_ws/install/detection_bridge:/userdata/dev_ws/install/line_follower_pkg:/opt/tros/humble:/opt/ros/humble /usr/bin/cmake --build /userdata/navi_ws/build/navi_bringup -- -j8 -l8
[17.476s] DEBUG:colcon.colcon_core.event_handler.log_command:Invoking command in '/userdata/navi_ws/build/navi_bringup': CMAKE_PREFIX_PATH=${CMAKE_PREFIX_PATH}:/userdata/control_ws/install/task_controller:/userdata/BPU_bl_ws/install/qr_decoder:/userdata/BPU_bl_ws/install/detection_bridge:/userdata/dev_ws/install/line_follower_pkg:/opt/tros/humble:/opt/ros/humble /usr/bin/cmake --install /userdata/navi_ws/build/navi_bringup
[17.938s] Level 1:colcon.colcon_core.environment:create_environment_scripts_only(navi_bringup)
[17.941s] DEBUG:colcon.colcon_core.event_handler.log_command:Invoked command in '/userdata/navi_ws/build/navi_bringup' returned '0': CMAKE_PREFIX_PATH=${CMAKE_PREFIX_PATH}:/userdata/control_ws/install/task_controller:/userdata/BPU_bl_ws/install/qr_decoder:/userdata/BPU_bl_ws/install/detection_bridge:/userdata/dev_ws/install/line_follower_pkg:/opt/tros/humble:/opt/ros/humble /usr/bin/cmake --install /userdata/navi_ws/build/navi_bringup
[17.961s] Level 1:colcon.colcon_core.environment:checking '/userdata/navi_ws/install/navi_bringup' for CMake module files
[17.967s] Level 1:colcon.colcon_core.environment:checking '/userdata/navi_ws/install/navi_bringup' for CMake config files
[17.970s] Level 1:colcon.colcon_core.shell:create_environment_hook('navi_bringup', 'cmake_prefix_path')
[17.972s] INFO:colcon.colcon_core.shell:Creating environment hook '/userdata/navi_ws/install/navi_bringup/share/navi_bringup/hook/cmake_prefix_path.ps1'
[17.976s] INFO:colcon.colcon_core.shell:Creating environment descriptor '/userdata/navi_ws/install/navi_bringup/share/navi_bringup/hook/cmake_prefix_path.dsv'
[17.979s] INFO:colcon.colcon_core.shell:Creating environment hook '/userdata/navi_ws/install/navi_bringup/share/navi_bringup/hook/cmake_prefix_path.sh'
[17.984s] Level 1:colcon.colcon_core.environment:checking '/userdata/navi_ws/install/navi_bringup/lib'
[17.985s] Level 1:colcon.colcon_core.shell:create_environment_hook('navi_bringup', 'ld_library_path_lib')
[17.987s] INFO:colcon.colcon_core.shell:Creating environment hook '/userdata/navi_ws/install/navi_bringup/share/navi_bringup/hook/ld_library_path_lib.ps1'
[17.990s] INFO:colcon.colcon_core.shell:Creating environment descriptor '/userdata/navi_ws/install/navi_bringup/share/navi_bringup/hook/ld_library_path_lib.dsv'
[17.993s] INFO:colcon.colcon_core.shell:Creating environment hook '/userdata/navi_ws/install/navi_bringup/share/navi_bringup/hook/ld_library_path_lib.sh'
[17.996s] Level 1:colcon.colcon_core.environment:checking '/userdata/navi_ws/install/navi_bringup/bin'
[17.996s] Level 1:colcon.colcon_core.environment:checking '/userdata/navi_ws/install/navi_bringup/lib/pkgconfig/navi_bringup.pc'
[17.998s] Level 1:colcon.colcon_core.environment:checking '/userdata/navi_ws/install/navi_bringup/lib/python3.10/site-packages'
[17.999s] Level 1:colcon.colcon_core.environment:checking '/userdata/navi_ws/install/navi_bringup/bin'
[18.001s] INFO:colcon.colcon_core.shell:Creating package script '/userdata/navi_ws/install/navi_bringup/share/navi_bringup/package.ps1'
[18.007s] INFO:colcon.colcon_core.shell:Creating package descriptor '/userdata/navi_ws/install/navi_bringup/share/navi_bringup/package.dsv'
[18.010s] INFO:colcon.colcon_core.shell:Creating package script '/userdata/navi_ws/install/navi_bringup/share/navi_bringup/package.sh'
[18.015s] INFO:colcon.colcon_core.shell:Creating package script '/userdata/navi_ws/install/navi_bringup/share/navi_bringup/package.bash'
[18.021s] INFO:colcon.colcon_core.shell:Creating package script '/userdata/navi_ws/install/navi_bringup/share/navi_bringup/package.zsh'
[18.026s] Level 1:colcon.colcon_core.environment:create_file_with_runtime_dependencies(/userdata/navi_ws/install/navi_bringup/share/colcon-core/packages/navi_bringup)
[18.029s] Level 1:colcon.colcon_core.environment:create_environment_scripts_only(navi_bringup)
[18.031s] Level 1:colcon.colcon_core.environment:checking '/userdata/navi_ws/install/navi_bringup' for CMake module files
[18.036s] Level 1:colcon.colcon_core.environment:checking '/userdata/navi_ws/install/navi_bringup' for CMake config files
[18.039s] Level 1:colcon.colcon_core.shell:create_environment_hook('navi_bringup', 'cmake_prefix_path')
[18.040s] INFO:colcon.colcon_core.shell:Creating environment hook '/userdata/navi_ws/install/navi_bringup/share/navi_bringup/hook/cmake_prefix_path.ps1'
[18.043s] INFO:colcon.colcon_core.shell:Creating environment descriptor '/userdata/navi_ws/install/navi_bringup/share/navi_bringup/hook/cmake_prefix_path.dsv'
[18.045s] INFO:colcon.colcon_core.shell:Creating environment hook '/userdata/navi_ws/install/navi_bringup/share/navi_bringup/hook/cmake_prefix_path.sh'
[18.048s] Level 1:colcon.colcon_core.environment:checking '/userdata/navi_ws/install/navi_bringup/lib'
[18.048s] Level 1:colcon.colcon_core.shell:create_environment_hook('navi_bringup', 'ld_library_path_lib')
[18.050s] INFO:colcon.colcon_core.shell:Creating environment hook '/userdata/navi_ws/install/navi_bringup/share/navi_bringup/hook/ld_library_path_lib.ps1'
[18.053s] INFO:colcon.colcon_core.shell:Creating environment descriptor '/userdata/navi_ws/install/navi_bringup/share/navi_bringup/hook/ld_library_path_lib.dsv'
[18.056s] INFO:colcon.colcon_core.shell:Creating environment hook '/userdata/navi_ws/install/navi_bringup/share/navi_bringup/hook/ld_library_path_lib.sh'
[18.059s] Level 1:colcon.colcon_core.environment:checking '/userdata/navi_ws/install/navi_bringup/bin'
[18.059s] Level 1:colcon.colcon_core.environment:checking '/userdata/navi_ws/install/navi_bringup/lib/pkgconfig/navi_bringup.pc'
[18.060s] Level 1:colcon.colcon_core.environment:checking '/userdata/navi_ws/install/navi_bringup/lib/python3.10/site-packages'
[18.062s] Level 1:colcon.colcon_core.environment:checking '/userdata/navi_ws/install/navi_bringup/bin'
[18.064s] INFO:colcon.colcon_core.shell:Creating package script '/userdata/navi_ws/install/navi_bringup/share/navi_bringup/package.ps1'
[18.068s] INFO:colcon.colcon_core.shell:Creating package descriptor '/userdata/navi_ws/install/navi_bringup/share/navi_bringup/package.dsv'
[18.071s] INFO:colcon.colcon_core.shell:Creating package script '/userdata/navi_ws/install/navi_bringup/share/navi_bringup/package.sh'
[18.075s] INFO:colcon.colcon_core.shell:Creating package script '/userdata/navi_ws/install/navi_bringup/share/navi_bringup/package.bash'
[18.078s] INFO:colcon.colcon_core.shell:Creating package script '/userdata/navi_ws/install/navi_bringup/share/navi_bringup/package.zsh'
[18.082s] Level 1:colcon.colcon_core.environment:create_file_with_runtime_dependencies(/userdata/navi_ws/install/navi_bringup/share/colcon-core/packages/navi_bringup)
[18.085s] DEBUG:colcon.colcon_parallel_executor.executor.parallel:closing loop
[18.086s] DEBUG:colcon.colcon_parallel_executor.executor.parallel:loop closed
[18.087s] DEBUG:colcon.colcon_parallel_executor.executor.parallel:run_until_complete finished with '0'
[18.087s] DEBUG:colcon.colcon_core.event_reactor:joining thread
[18.121s] INFO:colcon.colcon_core.plugin_system:Skipping extension 'colcon_notification.desktop_notification.terminal_notifier': Not used on non-Darwin systems
[18.122s] INFO:colcon.colcon_core.plugin_system:Skipping extension 'colcon_notification.desktop_notification.win32': Not used on non-Windows systems
[18.122s] INFO:colcon.colcon_notification.desktop_notification:Sending desktop notification using 'notify2'
[43.149s] DEBUG:colcon.colcon_notification.desktop_notification.notify2:Failed to initialize notify2: org.freedesktop.DBus.Error.NoReply: Did not receive a reply. Possible causes include: the remote application did not send a reply, the message bus security policy blocked the reply, the reply timeout expired, or the network connection was broken.
[43.149s] DEBUG:colcon.colcon_core.event_reactor:joined thread
[43.151s] INFO:colcon.colcon_core.shell:Creating prefix script '/userdata/navi_ws/install/local_setup.ps1'
[43.158s] INFO:colcon.colcon_core.shell:Creating prefix util module '/userdata/navi_ws/install/_local_setup_util_ps1.py'
[43.168s] INFO:colcon.colcon_core.shell:Creating prefix chain script '/userdata/navi_ws/install/setup.ps1'
[43.180s] INFO:colcon.colcon_core.shell:Creating prefix script '/userdata/navi_ws/install/local_setup.sh'
[43.184s] INFO:colcon.colcon_core.shell:Creating prefix util module '/userdata/navi_ws/install/_local_setup_util_sh.py'
[43.188s] INFO:colcon.colcon_core.shell:Creating prefix chain script '/userdata/navi_ws/install/setup.sh'
[43.200s] INFO:colcon.colcon_core.shell:Creating prefix script '/userdata/navi_ws/install/local_setup.bash'
[43.204s] INFO:colcon.colcon_core.shell:Creating prefix chain script '/userdata/navi_ws/install/setup.bash'
[43.215s] INFO:colcon.colcon_core.shell:Creating prefix script '/userdata/navi_ws/install/local_setup.zsh'
[43.219s] INFO:colcon.colcon_core.shell:Creating prefix chain script '/userdata/navi_ws/install/setup.zsh'
