[0.060s] Invoking command in '/userdata/BPU_bl_ws/build/bpu_bringup': CMAKE_PREFIX_PATH=${CMAKE_PREFIX_PATH}:/userdata/dev_ws/install/line_follower_pkg:/opt/tros/humble:/opt/ros/humble /usr/bin/cmake --build /userdata/BPU_bl_ws/build/bpu_bringup -- -j8 -l8
[0.221s] Invoked command in '/userdata/BPU_bl_ws/build/bpu_bringup' returned '0': CMAKE_PREFIX_PATH=${CMAKE_PREFIX_PATH}:/userdata/dev_ws/install/line_follower_pkg:/opt/tros/humble:/opt/ros/humble /usr/bin/cmake --build /userdata/BPU_bl_ws/build/bpu_bringup -- -j8 -l8
[0.267s] Invoking command in '/userdata/BPU_bl_ws/build/bpu_bringup': CMAKE_PREFIX_PATH=${CMAKE_PREFIX_PATH}:/userdata/dev_ws/install/line_follower_pkg:/opt/tros/humble:/opt/ros/humble /usr/bin/cmake --install /userdata/BPU_bl_ws/build/bpu_bringup
[0.303s] -- Install configuration: ""
[0.304s] -- Up-to-date: /userdata/BPU_bl_ws/install/bpu_bringup/share/bpu_bringup/launch
[0.304s] -- Up-to-date: /userdata/BPU_bl_ws/install/bpu_bringup/share/bpu_bringup/launch/usb_camera_yolo.launch.py
[0.305s] -- Up-to-date: /userdata/BPU_bl_ws/install/bpu_bringup/share/bpu_bringup/config
[0.306s] -- Up-to-date: /userdata/BPU_bl_ws/install/bpu_bringup/share/bpu_bringup/config/coco_80
[0.307s] -- Up-to-date: /userdata/BPU_bl_ws/install/bpu_bringup/share/bpu_bringup/config/coco_80/coco.list
[0.309s] -- Up-to-date: /userdata/BPU_bl_ws/install/bpu_bringup/share/bpu_bringup/config/coco_80/model.json
[0.310s] -- Up-to-date: /userdata/BPU_bl_ws/install/bpu_bringup/share/bpu_bringup/config/custom_4
[0.312s] -- Installing: /userdata/BPU_bl_ws/install/bpu_bringup/share/bpu_bringup/config/custom_4/custom_4class.list
[0.313s] -- Installing: /userdata/BPU_bl_ws/install/bpu_bringup/share/bpu_bringup/config/custom_4/model.json
[0.315s] -- Execute custom install script
[0.316s] -- Up-to-date symlink: /userdata/BPU_bl_ws/install/bpu_bringup/share/ament_index/resource_index/package_run_dependencies/bpu_bringup
[0.317s] -- Up-to-date symlink: /userdata/BPU_bl_ws/install/bpu_bringup/share/ament_index/resource_index/parent_prefix_path/bpu_bringup
[0.317s] -- Up-to-date symlink: /userdata/BPU_bl_ws/install/bpu_bringup/share/bpu_bringup/environment/ament_prefix_path.sh
[0.318s] -- Up-to-date symlink: /userdata/BPU_bl_ws/install/bpu_bringup/share/bpu_bringup/environment/ament_prefix_path.dsv
[0.319s] -- Up-to-date symlink: /userdata/BPU_bl_ws/install/bpu_bringup/share/bpu_bringup/environment/path.sh
[0.319s] -- Up-to-date symlink: /userdata/BPU_bl_ws/install/bpu_bringup/share/bpu_bringup/environment/path.dsv
[0.320s] -- Up-to-date symlink: /userdata/BPU_bl_ws/install/bpu_bringup/share/bpu_bringup/local_setup.bash
[0.321s] -- Up-to-date symlink: /userdata/BPU_bl_ws/install/bpu_bringup/share/bpu_bringup/local_setup.sh
[0.321s] -- Up-to-date symlink: /userdata/BPU_bl_ws/install/bpu_bringup/share/bpu_bringup/local_setup.zsh
[0.322s] -- Up-to-date symlink: /userdata/BPU_bl_ws/install/bpu_bringup/share/bpu_bringup/local_setup.dsv
[0.322s] -- Symlinking: /userdata/BPU_bl_ws/install/bpu_bringup/share/bpu_bringup/package.dsv
[0.357s] -- Up-to-date symlink: /userdata/BPU_bl_ws/install/bpu_bringup/share/ament_index/resource_index/packages/bpu_bringup
[0.358s] -- Up-to-date symlink: /userdata/BPU_bl_ws/install/bpu_bringup/share/bpu_bringup/cmake/bpu_bringupConfig.cmake
[0.359s] -- Up-to-date symlink: /userdata/BPU_bl_ws/install/bpu_bringup/share/bpu_bringup/cmake/bpu_bringupConfig-version.cmake
[0.360s] -- Up-to-date symlink: /userdata/BPU_bl_ws/install/bpu_bringup/share/bpu_bringup/package.xml
[0.367s] Invoked command in '/userdata/BPU_bl_ws/build/bpu_bringup' returned '0': CMAKE_PREFIX_PATH=${CMAKE_PREFIX_PATH}:/userdata/dev_ws/install/line_follower_pkg:/opt/tros/humble:/opt/ros/humble /usr/bin/cmake --install /userdata/BPU_bl_ws/build/bpu_bringup
