Consolidate compiler generated dependencies of target detection_interfaces__rosidl_generator_c
[  5%] Built target detection_interfaces__rs
[  5%] Built target detection_interfaces__cpp
[ 15%] Built target detection_interfaces__rosidl_generator_c
[ 15%] Built target ament_cmake_python_symlink_detection_interfaces
Consolidate compiler generated dependencies of target detection_interfaces__rosidl_typesupport_c
Consolidate compiler generated dependencies of target detection_interfaces__rosidl_typesupport_fastrtps_cpp
Consolidate compiler generated dependencies of target detection_interfaces__rosidl_typesupport_introspection_cpp
Consolidate compiler generated dependencies of target detection_interfaces__rosidl_typesupport_cpp
Consolidate compiler generated dependencies of target detection_interfaces__rosidl_typesupport_introspection_c
Consolidate compiler generated dependencies of target detection_interfaces__rosidl_typesupport_fastrtps_c
[ 25%] Built target detection_interfaces__rosidl_typesupport_c
[ 35%] Built target detection_interfaces__rosidl_typesupport_introspection_cpp
[ 45%] Built target detection_interfaces__rosidl_typesupport_fastrtps_cpp
[ 62%] Built target detection_interfaces__rosidl_typesupport_cpp
[ 65%] Built target detection_interfaces__rosidl_typesupport_introspection_c
[ 75%] Built target detection_interfaces__rosidl_typesupport_fastrtps_c
[ 75%] Built target detection_interfaces
[ 77%] Built target detection_interfaces__py
Consolidate compiler generated dependencies of target detection_interfaces__rosidl_generator_py
[ 85%] Built target detection_interfaces__rosidl_generator_py
Consolidate compiler generated dependencies of target detection_interfaces__rosidl_typesupport_introspection_c__pyext
Consolidate compiler generated dependencies of target detection_interfaces__rosidl_typesupport_fastrtps_c__pyext
Consolidate compiler generated dependencies of target detection_interfaces__rosidl_typesupport_c__pyext
[100%] Built target detection_interfaces__rosidl_typesupport_introspection_c__pyext
[100%] Built target detection_interfaces__rosidl_typesupport_fastrtps_c__pyext
[100%] Built target detection_interfaces__rosidl_typesupport_c__pyext
running egg_info
writing detection_interfaces.egg-info/PKG-INFO
writing dependency_links to detection_interfaces.egg-info/dependency_links.txt
writing top-level names to detection_interfaces.egg-info/top_level.txt
reading manifest file 'detection_interfaces.egg-info/SOURCES.txt'
writing manifest file 'detection_interfaces.egg-info/SOURCES.txt'
[100%] Built target ament_cmake_python_build_detection_interfaces_egg
-- Install configuration: ""
-- Execute custom install script
-- Up-to-date symlink: /userdata/BPU_bl_ws/install/detection_interfaces/share/ament_index/resource_index/rosidl_interfaces/detection_interfaces
-- Up-to-date symlink: /userdata/BPU_bl_ws/install/detection_interfaces/include/detection_interfaces/detection_interfaces/msg/detail/detection_array__functions.h
-- Up-to-date symlink: /userdata/BPU_bl_ws/install/detection_interfaces/include/detection_interfaces/detection_interfaces/msg/detail/detection_array__struct.h
-- Up-to-date symlink: /userdata/BPU_bl_ws/install/detection_interfaces/include/detection_interfaces/detection_interfaces/msg/detail/detection_array__type_support.h
-- Up-to-date symlink: /userdata/BPU_bl_ws/install/detection_interfaces/include/detection_interfaces/detection_interfaces/msg/detail/detection_result__functions.h
-- Up-to-date symlink: /userdata/BPU_bl_ws/install/detection_interfaces/include/detection_interfaces/detection_interfaces/msg/detail/detection_result__struct.h
-- Up-to-date symlink: /userdata/BPU_bl_ws/install/detection_interfaces/include/detection_interfaces/detection_interfaces/msg/detail/detection_result__type_support.h
-- Up-to-date symlink: /userdata/BPU_bl_ws/install/detection_interfaces/include/detection_interfaces/detection_interfaces/msg/detection_array.h
-- Up-to-date symlink: /userdata/BPU_bl_ws/install/detection_interfaces/include/detection_interfaces/detection_interfaces/msg/detection_result.h
-- Up-to-date symlink: /userdata/BPU_bl_ws/install/detection_interfaces/include/detection_interfaces/detection_interfaces/msg/rosidl_generator_c__visibility_control.h
-- Up-to-date symlink: /userdata/BPU_bl_ws/install/detection_interfaces/share/detection_interfaces/environment/library_path.sh
-- Up-to-date symlink: /userdata/BPU_bl_ws/install/detection_interfaces/share/detection_interfaces/environment/library_path.dsv
-- Up-to-date symlink: /userdata/BPU_bl_ws/install/detection_interfaces/include/detection_interfaces/detection_interfaces/msg/detail/detection_array__rosidl_typesupport_fastrtps_c.h
-- Up-to-date symlink: /userdata/BPU_bl_ws/install/detection_interfaces/include/detection_interfaces/detection_interfaces/msg/detail/detection_result__rosidl_typesupport_fastrtps_c.h
-- Up-to-date symlink: /userdata/BPU_bl_ws/install/detection_interfaces/include/detection_interfaces/detection_interfaces/msg/rosidl_typesupport_fastrtps_c__visibility_control.h
-- Up-to-date symlink: /userdata/BPU_bl_ws/install/detection_interfaces/include/detection_interfaces/detection_interfaces/msg/detail/detection_array__builder.hpp
-- Up-to-date symlink: /userdata/BPU_bl_ws/install/detection_interfaces/include/detection_interfaces/detection_interfaces/msg/detail/detection_array__struct.hpp
-- Up-to-date symlink: /userdata/BPU_bl_ws/install/detection_interfaces/include/detection_interfaces/detection_interfaces/msg/detail/detection_array__traits.hpp
-- Up-to-date symlink: /userdata/BPU_bl_ws/install/detection_interfaces/include/detection_interfaces/detection_interfaces/msg/detail/detection_result__builder.hpp
-- Up-to-date symlink: /userdata/BPU_bl_ws/install/detection_interfaces/include/detection_interfaces/detection_interfaces/msg/detail/detection_result__struct.hpp
-- Up-to-date symlink: /userdata/BPU_bl_ws/install/detection_interfaces/include/detection_interfaces/detection_interfaces/msg/detail/detection_result__traits.hpp
-- Up-to-date symlink: /userdata/BPU_bl_ws/install/detection_interfaces/include/detection_interfaces/detection_interfaces/msg/detection_array.hpp
-- Up-to-date symlink: /userdata/BPU_bl_ws/install/detection_interfaces/include/detection_interfaces/detection_interfaces/msg/detection_result.hpp
-- Up-to-date symlink: /userdata/BPU_bl_ws/install/detection_interfaces/include/detection_interfaces/detection_interfaces/msg/detail/detection_array__rosidl_typesupport_fastrtps_cpp.hpp
-- Up-to-date symlink: /userdata/BPU_bl_ws/install/detection_interfaces/include/detection_interfaces/detection_interfaces/msg/detail/detection_result__rosidl_typesupport_fastrtps_cpp.hpp
-- Up-to-date symlink: /userdata/BPU_bl_ws/install/detection_interfaces/include/detection_interfaces/detection_interfaces/msg/rosidl_typesupport_fastrtps_cpp__visibility_control.h
-- Up-to-date symlink: /userdata/BPU_bl_ws/install/detection_interfaces/include/detection_interfaces/detection_interfaces/msg/detail/detection_array__rosidl_typesupport_introspection_c.h
-- Up-to-date symlink: /userdata/BPU_bl_ws/install/detection_interfaces/include/detection_interfaces/detection_interfaces/msg/detail/detection_result__rosidl_typesupport_introspection_c.h
-- Up-to-date symlink: /userdata/BPU_bl_ws/install/detection_interfaces/include/detection_interfaces/detection_interfaces/msg/rosidl_typesupport_introspection_c__visibility_control.h
-- Up-to-date symlink: /userdata/BPU_bl_ws/install/detection_interfaces/include/detection_interfaces/detection_interfaces/msg/detail/detection_array__rosidl_typesupport_introspection_cpp.hpp
-- Up-to-date symlink: /userdata/BPU_bl_ws/install/detection_interfaces/include/detection_interfaces/detection_interfaces/msg/detail/detection_result__rosidl_typesupport_introspection_cpp.hpp
-- Up-to-date symlink: /userdata/BPU_bl_ws/install/detection_interfaces/share/detection_interfaces/environment/pythonpath.sh
-- Up-to-date symlink: /userdata/BPU_bl_ws/install/detection_interfaces/share/detection_interfaces/environment/pythonpath.dsv
-- Up-to-date symlink: /userdata/BPU_bl_ws/install/detection_interfaces/local/lib/python3.10/dist-packages/detection_interfaces-1.0.0-py3.10.egg-info/PKG-INFO
-- Up-to-date symlink: /userdata/BPU_bl_ws/install/detection_interfaces/local/lib/python3.10/dist-packages/detection_interfaces-1.0.0-py3.10.egg-info/SOURCES.txt
-- Up-to-date symlink: /userdata/BPU_bl_ws/install/detection_interfaces/local/lib/python3.10/dist-packages/detection_interfaces-1.0.0-py3.10.egg-info/dependency_links.txt
-- Up-to-date symlink: /userdata/BPU_bl_ws/install/detection_interfaces/local/lib/python3.10/dist-packages/detection_interfaces-1.0.0-py3.10.egg-info/top_level.txt
-- Up-to-date symlink: /userdata/BPU_bl_ws/install/detection_interfaces/local/lib/python3.10/dist-packages/detection_interfaces/__init__.py
-- Up-to-date symlink: /userdata/BPU_bl_ws/install/detection_interfaces/local/lib/python3.10/dist-packages/detection_interfaces/_detection_interfaces_s.ep.rosidl_typesupport_c.c
-- Up-to-date symlink: /userdata/BPU_bl_ws/install/detection_interfaces/local/lib/python3.10/dist-packages/detection_interfaces/_detection_interfaces_s.ep.rosidl_typesupport_fastrtps_c.c
-- Up-to-date symlink: /userdata/BPU_bl_ws/install/detection_interfaces/local/lib/python3.10/dist-packages/detection_interfaces/_detection_interfaces_s.ep.rosidl_typesupport_introspection_c.c
-- Up-to-date symlink: /userdata/BPU_bl_ws/install/detection_interfaces/local/lib/python3.10/dist-packages/detection_interfaces/detection_interfaces_s__rosidl_typesupport_c.cpython-310-aarch64-linux-gnu.so
-- Up-to-date symlink: /userdata/BPU_bl_ws/install/detection_interfaces/local/lib/python3.10/dist-packages/detection_interfaces/detection_interfaces_s__rosidl_typesupport_fastrtps_c.cpython-310-aarch64-linux-gnu.so
-- Up-to-date symlink: /userdata/BPU_bl_ws/install/detection_interfaces/local/lib/python3.10/dist-packages/detection_interfaces/detection_interfaces_s__rosidl_typesupport_introspection_c.cpython-310-aarch64-linux-gnu.so
-- Up-to-date symlink: /userdata/BPU_bl_ws/install/detection_interfaces/local/lib/python3.10/dist-packages/detection_interfaces/libdetection_interfaces__rosidl_generator_py.so
-- Up-to-date symlink: /userdata/BPU_bl_ws/install/detection_interfaces/local/lib/python3.10/dist-packages/detection_interfaces/msg/__init__.py
-- Up-to-date symlink: /userdata/BPU_bl_ws/install/detection_interfaces/local/lib/python3.10/dist-packages/detection_interfaces/msg/_detection_array.py
-- Up-to-date symlink: /userdata/BPU_bl_ws/install/detection_interfaces/local/lib/python3.10/dist-packages/detection_interfaces/msg/_detection_array_s.c
-- Up-to-date symlink: /userdata/BPU_bl_ws/install/detection_interfaces/local/lib/python3.10/dist-packages/detection_interfaces/msg/_detection_result.py
-- Up-to-date symlink: /userdata/BPU_bl_ws/install/detection_interfaces/local/lib/python3.10/dist-packages/detection_interfaces/msg/_detection_result_s.c
-- Up-to-date symlink: /userdata/BPU_bl_ws/install/detection_interfaces/local/lib/python3.10/dist-packages/detection_interfaces/detection_interfaces_s__rosidl_typesupport_fastrtps_c.cpython-310-aarch64-linux-gnu.so
-- Up-to-date symlink: /userdata/BPU_bl_ws/install/detection_interfaces/local/lib/python3.10/dist-packages/detection_interfaces/detection_interfaces_s__rosidl_typesupport_introspection_c.cpython-310-aarch64-linux-gnu.so
-- Up-to-date symlink: /userdata/BPU_bl_ws/install/detection_interfaces/local/lib/python3.10/dist-packages/detection_interfaces/detection_interfaces_s__rosidl_typesupport_c.cpython-310-aarch64-linux-gnu.so
-- Up-to-date symlink: /userdata/BPU_bl_ws/install/detection_interfaces/share/ament_index/resource_index/rust_packages/detection_interfaces
-- Up-to-date symlink: /userdata/BPU_bl_ws/install/detection_interfaces/share/detection_interfaces/rust/Cargo.toml
-- Up-to-date symlink: /userdata/BPU_bl_ws/install/detection_interfaces/share/detection_interfaces/rust/build.rs
-- Up-to-date symlink: /userdata/BPU_bl_ws/install/detection_interfaces/share/detection_interfaces/rust/src/lib.rs
-- Up-to-date symlink: /userdata/BPU_bl_ws/install/detection_interfaces/share/detection_interfaces/rust/src/msg.rs
-- Up-to-date symlink: /userdata/BPU_bl_ws/install/detection_interfaces/share/detection_interfaces/rust/src/msg/rmw.rs
-- Up-to-date symlink: /userdata/BPU_bl_ws/install/detection_interfaces/share/detection_interfaces/msg/DetectionResult.idl
-- Up-to-date symlink: /userdata/BPU_bl_ws/install/detection_interfaces/share/detection_interfaces/msg/DetectionArray.idl
-- Up-to-date symlink: /userdata/BPU_bl_ws/install/detection_interfaces/share/detection_interfaces/msg/DetectionResult.msg
-- Up-to-date symlink: /userdata/BPU_bl_ws/install/detection_interfaces/share/detection_interfaces/msg/DetectionArray.msg
-- Up-to-date symlink: /userdata/BPU_bl_ws/install/detection_interfaces/share/ament_index/resource_index/package_run_dependencies/detection_interfaces
-- Up-to-date symlink: /userdata/BPU_bl_ws/install/detection_interfaces/share/ament_index/resource_index/parent_prefix_path/detection_interfaces
-- Up-to-date symlink: /userdata/BPU_bl_ws/install/detection_interfaces/share/detection_interfaces/environment/ament_prefix_path.sh
-- Up-to-date symlink: /userdata/BPU_bl_ws/install/detection_interfaces/share/detection_interfaces/environment/ament_prefix_path.dsv
-- Up-to-date symlink: /userdata/BPU_bl_ws/install/detection_interfaces/share/detection_interfaces/environment/path.sh
-- Up-to-date symlink: /userdata/BPU_bl_ws/install/detection_interfaces/share/detection_interfaces/environment/path.dsv
-- Up-to-date symlink: /userdata/BPU_bl_ws/install/detection_interfaces/share/detection_interfaces/local_setup.bash
-- Up-to-date symlink: /userdata/BPU_bl_ws/install/detection_interfaces/share/detection_interfaces/local_setup.sh
-- Up-to-date symlink: /userdata/BPU_bl_ws/install/detection_interfaces/share/detection_interfaces/local_setup.zsh
-- Up-to-date symlink: /userdata/BPU_bl_ws/install/detection_interfaces/share/detection_interfaces/local_setup.dsv
-- Symlinking: /userdata/BPU_bl_ws/install/detection_interfaces/share/detection_interfaces/package.dsv
-- Up-to-date symlink: /userdata/BPU_bl_ws/install/detection_interfaces/share/ament_index/resource_index/packages/detection_interfaces
-- Up-to-date symlink: /userdata/BPU_bl_ws/install/detection_interfaces/share/detection_interfaces/cmake/rosidl_cmake-extras.cmake
-- Up-to-date symlink: /userdata/BPU_bl_ws/install/detection_interfaces/share/detection_interfaces/cmake/ament_cmake_export_dependencies-extras.cmake
-- Up-to-date symlink: /userdata/BPU_bl_ws/install/detection_interfaces/share/detection_interfaces/cmake/ament_cmake_export_include_directories-extras.cmake
-- Up-to-date symlink: /userdata/BPU_bl_ws/install/detection_interfaces/share/detection_interfaces/cmake/ament_cmake_export_libraries-extras.cmake
-- Up-to-date symlink: /userdata/BPU_bl_ws/install/detection_interfaces/share/detection_interfaces/cmake/ament_cmake_export_targets-extras.cmake
-- Up-to-date symlink: /userdata/BPU_bl_ws/install/detection_interfaces/share/detection_interfaces/cmake/rosidl_cmake_export_typesupport_targets-extras.cmake
-- Up-to-date symlink: /userdata/BPU_bl_ws/install/detection_interfaces/share/detection_interfaces/cmake/rosidl_cmake_export_typesupport_libraries-extras.cmake
-- Up-to-date symlink: /userdata/BPU_bl_ws/install/detection_interfaces/share/detection_interfaces/cmake/detection_interfacesConfig.cmake
-- Up-to-date symlink: /userdata/BPU_bl_ws/install/detection_interfaces/share/detection_interfaces/cmake/detection_interfacesConfig-version.cmake
-- Up-to-date symlink: /userdata/BPU_bl_ws/install/detection_interfaces/share/detection_interfaces/package.xml
-- Up-to-date: /userdata/BPU_bl_ws/install/detection_interfaces/lib/libdetection_interfaces__rosidl_generator_c.so
-- Up-to-date: /userdata/BPU_bl_ws/install/detection_interfaces/lib/libdetection_interfaces__rosidl_typesupport_fastrtps_c.so
-- Up-to-date: /userdata/BPU_bl_ws/install/detection_interfaces/lib/libdetection_interfaces__rosidl_typesupport_fastrtps_cpp.so
-- Up-to-date: /userdata/BPU_bl_ws/install/detection_interfaces/lib/libdetection_interfaces__rosidl_typesupport_introspection_c.so
-- Up-to-date: /userdata/BPU_bl_ws/install/detection_interfaces/lib/libdetection_interfaces__rosidl_typesupport_c.so
-- Up-to-date: /userdata/BPU_bl_ws/install/detection_interfaces/lib/libdetection_interfaces__rosidl_typesupport_introspection_cpp.so
-- Up-to-date: /userdata/BPU_bl_ws/install/detection_interfaces/lib/libdetection_interfaces__rosidl_typesupport_cpp.so
Listing '/userdata/BPU_bl_ws/install/detection_interfaces/local/lib/python3.10/dist-packages/detection_interfaces'...
Listing '/userdata/BPU_bl_ws/install/detection_interfaces/local/lib/python3.10/dist-packages/detection_interfaces/msg'...
-- Up-to-date: /userdata/BPU_bl_ws/install/detection_interfaces/lib/libdetection_interfaces__rosidl_generator_py.so
-- Up-to-date: /userdata/BPU_bl_ws/install/detection_interfaces/share/detection_interfaces/cmake/export_detection_interfaces__rosidl_generator_cExport.cmake
-- Up-to-date: /userdata/BPU_bl_ws/install/detection_interfaces/share/detection_interfaces/cmake/export_detection_interfaces__rosidl_generator_cExport-noconfig.cmake
-- Up-to-date: /userdata/BPU_bl_ws/install/detection_interfaces/share/detection_interfaces/cmake/export_detection_interfaces__rosidl_typesupport_fastrtps_cExport.cmake
-- Up-to-date: /userdata/BPU_bl_ws/install/detection_interfaces/share/detection_interfaces/cmake/export_detection_interfaces__rosidl_typesupport_fastrtps_cExport-noconfig.cmake
-- Up-to-date: /userdata/BPU_bl_ws/install/detection_interfaces/share/detection_interfaces/cmake/export_detection_interfaces__rosidl_generator_cppExport.cmake
-- Up-to-date: /userdata/BPU_bl_ws/install/detection_interfaces/share/detection_interfaces/cmake/export_detection_interfaces__rosidl_typesupport_fastrtps_cppExport.cmake
-- Up-to-date: /userdata/BPU_bl_ws/install/detection_interfaces/share/detection_interfaces/cmake/export_detection_interfaces__rosidl_typesupport_fastrtps_cppExport-noconfig.cmake
-- Up-to-date: /userdata/BPU_bl_ws/install/detection_interfaces/share/detection_interfaces/cmake/detection_interfaces__rosidl_typesupport_introspection_cExport.cmake
-- Up-to-date: /userdata/BPU_bl_ws/install/detection_interfaces/share/detection_interfaces/cmake/detection_interfaces__rosidl_typesupport_introspection_cExport-noconfig.cmake
-- Up-to-date: /userdata/BPU_bl_ws/install/detection_interfaces/share/detection_interfaces/cmake/detection_interfaces__rosidl_typesupport_cExport.cmake
-- Up-to-date: /userdata/BPU_bl_ws/install/detection_interfaces/share/detection_interfaces/cmake/detection_interfaces__rosidl_typesupport_cExport-noconfig.cmake
-- Up-to-date: /userdata/BPU_bl_ws/install/detection_interfaces/share/detection_interfaces/cmake/detection_interfaces__rosidl_typesupport_introspection_cppExport.cmake
-- Up-to-date: /userdata/BPU_bl_ws/install/detection_interfaces/share/detection_interfaces/cmake/detection_interfaces__rosidl_typesupport_introspection_cppExport-noconfig.cmake
-- Up-to-date: /userdata/BPU_bl_ws/install/detection_interfaces/share/detection_interfaces/cmake/detection_interfaces__rosidl_typesupport_cppExport.cmake
-- Up-to-date: /userdata/BPU_bl_ws/install/detection_interfaces/share/detection_interfaces/cmake/detection_interfaces__rosidl_typesupport_cppExport-noconfig.cmake
-- Up-to-date: /userdata/BPU_bl_ws/install/detection_interfaces/share/detection_interfaces/cmake/export_detection_interfaces__rosidl_generator_pyExport.cmake
-- Up-to-date: /userdata/BPU_bl_ws/install/detection_interfaces/share/detection_interfaces/cmake/export_detection_interfaces__rosidl_generator_pyExport-noconfig.cmake
