[0.064s] Invoking command in '/userdata/BPU_bl_ws/build/detection_interfaces': CMAKE_PREFIX_PATH=${CMAKE_PREFIX_PATH}:/userdata/dev_ws/install/line_follower_pkg:/opt/tros/humble:/opt/ros/humble /usr/bin/cmake --build /userdata/BPU_bl_ws/build/detection_interfaces -- -j8 -l8
[0.273s] Consolidate compiler generated dependencies of target detection_interfaces__rosidl_generator_c
[0.310s] [  5%] Built target detection_interfaces__rs
[0.313s] [  5%] Built target detection_interfaces__cpp
[0.327s] [ 15%] Built target detection_interfaces__rosidl_generator_c
[0.350s] [ 15%] Built target ament_cmake_python_symlink_detection_interfaces
[0.384s] Consolidate compiler generated dependencies of target detection_interfaces__rosidl_typesupport_c
[0.387s] Consolidate compiler generated dependencies of target detection_interfaces__rosidl_typesupport_fastrtps_cpp
[0.388s] Consolidate compiler generated dependencies of target detection_interfaces__rosidl_typesupport_introspection_cpp
[0.399s] Consolidate compiler generated dependencies of target detection_interfaces__rosidl_typesupport_cpp
[0.403s] Consolidate compiler generated dependencies of target detection_interfaces__rosidl_typesupport_introspection_c
[0.405s] Consolidate compiler generated dependencies of target detection_interfaces__rosidl_typesupport_fastrtps_c
[0.446s] [ 25%] Built target detection_interfaces__rosidl_typesupport_c
[0.449s] [ 35%] Built target detection_interfaces__rosidl_typesupport_introspection_cpp
[0.453s] [ 45%] Built target detection_interfaces__rosidl_typesupport_fastrtps_cpp
[0.468s] [ 62%] Built target detection_interfaces__rosidl_typesupport_cpp
[0.469s] [ 65%] Built target detection_interfaces__rosidl_typesupport_introspection_c
[0.471s] [ 75%] Built target detection_interfaces__rosidl_typesupport_fastrtps_c
[0.568s] [ 75%] Built target detection_interfaces
[0.666s] [ 77%] Built target detection_interfaces__py
[0.734s] Consolidate compiler generated dependencies of target detection_interfaces__rosidl_generator_py
[0.788s] [ 85%] Built target detection_interfaces__rosidl_generator_py
[0.853s] Consolidate compiler generated dependencies of target detection_interfaces__rosidl_typesupport_introspection_c__pyext
[0.853s] Consolidate compiler generated dependencies of target detection_interfaces__rosidl_typesupport_fastrtps_c__pyext
[0.854s] Consolidate compiler generated dependencies of target detection_interfaces__rosidl_typesupport_c__pyext
[0.907s] [100%] Built target detection_interfaces__rosidl_typesupport_introspection_c__pyext
[0.908s] [100%] Built target detection_interfaces__rosidl_typesupport_fastrtps_c__pyext
[0.908s] [100%] Built target detection_interfaces__rosidl_typesupport_c__pyext
[2.142s] running egg_info
[2.146s] writing detection_interfaces.egg-info/PKG-INFO
[2.147s] writing dependency_links to detection_interfaces.egg-info/dependency_links.txt
[2.148s] writing top-level names to detection_interfaces.egg-info/top_level.txt
[2.165s] reading manifest file 'detection_interfaces.egg-info/SOURCES.txt'
[2.169s] writing manifest file 'detection_interfaces.egg-info/SOURCES.txt'
[2.384s] [100%] Built target ament_cmake_python_build_detection_interfaces_egg
[2.453s] Invoked command in '/userdata/BPU_bl_ws/build/detection_interfaces' returned '0': CMAKE_PREFIX_PATH=${CMAKE_PREFIX_PATH}:/userdata/dev_ws/install/line_follower_pkg:/opt/tros/humble:/opt/ros/humble /usr/bin/cmake --build /userdata/BPU_bl_ws/build/detection_interfaces -- -j8 -l8
[2.505s] Invoking command in '/userdata/BPU_bl_ws/build/detection_interfaces': CMAKE_PREFIX_PATH=${CMAKE_PREFIX_PATH}:/userdata/dev_ws/install/line_follower_pkg:/opt/tros/humble:/opt/ros/humble /usr/bin/cmake --install /userdata/BPU_bl_ws/build/detection_interfaces
[2.543s] -- Install configuration: ""
[2.546s] -- Execute custom install script
[2.547s] -- Up-to-date symlink: /userdata/BPU_bl_ws/install/detection_interfaces/share/ament_index/resource_index/rosidl_interfaces/detection_interfaces
[2.550s] -- Up-to-date symlink: /userdata/BPU_bl_ws/install/detection_interfaces/include/detection_interfaces/detection_interfaces/msg/detail/detection_array__functions.h
[2.551s] -- Up-to-date symlink: /userdata/BPU_bl_ws/install/detection_interfaces/include/detection_interfaces/detection_interfaces/msg/detail/detection_array__struct.h
[2.552s] -- Up-to-date symlink: /userdata/BPU_bl_ws/install/detection_interfaces/include/detection_interfaces/detection_interfaces/msg/detail/detection_array__type_support.h
[2.553s] -- Up-to-date symlink: /userdata/BPU_bl_ws/install/detection_interfaces/include/detection_interfaces/detection_interfaces/msg/detail/detection_result__functions.h
[2.555s] -- Up-to-date symlink: /userdata/BPU_bl_ws/install/detection_interfaces/include/detection_interfaces/detection_interfaces/msg/detail/detection_result__struct.h
[2.555s] -- Up-to-date symlink: /userdata/BPU_bl_ws/install/detection_interfaces/include/detection_interfaces/detection_interfaces/msg/detail/detection_result__type_support.h
[2.556s] -- Up-to-date symlink: /userdata/BPU_bl_ws/install/detection_interfaces/include/detection_interfaces/detection_interfaces/msg/detection_array.h
[2.557s] -- Up-to-date symlink: /userdata/BPU_bl_ws/install/detection_interfaces/include/detection_interfaces/detection_interfaces/msg/detection_result.h
[2.558s] -- Up-to-date symlink: /userdata/BPU_bl_ws/install/detection_interfaces/include/detection_interfaces/detection_interfaces/msg/rosidl_generator_c__visibility_control.h
[2.559s] -- Up-to-date symlink: /userdata/BPU_bl_ws/install/detection_interfaces/share/detection_interfaces/environment/library_path.sh
[2.559s] -- Up-to-date symlink: /userdata/BPU_bl_ws/install/detection_interfaces/share/detection_interfaces/environment/library_path.dsv
[2.560s] -- Up-to-date symlink: /userdata/BPU_bl_ws/install/detection_interfaces/include/detection_interfaces/detection_interfaces/msg/detail/detection_array__rosidl_typesupport_fastrtps_c.h
[2.561s] -- Up-to-date symlink: /userdata/BPU_bl_ws/install/detection_interfaces/include/detection_interfaces/detection_interfaces/msg/detail/detection_result__rosidl_typesupport_fastrtps_c.h
[2.562s] -- Up-to-date symlink: /userdata/BPU_bl_ws/install/detection_interfaces/include/detection_interfaces/detection_interfaces/msg/rosidl_typesupport_fastrtps_c__visibility_control.h
[2.563s] -- Up-to-date symlink: /userdata/BPU_bl_ws/install/detection_interfaces/include/detection_interfaces/detection_interfaces/msg/detail/detection_array__builder.hpp
[2.564s] -- Up-to-date symlink: /userdata/BPU_bl_ws/install/detection_interfaces/include/detection_interfaces/detection_interfaces/msg/detail/detection_array__struct.hpp
[2.565s] -- Up-to-date symlink: /userdata/BPU_bl_ws/install/detection_interfaces/include/detection_interfaces/detection_interfaces/msg/detail/detection_array__traits.hpp
[2.565s] -- Up-to-date symlink: /userdata/BPU_bl_ws/install/detection_interfaces/include/detection_interfaces/detection_interfaces/msg/detail/detection_result__builder.hpp
[2.566s] -- Up-to-date symlink: /userdata/BPU_bl_ws/install/detection_interfaces/include/detection_interfaces/detection_interfaces/msg/detail/detection_result__struct.hpp
[2.567s] -- Up-to-date symlink: /userdata/BPU_bl_ws/install/detection_interfaces/include/detection_interfaces/detection_interfaces/msg/detail/detection_result__traits.hpp
[2.568s] -- Up-to-date symlink: /userdata/BPU_bl_ws/install/detection_interfaces/include/detection_interfaces/detection_interfaces/msg/detection_array.hpp
[2.569s] -- Up-to-date symlink: /userdata/BPU_bl_ws/install/detection_interfaces/include/detection_interfaces/detection_interfaces/msg/detection_result.hpp
[2.571s] -- Up-to-date symlink: /userdata/BPU_bl_ws/install/detection_interfaces/include/detection_interfaces/detection_interfaces/msg/detail/detection_array__rosidl_typesupport_fastrtps_cpp.hpp
[2.572s] -- Up-to-date symlink: /userdata/BPU_bl_ws/install/detection_interfaces/include/detection_interfaces/detection_interfaces/msg/detail/detection_result__rosidl_typesupport_fastrtps_cpp.hpp
[2.573s] -- Up-to-date symlink: /userdata/BPU_bl_ws/install/detection_interfaces/include/detection_interfaces/detection_interfaces/msg/rosidl_typesupport_fastrtps_cpp__visibility_control.h
[2.574s] -- Up-to-date symlink: /userdata/BPU_bl_ws/install/detection_interfaces/include/detection_interfaces/detection_interfaces/msg/detail/detection_array__rosidl_typesupport_introspection_c.h
[2.575s] -- Up-to-date symlink: /userdata/BPU_bl_ws/install/detection_interfaces/include/detection_interfaces/detection_interfaces/msg/detail/detection_result__rosidl_typesupport_introspection_c.h
[2.577s] -- Up-to-date symlink: /userdata/BPU_bl_ws/install/detection_interfaces/include/detection_interfaces/detection_interfaces/msg/rosidl_typesupport_introspection_c__visibility_control.h
[2.577s] -- Up-to-date symlink: /userdata/BPU_bl_ws/install/detection_interfaces/include/detection_interfaces/detection_interfaces/msg/detail/detection_array__rosidl_typesupport_introspection_cpp.hpp
[2.579s] -- Up-to-date symlink: /userdata/BPU_bl_ws/install/detection_interfaces/include/detection_interfaces/detection_interfaces/msg/detail/detection_result__rosidl_typesupport_introspection_cpp.hpp
[2.581s] -- Up-to-date symlink: /userdata/BPU_bl_ws/install/detection_interfaces/share/detection_interfaces/environment/pythonpath.sh
[2.581s] -- Up-to-date symlink: /userdata/BPU_bl_ws/install/detection_interfaces/share/detection_interfaces/environment/pythonpath.dsv
[2.582s] -- Up-to-date symlink: /userdata/BPU_bl_ws/install/detection_interfaces/local/lib/python3.10/dist-packages/detection_interfaces-1.0.0-py3.10.egg-info/PKG-INFO
[2.585s] -- Up-to-date symlink: /userdata/BPU_bl_ws/install/detection_interfaces/local/lib/python3.10/dist-packages/detection_interfaces-1.0.0-py3.10.egg-info/SOURCES.txt
[2.586s] -- Up-to-date symlink: /userdata/BPU_bl_ws/install/detection_interfaces/local/lib/python3.10/dist-packages/detection_interfaces-1.0.0-py3.10.egg-info/dependency_links.txt
[2.588s] -- Up-to-date symlink: /userdata/BPU_bl_ws/install/detection_interfaces/local/lib/python3.10/dist-packages/detection_interfaces-1.0.0-py3.10.egg-info/top_level.txt
[2.589s] -- Up-to-date symlink: /userdata/BPU_bl_ws/install/detection_interfaces/local/lib/python3.10/dist-packages/detection_interfaces/__init__.py
[2.590s] -- Up-to-date symlink: /userdata/BPU_bl_ws/install/detection_interfaces/local/lib/python3.10/dist-packages/detection_interfaces/_detection_interfaces_s.ep.rosidl_typesupport_c.c
[2.591s] -- Up-to-date symlink: /userdata/BPU_bl_ws/install/detection_interfaces/local/lib/python3.10/dist-packages/detection_interfaces/_detection_interfaces_s.ep.rosidl_typesupport_fastrtps_c.c
[2.592s] -- Up-to-date symlink: /userdata/BPU_bl_ws/install/detection_interfaces/local/lib/python3.10/dist-packages/detection_interfaces/_detection_interfaces_s.ep.rosidl_typesupport_introspection_c.c
[2.593s] -- Up-to-date symlink: /userdata/BPU_bl_ws/install/detection_interfaces/local/lib/python3.10/dist-packages/detection_interfaces/detection_interfaces_s__rosidl_typesupport_c.cpython-310-aarch64-linux-gnu.so
[2.594s] -- Up-to-date symlink: /userdata/BPU_bl_ws/install/detection_interfaces/local/lib/python3.10/dist-packages/detection_interfaces/detection_interfaces_s__rosidl_typesupport_fastrtps_c.cpython-310-aarch64-linux-gnu.so
[2.595s] -- Up-to-date symlink: /userdata/BPU_bl_ws/install/detection_interfaces/local/lib/python3.10/dist-packages/detection_interfaces/detection_interfaces_s__rosidl_typesupport_introspection_c.cpython-310-aarch64-linux-gnu.so
[2.595s] -- Up-to-date symlink: /userdata/BPU_bl_ws/install/detection_interfaces/local/lib/python3.10/dist-packages/detection_interfaces/libdetection_interfaces__rosidl_generator_py.so
[2.596s] -- Up-to-date symlink: /userdata/BPU_bl_ws/install/detection_interfaces/local/lib/python3.10/dist-packages/detection_interfaces/msg/__init__.py
[2.597s] -- Up-to-date symlink: /userdata/BPU_bl_ws/install/detection_interfaces/local/lib/python3.10/dist-packages/detection_interfaces/msg/_detection_array.py
[2.599s] -- Up-to-date symlink: /userdata/BPU_bl_ws/install/detection_interfaces/local/lib/python3.10/dist-packages/detection_interfaces/msg/_detection_array_s.c
[2.600s] -- Up-to-date symlink: /userdata/BPU_bl_ws/install/detection_interfaces/local/lib/python3.10/dist-packages/detection_interfaces/msg/_detection_result.py
[2.601s] -- Up-to-date symlink: /userdata/BPU_bl_ws/install/detection_interfaces/local/lib/python3.10/dist-packages/detection_interfaces/msg/_detection_result_s.c
[2.602s] -- Up-to-date symlink: /userdata/BPU_bl_ws/install/detection_interfaces/local/lib/python3.10/dist-packages/detection_interfaces/detection_interfaces_s__rosidl_typesupport_fastrtps_c.cpython-310-aarch64-linux-gnu.so
[2.603s] -- Up-to-date symlink: /userdata/BPU_bl_ws/install/detection_interfaces/local/lib/python3.10/dist-packages/detection_interfaces/detection_interfaces_s__rosidl_typesupport_introspection_c.cpython-310-aarch64-linux-gnu.so
[2.604s] -- Up-to-date symlink: /userdata/BPU_bl_ws/install/detection_interfaces/local/lib/python3.10/dist-packages/detection_interfaces/detection_interfaces_s__rosidl_typesupport_c.cpython-310-aarch64-linux-gnu.so
[2.605s] -- Up-to-date symlink: /userdata/BPU_bl_ws/install/detection_interfaces/share/ament_index/resource_index/rust_packages/detection_interfaces
[2.606s] -- Up-to-date symlink: /userdata/BPU_bl_ws/install/detection_interfaces/share/detection_interfaces/rust/Cargo.toml
[2.607s] -- Up-to-date symlink: /userdata/BPU_bl_ws/install/detection_interfaces/share/detection_interfaces/rust/build.rs
[2.608s] -- Up-to-date symlink: /userdata/BPU_bl_ws/install/detection_interfaces/share/detection_interfaces/rust/src/lib.rs
[2.609s] -- Up-to-date symlink: /userdata/BPU_bl_ws/install/detection_interfaces/share/detection_interfaces/rust/src/msg.rs
[2.610s] -- Up-to-date symlink: /userdata/BPU_bl_ws/install/detection_interfaces/share/detection_interfaces/rust/src/msg/rmw.rs
[2.611s] -- Up-to-date symlink: /userdata/BPU_bl_ws/install/detection_interfaces/share/detection_interfaces/msg/DetectionResult.idl
[2.611s] -- Up-to-date symlink: /userdata/BPU_bl_ws/install/detection_interfaces/share/detection_interfaces/msg/DetectionArray.idl
[2.612s] -- Up-to-date symlink: /userdata/BPU_bl_ws/install/detection_interfaces/share/detection_interfaces/msg/DetectionResult.msg
[2.612s] -- Up-to-date symlink: /userdata/BPU_bl_ws/install/detection_interfaces/share/detection_interfaces/msg/DetectionArray.msg
[2.613s] -- Up-to-date symlink: /userdata/BPU_bl_ws/install/detection_interfaces/share/ament_index/resource_index/package_run_dependencies/detection_interfaces
[2.613s] -- Up-to-date symlink: /userdata/BPU_bl_ws/install/detection_interfaces/share/ament_index/resource_index/parent_prefix_path/detection_interfaces
[2.614s] -- Up-to-date symlink: /userdata/BPU_bl_ws/install/detection_interfaces/share/detection_interfaces/environment/ament_prefix_path.sh
[2.614s] -- Up-to-date symlink: /userdata/BPU_bl_ws/install/detection_interfaces/share/detection_interfaces/environment/ament_prefix_path.dsv
[2.615s] -- Up-to-date symlink: /userdata/BPU_bl_ws/install/detection_interfaces/share/detection_interfaces/environment/path.sh
[2.615s] -- Up-to-date symlink: /userdata/BPU_bl_ws/install/detection_interfaces/share/detection_interfaces/environment/path.dsv
[2.616s] -- Up-to-date symlink: /userdata/BPU_bl_ws/install/detection_interfaces/share/detection_interfaces/local_setup.bash
[2.616s] -- Up-to-date symlink: /userdata/BPU_bl_ws/install/detection_interfaces/share/detection_interfaces/local_setup.sh
[2.617s] -- Up-to-date symlink: /userdata/BPU_bl_ws/install/detection_interfaces/share/detection_interfaces/local_setup.zsh
[2.617s] -- Up-to-date symlink: /userdata/BPU_bl_ws/install/detection_interfaces/share/detection_interfaces/local_setup.dsv
[2.618s] -- Symlinking: /userdata/BPU_bl_ws/install/detection_interfaces/share/detection_interfaces/package.dsv
[2.654s] -- Up-to-date symlink: /userdata/BPU_bl_ws/install/detection_interfaces/share/ament_index/resource_index/packages/detection_interfaces
[2.655s] -- Up-to-date symlink: /userdata/BPU_bl_ws/install/detection_interfaces/share/detection_interfaces/cmake/rosidl_cmake-extras.cmake
[2.657s] -- Up-to-date symlink: /userdata/BPU_bl_ws/install/detection_interfaces/share/detection_interfaces/cmake/ament_cmake_export_dependencies-extras.cmake
[2.658s] -- Up-to-date symlink: /userdata/BPU_bl_ws/install/detection_interfaces/share/detection_interfaces/cmake/ament_cmake_export_include_directories-extras.cmake
[2.660s] -- Up-to-date symlink: /userdata/BPU_bl_ws/install/detection_interfaces/share/detection_interfaces/cmake/ament_cmake_export_libraries-extras.cmake
[2.661s] -- Up-to-date symlink: /userdata/BPU_bl_ws/install/detection_interfaces/share/detection_interfaces/cmake/ament_cmake_export_targets-extras.cmake
[2.662s] -- Up-to-date symlink: /userdata/BPU_bl_ws/install/detection_interfaces/share/detection_interfaces/cmake/rosidl_cmake_export_typesupport_targets-extras.cmake
[2.663s] -- Up-to-date symlink: /userdata/BPU_bl_ws/install/detection_interfaces/share/detection_interfaces/cmake/rosidl_cmake_export_typesupport_libraries-extras.cmake
[2.664s] -- Up-to-date symlink: /userdata/BPU_bl_ws/install/detection_interfaces/share/detection_interfaces/cmake/detection_interfacesConfig.cmake
[2.665s] -- Up-to-date symlink: /userdata/BPU_bl_ws/install/detection_interfaces/share/detection_interfaces/cmake/detection_interfacesConfig-version.cmake
[2.666s] -- Up-to-date symlink: /userdata/BPU_bl_ws/install/detection_interfaces/share/detection_interfaces/package.xml
[2.666s] -- Up-to-date: /userdata/BPU_bl_ws/install/detection_interfaces/lib/libdetection_interfaces__rosidl_generator_c.so
[2.667s] -- Up-to-date: /userdata/BPU_bl_ws/install/detection_interfaces/lib/libdetection_interfaces__rosidl_typesupport_fastrtps_c.so
[2.668s] -- Up-to-date: /userdata/BPU_bl_ws/install/detection_interfaces/lib/libdetection_interfaces__rosidl_typesupport_fastrtps_cpp.so
[2.669s] -- Up-to-date: /userdata/BPU_bl_ws/install/detection_interfaces/lib/libdetection_interfaces__rosidl_typesupport_introspection_c.so
[2.669s] -- Up-to-date: /userdata/BPU_bl_ws/install/detection_interfaces/lib/libdetection_interfaces__rosidl_typesupport_c.so
[2.670s] -- Up-to-date: /userdata/BPU_bl_ws/install/detection_interfaces/lib/libdetection_interfaces__rosidl_typesupport_introspection_cpp.so
[2.670s] -- Up-to-date: /userdata/BPU_bl_ws/install/detection_interfaces/lib/libdetection_interfaces__rosidl_typesupport_cpp.so
[2.878s] Listing '/userdata/BPU_bl_ws/install/detection_interfaces/local/lib/python3.10/dist-packages/detection_interfaces'...
[2.879s] Listing '/userdata/BPU_bl_ws/install/detection_interfaces/local/lib/python3.10/dist-packages/detection_interfaces/msg'...
[2.918s] -- Up-to-date: /userdata/BPU_bl_ws/install/detection_interfaces/lib/libdetection_interfaces__rosidl_generator_py.so
[2.920s] -- Up-to-date: /userdata/BPU_bl_ws/install/detection_interfaces/share/detection_interfaces/cmake/export_detection_interfaces__rosidl_generator_cExport.cmake
[2.923s] -- Up-to-date: /userdata/BPU_bl_ws/install/detection_interfaces/share/detection_interfaces/cmake/export_detection_interfaces__rosidl_generator_cExport-noconfig.cmake
[2.926s] -- Up-to-date: /userdata/BPU_bl_ws/install/detection_interfaces/share/detection_interfaces/cmake/export_detection_interfaces__rosidl_typesupport_fastrtps_cExport.cmake
[2.927s] -- Up-to-date: /userdata/BPU_bl_ws/install/detection_interfaces/share/detection_interfaces/cmake/export_detection_interfaces__rosidl_typesupport_fastrtps_cExport-noconfig.cmake
[2.928s] -- Up-to-date: /userdata/BPU_bl_ws/install/detection_interfaces/share/detection_interfaces/cmake/export_detection_interfaces__rosidl_generator_cppExport.cmake
[2.928s] -- Up-to-date: /userdata/BPU_bl_ws/install/detection_interfaces/share/detection_interfaces/cmake/export_detection_interfaces__rosidl_typesupport_fastrtps_cppExport.cmake
[2.929s] -- Up-to-date: /userdata/BPU_bl_ws/install/detection_interfaces/share/detection_interfaces/cmake/export_detection_interfaces__rosidl_typesupport_fastrtps_cppExport-noconfig.cmake
[2.930s] -- Up-to-date: /userdata/BPU_bl_ws/install/detection_interfaces/share/detection_interfaces/cmake/detection_interfaces__rosidl_typesupport_introspection_cExport.cmake
[2.930s] -- Up-to-date: /userdata/BPU_bl_ws/install/detection_interfaces/share/detection_interfaces/cmake/detection_interfaces__rosidl_typesupport_introspection_cExport-noconfig.cmake
[2.931s] -- Up-to-date: /userdata/BPU_bl_ws/install/detection_interfaces/share/detection_interfaces/cmake/detection_interfaces__rosidl_typesupport_cExport.cmake
[2.932s] -- Up-to-date: /userdata/BPU_bl_ws/install/detection_interfaces/share/detection_interfaces/cmake/detection_interfaces__rosidl_typesupport_cExport-noconfig.cmake
[2.932s] -- Up-to-date: /userdata/BPU_bl_ws/install/detection_interfaces/share/detection_interfaces/cmake/detection_interfaces__rosidl_typesupport_introspection_cppExport.cmake
[2.933s] -- Up-to-date: /userdata/BPU_bl_ws/install/detection_interfaces/share/detection_interfaces/cmake/detection_interfaces__rosidl_typesupport_introspection_cppExport-noconfig.cmake
[2.933s] -- Up-to-date: /userdata/BPU_bl_ws/install/detection_interfaces/share/detection_interfaces/cmake/detection_interfaces__rosidl_typesupport_cppExport.cmake
[2.935s] -- Up-to-date: /userdata/BPU_bl_ws/install/detection_interfaces/share/detection_interfaces/cmake/detection_interfaces__rosidl_typesupport_cppExport-noconfig.cmake
[2.937s] -- Up-to-date: /userdata/BPU_bl_ws/install/detection_interfaces/share/detection_interfaces/cmake/export_detection_interfaces__rosidl_generator_pyExport.cmake
[2.939s] -- Up-to-date: /userdata/BPU_bl_ws/install/detection_interfaces/share/detection_interfaces/cmake/export_detection_interfaces__rosidl_generator_pyExport-noconfig.cmake
[2.940s] Invoked command in '/userdata/BPU_bl_ws/build/detection_interfaces' returned '0': CMAKE_PREFIX_PATH=${CMAKE_PREFIX_PATH}:/userdata/dev_ws/install/line_follower_pkg:/opt/tros/humble:/opt/ros/humble /usr/bin/cmake --install /userdata/BPU_bl_ws/build/detection_interfaces
