[0.742s] DEBUG:colcon:Command line arguments: ['/usr/bin/colcon', 'build', '--symlink-install', '--packages-select', 'bpu_bringup', 'utils']
[0.742s] DEBUG:colcon:Parsed command line arguments: Namespace(log_base=None, log_level=None, verb_name='build', build_base='build', install_base='install', merge_install=False, symlink_install=True, test_result_base=None, continue_on_error=False, executor='parallel', parallel_workers=8, event_handlers=None, ignore_user_meta=False, metas=['./colcon.meta'], base_paths=['.'], packages_ignore=None, packages_ignore_regex=None, paths=None, packages_up_to=None, packages_up_to_regex=None, packages_above=None, packages_above_and_dependencies=None, packages_above_depth=None, packages_select_by_dep=None, packages_skip_by_dep=None, packages_skip_up_to=None, packages_select_build_failed=False, packages_skip_build_finished=False, packages_select_test_failures=False, packages_skip_test_passed=False, packages_select=['bpu_bringup', 'utils'], packages_skip=None, packages_select_regex=None, packages_skip_regex=None, packages_start=None, packages_end=None, allow_overriding=[], cmake_args=None, cmake_target=None, cmake_target_skip_unavailable=False, cmake_clean_cache=False, cmake_clean_first=False, cmake_force_configure=False, ament_cmake_args=None, catkin_cmake_args=None, catkin_skip_building_tests=False, verb_parser=<colcon_defaults.argument_parser.defaults.DefaultArgumentsDecorator object at 0xffff95164d30>, verb_extension=<colcon_core.verb.build.BuildVerb object at 0xffff95164820>, main=<bound method BuildVerb.main of <colcon_core.verb.build.BuildVerb object at 0xffff95164820>>)
[1.992s] Level 1:colcon.colcon_core.package_discovery:discover_packages(colcon_meta) check parameters
[1.993s] Level 1:colcon.colcon_core.package_discovery:discover_packages(recursive) check parameters
[1.993s] Level 1:colcon.colcon_core.package_discovery:discover_packages(ignore) check parameters
[1.993s] Level 1:colcon.colcon_core.package_discovery:discover_packages(path) check parameters
[1.994s] Level 1:colcon.colcon_core.package_discovery:discover_packages(colcon_meta) discover
[1.994s] Level 1:colcon.colcon_core.package_discovery:discover_packages(recursive) discover
[1.994s] INFO:colcon.colcon_core.package_discovery:Crawling recursively for packages in '/userdata/BPU_bl_ws'
[1.995s] Level 1:colcon.colcon_core.package_identification:_identify(.) by extensions ['ignore', 'ignore_ament_install']
[1.995s] Level 1:colcon.colcon_core.package_identification:_identify(.) by extension 'ignore'
[1.995s] Level 1:colcon.colcon_core.package_identification:_identify(.) by extension 'ignore_ament_install'
[1.996s] Level 1:colcon.colcon_core.package_identification:_identify(.) by extensions ['colcon_pkg']
[1.996s] Level 1:colcon.colcon_core.package_identification:_identify(.) by extension 'colcon_pkg'
[1.996s] Level 1:colcon.colcon_core.package_identification:_identify(.) by extensions ['colcon_meta']
[1.997s] Level 1:colcon.colcon_core.package_identification:_identify(.) by extension 'colcon_meta'
[1.997s] Level 1:colcon.colcon_core.package_identification:_identify(.) by extensions ['ros']
[1.997s] Level 1:colcon.colcon_core.package_identification:_identify(.) by extension 'ros'
[2.069s] Level 1:colcon.colcon_core.package_identification:_identify(.) by extensions ['cmake', 'python']
[2.070s] Level 1:colcon.colcon_core.package_identification:_identify(.) by extension 'cmake'
[2.070s] Level 1:colcon.colcon_core.package_identification:_identify(.) by extension 'python'
[2.071s] Level 1:colcon.colcon_core.package_identification:_identify(.) by extensions ['python_setup_py']
[2.071s] Level 1:colcon.colcon_core.package_identification:_identify(.) by extension 'python_setup_py'
[2.072s] Level 1:colcon.colcon_core.package_identification:_identify(build) by extensions ['ignore', 'ignore_ament_install']
[2.072s] Level 1:colcon.colcon_core.package_identification:_identify(build) by extension 'ignore'
[2.073s] Level 1:colcon.colcon_core.package_identification:_identify(build) ignored
[2.074s] Level 1:colcon.colcon_core.package_identification:_identify(install) by extensions ['ignore', 'ignore_ament_install']
[2.075s] Level 1:colcon.colcon_core.package_identification:_identify(install) by extension 'ignore'
[2.075s] Level 1:colcon.colcon_core.package_identification:_identify(install) ignored
[2.076s] Level 1:colcon.colcon_core.package_identification:_identify(log) by extensions ['ignore', 'ignore_ament_install']
[2.076s] Level 1:colcon.colcon_core.package_identification:_identify(log) by extension 'ignore'
[2.077s] Level 1:colcon.colcon_core.package_identification:_identify(log) ignored
[2.077s] Level 1:colcon.colcon_core.package_identification:_identify(src) by extensions ['ignore', 'ignore_ament_install']
[2.078s] Level 1:colcon.colcon_core.package_identification:_identify(src) by extension 'ignore'
[2.078s] Level 1:colcon.colcon_core.package_identification:_identify(src) by extension 'ignore_ament_install'
[2.079s] Level 1:colcon.colcon_core.package_identification:_identify(src) by extensions ['colcon_pkg']
[2.079s] Level 1:colcon.colcon_core.package_identification:_identify(src) by extension 'colcon_pkg'
[2.080s] Level 1:colcon.colcon_core.package_identification:_identify(src) by extensions ['colcon_meta']
[2.080s] Level 1:colcon.colcon_core.package_identification:_identify(src) by extension 'colcon_meta'
[2.080s] Level 1:colcon.colcon_core.package_identification:_identify(src) by extensions ['ros']
[2.080s] Level 1:colcon.colcon_core.package_identification:_identify(src) by extension 'ros'
[2.081s] Level 1:colcon.colcon_core.package_identification:_identify(src) by extensions ['cmake', 'python']
[2.081s] Level 1:colcon.colcon_core.package_identification:_identify(src) by extension 'cmake'
[2.081s] Level 1:colcon.colcon_core.package_identification:_identify(src) by extension 'python'
[2.082s] Level 1:colcon.colcon_core.package_identification:_identify(src) by extensions ['python_setup_py']
[2.082s] Level 1:colcon.colcon_core.package_identification:_identify(src) by extension 'python_setup_py'
[2.083s] Level 1:colcon.colcon_core.package_identification:_identify(src/bpu_bringup) by extensions ['ignore', 'ignore_ament_install']
[2.083s] Level 1:colcon.colcon_core.package_identification:_identify(src/bpu_bringup) by extension 'ignore'
[2.084s] Level 1:colcon.colcon_core.package_identification:_identify(src/bpu_bringup) by extension 'ignore_ament_install'
[2.084s] Level 1:colcon.colcon_core.package_identification:_identify(src/bpu_bringup) by extensions ['colcon_pkg']
[2.084s] Level 1:colcon.colcon_core.package_identification:_identify(src/bpu_bringup) by extension 'colcon_pkg'
[2.085s] Level 1:colcon.colcon_core.package_identification:_identify(src/bpu_bringup) by extensions ['colcon_meta']
[2.085s] Level 1:colcon.colcon_core.package_identification:_identify(src/bpu_bringup) by extension 'colcon_meta'
[2.085s] Level 1:colcon.colcon_core.package_identification:_identify(src/bpu_bringup) by extensions ['ros']
[2.086s] Level 1:colcon.colcon_core.package_identification:_identify(src/bpu_bringup) by extension 'ros'
[2.102s] DEBUG:colcon.colcon_core.package_identification:Package 'src/bpu_bringup' with type 'ros.ament_cmake' and name 'bpu_bringup'
[2.103s] Level 1:colcon.colcon_core.package_identification:_identify(src/utils) by extensions ['ignore', 'ignore_ament_install']
[2.104s] Level 1:colcon.colcon_core.package_identification:_identify(src/utils) by extension 'ignore'
[2.104s] Level 1:colcon.colcon_core.package_identification:_identify(src/utils) by extension 'ignore_ament_install'
[2.105s] Level 1:colcon.colcon_core.package_identification:_identify(src/utils) by extensions ['colcon_pkg']
[2.105s] Level 1:colcon.colcon_core.package_identification:_identify(src/utils) by extension 'colcon_pkg'
[2.105s] Level 1:colcon.colcon_core.package_identification:_identify(src/utils) by extensions ['colcon_meta']
[2.106s] Level 1:colcon.colcon_core.package_identification:_identify(src/utils) by extension 'colcon_meta'
[2.106s] Level 1:colcon.colcon_core.package_identification:_identify(src/utils) by extensions ['ros']
[2.106s] Level 1:colcon.colcon_core.package_identification:_identify(src/utils) by extension 'ros'
[2.112s] DEBUG:colcon.colcon_core.package_identification:Package 'src/utils' with type 'ros.ament_cmake' and name 'utils'
[2.113s] Level 1:colcon.colcon_core.package_discovery:discover_packages(recursive) using defaults
[2.114s] Level 1:colcon.colcon_core.package_discovery:discover_packages(ignore) discover
[2.114s] Level 1:colcon.colcon_core.package_discovery:discover_packages(ignore) using defaults
[2.114s] Level 1:colcon.colcon_core.package_discovery:discover_packages(path) discover
[2.114s] Level 1:colcon.colcon_core.package_discovery:discover_packages(path) using defaults
[2.249s] Level 1:colcon.colcon_core.package_discovery:discover_packages(prefix_path) check parameters
[2.249s] Level 1:colcon.colcon_core.package_discovery:discover_packages(prefix_path) discover
[2.346s] DEBUG:colcon.colcon_installed_package_information.package_discovery:Found 8 installed packages in /userdata/dev_ws/install
[2.349s] DEBUG:colcon.colcon_installed_package_information.package_discovery:Found 49 installed packages in /opt/tros/humble
[2.360s] DEBUG:colcon.colcon_installed_package_information.package_discovery:Found 289 installed packages in /opt/ros/humble
[2.373s] Level 1:colcon.colcon_core.package_discovery:discover_packages(prefix_path) using defaults
[2.702s] Level 5:colcon.colcon_core.verb:set package 'bpu_bringup' build argument 'cmake_args' from command line to 'None'
[2.702s] Level 5:colcon.colcon_core.verb:set package 'bpu_bringup' build argument 'cmake_target' from command line to 'None'
[2.703s] Level 5:colcon.colcon_core.verb:set package 'bpu_bringup' build argument 'cmake_target_skip_unavailable' from command line to 'False'
[2.703s] Level 5:colcon.colcon_core.verb:set package 'bpu_bringup' build argument 'cmake_clean_cache' from command line to 'False'
[2.703s] Level 5:colcon.colcon_core.verb:set package 'bpu_bringup' build argument 'cmake_clean_first' from command line to 'False'
[2.703s] Level 5:colcon.colcon_core.verb:set package 'bpu_bringup' build argument 'cmake_force_configure' from command line to 'False'
[2.703s] Level 5:colcon.colcon_core.verb:set package 'bpu_bringup' build argument 'ament_cmake_args' from command line to 'None'
[2.704s] Level 5:colcon.colcon_core.verb:set package 'bpu_bringup' build argument 'catkin_cmake_args' from command line to 'None'
[2.704s] Level 5:colcon.colcon_core.verb:set package 'bpu_bringup' build argument 'catkin_skip_building_tests' from command line to 'False'
[2.704s] DEBUG:colcon.colcon_core.verb:Building package 'bpu_bringup' with the following arguments: {'ament_cmake_args': None, 'build_base': '/userdata/BPU_bl_ws/build/bpu_bringup', 'catkin_cmake_args': None, 'catkin_skip_building_tests': False, 'cmake_args': None, 'cmake_clean_cache': False, 'cmake_clean_first': False, 'cmake_force_configure': False, 'cmake_target': None, 'cmake_target_skip_unavailable': False, 'install_base': '/userdata/BPU_bl_ws/install/bpu_bringup', 'merge_install': False, 'path': '/userdata/BPU_bl_ws/src/bpu_bringup', 'symlink_install': True, 'test_result_base': None}
[2.707s] Level 5:colcon.colcon_core.verb:set package 'utils' build argument 'cmake_args' from command line to 'None'
[2.707s] Level 5:colcon.colcon_core.verb:set package 'utils' build argument 'cmake_target' from command line to 'None'
[2.707s] Level 5:colcon.colcon_core.verb:set package 'utils' build argument 'cmake_target_skip_unavailable' from command line to 'False'
[2.707s] Level 5:colcon.colcon_core.verb:set package 'utils' build argument 'cmake_clean_cache' from command line to 'False'
[2.708s] Level 5:colcon.colcon_core.verb:set package 'utils' build argument 'cmake_clean_first' from command line to 'False'
[2.708s] Level 5:colcon.colcon_core.verb:set package 'utils' build argument 'cmake_force_configure' from command line to 'False'
[2.708s] Level 5:colcon.colcon_core.verb:set package 'utils' build argument 'ament_cmake_args' from command line to 'None'
[2.708s] Level 5:colcon.colcon_core.verb:set package 'utils' build argument 'catkin_cmake_args' from command line to 'None'
[2.708s] Level 5:colcon.colcon_core.verb:set package 'utils' build argument 'catkin_skip_building_tests' from command line to 'False'
[2.709s] DEBUG:colcon.colcon_core.verb:Building package 'utils' with the following arguments: {'ament_cmake_args': None, 'build_base': '/userdata/BPU_bl_ws/build/utils', 'catkin_cmake_args': None, 'catkin_skip_building_tests': False, 'cmake_args': None, 'cmake_clean_cache': False, 'cmake_clean_first': False, 'cmake_force_configure': False, 'cmake_target': None, 'cmake_target_skip_unavailable': False, 'install_base': '/userdata/BPU_bl_ws/install/utils', 'merge_install': False, 'path': '/userdata/BPU_bl_ws/src/utils', 'symlink_install': True, 'test_result_base': None}
[2.710s] INFO:colcon.colcon_core.executor:Executing jobs using 'parallel' executor
[2.715s] DEBUG:colcon.colcon_parallel_executor.executor.parallel:run_until_complete
[2.716s] INFO:colcon.colcon_ros.task.ament_cmake.build:Building ROS package in '/userdata/BPU_bl_ws/src/bpu_bringup' with build type 'ament_cmake'
[2.716s] INFO:colcon.colcon_cmake.task.cmake.build:Building CMake package in '/userdata/BPU_bl_ws/src/bpu_bringup'
[2.728s] INFO:colcon.colcon_core.plugin_system:Skipping extension 'colcon_core.shell.bat': Not used on non-Windows systems
[2.730s] INFO:colcon.colcon_core.shell:Skip shell extension 'powershell' for command environment: Not usable outside of PowerShell
[2.730s] DEBUG:colcon.colcon_core.shell:Skip shell extension 'dsv' for command environment
[2.754s] INFO:colcon.colcon_ros.task.ament_cmake.build:Building ROS package in '/userdata/BPU_bl_ws/src/utils' with build type 'ament_cmake'
[2.755s] INFO:colcon.colcon_cmake.task.cmake.build:Building CMake package in '/userdata/BPU_bl_ws/src/utils'
[2.757s] INFO:colcon.colcon_core.shell:Skip shell extension 'powershell' for command environment: Not usable outside of PowerShell
[2.757s] DEBUG:colcon.colcon_core.shell:Skip shell extension 'dsv' for command environment
[2.802s] DEBUG:colcon.colcon_core.event_handler.log_command:Invoking command in '/userdata/BPU_bl_ws/build/bpu_bringup': CMAKE_PREFIX_PATH=${CMAKE_PREFIX_PATH}:/userdata/dev_ws/install/line_follower_pkg:/opt/tros/humble:/opt/ros/humble /usr/bin/cmake /userdata/BPU_bl_ws/src/bpu_bringup -DAMENT_CMAKE_SYMLINK_INSTALL=1 -DCMAKE_INSTALL_PREFIX=/userdata/BPU_bl_ws/install/bpu_bringup
[2.813s] DEBUG:colcon.colcon_core.event_handler.log_command:Invoking command in '/userdata/BPU_bl_ws/build/utils': CMAKE_PREFIX_PATH=${CMAKE_PREFIX_PATH}:/userdata/dev_ws/install/line_follower_pkg:/opt/tros/humble:/opt/ros/humble /usr/bin/cmake /userdata/BPU_bl_ws/src/utils -DAMENT_CMAKE_SYMLINK_INSTALL=1 -DCMAKE_INSTALL_PREFIX=/userdata/BPU_bl_ws/install/utils
[9.669s] DEBUG:colcon.colcon_core.event_handler.log_command:Invoked command in '/userdata/BPU_bl_ws/build/bpu_bringup' returned '0': CMAKE_PREFIX_PATH=${CMAKE_PREFIX_PATH}:/userdata/dev_ws/install/line_follower_pkg:/opt/tros/humble:/opt/ros/humble /usr/bin/cmake /userdata/BPU_bl_ws/src/bpu_bringup -DAMENT_CMAKE_SYMLINK_INSTALL=1 -DCMAKE_INSTALL_PREFIX=/userdata/BPU_bl_ws/install/bpu_bringup
[9.678s] DEBUG:colcon.colcon_core.event_handler.log_command:Invoking command in '/userdata/BPU_bl_ws/build/bpu_bringup': CMAKE_PREFIX_PATH=${CMAKE_PREFIX_PATH}:/userdata/dev_ws/install/line_follower_pkg:/opt/tros/humble:/opt/ros/humble /usr/bin/cmake --build /userdata/BPU_bl_ws/build/bpu_bringup -- -j8 -l8
[9.842s] DEBUG:colcon.colcon_core.event_handler.log_command:Invoked command in '/userdata/BPU_bl_ws/build/bpu_bringup' returned '0': CMAKE_PREFIX_PATH=${CMAKE_PREFIX_PATH}:/userdata/dev_ws/install/line_follower_pkg:/opt/tros/humble:/opt/ros/humble /usr/bin/cmake --build /userdata/BPU_bl_ws/build/bpu_bringup -- -j8 -l8
[9.889s] DEBUG:colcon.colcon_core.event_handler.log_command:Invoking command in '/userdata/BPU_bl_ws/build/bpu_bringup': CMAKE_PREFIX_PATH=${CMAKE_PREFIX_PATH}:/userdata/dev_ws/install/line_follower_pkg:/opt/tros/humble:/opt/ros/humble /usr/bin/cmake --install /userdata/BPU_bl_ws/build/bpu_bringup
[10.543s] Level 1:colcon.colcon_core.environment:create_environment_scripts_only(bpu_bringup)
[10.545s] DEBUG:colcon.colcon_core.event_handler.log_command:Invoked command in '/userdata/BPU_bl_ws/build/bpu_bringup' returned '0': CMAKE_PREFIX_PATH=${CMAKE_PREFIX_PATH}:/userdata/dev_ws/install/line_follower_pkg:/opt/tros/humble:/opt/ros/humble /usr/bin/cmake --install /userdata/BPU_bl_ws/build/bpu_bringup
[10.561s] Level 1:colcon.colcon_core.environment:checking '/userdata/BPU_bl_ws/install/bpu_bringup' for CMake module files
[10.565s] Level 1:colcon.colcon_core.environment:checking '/userdata/BPU_bl_ws/install/bpu_bringup' for CMake config files
[10.566s] Level 1:colcon.colcon_core.shell:create_environment_hook('bpu_bringup', 'cmake_prefix_path')
[10.568s] INFO:colcon.colcon_core.shell:Creating environment hook '/userdata/BPU_bl_ws/install/bpu_bringup/share/bpu_bringup/hook/cmake_prefix_path.ps1'
[10.571s] INFO:colcon.colcon_core.shell:Creating environment descriptor '/userdata/BPU_bl_ws/install/bpu_bringup/share/bpu_bringup/hook/cmake_prefix_path.dsv'
[10.574s] INFO:colcon.colcon_core.shell:Creating environment hook '/userdata/BPU_bl_ws/install/bpu_bringup/share/bpu_bringup/hook/cmake_prefix_path.sh'
[10.579s] Level 1:colcon.colcon_core.environment:checking '/userdata/BPU_bl_ws/install/bpu_bringup/bin'
[10.580s] Level 1:colcon.colcon_core.environment:checking '/userdata/BPU_bl_ws/install/bpu_bringup/lib/pkgconfig/bpu_bringup.pc'
[10.581s] Level 1:colcon.colcon_core.environment:checking '/userdata/BPU_bl_ws/install/bpu_bringup/lib/python3.10/site-packages'
[10.582s] Level 1:colcon.colcon_core.environment:checking '/userdata/BPU_bl_ws/install/bpu_bringup/bin'
[10.584s] INFO:colcon.colcon_core.shell:Creating package script '/userdata/BPU_bl_ws/install/bpu_bringup/share/bpu_bringup/package.ps1'
[10.589s] INFO:colcon.colcon_core.shell:Creating package descriptor '/userdata/BPU_bl_ws/install/bpu_bringup/share/bpu_bringup/package.dsv'
[10.592s] INFO:colcon.colcon_core.shell:Creating package script '/userdata/BPU_bl_ws/install/bpu_bringup/share/bpu_bringup/package.sh'
[10.597s] INFO:colcon.colcon_core.shell:Creating package script '/userdata/BPU_bl_ws/install/bpu_bringup/share/bpu_bringup/package.bash'
[10.601s] INFO:colcon.colcon_core.shell:Creating package script '/userdata/BPU_bl_ws/install/bpu_bringup/share/bpu_bringup/package.zsh'
[10.606s] Level 1:colcon.colcon_core.environment:create_file_with_runtime_dependencies(/userdata/BPU_bl_ws/install/bpu_bringup/share/colcon-core/packages/bpu_bringup)
[10.610s] Level 1:colcon.colcon_core.environment:create_environment_scripts_only(bpu_bringup)
[10.611s] Level 1:colcon.colcon_core.environment:checking '/userdata/BPU_bl_ws/install/bpu_bringup' for CMake module files
[10.615s] Level 1:colcon.colcon_core.environment:checking '/userdata/BPU_bl_ws/install/bpu_bringup' for CMake config files
[10.616s] Level 1:colcon.colcon_core.shell:create_environment_hook('bpu_bringup', 'cmake_prefix_path')
[10.618s] INFO:colcon.colcon_core.shell:Creating environment hook '/userdata/BPU_bl_ws/install/bpu_bringup/share/bpu_bringup/hook/cmake_prefix_path.ps1'
[10.621s] INFO:colcon.colcon_core.shell:Creating environment descriptor '/userdata/BPU_bl_ws/install/bpu_bringup/share/bpu_bringup/hook/cmake_prefix_path.dsv'
[10.624s] INFO:colcon.colcon_core.shell:Creating environment hook '/userdata/BPU_bl_ws/install/bpu_bringup/share/bpu_bringup/hook/cmake_prefix_path.sh'
[10.627s] Level 1:colcon.colcon_core.environment:checking '/userdata/BPU_bl_ws/install/bpu_bringup/bin'
[10.628s] Level 1:colcon.colcon_core.environment:checking '/userdata/BPU_bl_ws/install/bpu_bringup/lib/pkgconfig/bpu_bringup.pc'
[10.629s] Level 1:colcon.colcon_core.environment:checking '/userdata/BPU_bl_ws/install/bpu_bringup/lib/python3.10/site-packages'
[10.631s] Level 1:colcon.colcon_core.environment:checking '/userdata/BPU_bl_ws/install/bpu_bringup/bin'
[10.633s] INFO:colcon.colcon_core.shell:Creating package script '/userdata/BPU_bl_ws/install/bpu_bringup/share/bpu_bringup/package.ps1'
[10.636s] INFO:colcon.colcon_core.shell:Creating package descriptor '/userdata/BPU_bl_ws/install/bpu_bringup/share/bpu_bringup/package.dsv'
[10.639s] INFO:colcon.colcon_core.shell:Creating package script '/userdata/BPU_bl_ws/install/bpu_bringup/share/bpu_bringup/package.sh'
[10.641s] INFO:colcon.colcon_core.shell:Creating package script '/userdata/BPU_bl_ws/install/bpu_bringup/share/bpu_bringup/package.bash'
[10.645s] INFO:colcon.colcon_core.shell:Creating package script '/userdata/BPU_bl_ws/install/bpu_bringup/share/bpu_bringup/package.zsh'
[10.648s] Level 1:colcon.colcon_core.environment:create_file_with_runtime_dependencies(/userdata/BPU_bl_ws/install/bpu_bringup/share/colcon-core/packages/bpu_bringup)
[12.874s] DEBUG:colcon.colcon_core.event_handler.log_command:Invoked command in '/userdata/BPU_bl_ws/build/utils' returned '0': CMAKE_PREFIX_PATH=${CMAKE_PREFIX_PATH}:/userdata/dev_ws/install/line_follower_pkg:/opt/tros/humble:/opt/ros/humble /usr/bin/cmake /userdata/BPU_bl_ws/src/utils -DAMENT_CMAKE_SYMLINK_INSTALL=1 -DCMAKE_INSTALL_PREFIX=/userdata/BPU_bl_ws/install/utils
[12.885s] DEBUG:colcon.colcon_core.event_handler.log_command:Invoking command in '/userdata/BPU_bl_ws/build/utils': CMAKE_PREFIX_PATH=${CMAKE_PREFIX_PATH}:/userdata/dev_ws/install/line_follower_pkg:/opt/tros/humble:/opt/ros/humble /usr/bin/cmake --build /userdata/BPU_bl_ws/build/utils -- -j8 -l8
[76.462s] DEBUG:colcon.colcon_core.event_handler.log_command:Invoked command in '/userdata/BPU_bl_ws/build/utils' returned '0': CMAKE_PREFIX_PATH=${CMAKE_PREFIX_PATH}:/userdata/dev_ws/install/line_follower_pkg:/opt/tros/humble:/opt/ros/humble /usr/bin/cmake --build /userdata/BPU_bl_ws/build/utils -- -j8 -l8
[76.468s] DEBUG:colcon.colcon_core.event_handler.log_command:Invoking command in '/userdata/BPU_bl_ws/build/utils': CMAKE_PREFIX_PATH=${CMAKE_PREFIX_PATH}:/userdata/dev_ws/install/line_follower_pkg:/opt/tros/humble:/opt/ros/humble /usr/bin/cmake --install /userdata/BPU_bl_ws/build/utils
[77.205s] Level 1:colcon.colcon_core.environment:create_environment_scripts_only(utils)
[77.210s] Level 1:colcon.colcon_core.environment:checking '/userdata/BPU_bl_ws/install/utils' for CMake module files
[77.215s] DEBUG:colcon.colcon_core.event_handler.log_command:Invoked command in '/userdata/BPU_bl_ws/build/utils' returned '0': CMAKE_PREFIX_PATH=${CMAKE_PREFIX_PATH}:/userdata/dev_ws/install/line_follower_pkg:/opt/tros/humble:/opt/ros/humble /usr/bin/cmake --install /userdata/BPU_bl_ws/build/utils
[77.219s] Level 1:colcon.colcon_core.environment:checking '/userdata/BPU_bl_ws/install/utils' for CMake config files
[77.222s] Level 1:colcon.colcon_core.shell:create_environment_hook('utils', 'cmake_prefix_path')
[77.225s] INFO:colcon.colcon_core.shell:Creating environment hook '/userdata/BPU_bl_ws/install/utils/share/utils/hook/cmake_prefix_path.ps1'
[77.227s] INFO:colcon.colcon_core.shell:Creating environment descriptor '/userdata/BPU_bl_ws/install/utils/share/utils/hook/cmake_prefix_path.dsv'
[77.230s] INFO:colcon.colcon_core.shell:Creating environment hook '/userdata/BPU_bl_ws/install/utils/share/utils/hook/cmake_prefix_path.sh'
[77.233s] Level 1:colcon.colcon_core.environment:checking '/userdata/BPU_bl_ws/install/utils/lib'
[77.234s] Level 1:colcon.colcon_core.environment:checking '/userdata/BPU_bl_ws/install/utils/bin'
[77.235s] Level 1:colcon.colcon_core.environment:checking '/userdata/BPU_bl_ws/install/utils/lib/pkgconfig/utils.pc'
[77.236s] Level 1:colcon.colcon_core.environment:checking '/userdata/BPU_bl_ws/install/utils/lib/python3.10/site-packages'
[77.238s] Level 1:colcon.colcon_core.environment:checking '/userdata/BPU_bl_ws/install/utils/bin'
[77.241s] INFO:colcon.colcon_core.shell:Creating package script '/userdata/BPU_bl_ws/install/utils/share/utils/package.ps1'
[77.246s] INFO:colcon.colcon_core.shell:Creating package descriptor '/userdata/BPU_bl_ws/install/utils/share/utils/package.dsv'
[77.250s] INFO:colcon.colcon_core.shell:Creating package script '/userdata/BPU_bl_ws/install/utils/share/utils/package.sh'
[77.252s] INFO:colcon.colcon_core.shell:Creating package script '/userdata/BPU_bl_ws/install/utils/share/utils/package.bash'
[77.255s] INFO:colcon.colcon_core.shell:Creating package script '/userdata/BPU_bl_ws/install/utils/share/utils/package.zsh'
[77.257s] Level 1:colcon.colcon_core.environment:create_file_with_runtime_dependencies(/userdata/BPU_bl_ws/install/utils/share/colcon-core/packages/utils)
[77.261s] Level 1:colcon.colcon_core.environment:create_environment_scripts_only(utils)
[77.262s] Level 1:colcon.colcon_core.environment:checking '/userdata/BPU_bl_ws/install/utils' for CMake module files
[77.266s] Level 1:colcon.colcon_core.environment:checking '/userdata/BPU_bl_ws/install/utils' for CMake config files
[77.267s] Level 1:colcon.colcon_core.shell:create_environment_hook('utils', 'cmake_prefix_path')
[77.269s] INFO:colcon.colcon_core.shell:Creating environment hook '/userdata/BPU_bl_ws/install/utils/share/utils/hook/cmake_prefix_path.ps1'
[77.273s] INFO:colcon.colcon_core.shell:Creating environment descriptor '/userdata/BPU_bl_ws/install/utils/share/utils/hook/cmake_prefix_path.dsv'
[77.275s] INFO:colcon.colcon_core.shell:Creating environment hook '/userdata/BPU_bl_ws/install/utils/share/utils/hook/cmake_prefix_path.sh'
[77.279s] Level 1:colcon.colcon_core.environment:checking '/userdata/BPU_bl_ws/install/utils/lib'
[77.279s] Level 1:colcon.colcon_core.environment:checking '/userdata/BPU_bl_ws/install/utils/bin'
[77.280s] Level 1:colcon.colcon_core.environment:checking '/userdata/BPU_bl_ws/install/utils/lib/pkgconfig/utils.pc'
[77.281s] Level 1:colcon.colcon_core.environment:checking '/userdata/BPU_bl_ws/install/utils/lib/python3.10/site-packages'
[77.282s] Level 1:colcon.colcon_core.environment:checking '/userdata/BPU_bl_ws/install/utils/bin'
[77.284s] INFO:colcon.colcon_core.shell:Creating package script '/userdata/BPU_bl_ws/install/utils/share/utils/package.ps1'
[77.287s] INFO:colcon.colcon_core.shell:Creating package descriptor '/userdata/BPU_bl_ws/install/utils/share/utils/package.dsv'
[77.290s] INFO:colcon.colcon_core.shell:Creating package script '/userdata/BPU_bl_ws/install/utils/share/utils/package.sh'
[77.293s] INFO:colcon.colcon_core.shell:Creating package script '/userdata/BPU_bl_ws/install/utils/share/utils/package.bash'
[77.295s] INFO:colcon.colcon_core.shell:Creating package script '/userdata/BPU_bl_ws/install/utils/share/utils/package.zsh'
[77.298s] Level 1:colcon.colcon_core.environment:create_file_with_runtime_dependencies(/userdata/BPU_bl_ws/install/utils/share/colcon-core/packages/utils)
[77.299s] DEBUG:colcon.colcon_parallel_executor.executor.parallel:closing loop
[77.301s] DEBUG:colcon.colcon_parallel_executor.executor.parallel:loop closed
[77.301s] DEBUG:colcon.colcon_parallel_executor.executor.parallel:run_until_complete finished with '0'
[77.301s] DEBUG:colcon.colcon_core.event_reactor:joining thread
[77.333s] INFO:colcon.colcon_core.plugin_system:Skipping extension 'colcon_notification.desktop_notification.terminal_notifier': Not used on non-Darwin systems
[77.334s] INFO:colcon.colcon_core.plugin_system:Skipping extension 'colcon_notification.desktop_notification.win32': Not used on non-Windows systems
[77.334s] INFO:colcon.colcon_notification.desktop_notification:Sending desktop notification using 'notify2'
[102.359s] DEBUG:colcon.colcon_notification.desktop_notification.notify2:Failed to initialize notify2: org.freedesktop.DBus.Error.NoReply: Did not receive a reply. Possible causes include: the remote application did not send a reply, the message bus security policy blocked the reply, the reply timeout expired, or the network connection was broken.
[102.360s] DEBUG:colcon.colcon_core.event_reactor:joined thread
[102.362s] INFO:colcon.colcon_core.shell:Creating prefix script '/userdata/BPU_bl_ws/install/local_setup.ps1'
[102.370s] INFO:colcon.colcon_core.shell:Creating prefix util module '/userdata/BPU_bl_ws/install/_local_setup_util_ps1.py'
[102.381s] INFO:colcon.colcon_core.shell:Creating prefix chain script '/userdata/BPU_bl_ws/install/setup.ps1'
[102.391s] INFO:colcon.colcon_core.shell:Creating prefix script '/userdata/BPU_bl_ws/install/local_setup.sh'
[102.396s] INFO:colcon.colcon_core.shell:Creating prefix util module '/userdata/BPU_bl_ws/install/_local_setup_util_sh.py'
[102.401s] INFO:colcon.colcon_core.shell:Creating prefix chain script '/userdata/BPU_bl_ws/install/setup.sh'
[102.410s] INFO:colcon.colcon_core.shell:Creating prefix script '/userdata/BPU_bl_ws/install/local_setup.bash'
[102.413s] INFO:colcon.colcon_core.shell:Creating prefix chain script '/userdata/BPU_bl_ws/install/setup.bash'
[102.423s] INFO:colcon.colcon_core.shell:Creating prefix script '/userdata/BPU_bl_ws/install/local_setup.zsh'
[102.427s] INFO:colcon.colcon_core.shell:Creating prefix chain script '/userdata/BPU_bl_ws/install/setup.zsh'
