[0.922s] DEBUG:colcon:Command line arguments: ['/usr/bin/colcon', 'build', '--symlink-install']
[0.922s] DEBUG:colcon:Parsed command line arguments: Namespace(log_base=None, log_level=None, verb_name='build', build_base='build', install_base='install', merge_install=False, symlink_install=True, test_result_base=None, continue_on_error=False, executor='parallel', parallel_workers=8, event_handlers=None, ignore_user_meta=False, metas=['./colcon.meta'], base_paths=['.'], packages_ignore=None, packages_ignore_regex=None, paths=None, packages_up_to=None, packages_up_to_regex=None, packages_above=None, packages_above_and_dependencies=None, packages_above_depth=None, packages_select_by_dep=None, packages_skip_by_dep=None, packages_skip_up_to=None, packages_select_build_failed=False, packages_skip_build_finished=False, packages_select_test_failures=False, packages_skip_test_passed=False, packages_select=None, packages_skip=None, packages_select_regex=None, packages_skip_regex=None, packages_start=None, packages_end=None, allow_overriding=[], cmake_args=None, cmake_target=None, cmake_target_skip_unavailable=False, cmake_clean_cache=False, cmake_clean_first=False, cmake_force_configure=False, ament_cmake_args=None, catkin_cmake_args=None, catkin_skip_building_tests=False, verb_parser=<colcon_defaults.argument_parser.defaults.DefaultArgumentsDecorator object at 0xffff8f5bdb40>, verb_extension=<colcon_core.verb.build.BuildVerb object at 0xffff8f5bd630>, main=<bound method BuildVerb.main of <colcon_core.verb.build.BuildVerb object at 0xffff8f5bd630>>)
[2.808s] Level 1:colcon.colcon_core.package_discovery:discover_packages(colcon_meta) check parameters
[2.808s] Level 1:colcon.colcon_core.package_discovery:discover_packages(recursive) check parameters
[2.809s] Level 1:colcon.colcon_core.package_discovery:discover_packages(ignore) check parameters
[2.809s] Level 1:colcon.colcon_core.package_discovery:discover_packages(path) check parameters
[2.809s] Level 1:colcon.colcon_core.package_discovery:discover_packages(colcon_meta) discover
[2.809s] Level 1:colcon.colcon_core.package_discovery:discover_packages(recursive) discover
[2.810s] INFO:colcon.colcon_core.package_discovery:Crawling recursively for packages in '/userdata/navi_ws'
[2.810s] Level 1:colcon.colcon_core.package_identification:_identify(.) by extensions ['ignore', 'ignore_ament_install']
[2.811s] Level 1:colcon.colcon_core.package_identification:_identify(.) by extension 'ignore'
[2.811s] Level 1:colcon.colcon_core.package_identification:_identify(.) by extension 'ignore_ament_install'
[2.811s] Level 1:colcon.colcon_core.package_identification:_identify(.) by extensions ['colcon_pkg']
[2.811s] Level 1:colcon.colcon_core.package_identification:_identify(.) by extension 'colcon_pkg'
[2.812s] Level 1:colcon.colcon_core.package_identification:_identify(.) by extensions ['colcon_meta']
[2.812s] Level 1:colcon.colcon_core.package_identification:_identify(.) by extension 'colcon_meta'
[2.812s] Level 1:colcon.colcon_core.package_identification:_identify(.) by extensions ['ros']
[2.812s] Level 1:colcon.colcon_core.package_identification:_identify(.) by extension 'ros'
[2.890s] Level 1:colcon.colcon_core.package_identification:_identify(.) by extensions ['cmake', 'python']
[2.890s] Level 1:colcon.colcon_core.package_identification:_identify(.) by extension 'cmake'
[2.891s] Level 1:colcon.colcon_core.package_identification:_identify(.) by extension 'python'
[2.891s] Level 1:colcon.colcon_core.package_identification:_identify(.) by extensions ['python_setup_py']
[2.891s] Level 1:colcon.colcon_core.package_identification:_identify(.) by extension 'python_setup_py'
[2.892s] Level 1:colcon.colcon_core.package_identification:_identify(build) by extensions ['ignore', 'ignore_ament_install']
[2.892s] Level 1:colcon.colcon_core.package_identification:_identify(build) by extension 'ignore'
[2.893s] Level 1:colcon.colcon_core.package_identification:_identify(build) ignored
[2.893s] Level 1:colcon.colcon_core.package_identification:_identify(install) by extensions ['ignore', 'ignore_ament_install']
[2.894s] Level 1:colcon.colcon_core.package_identification:_identify(install) by extension 'ignore'
[2.894s] Level 1:colcon.colcon_core.package_identification:_identify(install) ignored
[2.895s] Level 1:colcon.colcon_core.package_identification:_identify(log) by extensions ['ignore', 'ignore_ament_install']
[2.896s] Level 1:colcon.colcon_core.package_identification:_identify(log) by extension 'ignore'
[2.896s] Level 1:colcon.colcon_core.package_identification:_identify(log) ignored
[2.896s] Level 1:colcon.colcon_core.package_identification:_identify(src) by extensions ['ignore', 'ignore_ament_install']
[2.897s] Level 1:colcon.colcon_core.package_identification:_identify(src) by extension 'ignore'
[2.897s] Level 1:colcon.colcon_core.package_identification:_identify(src) by extension 'ignore_ament_install'
[2.898s] Level 1:colcon.colcon_core.package_identification:_identify(src) by extensions ['colcon_pkg']
[2.898s] Level 1:colcon.colcon_core.package_identification:_identify(src) by extension 'colcon_pkg'
[2.898s] Level 1:colcon.colcon_core.package_identification:_identify(src) by extensions ['colcon_meta']
[2.899s] Level 1:colcon.colcon_core.package_identification:_identify(src) by extension 'colcon_meta'
[2.899s] Level 1:colcon.colcon_core.package_identification:_identify(src) by extensions ['ros']
[2.899s] Level 1:colcon.colcon_core.package_identification:_identify(src) by extension 'ros'
[2.900s] Level 1:colcon.colcon_core.package_identification:_identify(src) by extensions ['cmake', 'python']
[2.900s] Level 1:colcon.colcon_core.package_identification:_identify(src) by extension 'cmake'
[2.900s] Level 1:colcon.colcon_core.package_identification:_identify(src) by extension 'python'
[2.900s] Level 1:colcon.colcon_core.package_identification:_identify(src) by extensions ['python_setup_py']
[2.901s] Level 1:colcon.colcon_core.package_identification:_identify(src) by extension 'python_setup_py'
[2.901s] Level 1:colcon.colcon_core.package_identification:_identify(src/navi_bringup) by extensions ['ignore', 'ignore_ament_install']
[2.902s] Level 1:colcon.colcon_core.package_identification:_identify(src/navi_bringup) by extension 'ignore'
[2.902s] Level 1:colcon.colcon_core.package_identification:_identify(src/navi_bringup) by extension 'ignore_ament_install'
[2.903s] Level 1:colcon.colcon_core.package_identification:_identify(src/navi_bringup) by extensions ['colcon_pkg']
[2.903s] Level 1:colcon.colcon_core.package_identification:_identify(src/navi_bringup) by extension 'colcon_pkg'
[2.903s] Level 1:colcon.colcon_core.package_identification:_identify(src/navi_bringup) by extensions ['colcon_meta']
[2.903s] Level 1:colcon.colcon_core.package_identification:_identify(src/navi_bringup) by extension 'colcon_meta'
[2.904s] Level 1:colcon.colcon_core.package_identification:_identify(src/navi_bringup) by extensions ['ros']
[2.904s] Level 1:colcon.colcon_core.package_identification:_identify(src/navi_bringup) by extension 'ros'
[2.941s] DEBUG:colcon.colcon_core.package_identification:Package 'src/navi_bringup' with type 'ros.ament_cmake' and name 'navi_bringup'
[2.941s] Level 1:colcon.colcon_core.package_discovery:discover_packages(recursive) using defaults
[2.941s] Level 1:colcon.colcon_core.package_discovery:discover_packages(ignore) discover
[2.942s] Level 1:colcon.colcon_core.package_discovery:discover_packages(ignore) using defaults
[2.942s] Level 1:colcon.colcon_core.package_discovery:discover_packages(path) discover
[2.942s] Level 1:colcon.colcon_core.package_discovery:discover_packages(path) using defaults
[3.119s] Level 1:colcon.colcon_core.package_discovery:discover_packages(prefix_path) check parameters
[3.119s] Level 1:colcon.colcon_core.package_discovery:discover_packages(prefix_path) discover
[3.139s] DEBUG:colcon.colcon_installed_package_information.package_discovery:Found 8 installed packages in /userdata/dev_ws/install
[3.143s] DEBUG:colcon.colcon_installed_package_information.package_discovery:Found 5 installed packages in /userdata/BPU_bl_ws/install
[3.147s] DEBUG:colcon.colcon_installed_package_information.package_discovery:Found 1 installed packages in /userdata/base_ws/install
[3.150s] DEBUG:colcon.colcon_installed_package_information.package_discovery:Found 49 installed packages in /opt/tros/humble
[3.239s] DEBUG:colcon.colcon_installed_package_information.package_discovery:Found 290 installed packages in /opt/ros/humble
[3.252s] Level 1:colcon.colcon_core.package_discovery:discover_packages(prefix_path) using defaults
[3.578s] Level 5:colcon.colcon_core.verb:set package 'navi_bringup' build argument 'cmake_args' from command line to 'None'
[3.578s] Level 5:colcon.colcon_core.verb:set package 'navi_bringup' build argument 'cmake_target' from command line to 'None'
[3.579s] Level 5:colcon.colcon_core.verb:set package 'navi_bringup' build argument 'cmake_target_skip_unavailable' from command line to 'False'
[3.579s] Level 5:colcon.colcon_core.verb:set package 'navi_bringup' build argument 'cmake_clean_cache' from command line to 'False'
[3.579s] Level 5:colcon.colcon_core.verb:set package 'navi_bringup' build argument 'cmake_clean_first' from command line to 'False'
[3.579s] Level 5:colcon.colcon_core.verb:set package 'navi_bringup' build argument 'cmake_force_configure' from command line to 'False'
[3.580s] Level 5:colcon.colcon_core.verb:set package 'navi_bringup' build argument 'ament_cmake_args' from command line to 'None'
[3.580s] Level 5:colcon.colcon_core.verb:set package 'navi_bringup' build argument 'catkin_cmake_args' from command line to 'None'
[3.580s] Level 5:colcon.colcon_core.verb:set package 'navi_bringup' build argument 'catkin_skip_building_tests' from command line to 'False'
[3.580s] DEBUG:colcon.colcon_core.verb:Building package 'navi_bringup' with the following arguments: {'ament_cmake_args': None, 'build_base': '/userdata/navi_ws/build/navi_bringup', 'catkin_cmake_args': None, 'catkin_skip_building_tests': False, 'cmake_args': None, 'cmake_clean_cache': False, 'cmake_clean_first': False, 'cmake_force_configure': False, 'cmake_target': None, 'cmake_target_skip_unavailable': False, 'install_base': '/userdata/navi_ws/install/navi_bringup', 'merge_install': False, 'path': '/userdata/navi_ws/src/navi_bringup', 'symlink_install': True, 'test_result_base': None}
[3.581s] INFO:colcon.colcon_core.executor:Executing jobs using 'parallel' executor
[3.586s] DEBUG:colcon.colcon_parallel_executor.executor.parallel:run_until_complete
[3.588s] INFO:colcon.colcon_ros.task.ament_cmake.build:Building ROS package in '/userdata/navi_ws/src/navi_bringup' with build type 'ament_cmake'
[3.588s] INFO:colcon.colcon_cmake.task.cmake.build:Building CMake package in '/userdata/navi_ws/src/navi_bringup'
[3.608s] INFO:colcon.colcon_core.plugin_system:Skipping extension 'colcon_core.shell.bat': Not used on non-Windows systems
[3.610s] INFO:colcon.colcon_core.shell:Skip shell extension 'powershell' for command environment: Not usable outside of PowerShell
[3.610s] DEBUG:colcon.colcon_core.shell:Skip shell extension 'dsv' for command environment
[3.661s] DEBUG:colcon.colcon_core.event_handler.log_command:Invoking command in '/userdata/navi_ws/build/navi_bringup': CMAKE_PREFIX_PATH=${CMAKE_PREFIX_PATH}:/userdata/BPU_bl_ws/install/qr_decoder:/userdata/BPU_bl_ws/install/detection_bridge:/userdata/dev_ws/install/line_follower_pkg:/opt/tros/humble:/opt/ros/humble /usr/bin/cmake /userdata/navi_ws/src/navi_bringup -DAMENT_CMAKE_SYMLINK_INSTALL=1 -DCMAKE_INSTALL_PREFIX=/userdata/navi_ws/install/navi_bringup
[11.165s] DEBUG:colcon.colcon_core.event_handler.log_command:Invoked command in '/userdata/navi_ws/build/navi_bringup' returned '0': CMAKE_PREFIX_PATH=${CMAKE_PREFIX_PATH}:/userdata/BPU_bl_ws/install/qr_decoder:/userdata/BPU_bl_ws/install/detection_bridge:/userdata/dev_ws/install/line_follower_pkg:/opt/tros/humble:/opt/ros/humble /usr/bin/cmake /userdata/navi_ws/src/navi_bringup -DAMENT_CMAKE_SYMLINK_INSTALL=1 -DCMAKE_INSTALL_PREFIX=/userdata/navi_ws/install/navi_bringup
[11.173s] DEBUG:colcon.colcon_core.event_handler.log_command:Invoking command in '/userdata/navi_ws/build/navi_bringup': CMAKE_PREFIX_PATH=${CMAKE_PREFIX_PATH}:/userdata/BPU_bl_ws/install/qr_decoder:/userdata/BPU_bl_ws/install/detection_bridge:/userdata/dev_ws/install/line_follower_pkg:/opt/tros/humble:/opt/ros/humble /usr/bin/cmake --build /userdata/navi_ws/build/navi_bringup -- -j8 -l8
[11.344s] DEBUG:colcon.colcon_core.event_handler.log_command:Invoked command in '/userdata/navi_ws/build/navi_bringup' returned '0': CMAKE_PREFIX_PATH=${CMAKE_PREFIX_PATH}:/userdata/BPU_bl_ws/install/qr_decoder:/userdata/BPU_bl_ws/install/detection_bridge:/userdata/dev_ws/install/line_follower_pkg:/opt/tros/humble:/opt/ros/humble /usr/bin/cmake --build /userdata/navi_ws/build/navi_bringup -- -j8 -l8
[11.394s] DEBUG:colcon.colcon_core.event_handler.log_command:Invoking command in '/userdata/navi_ws/build/navi_bringup': CMAKE_PREFIX_PATH=${CMAKE_PREFIX_PATH}:/userdata/BPU_bl_ws/install/qr_decoder:/userdata/BPU_bl_ws/install/detection_bridge:/userdata/dev_ws/install/line_follower_pkg:/opt/tros/humble:/opt/ros/humble /usr/bin/cmake --install /userdata/navi_ws/build/navi_bringup
[12.100s] Level 1:colcon.colcon_core.environment:create_environment_scripts_only(navi_bringup)
[12.103s] DEBUG:colcon.colcon_core.event_handler.log_command:Invoked command in '/userdata/navi_ws/build/navi_bringup' returned '0': CMAKE_PREFIX_PATH=${CMAKE_PREFIX_PATH}:/userdata/BPU_bl_ws/install/qr_decoder:/userdata/BPU_bl_ws/install/detection_bridge:/userdata/dev_ws/install/line_follower_pkg:/opt/tros/humble:/opt/ros/humble /usr/bin/cmake --install /userdata/navi_ws/build/navi_bringup
[12.146s] Level 1:colcon.colcon_core.environment:checking '/userdata/navi_ws/install/navi_bringup' for CMake module files
[12.149s] Level 1:colcon.colcon_core.environment:checking '/userdata/navi_ws/install/navi_bringup' for CMake config files
[12.150s] Level 1:colcon.colcon_core.shell:create_environment_hook('navi_bringup', 'cmake_prefix_path')
[12.152s] INFO:colcon.colcon_core.shell:Creating environment hook '/userdata/navi_ws/install/navi_bringup/share/navi_bringup/hook/cmake_prefix_path.ps1'
[12.157s] INFO:colcon.colcon_core.shell:Creating environment descriptor '/userdata/navi_ws/install/navi_bringup/share/navi_bringup/hook/cmake_prefix_path.dsv'
[12.160s] INFO:colcon.colcon_core.shell:Creating environment hook '/userdata/navi_ws/install/navi_bringup/share/navi_bringup/hook/cmake_prefix_path.sh'
[12.166s] Level 1:colcon.colcon_core.environment:checking '/userdata/navi_ws/install/navi_bringup/bin'
[12.167s] Level 1:colcon.colcon_core.environment:checking '/userdata/navi_ws/install/navi_bringup/lib/pkgconfig/navi_bringup.pc'
[12.168s] Level 1:colcon.colcon_core.environment:checking '/userdata/navi_ws/install/navi_bringup/lib/python3.10/site-packages'
[12.170s] Level 1:colcon.colcon_core.environment:checking '/userdata/navi_ws/install/navi_bringup/bin'
[12.173s] INFO:colcon.colcon_core.shell:Creating package script '/userdata/navi_ws/install/navi_bringup/share/navi_bringup/package.ps1'
[12.179s] INFO:colcon.colcon_core.shell:Creating package descriptor '/userdata/navi_ws/install/navi_bringup/share/navi_bringup/package.dsv'
[12.184s] INFO:colcon.colcon_core.shell:Creating package script '/userdata/navi_ws/install/navi_bringup/share/navi_bringup/package.sh'
[12.189s] INFO:colcon.colcon_core.shell:Creating package script '/userdata/navi_ws/install/navi_bringup/share/navi_bringup/package.bash'
[12.196s] INFO:colcon.colcon_core.shell:Creating package script '/userdata/navi_ws/install/navi_bringup/share/navi_bringup/package.zsh'
[12.202s] Level 1:colcon.colcon_core.environment:create_file_with_runtime_dependencies(/userdata/navi_ws/install/navi_bringup/share/colcon-core/packages/navi_bringup)
[12.206s] Level 1:colcon.colcon_core.environment:create_environment_scripts_only(navi_bringup)
[12.208s] Level 1:colcon.colcon_core.environment:checking '/userdata/navi_ws/install/navi_bringup' for CMake module files
[12.211s] Level 1:colcon.colcon_core.environment:checking '/userdata/navi_ws/install/navi_bringup' for CMake config files
[12.212s] Level 1:colcon.colcon_core.shell:create_environment_hook('navi_bringup', 'cmake_prefix_path')
[12.214s] INFO:colcon.colcon_core.shell:Creating environment hook '/userdata/navi_ws/install/navi_bringup/share/navi_bringup/hook/cmake_prefix_path.ps1'
[12.217s] INFO:colcon.colcon_core.shell:Creating environment descriptor '/userdata/navi_ws/install/navi_bringup/share/navi_bringup/hook/cmake_prefix_path.dsv'
[12.219s] INFO:colcon.colcon_core.shell:Creating environment hook '/userdata/navi_ws/install/navi_bringup/share/navi_bringup/hook/cmake_prefix_path.sh'
[12.222s] Level 1:colcon.colcon_core.environment:checking '/userdata/navi_ws/install/navi_bringup/bin'
[12.222s] Level 1:colcon.colcon_core.environment:checking '/userdata/navi_ws/install/navi_bringup/lib/pkgconfig/navi_bringup.pc'
[12.224s] Level 1:colcon.colcon_core.environment:checking '/userdata/navi_ws/install/navi_bringup/lib/python3.10/site-packages'
[12.225s] Level 1:colcon.colcon_core.environment:checking '/userdata/navi_ws/install/navi_bringup/bin'
[12.227s] INFO:colcon.colcon_core.shell:Creating package script '/userdata/navi_ws/install/navi_bringup/share/navi_bringup/package.ps1'
[12.230s] INFO:colcon.colcon_core.shell:Creating package descriptor '/userdata/navi_ws/install/navi_bringup/share/navi_bringup/package.dsv'
[12.233s] INFO:colcon.colcon_core.shell:Creating package script '/userdata/navi_ws/install/navi_bringup/share/navi_bringup/package.sh'
[12.236s] INFO:colcon.colcon_core.shell:Creating package script '/userdata/navi_ws/install/navi_bringup/share/navi_bringup/package.bash'
[12.238s] INFO:colcon.colcon_core.shell:Creating package script '/userdata/navi_ws/install/navi_bringup/share/navi_bringup/package.zsh'
[12.241s] Level 1:colcon.colcon_core.environment:create_file_with_runtime_dependencies(/userdata/navi_ws/install/navi_bringup/share/colcon-core/packages/navi_bringup)
[12.242s] DEBUG:colcon.colcon_parallel_executor.executor.parallel:closing loop
[12.243s] DEBUG:colcon.colcon_parallel_executor.executor.parallel:loop closed
[12.244s] DEBUG:colcon.colcon_parallel_executor.executor.parallel:run_until_complete finished with '0'
[12.244s] DEBUG:colcon.colcon_core.event_reactor:joining thread
[12.283s] INFO:colcon.colcon_core.plugin_system:Skipping extension 'colcon_notification.desktop_notification.terminal_notifier': Not used on non-Darwin systems
[12.284s] INFO:colcon.colcon_core.plugin_system:Skipping extension 'colcon_notification.desktop_notification.win32': Not used on non-Windows systems
[12.284s] INFO:colcon.colcon_notification.desktop_notification:Sending desktop notification using 'notify2'
[37.406s] DEBUG:colcon.colcon_notification.desktop_notification.notify2:Failed to initialize notify2: org.freedesktop.DBus.Error.NoReply: Did not receive a reply. Possible causes include: the remote application did not send a reply, the message bus security policy blocked the reply, the reply timeout expired, or the network connection was broken.
[37.407s] DEBUG:colcon.colcon_core.event_reactor:joined thread
[37.409s] INFO:colcon.colcon_core.shell:Creating prefix script '/userdata/navi_ws/install/local_setup.ps1'
[37.416s] INFO:colcon.colcon_core.shell:Creating prefix util module '/userdata/navi_ws/install/_local_setup_util_ps1.py'
[37.432s] INFO:colcon.colcon_core.shell:Creating prefix chain script '/userdata/navi_ws/install/setup.ps1'
[37.443s] INFO:colcon.colcon_core.shell:Creating prefix script '/userdata/navi_ws/install/local_setup.sh'
[37.452s] INFO:colcon.colcon_core.shell:Creating prefix util module '/userdata/navi_ws/install/_local_setup_util_sh.py'
[37.456s] INFO:colcon.colcon_core.shell:Creating prefix chain script '/userdata/navi_ws/install/setup.sh'
[37.467s] INFO:colcon.colcon_core.shell:Creating prefix script '/userdata/navi_ws/install/local_setup.bash'
[37.471s] INFO:colcon.colcon_core.shell:Creating prefix chain script '/userdata/navi_ws/install/setup.bash'
[37.484s] INFO:colcon.colcon_core.shell:Creating prefix script '/userdata/navi_ws/install/local_setup.zsh'
[37.488s] INFO:colcon.colcon_core.shell:Creating prefix chain script '/userdata/navi_ws/install/setup.zsh'
