[0.797s] DEBUG:colcon:Command line arguments: ['/usr/bin/colcon', 'build', '--symlink-install', '--packages-select', 'qr_decoder']
[0.798s] DEBUG:colcon:Parsed command line arguments: Namespace(log_base=None, log_level=None, verb_name='build', build_base='build', install_base='install', merge_install=False, symlink_install=True, test_result_base=None, continue_on_error=False, executor='parallel', parallel_workers=8, event_handlers=None, ignore_user_meta=False, metas=['./colcon.meta'], base_paths=['.'], packages_ignore=None, packages_ignore_regex=None, paths=None, packages_up_to=None, packages_up_to_regex=None, packages_above=None, packages_above_and_dependencies=None, packages_above_depth=None, packages_select_by_dep=None, packages_skip_by_dep=None, packages_skip_up_to=None, packages_select_build_failed=False, packages_skip_build_finished=False, packages_select_test_failures=False, packages_skip_test_passed=False, packages_select=['qr_decoder'], packages_skip=None, packages_select_regex=None, packages_skip_regex=None, packages_start=None, packages_end=None, allow_overriding=[], cmake_args=None, cmake_target=None, cmake_target_skip_unavailable=False, cmake_clean_cache=False, cmake_clean_first=False, cmake_force_configure=False, ament_cmake_args=None, catkin_cmake_args=None, catkin_skip_building_tests=False, verb_parser=<colcon_defaults.argument_parser.defaults.DefaultArgumentsDecorator object at 0xffff9fac4dc0>, verb_extension=<colcon_core.verb.build.BuildVerb object at 0xffff9fac48b0>, main=<bound method BuildVerb.main of <colcon_core.verb.build.BuildVerb object at 0xffff9fac48b0>>)
[2.280s] Level 1:colcon.colcon_core.package_discovery:discover_packages(colcon_meta) check parameters
[2.280s] Level 1:colcon.colcon_core.package_discovery:discover_packages(recursive) check parameters
[2.281s] Level 1:colcon.colcon_core.package_discovery:discover_packages(ignore) check parameters
[2.281s] Level 1:colcon.colcon_core.package_discovery:discover_packages(path) check parameters
[2.281s] Level 1:colcon.colcon_core.package_discovery:discover_packages(colcon_meta) discover
[2.282s] Level 1:colcon.colcon_core.package_discovery:discover_packages(recursive) discover
[2.282s] INFO:colcon.colcon_core.package_discovery:Crawling recursively for packages in '/userdata/BPU_bl_ws'
[2.283s] Level 1:colcon.colcon_core.package_identification:_identify(.) by extensions ['ignore', 'ignore_ament_install']
[2.284s] Level 1:colcon.colcon_core.package_identification:_identify(.) by extension 'ignore'
[2.284s] Level 1:colcon.colcon_core.package_identification:_identify(.) by extension 'ignore_ament_install'
[2.285s] Level 1:colcon.colcon_core.package_identification:_identify(.) by extensions ['colcon_pkg']
[2.285s] Level 1:colcon.colcon_core.package_identification:_identify(.) by extension 'colcon_pkg'
[2.286s] Level 1:colcon.colcon_core.package_identification:_identify(.) by extensions ['colcon_meta']
[2.286s] Level 1:colcon.colcon_core.package_identification:_identify(.) by extension 'colcon_meta'
[2.286s] Level 1:colcon.colcon_core.package_identification:_identify(.) by extensions ['ros']
[2.287s] Level 1:colcon.colcon_core.package_identification:_identify(.) by extension 'ros'
[2.373s] Level 1:colcon.colcon_core.package_identification:_identify(.) by extensions ['cmake', 'python']
[2.374s] Level 1:colcon.colcon_core.package_identification:_identify(.) by extension 'cmake'
[2.374s] Level 1:colcon.colcon_core.package_identification:_identify(.) by extension 'python'
[2.375s] Level 1:colcon.colcon_core.package_identification:_identify(.) by extensions ['python_setup_py']
[2.375s] Level 1:colcon.colcon_core.package_identification:_identify(.) by extension 'python_setup_py'
[2.376s] Level 1:colcon.colcon_core.package_identification:_identify(build) by extensions ['ignore', 'ignore_ament_install']
[2.377s] Level 1:colcon.colcon_core.package_identification:_identify(build) by extension 'ignore'
[2.378s] Level 1:colcon.colcon_core.package_identification:_identify(build) ignored
[2.379s] Level 1:colcon.colcon_core.package_identification:_identify(config) by extensions ['ignore', 'ignore_ament_install']
[2.380s] Level 1:colcon.colcon_core.package_identification:_identify(config) by extension 'ignore'
[2.380s] Level 1:colcon.colcon_core.package_identification:_identify(config) by extension 'ignore_ament_install'
[2.381s] Level 1:colcon.colcon_core.package_identification:_identify(config) by extensions ['colcon_pkg']
[2.382s] Level 1:colcon.colcon_core.package_identification:_identify(config) by extension 'colcon_pkg'
[2.382s] Level 1:colcon.colcon_core.package_identification:_identify(config) by extensions ['colcon_meta']
[2.383s] Level 1:colcon.colcon_core.package_identification:_identify(config) by extension 'colcon_meta'
[2.383s] Level 1:colcon.colcon_core.package_identification:_identify(config) by extensions ['ros']
[2.383s] Level 1:colcon.colcon_core.package_identification:_identify(config) by extension 'ros'
[2.384s] Level 1:colcon.colcon_core.package_identification:_identify(config) by extensions ['cmake', 'python']
[2.384s] Level 1:colcon.colcon_core.package_identification:_identify(config) by extension 'cmake'
[2.384s] Level 1:colcon.colcon_core.package_identification:_identify(config) by extension 'python'
[2.385s] Level 1:colcon.colcon_core.package_identification:_identify(config) by extensions ['python_setup_py']
[2.385s] Level 1:colcon.colcon_core.package_identification:_identify(config) by extension 'python_setup_py'
[2.386s] Level 1:colcon.colcon_core.package_identification:_identify(config/coco_80) by extensions ['ignore', 'ignore_ament_install']
[2.387s] Level 1:colcon.colcon_core.package_identification:_identify(config/coco_80) by extension 'ignore'
[2.387s] Level 1:colcon.colcon_core.package_identification:_identify(config/coco_80) by extension 'ignore_ament_install'
[2.388s] Level 1:colcon.colcon_core.package_identification:_identify(config/coco_80) by extensions ['colcon_pkg']
[2.388s] Level 1:colcon.colcon_core.package_identification:_identify(config/coco_80) by extension 'colcon_pkg'
[2.388s] Level 1:colcon.colcon_core.package_identification:_identify(config/coco_80) by extensions ['colcon_meta']
[2.389s] Level 1:colcon.colcon_core.package_identification:_identify(config/coco_80) by extension 'colcon_meta'
[2.389s] Level 1:colcon.colcon_core.package_identification:_identify(config/coco_80) by extensions ['ros']
[2.389s] Level 1:colcon.colcon_core.package_identification:_identify(config/coco_80) by extension 'ros'
[2.390s] Level 1:colcon.colcon_core.package_identification:_identify(config/coco_80) by extensions ['cmake', 'python']
[2.391s] Level 1:colcon.colcon_core.package_identification:_identify(config/coco_80) by extension 'cmake'
[2.392s] Level 1:colcon.colcon_core.package_identification:_identify(config/coco_80) by extension 'python'
[2.392s] Level 1:colcon.colcon_core.package_identification:_identify(config/coco_80) by extensions ['python_setup_py']
[2.393s] Level 1:colcon.colcon_core.package_identification:_identify(config/coco_80) by extension 'python_setup_py'
[2.394s] Level 1:colcon.colcon_core.package_identification:_identify(config/custom_4) by extensions ['ignore', 'ignore_ament_install']
[2.395s] Level 1:colcon.colcon_core.package_identification:_identify(config/custom_4) by extension 'ignore'
[2.395s] Level 1:colcon.colcon_core.package_identification:_identify(config/custom_4) by extension 'ignore_ament_install'
[2.396s] Level 1:colcon.colcon_core.package_identification:_identify(config/custom_4) by extensions ['colcon_pkg']
[2.397s] Level 1:colcon.colcon_core.package_identification:_identify(config/custom_4) by extension 'colcon_pkg'
[2.397s] Level 1:colcon.colcon_core.package_identification:_identify(config/custom_4) by extensions ['colcon_meta']
[2.397s] Level 1:colcon.colcon_core.package_identification:_identify(config/custom_4) by extension 'colcon_meta'
[2.398s] Level 1:colcon.colcon_core.package_identification:_identify(config/custom_4) by extensions ['ros']
[2.399s] Level 1:colcon.colcon_core.package_identification:_identify(config/custom_4) by extension 'ros'
[2.399s] Level 1:colcon.colcon_core.package_identification:_identify(config/custom_4) by extensions ['cmake', 'python']
[2.400s] Level 1:colcon.colcon_core.package_identification:_identify(config/custom_4) by extension 'cmake'
[2.401s] Level 1:colcon.colcon_core.package_identification:_identify(config/custom_4) by extension 'python'
[2.401s] Level 1:colcon.colcon_core.package_identification:_identify(config/custom_4) by extensions ['python_setup_py']
[2.402s] Level 1:colcon.colcon_core.package_identification:_identify(config/custom_4) by extension 'python_setup_py'
[2.403s] Level 1:colcon.colcon_core.package_identification:_identify(install) by extensions ['ignore', 'ignore_ament_install']
[2.404s] Level 1:colcon.colcon_core.package_identification:_identify(install) by extension 'ignore'
[2.405s] Level 1:colcon.colcon_core.package_identification:_identify(install) ignored
[2.406s] Level 1:colcon.colcon_core.package_identification:_identify(log) by extensions ['ignore', 'ignore_ament_install']
[2.407s] Level 1:colcon.colcon_core.package_identification:_identify(log) by extension 'ignore'
[2.408s] Level 1:colcon.colcon_core.package_identification:_identify(log) ignored
[2.409s] Level 1:colcon.colcon_core.package_identification:_identify(src) by extensions ['ignore', 'ignore_ament_install']
[2.410s] Level 1:colcon.colcon_core.package_identification:_identify(src) by extension 'ignore'
[2.410s] Level 1:colcon.colcon_core.package_identification:_identify(src) by extension 'ignore_ament_install'
[2.411s] Level 1:colcon.colcon_core.package_identification:_identify(src) by extensions ['colcon_pkg']
[2.411s] Level 1:colcon.colcon_core.package_identification:_identify(src) by extension 'colcon_pkg'
[2.411s] Level 1:colcon.colcon_core.package_identification:_identify(src) by extensions ['colcon_meta']
[2.411s] Level 1:colcon.colcon_core.package_identification:_identify(src) by extension 'colcon_meta'
[2.412s] Level 1:colcon.colcon_core.package_identification:_identify(src) by extensions ['ros']
[2.412s] Level 1:colcon.colcon_core.package_identification:_identify(src) by extension 'ros'
[2.413s] Level 1:colcon.colcon_core.package_identification:_identify(src) by extensions ['cmake', 'python']
[2.413s] Level 1:colcon.colcon_core.package_identification:_identify(src) by extension 'cmake'
[2.413s] Level 1:colcon.colcon_core.package_identification:_identify(src) by extension 'python'
[2.413s] Level 1:colcon.colcon_core.package_identification:_identify(src) by extensions ['python_setup_py']
[2.413s] Level 1:colcon.colcon_core.package_identification:_identify(src) by extension 'python_setup_py'
[2.414s] Level 1:colcon.colcon_core.package_identification:_identify(src/bpu_bringup) by extensions ['ignore', 'ignore_ament_install']
[2.415s] Level 1:colcon.colcon_core.package_identification:_identify(src/bpu_bringup) by extension 'ignore'
[2.416s] Level 1:colcon.colcon_core.package_identification:_identify(src/bpu_bringup) by extension 'ignore_ament_install'
[2.416s] Level 1:colcon.colcon_core.package_identification:_identify(src/bpu_bringup) by extensions ['colcon_pkg']
[2.417s] Level 1:colcon.colcon_core.package_identification:_identify(src/bpu_bringup) by extension 'colcon_pkg'
[2.417s] Level 1:colcon.colcon_core.package_identification:_identify(src/bpu_bringup) by extensions ['colcon_meta']
[2.418s] Level 1:colcon.colcon_core.package_identification:_identify(src/bpu_bringup) by extension 'colcon_meta'
[2.418s] Level 1:colcon.colcon_core.package_identification:_identify(src/bpu_bringup) by extensions ['ros']
[2.418s] Level 1:colcon.colcon_core.package_identification:_identify(src/bpu_bringup) by extension 'ros'
[2.436s] DEBUG:colcon.colcon_core.package_identification:Package 'src/bpu_bringup' with type 'ros.ament_cmake' and name 'bpu_bringup'
[2.437s] Level 1:colcon.colcon_core.package_identification:_identify(src/detection_bridge) by extensions ['ignore', 'ignore_ament_install']
[2.438s] Level 1:colcon.colcon_core.package_identification:_identify(src/detection_bridge) by extension 'ignore'
[2.439s] Level 1:colcon.colcon_core.package_identification:_identify(src/detection_bridge) by extension 'ignore_ament_install'
[2.439s] Level 1:colcon.colcon_core.package_identification:_identify(src/detection_bridge) by extensions ['colcon_pkg']
[2.440s] Level 1:colcon.colcon_core.package_identification:_identify(src/detection_bridge) by extension 'colcon_pkg'
[2.440s] Level 1:colcon.colcon_core.package_identification:_identify(src/detection_bridge) by extensions ['colcon_meta']
[2.440s] Level 1:colcon.colcon_core.package_identification:_identify(src/detection_bridge) by extension 'colcon_meta'
[2.440s] Level 1:colcon.colcon_core.package_identification:_identify(src/detection_bridge) by extensions ['ros']
[2.441s] Level 1:colcon.colcon_core.package_identification:_identify(src/detection_bridge) by extension 'ros'
[2.444s] DEBUG:colcon.colcon_core.package_identification:Package 'src/detection_bridge' with type 'ros.ament_python' and name 'detection_bridge'
[2.445s] Level 1:colcon.colcon_core.package_identification:_identify(src/detection_interfaces) by extensions ['ignore', 'ignore_ament_install']
[2.446s] Level 1:colcon.colcon_core.package_identification:_identify(src/detection_interfaces) by extension 'ignore'
[2.447s] Level 1:colcon.colcon_core.package_identification:_identify(src/detection_interfaces) by extension 'ignore_ament_install'
[2.447s] Level 1:colcon.colcon_core.package_identification:_identify(src/detection_interfaces) by extensions ['colcon_pkg']
[2.448s] Level 1:colcon.colcon_core.package_identification:_identify(src/detection_interfaces) by extension 'colcon_pkg'
[2.449s] Level 1:colcon.colcon_core.package_identification:_identify(src/detection_interfaces) by extensions ['colcon_meta']
[2.449s] Level 1:colcon.colcon_core.package_identification:_identify(src/detection_interfaces) by extension 'colcon_meta'
[2.450s] Level 1:colcon.colcon_core.package_identification:_identify(src/detection_interfaces) by extensions ['ros']
[2.450s] Level 1:colcon.colcon_core.package_identification:_identify(src/detection_interfaces) by extension 'ros'
[2.454s] DEBUG:colcon.colcon_core.package_identification:Package 'src/detection_interfaces' with type 'ros.ament_cmake' and name 'detection_interfaces'
[2.455s] Level 1:colcon.colcon_core.package_identification:_identify(src/qr_decoder) by extensions ['ignore', 'ignore_ament_install']
[2.456s] Level 1:colcon.colcon_core.package_identification:_identify(src/qr_decoder) by extension 'ignore'
[2.457s] Level 1:colcon.colcon_core.package_identification:_identify(src/qr_decoder) by extension 'ignore_ament_install'
[2.457s] Level 1:colcon.colcon_core.package_identification:_identify(src/qr_decoder) by extensions ['colcon_pkg']
[2.458s] Level 1:colcon.colcon_core.package_identification:_identify(src/qr_decoder) by extension 'colcon_pkg'
[2.458s] Level 1:colcon.colcon_core.package_identification:_identify(src/qr_decoder) by extensions ['colcon_meta']
[2.458s] Level 1:colcon.colcon_core.package_identification:_identify(src/qr_decoder) by extension 'colcon_meta'
[2.459s] Level 1:colcon.colcon_core.package_identification:_identify(src/qr_decoder) by extensions ['ros']
[2.459s] Level 1:colcon.colcon_core.package_identification:_identify(src/qr_decoder) by extension 'ros'
[2.462s] DEBUG:colcon.colcon_core.package_identification:Package 'src/qr_decoder' with type 'ros.ament_python' and name 'qr_decoder'
[2.463s] Level 1:colcon.colcon_core.package_identification:_identify(src/utils) by extensions ['ignore', 'ignore_ament_install']
[2.464s] Level 1:colcon.colcon_core.package_identification:_identify(src/utils) by extension 'ignore'
[2.465s] Level 1:colcon.colcon_core.package_identification:_identify(src/utils) by extension 'ignore_ament_install'
[2.465s] Level 1:colcon.colcon_core.package_identification:_identify(src/utils) by extensions ['colcon_pkg']
[2.465s] Level 1:colcon.colcon_core.package_identification:_identify(src/utils) by extension 'colcon_pkg'
[2.466s] Level 1:colcon.colcon_core.package_identification:_identify(src/utils) by extensions ['colcon_meta']
[2.466s] Level 1:colcon.colcon_core.package_identification:_identify(src/utils) by extension 'colcon_meta'
[2.466s] Level 1:colcon.colcon_core.package_identification:_identify(src/utils) by extensions ['ros']
[2.467s] Level 1:colcon.colcon_core.package_identification:_identify(src/utils) by extension 'ros'
[2.473s] DEBUG:colcon.colcon_core.package_identification:Package 'src/utils' with type 'ros.ament_cmake' and name 'utils'
[2.474s] Level 1:colcon.colcon_core.package_discovery:discover_packages(recursive) using defaults
[2.474s] Level 1:colcon.colcon_core.package_discovery:discover_packages(ignore) discover
[2.474s] Level 1:colcon.colcon_core.package_discovery:discover_packages(ignore) using defaults
[2.474s] Level 1:colcon.colcon_core.package_discovery:discover_packages(path) discover
[2.475s] Level 1:colcon.colcon_core.package_discovery:discover_packages(path) using defaults
[2.710s] INFO:colcon.colcon_core.package_selection:Skipping not selected package 'bpu_bringup' in 'src/bpu_bringup'
[2.711s] INFO:colcon.colcon_core.package_selection:Skipping not selected package 'detection_interfaces' in 'src/detection_interfaces'
[2.711s] INFO:colcon.colcon_core.package_selection:Skipping not selected package 'utils' in 'src/utils'
[2.712s] INFO:colcon.colcon_core.package_selection:Skipping not selected package 'detection_bridge' in 'src/detection_bridge'
[2.715s] Level 1:colcon.colcon_core.package_discovery:discover_packages(prefix_path) check parameters
[2.716s] Level 1:colcon.colcon_core.package_discovery:discover_packages(prefix_path) discover
[2.731s] DEBUG:colcon.colcon_installed_package_information.package_discovery:Found 8 installed packages in /userdata/dev_ws/install
[2.734s] DEBUG:colcon.colcon_installed_package_information.package_discovery:Found 49 installed packages in /opt/tros/humble
[2.747s] DEBUG:colcon.colcon_installed_package_information.package_discovery:Found 290 installed packages in /opt/ros/humble
[2.760s] Level 1:colcon.colcon_core.package_discovery:discover_packages(prefix_path) using defaults
[3.118s] Level 5:colcon.colcon_core.verb:set package 'qr_decoder' build argument 'cmake_args' from command line to 'None'
[3.119s] Level 5:colcon.colcon_core.verb:set package 'qr_decoder' build argument 'cmake_target' from command line to 'None'
[3.119s] Level 5:colcon.colcon_core.verb:set package 'qr_decoder' build argument 'cmake_target_skip_unavailable' from command line to 'False'
[3.120s] Level 5:colcon.colcon_core.verb:set package 'qr_decoder' build argument 'cmake_clean_cache' from command line to 'False'
[3.120s] Level 5:colcon.colcon_core.verb:set package 'qr_decoder' build argument 'cmake_clean_first' from command line to 'False'
[3.120s] Level 5:colcon.colcon_core.verb:set package 'qr_decoder' build argument 'cmake_force_configure' from command line to 'False'
[3.120s] Level 5:colcon.colcon_core.verb:set package 'qr_decoder' build argument 'ament_cmake_args' from command line to 'None'
[3.120s] Level 5:colcon.colcon_core.verb:set package 'qr_decoder' build argument 'catkin_cmake_args' from command line to 'None'
[3.121s] Level 5:colcon.colcon_core.verb:set package 'qr_decoder' build argument 'catkin_skip_building_tests' from command line to 'False'
[3.121s] DEBUG:colcon.colcon_core.verb:Building package 'qr_decoder' with the following arguments: {'ament_cmake_args': None, 'build_base': '/userdata/BPU_bl_ws/build/qr_decoder', 'catkin_cmake_args': None, 'catkin_skip_building_tests': False, 'cmake_args': None, 'cmake_clean_cache': False, 'cmake_clean_first': False, 'cmake_force_configure': False, 'cmake_target': None, 'cmake_target_skip_unavailable': False, 'install_base': '/userdata/BPU_bl_ws/install/qr_decoder', 'merge_install': False, 'path': '/userdata/BPU_bl_ws/src/qr_decoder', 'symlink_install': True, 'test_result_base': None}
[3.122s] INFO:colcon.colcon_core.executor:Executing jobs using 'parallel' executor
[3.129s] DEBUG:colcon.colcon_parallel_executor.executor.parallel:run_until_complete
[3.130s] INFO:colcon.colcon_ros.task.ament_python.build:Building ROS package in '/userdata/BPU_bl_ws/src/qr_decoder' with build type 'ament_python'
[3.132s] Level 1:colcon.colcon_core.shell:create_environment_hook('qr_decoder', 'ament_prefix_path')
[3.147s] INFO:colcon.colcon_core.plugin_system:Skipping extension 'colcon_core.shell.bat': Not used on non-Windows systems
[3.149s] INFO:colcon.colcon_core.shell:Creating environment hook '/userdata/BPU_bl_ws/install/qr_decoder/share/qr_decoder/hook/ament_prefix_path.ps1'
[3.153s] INFO:colcon.colcon_core.shell:Creating environment descriptor '/userdata/BPU_bl_ws/install/qr_decoder/share/qr_decoder/hook/ament_prefix_path.dsv'
[3.157s] INFO:colcon.colcon_core.shell:Creating environment hook '/userdata/BPU_bl_ws/install/qr_decoder/share/qr_decoder/hook/ament_prefix_path.sh'
[3.164s] INFO:colcon.colcon_core.shell:Skip shell extension 'powershell' for command environment: Not usable outside of PowerShell
[3.165s] DEBUG:colcon.colcon_core.shell:Skip shell extension 'dsv' for command environment
[5.296s] INFO:colcon.colcon_core.task.python.build:Building Python package in '/userdata/BPU_bl_ws/src/qr_decoder'
[5.298s] INFO:colcon.colcon_core.shell:Skip shell extension 'powershell' for command environment: Not usable outside of PowerShell
[5.298s] DEBUG:colcon.colcon_core.shell:Skip shell extension 'dsv' for command environment
[8.543s] DEBUG:colcon.colcon_core.event_handler.log_command:Invoking command in '/userdata/BPU_bl_ws/build/qr_decoder': PYTHONPATH=/userdata/BPU_bl_ws/build/qr_decoder/prefix_override:/usr/lib/python3/dist-packages/colcon_core/task/python/colcon_distutils_commands:/userdata/BPU_bl_ws/install/qr_decoder/lib/python3.10/site-packages:${PYTHONPATH} /usr/bin/python3 -W ignore:setup.py install is deprecated -W ignore:easy_install command is deprecated setup.py develop --editable --build-directory /userdata/BPU_bl_ws/build/qr_decoder/build --no-deps symlink_data
[12.512s] Level 1:colcon.colcon_core.shell:create_environment_hook('qr_decoder', 'pythonpath_develop')
[12.514s] INFO:colcon.colcon_core.shell:Creating environment hook '/userdata/BPU_bl_ws/build/qr_decoder/share/qr_decoder/hook/pythonpath_develop.ps1'
[12.517s] DEBUG:colcon.colcon_core.event_handler.log_command:Invoked command in '/userdata/BPU_bl_ws/build/qr_decoder' returned '0': PYTHONPATH=/userdata/BPU_bl_ws/build/qr_decoder/prefix_override:/usr/lib/python3/dist-packages/colcon_core/task/python/colcon_distutils_commands:/userdata/BPU_bl_ws/install/qr_decoder/lib/python3.10/site-packages:${PYTHONPATH} /usr/bin/python3 -W ignore:setup.py install is deprecated -W ignore:easy_install command is deprecated setup.py develop --editable --build-directory /userdata/BPU_bl_ws/build/qr_decoder/build --no-deps symlink_data
[12.520s] INFO:colcon.colcon_core.shell:Creating environment descriptor '/userdata/BPU_bl_ws/build/qr_decoder/share/qr_decoder/hook/pythonpath_develop.dsv'
[12.523s] INFO:colcon.colcon_core.shell:Creating environment hook '/userdata/BPU_bl_ws/build/qr_decoder/share/qr_decoder/hook/pythonpath_develop.sh'
[12.542s] Level 1:colcon.colcon_core.environment:checking '/userdata/BPU_bl_ws/install/qr_decoder' for CMake module files
[12.547s] Level 1:colcon.colcon_core.environment:checking '/userdata/BPU_bl_ws/install/qr_decoder' for CMake config files
[12.551s] Level 1:colcon.colcon_core.environment:checking '/userdata/BPU_bl_ws/install/qr_decoder/lib'
[12.552s] Level 1:colcon.colcon_core.environment:checking '/userdata/BPU_bl_ws/install/qr_decoder/bin'
[12.553s] Level 1:colcon.colcon_core.shell:create_environment_hook('qr_decoder', 'path')
[12.554s] INFO:colcon.colcon_core.shell:Creating environment hook '/userdata/BPU_bl_ws/install/qr_decoder/share/qr_decoder/hook/path.ps1'
[12.558s] INFO:colcon.colcon_core.shell:Creating environment descriptor '/userdata/BPU_bl_ws/install/qr_decoder/share/qr_decoder/hook/path.dsv'
[12.560s] INFO:colcon.colcon_core.shell:Creating environment hook '/userdata/BPU_bl_ws/install/qr_decoder/share/qr_decoder/hook/path.sh'
[12.564s] Level 1:colcon.colcon_core.environment:checking '/userdata/BPU_bl_ws/install/qr_decoder/lib/pkgconfig/qr_decoder.pc'
[12.566s] Level 1:colcon.colcon_core.environment:checking '/userdata/BPU_bl_ws/install/qr_decoder/lib/python3.10/site-packages'
[12.567s] Level 1:colcon.colcon_core.shell:create_environment_hook('qr_decoder', 'pythonpath')
[12.570s] INFO:colcon.colcon_core.shell:Creating environment hook '/userdata/BPU_bl_ws/install/qr_decoder/share/qr_decoder/hook/pythonpath.ps1'
[12.574s] INFO:colcon.colcon_core.shell:Creating environment descriptor '/userdata/BPU_bl_ws/install/qr_decoder/share/qr_decoder/hook/pythonpath.dsv'
[12.577s] INFO:colcon.colcon_core.shell:Creating environment hook '/userdata/BPU_bl_ws/install/qr_decoder/share/qr_decoder/hook/pythonpath.sh'
[12.583s] Level 1:colcon.colcon_core.environment:checking '/userdata/BPU_bl_ws/install/qr_decoder/bin'
[12.584s] Level 1:colcon.colcon_core.shell:create_environment_hook('qr_decoder', 'pythonscriptspath')
[12.586s] INFO:colcon.colcon_core.shell:Creating environment hook '/userdata/BPU_bl_ws/install/qr_decoder/share/qr_decoder/hook/pythonscriptspath.ps1'
[12.590s] INFO:colcon.colcon_core.shell:Creating environment descriptor '/userdata/BPU_bl_ws/install/qr_decoder/share/qr_decoder/hook/pythonscriptspath.dsv'
[12.593s] INFO:colcon.colcon_core.shell:Creating environment hook '/userdata/BPU_bl_ws/install/qr_decoder/share/qr_decoder/hook/pythonscriptspath.sh'
[12.596s] Level 1:colcon.colcon_core.environment:create_environment_scripts_only(qr_decoder)
[12.599s] INFO:colcon.colcon_core.shell:Creating package script '/userdata/BPU_bl_ws/install/qr_decoder/share/qr_decoder/package.ps1'
[12.606s] INFO:colcon.colcon_core.shell:Creating package descriptor '/userdata/BPU_bl_ws/install/qr_decoder/share/qr_decoder/package.dsv'
[12.614s] INFO:colcon.colcon_core.shell:Creating package script '/userdata/BPU_bl_ws/install/qr_decoder/share/qr_decoder/package.sh'
[12.621s] INFO:colcon.colcon_core.shell:Creating package script '/userdata/BPU_bl_ws/install/qr_decoder/share/qr_decoder/package.bash'
[12.627s] INFO:colcon.colcon_core.shell:Creating package script '/userdata/BPU_bl_ws/install/qr_decoder/share/qr_decoder/package.zsh'
[12.632s] Level 1:colcon.colcon_core.environment:create_file_with_runtime_dependencies(/userdata/BPU_bl_ws/install/qr_decoder/share/colcon-core/packages/qr_decoder)
[12.634s] DEBUG:colcon.colcon_parallel_executor.executor.parallel:closing loop
[12.636s] DEBUG:colcon.colcon_parallel_executor.executor.parallel:loop closed
[12.637s] DEBUG:colcon.colcon_parallel_executor.executor.parallel:run_until_complete finished with '0'
[12.637s] DEBUG:colcon.colcon_core.event_reactor:joining thread
[12.666s] INFO:colcon.colcon_core.plugin_system:Skipping extension 'colcon_notification.desktop_notification.terminal_notifier': Not used on non-Darwin systems
[12.667s] INFO:colcon.colcon_core.plugin_system:Skipping extension 'colcon_notification.desktop_notification.win32': Not used on non-Windows systems
[12.667s] INFO:colcon.colcon_notification.desktop_notification:Sending desktop notification using 'notify2'
[37.686s] DEBUG:colcon.colcon_notification.desktop_notification.notify2:Failed to initialize notify2: org.freedesktop.DBus.Error.NoReply: Did not receive a reply. Possible causes include: the remote application did not send a reply, the message bus security policy blocked the reply, the reply timeout expired, or the network connection was broken.
[37.687s] DEBUG:colcon.colcon_core.event_reactor:joined thread
[37.689s] INFO:colcon.colcon_core.shell:Creating prefix script '/userdata/BPU_bl_ws/install/local_setup.ps1'
[37.696s] INFO:colcon.colcon_core.shell:Creating prefix util module '/userdata/BPU_bl_ws/install/_local_setup_util_ps1.py'
[37.707s] INFO:colcon.colcon_core.shell:Creating prefix chain script '/userdata/BPU_bl_ws/install/setup.ps1'
[37.717s] INFO:colcon.colcon_core.shell:Creating prefix script '/userdata/BPU_bl_ws/install/local_setup.sh'
[37.722s] INFO:colcon.colcon_core.shell:Creating prefix util module '/userdata/BPU_bl_ws/install/_local_setup_util_sh.py'
[37.726s] INFO:colcon.colcon_core.shell:Creating prefix chain script '/userdata/BPU_bl_ws/install/setup.sh'
[37.737s] INFO:colcon.colcon_core.shell:Creating prefix script '/userdata/BPU_bl_ws/install/local_setup.bash'
[37.741s] INFO:colcon.colcon_core.shell:Creating prefix chain script '/userdata/BPU_bl_ws/install/setup.bash'
[37.750s] INFO:colcon.colcon_core.shell:Creating prefix script '/userdata/BPU_bl_ws/install/local_setup.zsh'
[37.754s] INFO:colcon.colcon_core.shell:Creating prefix chain script '/userdata/BPU_bl_ws/install/setup.zsh'
