[  0%] Built target lslidar_msgs__cpp
[  1%] Built target lslidar_msgs__rs
[ 13%] Built target lslidar_msgs__rosidl_generator_c
[ 13%] Built target ament_cmake_python_symlink_lslidar_msgs
[ 36%] Built target lslidar_msgs__rosidl_typesupport_cpp
[ 36%] Built target lslidar_msgs__rosidl_typesupport_c
[ 48%] Built target lslidar_msgs__rosidl_typesupport_fastrtps_cpp
[ 59%] Built target lslidar_msgs__rosidl_typesupport_introspection_c
[ 71%] Built target lslidar_msgs__rosidl_typesupport_introspection_cpp
[ 82%] Built target lslidar_msgs__rosidl_typesupport_fastrtps_c
[ 82%] Built target lslidar_msgs
[ 83%] Built target lslidar_msgs__py
[ 94%] Built target lslidar_msgs__rosidl_generator_py
[ 98%] Built target lslidar_msgs__rosidl_typesupport_introspection_c__pyext
[ 98%] Built target lslidar_msgs__rosidl_typesupport_fastrtps_c__pyext
[100%] Built target lslidar_msgs__rosidl_typesupport_c__pyext
running egg_info
writing lslidar_msgs.egg-info/PKG-INFO
writing dependency_links to lslidar_msgs.egg-info/dependency_links.txt
writing top-level names to lslidar_msgs.egg-info/top_level.txt
reading manifest file 'lslidar_msgs.egg-info/SOURCES.txt'
writing manifest file 'lslidar_msgs.egg-info/SOURCES.txt'
[100%] Built target ament_cmake_python_build_lslidar_msgs_egg
-- Install configuration: ""
-- Execute custom install script
-- Up-to-date symlink: /userdata/driver_ws/install/lslidar_msgs/share/ament_index/resource_index/rosidl_interfaces/lslidar_msgs
-- Up-to-date symlink: /userdata/driver_ws/install/lslidar_msgs/include/lslidar_msgs/lslidar_msgs/msg/detail/lslidar_information__functions.h
-- Up-to-date symlink: /userdata/driver_ws/install/lslidar_msgs/include/lslidar_msgs/lslidar_msgs/msg/detail/lslidar_information__struct.h
-- Up-to-date symlink: /userdata/driver_ws/install/lslidar_msgs/include/lslidar_msgs/lslidar_msgs/msg/detail/lslidar_information__type_support.h
-- Up-to-date symlink: /userdata/driver_ws/install/lslidar_msgs/include/lslidar_msgs/lslidar_msgs/msg/detail/lslidar_packet__functions.h
-- Up-to-date symlink: /userdata/driver_ws/install/lslidar_msgs/include/lslidar_msgs/lslidar_msgs/msg/detail/lslidar_packet__struct.h
-- Up-to-date symlink: /userdata/driver_ws/install/lslidar_msgs/include/lslidar_msgs/lslidar_msgs/msg/detail/lslidar_packet__type_support.h
-- Up-to-date symlink: /userdata/driver_ws/install/lslidar_msgs/include/lslidar_msgs/lslidar_msgs/msg/lslidar_information.h
-- Up-to-date symlink: /userdata/driver_ws/install/lslidar_msgs/include/lslidar_msgs/lslidar_msgs/msg/lslidar_packet.h
-- Up-to-date symlink: /userdata/driver_ws/install/lslidar_msgs/include/lslidar_msgs/lslidar_msgs/msg/rosidl_generator_c__visibility_control.h
-- Up-to-date symlink: /userdata/driver_ws/install/lslidar_msgs/include/lslidar_msgs/lslidar_msgs/srv/angle_distortion_correction.h
-- Up-to-date symlink: /userdata/driver_ws/install/lslidar_msgs/include/lslidar_msgs/lslidar_msgs/srv/detail/angle_distortion_correction__functions.h
-- Up-to-date symlink: /userdata/driver_ws/install/lslidar_msgs/include/lslidar_msgs/lslidar_msgs/srv/detail/angle_distortion_correction__struct.h
-- Up-to-date symlink: /userdata/driver_ws/install/lslidar_msgs/include/lslidar_msgs/lslidar_msgs/srv/detail/angle_distortion_correction__type_support.h
-- Up-to-date symlink: /userdata/driver_ws/install/lslidar_msgs/include/lslidar_msgs/lslidar_msgs/srv/detail/frame_rate__functions.h
-- Up-to-date symlink: /userdata/driver_ws/install/lslidar_msgs/include/lslidar_msgs/lslidar_msgs/srv/detail/frame_rate__struct.h
-- Up-to-date symlink: /userdata/driver_ws/install/lslidar_msgs/include/lslidar_msgs/lslidar_msgs/srv/detail/frame_rate__type_support.h
-- Up-to-date symlink: /userdata/driver_ws/install/lslidar_msgs/include/lslidar_msgs/lslidar_msgs/srv/detail/invalid_data__functions.h
-- Up-to-date symlink: /userdata/driver_ws/install/lslidar_msgs/include/lslidar_msgs/lslidar_msgs/srv/detail/invalid_data__struct.h
-- Up-to-date symlink: /userdata/driver_ws/install/lslidar_msgs/include/lslidar_msgs/lslidar_msgs/srv/detail/invalid_data__type_support.h
-- Up-to-date symlink: /userdata/driver_ws/install/lslidar_msgs/include/lslidar_msgs/lslidar_msgs/srv/detail/ip_and_port__functions.h
-- Up-to-date symlink: /userdata/driver_ws/install/lslidar_msgs/include/lslidar_msgs/lslidar_msgs/srv/detail/ip_and_port__struct.h
-- Up-to-date symlink: /userdata/driver_ws/install/lslidar_msgs/include/lslidar_msgs/lslidar_msgs/srv/detail/ip_and_port__type_support.h
-- Up-to-date symlink: /userdata/driver_ws/install/lslidar_msgs/include/lslidar_msgs/lslidar_msgs/srv/detail/motor_control__functions.h
-- Up-to-date symlink: /userdata/driver_ws/install/lslidar_msgs/include/lslidar_msgs/lslidar_msgs/srv/detail/motor_control__struct.h
-- Up-to-date symlink: /userdata/driver_ws/install/lslidar_msgs/include/lslidar_msgs/lslidar_msgs/srv/detail/motor_control__type_support.h
-- Up-to-date symlink: /userdata/driver_ws/install/lslidar_msgs/include/lslidar_msgs/lslidar_msgs/srv/detail/motor_speed__functions.h
-- Up-to-date symlink: /userdata/driver_ws/install/lslidar_msgs/include/lslidar_msgs/lslidar_msgs/srv/detail/motor_speed__struct.h
-- Up-to-date symlink: /userdata/driver_ws/install/lslidar_msgs/include/lslidar_msgs/lslidar_msgs/srv/detail/motor_speed__type_support.h
-- Up-to-date symlink: /userdata/driver_ws/install/lslidar_msgs/include/lslidar_msgs/lslidar_msgs/srv/detail/power_control__functions.h
-- Up-to-date symlink: /userdata/driver_ws/install/lslidar_msgs/include/lslidar_msgs/lslidar_msgs/srv/detail/power_control__struct.h
-- Up-to-date symlink: /userdata/driver_ws/install/lslidar_msgs/include/lslidar_msgs/lslidar_msgs/srv/detail/power_control__type_support.h
-- Up-to-date symlink: /userdata/driver_ws/install/lslidar_msgs/include/lslidar_msgs/lslidar_msgs/srv/detail/rfd_removal__functions.h
-- Up-to-date symlink: /userdata/driver_ws/install/lslidar_msgs/include/lslidar_msgs/lslidar_msgs/srv/detail/rfd_removal__struct.h
-- Up-to-date symlink: /userdata/driver_ws/install/lslidar_msgs/include/lslidar_msgs/lslidar_msgs/srv/detail/rfd_removal__type_support.h
-- Up-to-date symlink: /userdata/driver_ws/install/lslidar_msgs/include/lslidar_msgs/lslidar_msgs/srv/detail/standby_mode__functions.h
-- Up-to-date symlink: /userdata/driver_ws/install/lslidar_msgs/include/lslidar_msgs/lslidar_msgs/srv/detail/standby_mode__struct.h
-- Up-to-date symlink: /userdata/driver_ws/install/lslidar_msgs/include/lslidar_msgs/lslidar_msgs/srv/detail/standby_mode__type_support.h
-- Up-to-date symlink: /userdata/driver_ws/install/lslidar_msgs/include/lslidar_msgs/lslidar_msgs/srv/detail/tail_removal__functions.h
-- Up-to-date symlink: /userdata/driver_ws/install/lslidar_msgs/include/lslidar_msgs/lslidar_msgs/srv/detail/tail_removal__struct.h
-- Up-to-date symlink: /userdata/driver_ws/install/lslidar_msgs/include/lslidar_msgs/lslidar_msgs/srv/detail/tail_removal__type_support.h
-- Up-to-date symlink: /userdata/driver_ws/install/lslidar_msgs/include/lslidar_msgs/lslidar_msgs/srv/detail/time_mode__functions.h
-- Up-to-date symlink: /userdata/driver_ws/install/lslidar_msgs/include/lslidar_msgs/lslidar_msgs/srv/detail/time_mode__struct.h
-- Up-to-date symlink: /userdata/driver_ws/install/lslidar_msgs/include/lslidar_msgs/lslidar_msgs/srv/detail/time_mode__type_support.h
-- Up-to-date symlink: /userdata/driver_ws/install/lslidar_msgs/include/lslidar_msgs/lslidar_msgs/srv/frame_rate.h
-- Up-to-date symlink: /userdata/driver_ws/install/lslidar_msgs/include/lslidar_msgs/lslidar_msgs/srv/invalid_data.h
-- Up-to-date symlink: /userdata/driver_ws/install/lslidar_msgs/include/lslidar_msgs/lslidar_msgs/srv/ip_and_port.h
-- Up-to-date symlink: /userdata/driver_ws/install/lslidar_msgs/include/lslidar_msgs/lslidar_msgs/srv/motor_control.h
-- Up-to-date symlink: /userdata/driver_ws/install/lslidar_msgs/include/lslidar_msgs/lslidar_msgs/srv/motor_speed.h
-- Up-to-date symlink: /userdata/driver_ws/install/lslidar_msgs/include/lslidar_msgs/lslidar_msgs/srv/power_control.h
-- Up-to-date symlink: /userdata/driver_ws/install/lslidar_msgs/include/lslidar_msgs/lslidar_msgs/srv/rfd_removal.h
-- Up-to-date symlink: /userdata/driver_ws/install/lslidar_msgs/include/lslidar_msgs/lslidar_msgs/srv/standby_mode.h
-- Up-to-date symlink: /userdata/driver_ws/install/lslidar_msgs/include/lslidar_msgs/lslidar_msgs/srv/tail_removal.h
-- Up-to-date symlink: /userdata/driver_ws/install/lslidar_msgs/include/lslidar_msgs/lslidar_msgs/srv/time_mode.h
-- Up-to-date symlink: /userdata/driver_ws/install/lslidar_msgs/share/lslidar_msgs/environment/library_path.sh
-- Up-to-date symlink: /userdata/driver_ws/install/lslidar_msgs/share/lslidar_msgs/environment/library_path.dsv
-- Up-to-date symlink: /userdata/driver_ws/install/lslidar_msgs/include/lslidar_msgs/lslidar_msgs/msg/detail/lslidar_information__rosidl_typesupport_fastrtps_c.h
-- Up-to-date symlink: /userdata/driver_ws/install/lslidar_msgs/include/lslidar_msgs/lslidar_msgs/msg/detail/lslidar_packet__rosidl_typesupport_fastrtps_c.h
-- Up-to-date symlink: /userdata/driver_ws/install/lslidar_msgs/include/lslidar_msgs/lslidar_msgs/msg/rosidl_typesupport_fastrtps_c__visibility_control.h
-- Up-to-date symlink: /userdata/driver_ws/install/lslidar_msgs/include/lslidar_msgs/lslidar_msgs/srv/detail/angle_distortion_correction__rosidl_typesupport_fastrtps_c.h
-- Up-to-date symlink: /userdata/driver_ws/install/lslidar_msgs/include/lslidar_msgs/lslidar_msgs/srv/detail/frame_rate__rosidl_typesupport_fastrtps_c.h
-- Up-to-date symlink: /userdata/driver_ws/install/lslidar_msgs/include/lslidar_msgs/lslidar_msgs/srv/detail/invalid_data__rosidl_typesupport_fastrtps_c.h
-- Up-to-date symlink: /userdata/driver_ws/install/lslidar_msgs/include/lslidar_msgs/lslidar_msgs/srv/detail/ip_and_port__rosidl_typesupport_fastrtps_c.h
-- Up-to-date symlink: /userdata/driver_ws/install/lslidar_msgs/include/lslidar_msgs/lslidar_msgs/srv/detail/motor_control__rosidl_typesupport_fastrtps_c.h
-- Up-to-date symlink: /userdata/driver_ws/install/lslidar_msgs/include/lslidar_msgs/lslidar_msgs/srv/detail/motor_speed__rosidl_typesupport_fastrtps_c.h
-- Up-to-date symlink: /userdata/driver_ws/install/lslidar_msgs/include/lslidar_msgs/lslidar_msgs/srv/detail/power_control__rosidl_typesupport_fastrtps_c.h
-- Up-to-date symlink: /userdata/driver_ws/install/lslidar_msgs/include/lslidar_msgs/lslidar_msgs/srv/detail/rfd_removal__rosidl_typesupport_fastrtps_c.h
-- Up-to-date symlink: /userdata/driver_ws/install/lslidar_msgs/include/lslidar_msgs/lslidar_msgs/srv/detail/standby_mode__rosidl_typesupport_fastrtps_c.h
-- Up-to-date symlink: /userdata/driver_ws/install/lslidar_msgs/include/lslidar_msgs/lslidar_msgs/srv/detail/tail_removal__rosidl_typesupport_fastrtps_c.h
-- Up-to-date symlink: /userdata/driver_ws/install/lslidar_msgs/include/lslidar_msgs/lslidar_msgs/srv/detail/time_mode__rosidl_typesupport_fastrtps_c.h
-- Up-to-date symlink: /userdata/driver_ws/install/lslidar_msgs/include/lslidar_msgs/lslidar_msgs/msg/detail/lslidar_information__rosidl_typesupport_introspection_c.h
-- Up-to-date symlink: /userdata/driver_ws/install/lslidar_msgs/include/lslidar_msgs/lslidar_msgs/msg/detail/lslidar_packet__rosidl_typesupport_introspection_c.h
-- Up-to-date symlink: /userdata/driver_ws/install/lslidar_msgs/include/lslidar_msgs/lslidar_msgs/msg/rosidl_typesupport_introspection_c__visibility_control.h
-- Up-to-date symlink: /userdata/driver_ws/install/lslidar_msgs/include/lslidar_msgs/lslidar_msgs/srv/detail/angle_distortion_correction__rosidl_typesupport_introspection_c.h
-- Up-to-date symlink: /userdata/driver_ws/install/lslidar_msgs/include/lslidar_msgs/lslidar_msgs/srv/detail/frame_rate__rosidl_typesupport_introspection_c.h
-- Up-to-date symlink: /userdata/driver_ws/install/lslidar_msgs/include/lslidar_msgs/lslidar_msgs/srv/detail/invalid_data__rosidl_typesupport_introspection_c.h
-- Up-to-date symlink: /userdata/driver_ws/install/lslidar_msgs/include/lslidar_msgs/lslidar_msgs/srv/detail/ip_and_port__rosidl_typesupport_introspection_c.h
-- Up-to-date symlink: /userdata/driver_ws/install/lslidar_msgs/include/lslidar_msgs/lslidar_msgs/srv/detail/motor_control__rosidl_typesupport_introspection_c.h
-- Up-to-date symlink: /userdata/driver_ws/install/lslidar_msgs/include/lslidar_msgs/lslidar_msgs/srv/detail/motor_speed__rosidl_typesupport_introspection_c.h
-- Up-to-date symlink: /userdata/driver_ws/install/lslidar_msgs/include/lslidar_msgs/lslidar_msgs/srv/detail/power_control__rosidl_typesupport_introspection_c.h
-- Up-to-date symlink: /userdata/driver_ws/install/lslidar_msgs/include/lslidar_msgs/lslidar_msgs/srv/detail/rfd_removal__rosidl_typesupport_introspection_c.h
-- Up-to-date symlink: /userdata/driver_ws/install/lslidar_msgs/include/lslidar_msgs/lslidar_msgs/srv/detail/standby_mode__rosidl_typesupport_introspection_c.h
-- Up-to-date symlink: /userdata/driver_ws/install/lslidar_msgs/include/lslidar_msgs/lslidar_msgs/srv/detail/tail_removal__rosidl_typesupport_introspection_c.h
-- Up-to-date symlink: /userdata/driver_ws/install/lslidar_msgs/include/lslidar_msgs/lslidar_msgs/srv/detail/time_mode__rosidl_typesupport_introspection_c.h
-- Up-to-date symlink: /userdata/driver_ws/install/lslidar_msgs/include/lslidar_msgs/lslidar_msgs/msg/detail/lslidar_information__builder.hpp
-- Up-to-date symlink: /userdata/driver_ws/install/lslidar_msgs/include/lslidar_msgs/lslidar_msgs/msg/detail/lslidar_information__struct.hpp
-- Up-to-date symlink: /userdata/driver_ws/install/lslidar_msgs/include/lslidar_msgs/lslidar_msgs/msg/detail/lslidar_information__traits.hpp
-- Up-to-date symlink: /userdata/driver_ws/install/lslidar_msgs/include/lslidar_msgs/lslidar_msgs/msg/detail/lslidar_packet__builder.hpp
-- Up-to-date symlink: /userdata/driver_ws/install/lslidar_msgs/include/lslidar_msgs/lslidar_msgs/msg/detail/lslidar_packet__struct.hpp
-- Up-to-date symlink: /userdata/driver_ws/install/lslidar_msgs/include/lslidar_msgs/lslidar_msgs/msg/detail/lslidar_packet__traits.hpp
-- Up-to-date symlink: /userdata/driver_ws/install/lslidar_msgs/include/lslidar_msgs/lslidar_msgs/msg/lslidar_information.hpp
-- Up-to-date symlink: /userdata/driver_ws/install/lslidar_msgs/include/lslidar_msgs/lslidar_msgs/msg/lslidar_packet.hpp
-- Up-to-date symlink: /userdata/driver_ws/install/lslidar_msgs/include/lslidar_msgs/lslidar_msgs/srv/angle_distortion_correction.hpp
-- Up-to-date symlink: /userdata/driver_ws/install/lslidar_msgs/include/lslidar_msgs/lslidar_msgs/srv/detail/angle_distortion_correction__builder.hpp
-- Up-to-date symlink: /userdata/driver_ws/install/lslidar_msgs/include/lslidar_msgs/lslidar_msgs/srv/detail/angle_distortion_correction__struct.hpp
-- Up-to-date symlink: /userdata/driver_ws/install/lslidar_msgs/include/lslidar_msgs/lslidar_msgs/srv/detail/angle_distortion_correction__traits.hpp
-- Up-to-date symlink: /userdata/driver_ws/install/lslidar_msgs/include/lslidar_msgs/lslidar_msgs/srv/detail/frame_rate__builder.hpp
-- Up-to-date symlink: /userdata/driver_ws/install/lslidar_msgs/include/lslidar_msgs/lslidar_msgs/srv/detail/frame_rate__struct.hpp
-- Up-to-date symlink: /userdata/driver_ws/install/lslidar_msgs/include/lslidar_msgs/lslidar_msgs/srv/detail/frame_rate__traits.hpp
-- Up-to-date symlink: /userdata/driver_ws/install/lslidar_msgs/include/lslidar_msgs/lslidar_msgs/srv/detail/invalid_data__builder.hpp
-- Up-to-date symlink: /userdata/driver_ws/install/lslidar_msgs/include/lslidar_msgs/lslidar_msgs/srv/detail/invalid_data__struct.hpp
-- Up-to-date symlink: /userdata/driver_ws/install/lslidar_msgs/include/lslidar_msgs/lslidar_msgs/srv/detail/invalid_data__traits.hpp
-- Up-to-date symlink: /userdata/driver_ws/install/lslidar_msgs/include/lslidar_msgs/lslidar_msgs/srv/detail/ip_and_port__builder.hpp
-- Up-to-date symlink: /userdata/driver_ws/install/lslidar_msgs/include/lslidar_msgs/lslidar_msgs/srv/detail/ip_and_port__struct.hpp
-- Up-to-date symlink: /userdata/driver_ws/install/lslidar_msgs/include/lslidar_msgs/lslidar_msgs/srv/detail/ip_and_port__traits.hpp
-- Up-to-date symlink: /userdata/driver_ws/install/lslidar_msgs/include/lslidar_msgs/lslidar_msgs/srv/detail/motor_control__builder.hpp
-- Up-to-date symlink: /userdata/driver_ws/install/lslidar_msgs/include/lslidar_msgs/lslidar_msgs/srv/detail/motor_control__struct.hpp
-- Up-to-date symlink: /userdata/driver_ws/install/lslidar_msgs/include/lslidar_msgs/lslidar_msgs/srv/detail/motor_control__traits.hpp
-- Up-to-date symlink: /userdata/driver_ws/install/lslidar_msgs/include/lslidar_msgs/lslidar_msgs/srv/detail/motor_speed__builder.hpp
-- Up-to-date symlink: /userdata/driver_ws/install/lslidar_msgs/include/lslidar_msgs/lslidar_msgs/srv/detail/motor_speed__struct.hpp
-- Up-to-date symlink: /userdata/driver_ws/install/lslidar_msgs/include/lslidar_msgs/lslidar_msgs/srv/detail/motor_speed__traits.hpp
-- Up-to-date symlink: /userdata/driver_ws/install/lslidar_msgs/include/lslidar_msgs/lslidar_msgs/srv/detail/power_control__builder.hpp
-- Up-to-date symlink: /userdata/driver_ws/install/lslidar_msgs/include/lslidar_msgs/lslidar_msgs/srv/detail/power_control__struct.hpp
-- Up-to-date symlink: /userdata/driver_ws/install/lslidar_msgs/include/lslidar_msgs/lslidar_msgs/srv/detail/power_control__traits.hpp
-- Up-to-date symlink: /userdata/driver_ws/install/lslidar_msgs/include/lslidar_msgs/lslidar_msgs/srv/detail/rfd_removal__builder.hpp
-- Up-to-date symlink: /userdata/driver_ws/install/lslidar_msgs/include/lslidar_msgs/lslidar_msgs/srv/detail/rfd_removal__struct.hpp
-- Up-to-date symlink: /userdata/driver_ws/install/lslidar_msgs/include/lslidar_msgs/lslidar_msgs/srv/detail/rfd_removal__traits.hpp
-- Up-to-date symlink: /userdata/driver_ws/install/lslidar_msgs/include/lslidar_msgs/lslidar_msgs/srv/detail/standby_mode__builder.hpp
-- Up-to-date symlink: /userdata/driver_ws/install/lslidar_msgs/include/lslidar_msgs/lslidar_msgs/srv/detail/standby_mode__struct.hpp
-- Up-to-date symlink: /userdata/driver_ws/install/lslidar_msgs/include/lslidar_msgs/lslidar_msgs/srv/detail/standby_mode__traits.hpp
-- Up-to-date symlink: /userdata/driver_ws/install/lslidar_msgs/include/lslidar_msgs/lslidar_msgs/srv/detail/tail_removal__builder.hpp
-- Up-to-date symlink: /userdata/driver_ws/install/lslidar_msgs/include/lslidar_msgs/lslidar_msgs/srv/detail/tail_removal__struct.hpp
-- Up-to-date symlink: /userdata/driver_ws/install/lslidar_msgs/include/lslidar_msgs/lslidar_msgs/srv/detail/tail_removal__traits.hpp
-- Up-to-date symlink: /userdata/driver_ws/install/lslidar_msgs/include/lslidar_msgs/lslidar_msgs/srv/detail/time_mode__builder.hpp
-- Up-to-date symlink: /userdata/driver_ws/install/lslidar_msgs/include/lslidar_msgs/lslidar_msgs/srv/detail/time_mode__struct.hpp
-- Up-to-date symlink: /userdata/driver_ws/install/lslidar_msgs/include/lslidar_msgs/lslidar_msgs/srv/detail/time_mode__traits.hpp
-- Up-to-date symlink: /userdata/driver_ws/install/lslidar_msgs/include/lslidar_msgs/lslidar_msgs/srv/frame_rate.hpp
-- Up-to-date symlink: /userdata/driver_ws/install/lslidar_msgs/include/lslidar_msgs/lslidar_msgs/srv/invalid_data.hpp
-- Up-to-date symlink: /userdata/driver_ws/install/lslidar_msgs/include/lslidar_msgs/lslidar_msgs/srv/ip_and_port.hpp
-- Up-to-date symlink: /userdata/driver_ws/install/lslidar_msgs/include/lslidar_msgs/lslidar_msgs/srv/motor_control.hpp
-- Up-to-date symlink: /userdata/driver_ws/install/lslidar_msgs/include/lslidar_msgs/lslidar_msgs/srv/motor_speed.hpp
-- Up-to-date symlink: /userdata/driver_ws/install/lslidar_msgs/include/lslidar_msgs/lslidar_msgs/srv/power_control.hpp
-- Up-to-date symlink: /userdata/driver_ws/install/lslidar_msgs/include/lslidar_msgs/lslidar_msgs/srv/rfd_removal.hpp
-- Up-to-date symlink: /userdata/driver_ws/install/lslidar_msgs/include/lslidar_msgs/lslidar_msgs/srv/standby_mode.hpp
-- Up-to-date symlink: /userdata/driver_ws/install/lslidar_msgs/include/lslidar_msgs/lslidar_msgs/srv/tail_removal.hpp
-- Up-to-date symlink: /userdata/driver_ws/install/lslidar_msgs/include/lslidar_msgs/lslidar_msgs/srv/time_mode.hpp
-- Up-to-date symlink: /userdata/driver_ws/install/lslidar_msgs/include/lslidar_msgs/lslidar_msgs/msg/detail/lslidar_information__rosidl_typesupport_fastrtps_cpp.hpp
-- Up-to-date symlink: /userdata/driver_ws/install/lslidar_msgs/include/lslidar_msgs/lslidar_msgs/msg/detail/lslidar_packet__rosidl_typesupport_fastrtps_cpp.hpp
-- Up-to-date symlink: /userdata/driver_ws/install/lslidar_msgs/include/lslidar_msgs/lslidar_msgs/msg/rosidl_typesupport_fastrtps_cpp__visibility_control.h
-- Up-to-date symlink: /userdata/driver_ws/install/lslidar_msgs/include/lslidar_msgs/lslidar_msgs/srv/detail/angle_distortion_correction__rosidl_typesupport_fastrtps_cpp.hpp
-- Up-to-date symlink: /userdata/driver_ws/install/lslidar_msgs/include/lslidar_msgs/lslidar_msgs/srv/detail/frame_rate__rosidl_typesupport_fastrtps_cpp.hpp
-- Up-to-date symlink: /userdata/driver_ws/install/lslidar_msgs/include/lslidar_msgs/lslidar_msgs/srv/detail/invalid_data__rosidl_typesupport_fastrtps_cpp.hpp
-- Up-to-date symlink: /userdata/driver_ws/install/lslidar_msgs/include/lslidar_msgs/lslidar_msgs/srv/detail/ip_and_port__rosidl_typesupport_fastrtps_cpp.hpp
-- Up-to-date symlink: /userdata/driver_ws/install/lslidar_msgs/include/lslidar_msgs/lslidar_msgs/srv/detail/motor_control__rosidl_typesupport_fastrtps_cpp.hpp
-- Up-to-date symlink: /userdata/driver_ws/install/lslidar_msgs/include/lslidar_msgs/lslidar_msgs/srv/detail/motor_speed__rosidl_typesupport_fastrtps_cpp.hpp
-- Up-to-date symlink: /userdata/driver_ws/install/lslidar_msgs/include/lslidar_msgs/lslidar_msgs/srv/detail/power_control__rosidl_typesupport_fastrtps_cpp.hpp
-- Up-to-date symlink: /userdata/driver_ws/install/lslidar_msgs/include/lslidar_msgs/lslidar_msgs/srv/detail/rfd_removal__rosidl_typesupport_fastrtps_cpp.hpp
-- Up-to-date symlink: /userdata/driver_ws/install/lslidar_msgs/include/lslidar_msgs/lslidar_msgs/srv/detail/standby_mode__rosidl_typesupport_fastrtps_cpp.hpp
-- Up-to-date symlink: /userdata/driver_ws/install/lslidar_msgs/include/lslidar_msgs/lslidar_msgs/srv/detail/tail_removal__rosidl_typesupport_fastrtps_cpp.hpp
-- Up-to-date symlink: /userdata/driver_ws/install/lslidar_msgs/include/lslidar_msgs/lslidar_msgs/srv/detail/time_mode__rosidl_typesupport_fastrtps_cpp.hpp
-- Up-to-date symlink: /userdata/driver_ws/install/lslidar_msgs/include/lslidar_msgs/lslidar_msgs/msg/detail/lslidar_information__rosidl_typesupport_introspection_cpp.hpp
-- Up-to-date symlink: /userdata/driver_ws/install/lslidar_msgs/include/lslidar_msgs/lslidar_msgs/msg/detail/lslidar_packet__rosidl_typesupport_introspection_cpp.hpp
-- Up-to-date symlink: /userdata/driver_ws/install/lslidar_msgs/include/lslidar_msgs/lslidar_msgs/srv/detail/angle_distortion_correction__rosidl_typesupport_introspection_cpp.hpp
-- Up-to-date symlink: /userdata/driver_ws/install/lslidar_msgs/include/lslidar_msgs/lslidar_msgs/srv/detail/frame_rate__rosidl_typesupport_introspection_cpp.hpp
-- Up-to-date symlink: /userdata/driver_ws/install/lslidar_msgs/include/lslidar_msgs/lslidar_msgs/srv/detail/invalid_data__rosidl_typesupport_introspection_cpp.hpp
-- Up-to-date symlink: /userdata/driver_ws/install/lslidar_msgs/include/lslidar_msgs/lslidar_msgs/srv/detail/ip_and_port__rosidl_typesupport_introspection_cpp.hpp
-- Up-to-date symlink: /userdata/driver_ws/install/lslidar_msgs/include/lslidar_msgs/lslidar_msgs/srv/detail/motor_control__rosidl_typesupport_introspection_cpp.hpp
-- Up-to-date symlink: /userdata/driver_ws/install/lslidar_msgs/include/lslidar_msgs/lslidar_msgs/srv/detail/motor_speed__rosidl_typesupport_introspection_cpp.hpp
-- Up-to-date symlink: /userdata/driver_ws/install/lslidar_msgs/include/lslidar_msgs/lslidar_msgs/srv/detail/power_control__rosidl_typesupport_introspection_cpp.hpp
-- Up-to-date symlink: /userdata/driver_ws/install/lslidar_msgs/include/lslidar_msgs/lslidar_msgs/srv/detail/rfd_removal__rosidl_typesupport_introspection_cpp.hpp
-- Up-to-date symlink: /userdata/driver_ws/install/lslidar_msgs/include/lslidar_msgs/lslidar_msgs/srv/detail/standby_mode__rosidl_typesupport_introspection_cpp.hpp
-- Up-to-date symlink: /userdata/driver_ws/install/lslidar_msgs/include/lslidar_msgs/lslidar_msgs/srv/detail/tail_removal__rosidl_typesupport_introspection_cpp.hpp
-- Up-to-date symlink: /userdata/driver_ws/install/lslidar_msgs/include/lslidar_msgs/lslidar_msgs/srv/detail/time_mode__rosidl_typesupport_introspection_cpp.hpp
-- Up-to-date symlink: /userdata/driver_ws/install/lslidar_msgs/share/lslidar_msgs/environment/pythonpath.sh
-- Up-to-date symlink: /userdata/driver_ws/install/lslidar_msgs/share/lslidar_msgs/environment/pythonpath.dsv
-- Up-to-date symlink: /userdata/driver_ws/install/lslidar_msgs/local/lib/python3.10/dist-packages/lslidar_msgs-5.1.1-py3.10.egg-info/PKG-INFO
-- Up-to-date symlink: /userdata/driver_ws/install/lslidar_msgs/local/lib/python3.10/dist-packages/lslidar_msgs-5.1.1-py3.10.egg-info/SOURCES.txt
-- Up-to-date symlink: /userdata/driver_ws/install/lslidar_msgs/local/lib/python3.10/dist-packages/lslidar_msgs-5.1.1-py3.10.egg-info/dependency_links.txt
-- Up-to-date symlink: /userdata/driver_ws/install/lslidar_msgs/local/lib/python3.10/dist-packages/lslidar_msgs-5.1.1-py3.10.egg-info/top_level.txt
-- Up-to-date symlink: /userdata/driver_ws/install/lslidar_msgs/local/lib/python3.10/dist-packages/lslidar_msgs/__init__.py
-- Up-to-date symlink: /userdata/driver_ws/install/lslidar_msgs/local/lib/python3.10/dist-packages/lslidar_msgs/_lslidar_msgs_s.ep.rosidl_typesupport_c.c
-- Up-to-date symlink: /userdata/driver_ws/install/lslidar_msgs/local/lib/python3.10/dist-packages/lslidar_msgs/_lslidar_msgs_s.ep.rosidl_typesupport_fastrtps_c.c
-- Up-to-date symlink: /userdata/driver_ws/install/lslidar_msgs/local/lib/python3.10/dist-packages/lslidar_msgs/_lslidar_msgs_s.ep.rosidl_typesupport_introspection_c.c
-- Up-to-date symlink: /userdata/driver_ws/install/lslidar_msgs/local/lib/python3.10/dist-packages/lslidar_msgs/liblslidar_msgs__rosidl_generator_py.so
-- Up-to-date symlink: /userdata/driver_ws/install/lslidar_msgs/local/lib/python3.10/dist-packages/lslidar_msgs/lslidar_msgs_s__rosidl_typesupport_c.cpython-310-aarch64-linux-gnu.so
-- Up-to-date symlink: /userdata/driver_ws/install/lslidar_msgs/local/lib/python3.10/dist-packages/lslidar_msgs/lslidar_msgs_s__rosidl_typesupport_fastrtps_c.cpython-310-aarch64-linux-gnu.so
-- Up-to-date symlink: /userdata/driver_ws/install/lslidar_msgs/local/lib/python3.10/dist-packages/lslidar_msgs/lslidar_msgs_s__rosidl_typesupport_introspection_c.cpython-310-aarch64-linux-gnu.so
-- Up-to-date symlink: /userdata/driver_ws/install/lslidar_msgs/local/lib/python3.10/dist-packages/lslidar_msgs/msg/__init__.py
-- Up-to-date symlink: /userdata/driver_ws/install/lslidar_msgs/local/lib/python3.10/dist-packages/lslidar_msgs/msg/_lslidar_information.py
-- Up-to-date symlink: /userdata/driver_ws/install/lslidar_msgs/local/lib/python3.10/dist-packages/lslidar_msgs/msg/_lslidar_information_s.c
-- Up-to-date symlink: /userdata/driver_ws/install/lslidar_msgs/local/lib/python3.10/dist-packages/lslidar_msgs/msg/_lslidar_packet.py
-- Up-to-date symlink: /userdata/driver_ws/install/lslidar_msgs/local/lib/python3.10/dist-packages/lslidar_msgs/msg/_lslidar_packet_s.c
-- Up-to-date symlink: /userdata/driver_ws/install/lslidar_msgs/local/lib/python3.10/dist-packages/lslidar_msgs/srv/__init__.py
-- Up-to-date symlink: /userdata/driver_ws/install/lslidar_msgs/local/lib/python3.10/dist-packages/lslidar_msgs/srv/_angle_distortion_correction.py
-- Up-to-date symlink: /userdata/driver_ws/install/lslidar_msgs/local/lib/python3.10/dist-packages/lslidar_msgs/srv/_angle_distortion_correction_s.c
-- Up-to-date symlink: /userdata/driver_ws/install/lslidar_msgs/local/lib/python3.10/dist-packages/lslidar_msgs/srv/_frame_rate.py
-- Up-to-date symlink: /userdata/driver_ws/install/lslidar_msgs/local/lib/python3.10/dist-packages/lslidar_msgs/srv/_frame_rate_s.c
-- Up-to-date symlink: /userdata/driver_ws/install/lslidar_msgs/local/lib/python3.10/dist-packages/lslidar_msgs/srv/_invalid_data.py
-- Up-to-date symlink: /userdata/driver_ws/install/lslidar_msgs/local/lib/python3.10/dist-packages/lslidar_msgs/srv/_invalid_data_s.c
-- Up-to-date symlink: /userdata/driver_ws/install/lslidar_msgs/local/lib/python3.10/dist-packages/lslidar_msgs/srv/_ip_and_port.py
-- Up-to-date symlink: /userdata/driver_ws/install/lslidar_msgs/local/lib/python3.10/dist-packages/lslidar_msgs/srv/_ip_and_port_s.c
-- Up-to-date symlink: /userdata/driver_ws/install/lslidar_msgs/local/lib/python3.10/dist-packages/lslidar_msgs/srv/_motor_control.py
-- Up-to-date symlink: /userdata/driver_ws/install/lslidar_msgs/local/lib/python3.10/dist-packages/lslidar_msgs/srv/_motor_control_s.c
-- Up-to-date symlink: /userdata/driver_ws/install/lslidar_msgs/local/lib/python3.10/dist-packages/lslidar_msgs/srv/_motor_speed.py
-- Up-to-date symlink: /userdata/driver_ws/install/lslidar_msgs/local/lib/python3.10/dist-packages/lslidar_msgs/srv/_motor_speed_s.c
-- Up-to-date symlink: /userdata/driver_ws/install/lslidar_msgs/local/lib/python3.10/dist-packages/lslidar_msgs/srv/_power_control.py
-- Up-to-date symlink: /userdata/driver_ws/install/lslidar_msgs/local/lib/python3.10/dist-packages/lslidar_msgs/srv/_power_control_s.c
-- Up-to-date symlink: /userdata/driver_ws/install/lslidar_msgs/local/lib/python3.10/dist-packages/lslidar_msgs/srv/_rfd_removal.py
-- Up-to-date symlink: /userdata/driver_ws/install/lslidar_msgs/local/lib/python3.10/dist-packages/lslidar_msgs/srv/_rfd_removal_s.c
-- Up-to-date symlink: /userdata/driver_ws/install/lslidar_msgs/local/lib/python3.10/dist-packages/lslidar_msgs/srv/_standby_mode.py
-- Up-to-date symlink: /userdata/driver_ws/install/lslidar_msgs/local/lib/python3.10/dist-packages/lslidar_msgs/srv/_standby_mode_s.c
-- Up-to-date symlink: /userdata/driver_ws/install/lslidar_msgs/local/lib/python3.10/dist-packages/lslidar_msgs/srv/_tail_removal.py
-- Up-to-date symlink: /userdata/driver_ws/install/lslidar_msgs/local/lib/python3.10/dist-packages/lslidar_msgs/srv/_tail_removal_s.c
-- Up-to-date symlink: /userdata/driver_ws/install/lslidar_msgs/local/lib/python3.10/dist-packages/lslidar_msgs/srv/_time_mode.py
-- Up-to-date symlink: /userdata/driver_ws/install/lslidar_msgs/local/lib/python3.10/dist-packages/lslidar_msgs/srv/_time_mode_s.c
-- Up-to-date symlink: /userdata/driver_ws/install/lslidar_msgs/local/lib/python3.10/dist-packages/lslidar_msgs/lslidar_msgs_s__rosidl_typesupport_fastrtps_c.cpython-310-aarch64-linux-gnu.so
-- Up-to-date symlink: /userdata/driver_ws/install/lslidar_msgs/local/lib/python3.10/dist-packages/lslidar_msgs/lslidar_msgs_s__rosidl_typesupport_introspection_c.cpython-310-aarch64-linux-gnu.so
-- Up-to-date symlink: /userdata/driver_ws/install/lslidar_msgs/local/lib/python3.10/dist-packages/lslidar_msgs/lslidar_msgs_s__rosidl_typesupport_c.cpython-310-aarch64-linux-gnu.so
-- Up-to-date symlink: /userdata/driver_ws/install/lslidar_msgs/share/ament_index/resource_index/rust_packages/lslidar_msgs
-- Up-to-date symlink: /userdata/driver_ws/install/lslidar_msgs/share/lslidar_msgs/rust/Cargo.toml
-- Up-to-date symlink: /userdata/driver_ws/install/lslidar_msgs/share/lslidar_msgs/rust/build.rs
-- Up-to-date symlink: /userdata/driver_ws/install/lslidar_msgs/share/lslidar_msgs/rust/src/lib.rs
-- Up-to-date symlink: /userdata/driver_ws/install/lslidar_msgs/share/lslidar_msgs/rust/src/msg.rs
-- Up-to-date symlink: /userdata/driver_ws/install/lslidar_msgs/share/lslidar_msgs/rust/src/msg/rmw.rs
-- Up-to-date symlink: /userdata/driver_ws/install/lslidar_msgs/share/lslidar_msgs/rust/src/srv.rs
-- Up-to-date symlink: /userdata/driver_ws/install/lslidar_msgs/share/lslidar_msgs/rust/src/srv/rmw.rs
-- Up-to-date symlink: /userdata/driver_ws/install/lslidar_msgs/share/lslidar_msgs/msg/LslidarInformation.idl
-- Up-to-date symlink: /userdata/driver_ws/install/lslidar_msgs/share/lslidar_msgs/msg/LslidarPacket.idl
-- Up-to-date symlink: /userdata/driver_ws/install/lslidar_msgs/share/lslidar_msgs/srv/AngleDistortionCorrection.idl
-- Up-to-date symlink: /userdata/driver_ws/install/lslidar_msgs/share/lslidar_msgs/srv/FrameRate.idl
-- Up-to-date symlink: /userdata/driver_ws/install/lslidar_msgs/share/lslidar_msgs/srv/InvalidData.idl
-- Up-to-date symlink: /userdata/driver_ws/install/lslidar_msgs/share/lslidar_msgs/srv/IpAndPort.idl
-- Up-to-date symlink: /userdata/driver_ws/install/lslidar_msgs/share/lslidar_msgs/srv/MotorControl.idl
-- Up-to-date symlink: /userdata/driver_ws/install/lslidar_msgs/share/lslidar_msgs/srv/MotorSpeed.idl
-- Up-to-date symlink: /userdata/driver_ws/install/lslidar_msgs/share/lslidar_msgs/srv/PowerControl.idl
-- Up-to-date symlink: /userdata/driver_ws/install/lslidar_msgs/share/lslidar_msgs/srv/RfdRemoval.idl
-- Up-to-date symlink: /userdata/driver_ws/install/lslidar_msgs/share/lslidar_msgs/srv/StandbyMode.idl
-- Up-to-date symlink: /userdata/driver_ws/install/lslidar_msgs/share/lslidar_msgs/srv/TailRemoval.idl
-- Up-to-date symlink: /userdata/driver_ws/install/lslidar_msgs/share/lslidar_msgs/srv/TimeMode.idl
-- Up-to-date symlink: /userdata/driver_ws/install/lslidar_msgs/share/lslidar_msgs/msg/LslidarInformation.msg
-- Up-to-date symlink: /userdata/driver_ws/install/lslidar_msgs/share/lslidar_msgs/msg/LslidarPacket.msg
-- Up-to-date symlink: /userdata/driver_ws/install/lslidar_msgs/share/lslidar_msgs/srv/AngleDistortionCorrection.srv
-- Up-to-date symlink: /userdata/driver_ws/install/lslidar_msgs/share/lslidar_msgs/srv/AngleDistortionCorrection_Request.msg
-- Up-to-date symlink: /userdata/driver_ws/install/lslidar_msgs/share/lslidar_msgs/srv/AngleDistortionCorrection_Response.msg
-- Up-to-date symlink: /userdata/driver_ws/install/lslidar_msgs/share/lslidar_msgs/srv/FrameRate.srv
-- Up-to-date symlink: /userdata/driver_ws/install/lslidar_msgs/share/lslidar_msgs/srv/FrameRate_Request.msg
-- Up-to-date symlink: /userdata/driver_ws/install/lslidar_msgs/share/lslidar_msgs/srv/FrameRate_Response.msg
-- Up-to-date symlink: /userdata/driver_ws/install/lslidar_msgs/share/lslidar_msgs/srv/InvalidData.srv
-- Up-to-date symlink: /userdata/driver_ws/install/lslidar_msgs/share/lslidar_msgs/srv/InvalidData_Request.msg
-- Up-to-date symlink: /userdata/driver_ws/install/lslidar_msgs/share/lslidar_msgs/srv/InvalidData_Response.msg
-- Up-to-date symlink: /userdata/driver_ws/install/lslidar_msgs/share/lslidar_msgs/srv/IpAndPort.srv
-- Up-to-date symlink: /userdata/driver_ws/install/lslidar_msgs/share/lslidar_msgs/srv/IpAndPort_Request.msg
-- Up-to-date symlink: /userdata/driver_ws/install/lslidar_msgs/share/lslidar_msgs/srv/IpAndPort_Response.msg
-- Up-to-date symlink: /userdata/driver_ws/install/lslidar_msgs/share/lslidar_msgs/srv/MotorControl.srv
-- Up-to-date symlink: /userdata/driver_ws/install/lslidar_msgs/share/lslidar_msgs/srv/MotorControl_Request.msg
-- Up-to-date symlink: /userdata/driver_ws/install/lslidar_msgs/share/lslidar_msgs/srv/MotorControl_Response.msg
-- Up-to-date symlink: /userdata/driver_ws/install/lslidar_msgs/share/lslidar_msgs/srv/MotorSpeed.srv
-- Up-to-date symlink: /userdata/driver_ws/install/lslidar_msgs/share/lslidar_msgs/srv/MotorSpeed_Request.msg
-- Up-to-date symlink: /userdata/driver_ws/install/lslidar_msgs/share/lslidar_msgs/srv/MotorSpeed_Response.msg
-- Up-to-date symlink: /userdata/driver_ws/install/lslidar_msgs/share/lslidar_msgs/srv/PowerControl.srv
-- Up-to-date symlink: /userdata/driver_ws/install/lslidar_msgs/share/lslidar_msgs/srv/PowerControl_Request.msg
-- Up-to-date symlink: /userdata/driver_ws/install/lslidar_msgs/share/lslidar_msgs/srv/PowerControl_Response.msg
-- Up-to-date symlink: /userdata/driver_ws/install/lslidar_msgs/share/lslidar_msgs/srv/RfdRemoval.srv
-- Up-to-date symlink: /userdata/driver_ws/install/lslidar_msgs/share/lslidar_msgs/srv/RfdRemoval_Request.msg
-- Up-to-date symlink: /userdata/driver_ws/install/lslidar_msgs/share/lslidar_msgs/srv/RfdRemoval_Response.msg
-- Up-to-date symlink: /userdata/driver_ws/install/lslidar_msgs/share/lslidar_msgs/srv/StandbyMode.srv
-- Up-to-date symlink: /userdata/driver_ws/install/lslidar_msgs/share/lslidar_msgs/srv/StandbyMode_Request.msg
-- Up-to-date symlink: /userdata/driver_ws/install/lslidar_msgs/share/lslidar_msgs/srv/StandbyMode_Response.msg
-- Up-to-date symlink: /userdata/driver_ws/install/lslidar_msgs/share/lslidar_msgs/srv/TailRemoval.srv
-- Up-to-date symlink: /userdata/driver_ws/install/lslidar_msgs/share/lslidar_msgs/srv/TailRemoval_Request.msg
-- Up-to-date symlink: /userdata/driver_ws/install/lslidar_msgs/share/lslidar_msgs/srv/TailRemoval_Response.msg
-- Up-to-date symlink: /userdata/driver_ws/install/lslidar_msgs/share/lslidar_msgs/srv/TimeMode.srv
-- Up-to-date symlink: /userdata/driver_ws/install/lslidar_msgs/share/lslidar_msgs/srv/TimeMode_Request.msg
-- Up-to-date symlink: /userdata/driver_ws/install/lslidar_msgs/share/lslidar_msgs/srv/TimeMode_Response.msg
-- Up-to-date symlink: /userdata/driver_ws/install/lslidar_msgs/share/ament_index/resource_index/package_run_dependencies/lslidar_msgs
-- Up-to-date symlink: /userdata/driver_ws/install/lslidar_msgs/share/ament_index/resource_index/parent_prefix_path/lslidar_msgs
-- Up-to-date symlink: /userdata/driver_ws/install/lslidar_msgs/share/lslidar_msgs/environment/ament_prefix_path.sh
-- Up-to-date symlink: /userdata/driver_ws/install/lslidar_msgs/share/lslidar_msgs/environment/ament_prefix_path.dsv
-- Up-to-date symlink: /userdata/driver_ws/install/lslidar_msgs/share/lslidar_msgs/environment/path.sh
-- Up-to-date symlink: /userdata/driver_ws/install/lslidar_msgs/share/lslidar_msgs/environment/path.dsv
-- Up-to-date symlink: /userdata/driver_ws/install/lslidar_msgs/share/lslidar_msgs/local_setup.bash
-- Up-to-date symlink: /userdata/driver_ws/install/lslidar_msgs/share/lslidar_msgs/local_setup.sh
-- Up-to-date symlink: /userdata/driver_ws/install/lslidar_msgs/share/lslidar_msgs/local_setup.zsh
-- Up-to-date symlink: /userdata/driver_ws/install/lslidar_msgs/share/lslidar_msgs/local_setup.dsv
-- Symlinking: /userdata/driver_ws/install/lslidar_msgs/share/lslidar_msgs/package.dsv
-- Up-to-date symlink: /userdata/driver_ws/install/lslidar_msgs/share/ament_index/resource_index/packages/lslidar_msgs
-- Up-to-date symlink: /userdata/driver_ws/install/lslidar_msgs/share/lslidar_msgs/cmake/rosidl_cmake-extras.cmake
-- Up-to-date symlink: /userdata/driver_ws/install/lslidar_msgs/share/lslidar_msgs/cmake/ament_cmake_export_dependencies-extras.cmake
-- Up-to-date symlink: /userdata/driver_ws/install/lslidar_msgs/share/lslidar_msgs/cmake/ament_cmake_export_include_directories-extras.cmake
-- Up-to-date symlink: /userdata/driver_ws/install/lslidar_msgs/share/lslidar_msgs/cmake/ament_cmake_export_libraries-extras.cmake
-- Up-to-date symlink: /userdata/driver_ws/install/lslidar_msgs/share/lslidar_msgs/cmake/ament_cmake_export_targets-extras.cmake
-- Up-to-date symlink: /userdata/driver_ws/install/lslidar_msgs/share/lslidar_msgs/cmake/rosidl_cmake_export_typesupport_targets-extras.cmake
-- Up-to-date symlink: /userdata/driver_ws/install/lslidar_msgs/share/lslidar_msgs/cmake/rosidl_cmake_export_typesupport_libraries-extras.cmake
-- Up-to-date symlink: /userdata/driver_ws/install/lslidar_msgs/share/lslidar_msgs/cmake/lslidar_msgsConfig.cmake
-- Up-to-date symlink: /userdata/driver_ws/install/lslidar_msgs/share/lslidar_msgs/cmake/lslidar_msgsConfig-version.cmake
-- Up-to-date symlink: /userdata/driver_ws/install/lslidar_msgs/share/lslidar_msgs/package.xml
-- Up-to-date: /userdata/driver_ws/install/lslidar_msgs/lib/liblslidar_msgs__rosidl_generator_c.so
-- Up-to-date: /userdata/driver_ws/install/lslidar_msgs/lib/liblslidar_msgs__rosidl_typesupport_fastrtps_c.so
-- Up-to-date: /userdata/driver_ws/install/lslidar_msgs/lib/liblslidar_msgs__rosidl_typesupport_introspection_c.so
-- Up-to-date: /userdata/driver_ws/install/lslidar_msgs/lib/liblslidar_msgs__rosidl_typesupport_c.so
-- Up-to-date: /userdata/driver_ws/install/lslidar_msgs/lib/liblslidar_msgs__rosidl_typesupport_fastrtps_cpp.so
-- Up-to-date: /userdata/driver_ws/install/lslidar_msgs/lib/liblslidar_msgs__rosidl_typesupport_introspection_cpp.so
-- Up-to-date: /userdata/driver_ws/install/lslidar_msgs/lib/liblslidar_msgs__rosidl_typesupport_cpp.so
Listing '/userdata/driver_ws/install/lslidar_msgs/local/lib/python3.10/dist-packages/lslidar_msgs'...
Listing '/userdata/driver_ws/install/lslidar_msgs/local/lib/python3.10/dist-packages/lslidar_msgs/msg'...
Listing '/userdata/driver_ws/install/lslidar_msgs/local/lib/python3.10/dist-packages/lslidar_msgs/srv'...
-- Up-to-date: /userdata/driver_ws/install/lslidar_msgs/lib/liblslidar_msgs__rosidl_generator_py.so
-- Up-to-date: /userdata/driver_ws/install/lslidar_msgs/share/lslidar_msgs/cmake/export_lslidar_msgs__rosidl_generator_cExport.cmake
-- Up-to-date: /userdata/driver_ws/install/lslidar_msgs/share/lslidar_msgs/cmake/export_lslidar_msgs__rosidl_generator_cExport-noconfig.cmake
-- Up-to-date: /userdata/driver_ws/install/lslidar_msgs/share/lslidar_msgs/cmake/export_lslidar_msgs__rosidl_typesupport_fastrtps_cExport.cmake
-- Up-to-date: /userdata/driver_ws/install/lslidar_msgs/share/lslidar_msgs/cmake/export_lslidar_msgs__rosidl_typesupport_fastrtps_cExport-noconfig.cmake
-- Up-to-date: /userdata/driver_ws/install/lslidar_msgs/share/lslidar_msgs/cmake/lslidar_msgs__rosidl_typesupport_introspection_cExport.cmake
-- Up-to-date: /userdata/driver_ws/install/lslidar_msgs/share/lslidar_msgs/cmake/lslidar_msgs__rosidl_typesupport_introspection_cExport-noconfig.cmake
-- Up-to-date: /userdata/driver_ws/install/lslidar_msgs/share/lslidar_msgs/cmake/lslidar_msgs__rosidl_typesupport_cExport.cmake
-- Up-to-date: /userdata/driver_ws/install/lslidar_msgs/share/lslidar_msgs/cmake/lslidar_msgs__rosidl_typesupport_cExport-noconfig.cmake
-- Up-to-date: /userdata/driver_ws/install/lslidar_msgs/share/lslidar_msgs/cmake/export_lslidar_msgs__rosidl_generator_cppExport.cmake
-- Up-to-date: /userdata/driver_ws/install/lslidar_msgs/share/lslidar_msgs/cmake/export_lslidar_msgs__rosidl_typesupport_fastrtps_cppExport.cmake
-- Up-to-date: /userdata/driver_ws/install/lslidar_msgs/share/lslidar_msgs/cmake/export_lslidar_msgs__rosidl_typesupport_fastrtps_cppExport-noconfig.cmake
-- Up-to-date: /userdata/driver_ws/install/lslidar_msgs/share/lslidar_msgs/cmake/lslidar_msgs__rosidl_typesupport_introspection_cppExport.cmake
-- Up-to-date: /userdata/driver_ws/install/lslidar_msgs/share/lslidar_msgs/cmake/lslidar_msgs__rosidl_typesupport_introspection_cppExport-noconfig.cmake
-- Up-to-date: /userdata/driver_ws/install/lslidar_msgs/share/lslidar_msgs/cmake/lslidar_msgs__rosidl_typesupport_cppExport.cmake
-- Up-to-date: /userdata/driver_ws/install/lslidar_msgs/share/lslidar_msgs/cmake/lslidar_msgs__rosidl_typesupport_cppExport-noconfig.cmake
-- Up-to-date: /userdata/driver_ws/install/lslidar_msgs/share/lslidar_msgs/cmake/export_lslidar_msgs__rosidl_generator_pyExport.cmake
-- Up-to-date: /userdata/driver_ws/install/lslidar_msgs/share/lslidar_msgs/cmake/export_lslidar_msgs__rosidl_generator_pyExport-noconfig.cmake
