[0.861s] DEBUG:colcon:Command line arguments: ['/usr/bin/colcon', 'build', '--symlink-install']
[0.862s] DEBUG:colcon:Parsed command line arguments: Namespace(log_base=None, log_level=None, verb_name='build', build_base='build', install_base='install', merge_install=False, symlink_install=True, test_result_base=None, continue_on_error=False, executor='parallel', parallel_workers=8, event_handlers=None, ignore_user_meta=False, metas=['./colcon.meta'], base_paths=['.'], packages_ignore=None, packages_ignore_regex=None, paths=None, packages_up_to=None, packages_up_to_regex=None, packages_above=None, packages_above_and_dependencies=None, packages_above_depth=None, packages_select_by_dep=None, packages_skip_by_dep=None, packages_skip_up_to=None, packages_select_build_failed=False, packages_skip_build_finished=False, packages_select_test_failures=False, packages_skip_test_passed=False, packages_select=None, packages_skip=None, packages_select_regex=None, packages_skip_regex=None, packages_start=None, packages_end=None, allow_overriding=[], cmake_args=None, cmake_target=None, cmake_target_skip_unavailable=False, cmake_clean_cache=False, cmake_clean_first=False, cmake_force_configure=False, ament_cmake_args=None, catkin_cmake_args=None, catkin_skip_building_tests=False, verb_parser=<colcon_defaults.argument_parser.defaults.DefaultArgumentsDecorator object at 0xffff81e0db40>, verb_extension=<colcon_core.verb.build.BuildVerb object at 0xffff81e0d630>, main=<bound method BuildVerb.main of <colcon_core.verb.build.BuildVerb object at 0xffff81e0d630>>)
[2.393s] Level 1:colcon.colcon_core.package_discovery:discover_packages(colcon_meta) check parameters
[2.394s] Level 1:colcon.colcon_core.package_discovery:discover_packages(recursive) check parameters
[2.394s] Level 1:colcon.colcon_core.package_discovery:discover_packages(ignore) check parameters
[2.394s] Level 1:colcon.colcon_core.package_discovery:discover_packages(path) check parameters
[2.394s] Level 1:colcon.colcon_core.package_discovery:discover_packages(colcon_meta) discover
[2.395s] Level 1:colcon.colcon_core.package_discovery:discover_packages(recursive) discover
[2.395s] INFO:colcon.colcon_core.package_discovery:Crawling recursively for packages in '/userdata/control_ws'
[2.395s] Level 1:colcon.colcon_core.package_identification:_identify(.) by extensions ['ignore', 'ignore_ament_install']
[2.396s] Level 1:colcon.colcon_core.package_identification:_identify(.) by extension 'ignore'
[2.396s] Level 1:colcon.colcon_core.package_identification:_identify(.) by extension 'ignore_ament_install'
[2.397s] Level 1:colcon.colcon_core.package_identification:_identify(.) by extensions ['colcon_pkg']
[2.398s] Level 1:colcon.colcon_core.package_identification:_identify(.) by extension 'colcon_pkg'
[2.398s] Level 1:colcon.colcon_core.package_identification:_identify(.) by extensions ['colcon_meta']
[2.399s] Level 1:colcon.colcon_core.package_identification:_identify(.) by extension 'colcon_meta'
[2.399s] Level 1:colcon.colcon_core.package_identification:_identify(.) by extensions ['ros']
[2.400s] Level 1:colcon.colcon_core.package_identification:_identify(.) by extension 'ros'
[2.493s] Level 1:colcon.colcon_core.package_identification:_identify(.) by extensions ['cmake', 'python']
[2.494s] Level 1:colcon.colcon_core.package_identification:_identify(.) by extension 'cmake'
[2.494s] Level 1:colcon.colcon_core.package_identification:_identify(.) by extension 'python'
[2.494s] Level 1:colcon.colcon_core.package_identification:_identify(.) by extensions ['python_setup_py']
[2.495s] Level 1:colcon.colcon_core.package_identification:_identify(.) by extension 'python_setup_py'
[2.495s] Level 1:colcon.colcon_core.package_identification:_identify(build) by extensions ['ignore', 'ignore_ament_install']
[2.496s] Level 1:colcon.colcon_core.package_identification:_identify(build) by extension 'ignore'
[2.496s] Level 1:colcon.colcon_core.package_identification:_identify(build) ignored
[2.497s] Level 1:colcon.colcon_core.package_identification:_identify(install) by extensions ['ignore', 'ignore_ament_install']
[2.498s] Level 1:colcon.colcon_core.package_identification:_identify(install) by extension 'ignore'
[2.498s] Level 1:colcon.colcon_core.package_identification:_identify(install) ignored
[2.500s] Level 1:colcon.colcon_core.package_identification:_identify(log) by extensions ['ignore', 'ignore_ament_install']
[2.501s] Level 1:colcon.colcon_core.package_identification:_identify(log) by extension 'ignore'
[2.501s] Level 1:colcon.colcon_core.package_identification:_identify(log) ignored
[2.502s] Level 1:colcon.colcon_core.package_identification:_identify(src) by extensions ['ignore', 'ignore_ament_install']
[2.503s] Level 1:colcon.colcon_core.package_identification:_identify(src) by extension 'ignore'
[2.504s] Level 1:colcon.colcon_core.package_identification:_identify(src) by extension 'ignore_ament_install'
[2.505s] Level 1:colcon.colcon_core.package_identification:_identify(src) by extensions ['colcon_pkg']
[2.505s] Level 1:colcon.colcon_core.package_identification:_identify(src) by extension 'colcon_pkg'
[2.505s] Level 1:colcon.colcon_core.package_identification:_identify(src) by extensions ['colcon_meta']
[2.506s] Level 1:colcon.colcon_core.package_identification:_identify(src) by extension 'colcon_meta'
[2.506s] Level 1:colcon.colcon_core.package_identification:_identify(src) by extensions ['ros']
[2.506s] Level 1:colcon.colcon_core.package_identification:_identify(src) by extension 'ros'
[2.507s] Level 1:colcon.colcon_core.package_identification:_identify(src) by extensions ['cmake', 'python']
[2.507s] Level 1:colcon.colcon_core.package_identification:_identify(src) by extension 'cmake'
[2.507s] Level 1:colcon.colcon_core.package_identification:_identify(src) by extension 'python'
[2.508s] Level 1:colcon.colcon_core.package_identification:_identify(src) by extensions ['python_setup_py']
[2.508s] Level 1:colcon.colcon_core.package_identification:_identify(src) by extension 'python_setup_py'
[2.508s] Level 1:colcon.colcon_core.package_identification:_identify(src/task_controller) by extensions ['ignore', 'ignore_ament_install']
[2.509s] Level 1:colcon.colcon_core.package_identification:_identify(src/task_controller) by extension 'ignore'
[2.509s] Level 1:colcon.colcon_core.package_identification:_identify(src/task_controller) by extension 'ignore_ament_install'
[2.510s] Level 1:colcon.colcon_core.package_identification:_identify(src/task_controller) by extensions ['colcon_pkg']
[2.510s] Level 1:colcon.colcon_core.package_identification:_identify(src/task_controller) by extension 'colcon_pkg'
[2.510s] Level 1:colcon.colcon_core.package_identification:_identify(src/task_controller) by extensions ['colcon_meta']
[2.510s] Level 1:colcon.colcon_core.package_identification:_identify(src/task_controller) by extension 'colcon_meta'
[2.510s] Level 1:colcon.colcon_core.package_identification:_identify(src/task_controller) by extensions ['ros']
[2.511s] Level 1:colcon.colcon_core.package_identification:_identify(src/task_controller) by extension 'ros'
[2.526s] DEBUG:colcon.colcon_core.package_identification:Package 'src/task_controller' with type 'ros.ament_python' and name 'task_controller'
[2.527s] Level 1:colcon.colcon_core.package_discovery:discover_packages(recursive) using defaults
[2.527s] Level 1:colcon.colcon_core.package_discovery:discover_packages(ignore) discover
[2.527s] Level 1:colcon.colcon_core.package_discovery:discover_packages(ignore) using defaults
[2.527s] Level 1:colcon.colcon_core.package_discovery:discover_packages(path) discover
[2.528s] Level 1:colcon.colcon_core.package_discovery:discover_packages(path) using defaults
[2.688s] Level 1:colcon.colcon_core.package_discovery:discover_packages(prefix_path) check parameters
[2.688s] Level 1:colcon.colcon_core.package_discovery:discover_packages(prefix_path) discover
[2.705s] DEBUG:colcon.colcon_installed_package_information.package_discovery:Found 1 installed packages in /userdata/control_ws/install
[2.708s] DEBUG:colcon.colcon_installed_package_information.package_discovery:Found 1 installed packages in /userdata/navi_ws/install
[2.713s] DEBUG:colcon.colcon_installed_package_information.package_discovery:Found 8 installed packages in /userdata/dev_ws/install
[2.718s] DEBUG:colcon.colcon_installed_package_information.package_discovery:Found 5 installed packages in /userdata/BPU_bl_ws/install
[2.722s] DEBUG:colcon.colcon_installed_package_information.package_discovery:Found 1 installed packages in /userdata/base_ws/install
[2.726s] DEBUG:colcon.colcon_installed_package_information.package_discovery:Found 49 installed packages in /opt/tros/humble
[2.829s] DEBUG:colcon.colcon_installed_package_information.package_discovery:Found 290 installed packages in /opt/ros/humble
[2.852s] Level 1:colcon.colcon_core.package_discovery:discover_packages(prefix_path) using defaults
[3.250s] Level 5:colcon.colcon_core.verb:set package 'task_controller' build argument 'cmake_args' from command line to 'None'
[3.251s] Level 5:colcon.colcon_core.verb:set package 'task_controller' build argument 'cmake_target' from command line to 'None'
[3.251s] Level 5:colcon.colcon_core.verb:set package 'task_controller' build argument 'cmake_target_skip_unavailable' from command line to 'False'
[3.251s] Level 5:colcon.colcon_core.verb:set package 'task_controller' build argument 'cmake_clean_cache' from command line to 'False'
[3.251s] Level 5:colcon.colcon_core.verb:set package 'task_controller' build argument 'cmake_clean_first' from command line to 'False'
[3.252s] Level 5:colcon.colcon_core.verb:set package 'task_controller' build argument 'cmake_force_configure' from command line to 'False'
[3.252s] Level 5:colcon.colcon_core.verb:set package 'task_controller' build argument 'ament_cmake_args' from command line to 'None'
[3.252s] Level 5:colcon.colcon_core.verb:set package 'task_controller' build argument 'catkin_cmake_args' from command line to 'None'
[3.252s] Level 5:colcon.colcon_core.verb:set package 'task_controller' build argument 'catkin_skip_building_tests' from command line to 'False'
[3.252s] DEBUG:colcon.colcon_core.verb:Building package 'task_controller' with the following arguments: {'ament_cmake_args': None, 'build_base': '/userdata/control_ws/build/task_controller', 'catkin_cmake_args': None, 'catkin_skip_building_tests': False, 'cmake_args': None, 'cmake_clean_cache': False, 'cmake_clean_first': False, 'cmake_force_configure': False, 'cmake_target': None, 'cmake_target_skip_unavailable': False, 'install_base': '/userdata/control_ws/install/task_controller', 'merge_install': False, 'path': '/userdata/control_ws/src/task_controller', 'symlink_install': True, 'test_result_base': None}
[3.253s] INFO:colcon.colcon_core.executor:Executing jobs using 'parallel' executor
[3.260s] DEBUG:colcon.colcon_parallel_executor.executor.parallel:run_until_complete
[3.261s] INFO:colcon.colcon_ros.task.ament_python.build:Building ROS package in '/userdata/control_ws/src/task_controller' with build type 'ament_python'
[3.262s] Level 1:colcon.colcon_core.shell:create_environment_hook('task_controller', 'ament_prefix_path')
[3.276s] INFO:colcon.colcon_core.plugin_system:Skipping extension 'colcon_core.shell.bat': Not used on non-Windows systems
[3.277s] INFO:colcon.colcon_core.shell:Creating environment hook '/userdata/control_ws/install/task_controller/share/task_controller/hook/ament_prefix_path.ps1'
[3.281s] INFO:colcon.colcon_core.shell:Creating environment descriptor '/userdata/control_ws/install/task_controller/share/task_controller/hook/ament_prefix_path.dsv'
[3.285s] INFO:colcon.colcon_core.shell:Creating environment hook '/userdata/control_ws/install/task_controller/share/task_controller/hook/ament_prefix_path.sh'
[3.291s] INFO:colcon.colcon_core.shell:Skip shell extension 'powershell' for command environment: Not usable outside of PowerShell
[3.291s] DEBUG:colcon.colcon_core.shell:Skip shell extension 'dsv' for command environment
[5.601s] INFO:colcon.colcon_core.task.python.build:Building Python package in '/userdata/control_ws/src/task_controller'
[5.603s] INFO:colcon.colcon_core.shell:Skip shell extension 'powershell' for command environment: Not usable outside of PowerShell
[5.603s] DEBUG:colcon.colcon_core.shell:Skip shell extension 'dsv' for command environment
[8.675s] DEBUG:colcon.colcon_core.event_handler.log_command:Invoking command in '/userdata/control_ws/build/task_controller': PYTHONPATH=/userdata/control_ws/build/task_controller/prefix_override:/usr/lib/python3/dist-packages/colcon_core/task/python/colcon_distutils_commands:/userdata/control_ws/install/task_controller/lib/python3.10/site-packages:${PYTHONPATH} /usr/bin/python3 -W ignore:setup.py install is deprecated -W ignore:easy_install command is deprecated setup.py develop --editable --build-directory /userdata/control_ws/build/task_controller/build --no-deps symlink_data
[12.855s] Level 1:colcon.colcon_core.shell:create_environment_hook('task_controller', 'pythonpath_develop')
[12.857s] INFO:colcon.colcon_core.shell:Creating environment hook '/userdata/control_ws/build/task_controller/share/task_controller/hook/pythonpath_develop.ps1'
[12.860s] DEBUG:colcon.colcon_core.event_handler.log_command:Invoked command in '/userdata/control_ws/build/task_controller' returned '0': PYTHONPATH=/userdata/control_ws/build/task_controller/prefix_override:/usr/lib/python3/dist-packages/colcon_core/task/python/colcon_distutils_commands:/userdata/control_ws/install/task_controller/lib/python3.10/site-packages:${PYTHONPATH} /usr/bin/python3 -W ignore:setup.py install is deprecated -W ignore:easy_install command is deprecated setup.py develop --editable --build-directory /userdata/control_ws/build/task_controller/build --no-deps symlink_data
[12.865s] INFO:colcon.colcon_core.shell:Creating environment descriptor '/userdata/control_ws/build/task_controller/share/task_controller/hook/pythonpath_develop.dsv'
[12.870s] INFO:colcon.colcon_core.shell:Creating environment hook '/userdata/control_ws/build/task_controller/share/task_controller/hook/pythonpath_develop.sh'
[12.893s] Level 1:colcon.colcon_core.environment:checking '/userdata/control_ws/install/task_controller' for CMake module files
[12.897s] Level 1:colcon.colcon_core.environment:checking '/userdata/control_ws/install/task_controller' for CMake config files
[12.901s] Level 1:colcon.colcon_core.environment:checking '/userdata/control_ws/install/task_controller/lib'
[12.903s] Level 1:colcon.colcon_core.environment:checking '/userdata/control_ws/install/task_controller/bin'
[12.903s] Level 1:colcon.colcon_core.shell:create_environment_hook('task_controller', 'path')
[12.905s] INFO:colcon.colcon_core.shell:Creating environment hook '/userdata/control_ws/install/task_controller/share/task_controller/hook/path.ps1'
[12.908s] INFO:colcon.colcon_core.shell:Creating environment descriptor '/userdata/control_ws/install/task_controller/share/task_controller/hook/path.dsv'
[12.911s] INFO:colcon.colcon_core.shell:Creating environment hook '/userdata/control_ws/install/task_controller/share/task_controller/hook/path.sh'
[12.914s] Level 1:colcon.colcon_core.environment:checking '/userdata/control_ws/install/task_controller/lib/pkgconfig/task_controller.pc'
[12.916s] Level 1:colcon.colcon_core.environment:checking '/userdata/control_ws/install/task_controller/lib/python3.10/site-packages'
[12.917s] Level 1:colcon.colcon_core.shell:create_environment_hook('task_controller', 'pythonpath')
[12.918s] INFO:colcon.colcon_core.shell:Creating environment hook '/userdata/control_ws/install/task_controller/share/task_controller/hook/pythonpath.ps1'
[12.922s] INFO:colcon.colcon_core.shell:Creating environment descriptor '/userdata/control_ws/install/task_controller/share/task_controller/hook/pythonpath.dsv'
[12.924s] INFO:colcon.colcon_core.shell:Creating environment hook '/userdata/control_ws/install/task_controller/share/task_controller/hook/pythonpath.sh'
[12.930s] Level 1:colcon.colcon_core.environment:checking '/userdata/control_ws/install/task_controller/bin'
[12.930s] Level 1:colcon.colcon_core.shell:create_environment_hook('task_controller', 'pythonscriptspath')
[12.933s] INFO:colcon.colcon_core.shell:Creating environment hook '/userdata/control_ws/install/task_controller/share/task_controller/hook/pythonscriptspath.ps1'
[12.936s] INFO:colcon.colcon_core.shell:Creating environment descriptor '/userdata/control_ws/install/task_controller/share/task_controller/hook/pythonscriptspath.dsv'
[12.939s] INFO:colcon.colcon_core.shell:Creating environment hook '/userdata/control_ws/install/task_controller/share/task_controller/hook/pythonscriptspath.sh'
[12.943s] Level 1:colcon.colcon_core.environment:create_environment_scripts_only(task_controller)
[12.946s] INFO:colcon.colcon_core.shell:Creating package script '/userdata/control_ws/install/task_controller/share/task_controller/package.ps1'
[12.954s] INFO:colcon.colcon_core.shell:Creating package descriptor '/userdata/control_ws/install/task_controller/share/task_controller/package.dsv'
[12.959s] INFO:colcon.colcon_core.shell:Creating package script '/userdata/control_ws/install/task_controller/share/task_controller/package.sh'
[12.967s] INFO:colcon.colcon_core.shell:Creating package script '/userdata/control_ws/install/task_controller/share/task_controller/package.bash'
[12.972s] INFO:colcon.colcon_core.shell:Creating package script '/userdata/control_ws/install/task_controller/share/task_controller/package.zsh'
[12.978s] Level 1:colcon.colcon_core.environment:create_file_with_runtime_dependencies(/userdata/control_ws/install/task_controller/share/colcon-core/packages/task_controller)
[12.980s] DEBUG:colcon.colcon_parallel_executor.executor.parallel:closing loop
[12.981s] DEBUG:colcon.colcon_parallel_executor.executor.parallel:loop closed
[12.982s] DEBUG:colcon.colcon_parallel_executor.executor.parallel:run_until_complete finished with '0'
[12.982s] DEBUG:colcon.colcon_core.event_reactor:joining thread
[13.016s] INFO:colcon.colcon_core.plugin_system:Skipping extension 'colcon_notification.desktop_notification.terminal_notifier': Not used on non-Darwin systems
[13.017s] INFO:colcon.colcon_core.plugin_system:Skipping extension 'colcon_notification.desktop_notification.win32': Not used on non-Windows systems
[13.017s] INFO:colcon.colcon_notification.desktop_notification:Sending desktop notification using 'notify2'
[38.045s] DEBUG:colcon.colcon_notification.desktop_notification.notify2:Failed to initialize notify2: org.freedesktop.DBus.Error.NoReply: Did not receive a reply. Possible causes include: the remote application did not send a reply, the message bus security policy blocked the reply, the reply timeout expired, or the network connection was broken.
[38.046s] DEBUG:colcon.colcon_core.event_reactor:joined thread
[38.048s] INFO:colcon.colcon_core.shell:Creating prefix script '/userdata/control_ws/install/local_setup.ps1'
[38.055s] INFO:colcon.colcon_core.shell:Creating prefix util module '/userdata/control_ws/install/_local_setup_util_ps1.py'
[38.067s] INFO:colcon.colcon_core.shell:Creating prefix chain script '/userdata/control_ws/install/setup.ps1'
[38.079s] INFO:colcon.colcon_core.shell:Creating prefix script '/userdata/control_ws/install/local_setup.sh'
[38.083s] INFO:colcon.colcon_core.shell:Creating prefix util module '/userdata/control_ws/install/_local_setup_util_sh.py'
[38.087s] INFO:colcon.colcon_core.shell:Creating prefix chain script '/userdata/control_ws/install/setup.sh'
[38.101s] INFO:colcon.colcon_core.shell:Creating prefix script '/userdata/control_ws/install/local_setup.bash'
[38.104s] INFO:colcon.colcon_core.shell:Creating prefix chain script '/userdata/control_ws/install/setup.bash'
[38.116s] INFO:colcon.colcon_core.shell:Creating prefix script '/userdata/control_ws/install/local_setup.zsh'
[38.120s] INFO:colcon.colcon_core.shell:Creating prefix chain script '/userdata/control_ws/install/setup.zsh'
