[0.708s] DEBUG:colcon:Command line arguments: ['/usr/bin/colcon', 'build', '--symlink-install', '--cmake-args', '-DSTREAM_SDK_TYPE=AURORA930']
[0.708s] DEBUG:colcon:Parsed command line arguments: Namespace(log_base=None, log_level=None, verb_name='build', build_base='build', install_base='install', merge_install=False, symlink_install=True, test_result_base=None, continue_on_error=False, executor='parallel', parallel_workers=8, event_handlers=None, ignore_user_meta=False, metas=['./colcon.meta'], base_paths=['.'], packages_ignore=None, packages_ignore_regex=None, paths=None, packages_up_to=None, packages_up_to_regex=None, packages_above=None, packages_above_and_dependencies=None, packages_above_depth=None, packages_select_by_dep=None, packages_skip_by_dep=None, packages_skip_up_to=None, packages_select_build_failed=False, packages_skip_build_finished=False, packages_select_test_failures=False, packages_skip_test_passed=False, packages_select=None, packages_skip=None, packages_select_regex=None, packages_skip_regex=None, packages_start=None, packages_end=None, allow_overriding=[], cmake_args=['-DSTREAM_SDK_TYPE=AURORA930'], cmake_target=None, cmake_target_skip_unavailable=False, cmake_clean_cache=False, cmake_clean_first=False, cmake_force_configure=False, ament_cmake_args=None, catkin_cmake_args=None, catkin_skip_building_tests=False, verb_parser=<colcon_defaults.argument_parser.defaults.DefaultArgumentsDecorator object at 0xffffb06a4d60>, verb_extension=<colcon_core.verb.build.BuildVerb object at 0xffffb06a4850>, main=<bound method BuildVerb.main of <colcon_core.verb.build.BuildVerb object at 0xffffb06a4850>>)
[1.983s] Level 1:colcon.colcon_core.package_discovery:discover_packages(colcon_meta) check parameters
[1.984s] Level 1:colcon.colcon_core.package_discovery:discover_packages(recursive) check parameters
[1.985s] Level 1:colcon.colcon_core.package_discovery:discover_packages(ignore) check parameters
[1.985s] Level 1:colcon.colcon_core.package_discovery:discover_packages(path) check parameters
[1.985s] Level 1:colcon.colcon_core.package_discovery:discover_packages(colcon_meta) discover
[1.985s] Level 1:colcon.colcon_core.package_discovery:discover_packages(recursive) discover
[1.986s] INFO:colcon.colcon_core.package_discovery:Crawling recursively for packages in '/userdata/driver_ws'
[1.986s] Level 1:colcon.colcon_core.package_identification:_identify(.) by extensions ['ignore', 'ignore_ament_install']
[1.987s] Level 1:colcon.colcon_core.package_identification:_identify(.) by extension 'ignore'
[1.987s] Level 1:colcon.colcon_core.package_identification:_identify(.) by extension 'ignore_ament_install'
[1.988s] Level 1:colcon.colcon_core.package_identification:_identify(.) by extensions ['colcon_pkg']
[1.988s] Level 1:colcon.colcon_core.package_identification:_identify(.) by extension 'colcon_pkg'
[1.988s] Level 1:colcon.colcon_core.package_identification:_identify(.) by extensions ['colcon_meta']
[1.988s] Level 1:colcon.colcon_core.package_identification:_identify(.) by extension 'colcon_meta'
[1.989s] Level 1:colcon.colcon_core.package_identification:_identify(.) by extensions ['ros']
[1.989s] Level 1:colcon.colcon_core.package_identification:_identify(.) by extension 'ros'
[2.063s] Level 1:colcon.colcon_core.package_identification:_identify(.) by extensions ['cmake', 'python']
[2.063s] Level 1:colcon.colcon_core.package_identification:_identify(.) by extension 'cmake'
[2.064s] Level 1:colcon.colcon_core.package_identification:_identify(.) by extension 'python'
[2.064s] Level 1:colcon.colcon_core.package_identification:_identify(.) by extensions ['python_setup_py']
[2.064s] Level 1:colcon.colcon_core.package_identification:_identify(.) by extension 'python_setup_py'
[2.065s] Level 1:colcon.colcon_core.package_identification:_identify(build) by extensions ['ignore', 'ignore_ament_install']
[2.065s] Level 1:colcon.colcon_core.package_identification:_identify(build) by extension 'ignore'
[2.066s] Level 1:colcon.colcon_core.package_identification:_identify(build) ignored
[2.066s] Level 1:colcon.colcon_core.package_identification:_identify(install) by extensions ['ignore', 'ignore_ament_install']
[2.067s] Level 1:colcon.colcon_core.package_identification:_identify(install) by extension 'ignore'
[2.067s] Level 1:colcon.colcon_core.package_identification:_identify(install) ignored
[2.068s] Level 1:colcon.colcon_core.package_identification:_identify(log) by extensions ['ignore', 'ignore_ament_install']
[2.068s] Level 1:colcon.colcon_core.package_identification:_identify(log) by extension 'ignore'
[2.068s] Level 1:colcon.colcon_core.package_identification:_identify(log) ignored
[2.069s] Level 1:colcon.colcon_core.package_identification:_identify(src) by extensions ['ignore', 'ignore_ament_install']
[2.069s] Level 1:colcon.colcon_core.package_identification:_identify(src) by extension 'ignore'
[2.069s] Level 1:colcon.colcon_core.package_identification:_identify(src) by extension 'ignore_ament_install'
[2.070s] Level 1:colcon.colcon_core.package_identification:_identify(src) by extensions ['colcon_pkg']
[2.070s] Level 1:colcon.colcon_core.package_identification:_identify(src) by extension 'colcon_pkg'
[2.070s] Level 1:colcon.colcon_core.package_identification:_identify(src) by extensions ['colcon_meta']
[2.071s] Level 1:colcon.colcon_core.package_identification:_identify(src) by extension 'colcon_meta'
[2.071s] Level 1:colcon.colcon_core.package_identification:_identify(src) by extensions ['ros']
[2.071s] Level 1:colcon.colcon_core.package_identification:_identify(src) by extension 'ros'
[2.072s] Level 1:colcon.colcon_core.package_identification:_identify(src) by extensions ['cmake', 'python']
[2.072s] Level 1:colcon.colcon_core.package_identification:_identify(src) by extension 'cmake'
[2.072s] Level 1:colcon.colcon_core.package_identification:_identify(src) by extension 'python'
[2.072s] Level 1:colcon.colcon_core.package_identification:_identify(src) by extensions ['python_setup_py']
[2.073s] Level 1:colcon.colcon_core.package_identification:_identify(src) by extension 'python_setup_py'
[2.073s] Level 1:colcon.colcon_core.package_identification:_identify(src/deptrum-ros-driver) by extensions ['ignore', 'ignore_ament_install']
[2.074s] Level 1:colcon.colcon_core.package_identification:_identify(src/deptrum-ros-driver) by extension 'ignore'
[2.074s] Level 1:colcon.colcon_core.package_identification:_identify(src/deptrum-ros-driver) by extension 'ignore_ament_install'
[2.074s] Level 1:colcon.colcon_core.package_identification:_identify(src/deptrum-ros-driver) by extensions ['colcon_pkg']
[2.075s] Level 1:colcon.colcon_core.package_identification:_identify(src/deptrum-ros-driver) by extension 'colcon_pkg'
[2.075s] Level 1:colcon.colcon_core.package_identification:_identify(src/deptrum-ros-driver) by extensions ['colcon_meta']
[2.075s] Level 1:colcon.colcon_core.package_identification:_identify(src/deptrum-ros-driver) by extension 'colcon_meta'
[2.075s] Level 1:colcon.colcon_core.package_identification:_identify(src/deptrum-ros-driver) by extensions ['ros']
[2.075s] Level 1:colcon.colcon_core.package_identification:_identify(src/deptrum-ros-driver) by extension 'ros'
[2.094s] DEBUG:colcon.colcon_core.package_identification:Package 'src/deptrum-ros-driver' with type 'ros.ament_cmake' and name 'deptrum-ros-driver-aurora930'
[2.095s] Level 1:colcon.colcon_core.package_identification:_identify(src/lslidar_driver) by extensions ['ignore', 'ignore_ament_install']
[2.096s] Level 1:colcon.colcon_core.package_identification:_identify(src/lslidar_driver) by extension 'ignore'
[2.096s] Level 1:colcon.colcon_core.package_identification:_identify(src/lslidar_driver) by extension 'ignore_ament_install'
[2.096s] Level 1:colcon.colcon_core.package_identification:_identify(src/lslidar_driver) by extensions ['colcon_pkg']
[2.097s] Level 1:colcon.colcon_core.package_identification:_identify(src/lslidar_driver) by extension 'colcon_pkg'
[2.097s] Level 1:colcon.colcon_core.package_identification:_identify(src/lslidar_driver) by extensions ['colcon_meta']
[2.097s] Level 1:colcon.colcon_core.package_identification:_identify(src/lslidar_driver) by extension 'colcon_meta'
[2.097s] Level 1:colcon.colcon_core.package_identification:_identify(src/lslidar_driver) by extensions ['ros']
[2.098s] Level 1:colcon.colcon_core.package_identification:_identify(src/lslidar_driver) by extension 'ros'
[2.103s] DEBUG:colcon.colcon_core.package_identification:Package 'src/lslidar_driver' with type 'ros.ament_cmake' and name 'lslidar_driver'
[2.103s] Level 1:colcon.colcon_core.package_identification:_identify(src/lslidar_msgs) by extensions ['ignore', 'ignore_ament_install']
[2.104s] Level 1:colcon.colcon_core.package_identification:_identify(src/lslidar_msgs) by extension 'ignore'
[2.104s] Level 1:colcon.colcon_core.package_identification:_identify(src/lslidar_msgs) by extension 'ignore_ament_install'
[2.105s] Level 1:colcon.colcon_core.package_identification:_identify(src/lslidar_msgs) by extensions ['colcon_pkg']
[2.105s] Level 1:colcon.colcon_core.package_identification:_identify(src/lslidar_msgs) by extension 'colcon_pkg'
[2.105s] Level 1:colcon.colcon_core.package_identification:_identify(src/lslidar_msgs) by extensions ['colcon_meta']
[2.106s] Level 1:colcon.colcon_core.package_identification:_identify(src/lslidar_msgs) by extension 'colcon_meta'
[2.106s] Level 1:colcon.colcon_core.package_identification:_identify(src/lslidar_msgs) by extensions ['ros']
[2.106s] Level 1:colcon.colcon_core.package_identification:_identify(src/lslidar_msgs) by extension 'ros'
[2.110s] DEBUG:colcon.colcon_core.package_identification:Package 'src/lslidar_msgs' with type 'ros.ament_cmake' and name 'lslidar_msgs'
[2.111s] Level 1:colcon.colcon_core.package_discovery:discover_packages(recursive) using defaults
[2.111s] Level 1:colcon.colcon_core.package_discovery:discover_packages(ignore) discover
[2.111s] Level 1:colcon.colcon_core.package_discovery:discover_packages(ignore) using defaults
[2.112s] Level 1:colcon.colcon_core.package_discovery:discover_packages(path) discover
[2.112s] Level 1:colcon.colcon_core.package_discovery:discover_packages(path) using defaults
[2.337s] Level 1:colcon.colcon_core.package_discovery:discover_packages(prefix_path) check parameters
[2.338s] Level 1:colcon.colcon_core.package_discovery:discover_packages(prefix_path) discover
[2.353s] DEBUG:colcon.colcon_installed_package_information.package_discovery:Found 8 installed packages in /userdata/dev_ws/install
[2.357s] DEBUG:colcon.colcon_installed_package_information.package_discovery:Found 49 installed packages in /opt/tros/humble
[2.368s] DEBUG:colcon.colcon_installed_package_information.package_discovery:Found 290 installed packages in /opt/ros/humble
[2.381s] Level 1:colcon.colcon_core.package_discovery:discover_packages(prefix_path) using defaults
[2.720s] Level 5:colcon.colcon_core.verb:set package 'deptrum-ros-driver-aurora930' build argument 'cmake_args' from command line to '['-DSTREAM_SDK_TYPE=AURORA930']'
[2.720s] Level 5:colcon.colcon_core.verb:set package 'deptrum-ros-driver-aurora930' build argument 'cmake_target' from command line to 'None'
[2.721s] Level 5:colcon.colcon_core.verb:set package 'deptrum-ros-driver-aurora930' build argument 'cmake_target_skip_unavailable' from command line to 'False'
[2.721s] Level 5:colcon.colcon_core.verb:set package 'deptrum-ros-driver-aurora930' build argument 'cmake_clean_cache' from command line to 'False'
[2.721s] Level 5:colcon.colcon_core.verb:set package 'deptrum-ros-driver-aurora930' build argument 'cmake_clean_first' from command line to 'False'
[2.721s] Level 5:colcon.colcon_core.verb:set package 'deptrum-ros-driver-aurora930' build argument 'cmake_force_configure' from command line to 'False'
[2.721s] Level 5:colcon.colcon_core.verb:set package 'deptrum-ros-driver-aurora930' build argument 'ament_cmake_args' from command line to 'None'
[2.721s] Level 5:colcon.colcon_core.verb:set package 'deptrum-ros-driver-aurora930' build argument 'catkin_cmake_args' from command line to 'None'
[2.722s] Level 5:colcon.colcon_core.verb:set package 'deptrum-ros-driver-aurora930' build argument 'catkin_skip_building_tests' from command line to 'False'
[2.722s] DEBUG:colcon.colcon_core.verb:Building package 'deptrum-ros-driver-aurora930' with the following arguments: {'ament_cmake_args': None, 'build_base': '/userdata/driver_ws/build/deptrum-ros-driver-aurora930', 'catkin_cmake_args': None, 'catkin_skip_building_tests': False, 'cmake_args': ['-DSTREAM_SDK_TYPE=AURORA930'], 'cmake_clean_cache': False, 'cmake_clean_first': False, 'cmake_force_configure': False, 'cmake_target': None, 'cmake_target_skip_unavailable': False, 'install_base': '/userdata/driver_ws/install/deptrum-ros-driver-aurora930', 'merge_install': False, 'path': '/userdata/driver_ws/src/deptrum-ros-driver', 'symlink_install': True, 'test_result_base': None}
[2.725s] Level 5:colcon.colcon_core.verb:set package 'lslidar_msgs' build argument 'cmake_args' from command line to '['-DSTREAM_SDK_TYPE=AURORA930']'
[2.725s] Level 5:colcon.colcon_core.verb:set package 'lslidar_msgs' build argument 'cmake_target' from command line to 'None'
[2.725s] Level 5:colcon.colcon_core.verb:set package 'lslidar_msgs' build argument 'cmake_target_skip_unavailable' from command line to 'False'
[2.726s] Level 5:colcon.colcon_core.verb:set package 'lslidar_msgs' build argument 'cmake_clean_cache' from command line to 'False'
[2.726s] Level 5:colcon.colcon_core.verb:set package 'lslidar_msgs' build argument 'cmake_clean_first' from command line to 'False'
[2.726s] Level 5:colcon.colcon_core.verb:set package 'lslidar_msgs' build argument 'cmake_force_configure' from command line to 'False'
[2.726s] Level 5:colcon.colcon_core.verb:set package 'lslidar_msgs' build argument 'ament_cmake_args' from command line to 'None'
[2.726s] Level 5:colcon.colcon_core.verb:set package 'lslidar_msgs' build argument 'catkin_cmake_args' from command line to 'None'
[2.727s] Level 5:colcon.colcon_core.verb:set package 'lslidar_msgs' build argument 'catkin_skip_building_tests' from command line to 'False'
[2.727s] DEBUG:colcon.colcon_core.verb:Building package 'lslidar_msgs' with the following arguments: {'ament_cmake_args': None, 'build_base': '/userdata/driver_ws/build/lslidar_msgs', 'catkin_cmake_args': None, 'catkin_skip_building_tests': False, 'cmake_args': ['-DSTREAM_SDK_TYPE=AURORA930'], 'cmake_clean_cache': False, 'cmake_clean_first': False, 'cmake_force_configure': False, 'cmake_target': None, 'cmake_target_skip_unavailable': False, 'install_base': '/userdata/driver_ws/install/lslidar_msgs', 'merge_install': False, 'path': '/userdata/driver_ws/src/lslidar_msgs', 'symlink_install': True, 'test_result_base': None}
[2.730s] Level 5:colcon.colcon_core.verb:set package 'lslidar_driver' build argument 'cmake_args' from command line to '['-DSTREAM_SDK_TYPE=AURORA930']'
[2.730s] Level 5:colcon.colcon_core.verb:set package 'lslidar_driver' build argument 'cmake_target' from command line to 'None'
[2.730s] Level 5:colcon.colcon_core.verb:set package 'lslidar_driver' build argument 'cmake_target_skip_unavailable' from command line to 'False'
[2.730s] Level 5:colcon.colcon_core.verb:set package 'lslidar_driver' build argument 'cmake_clean_cache' from command line to 'False'
[2.730s] Level 5:colcon.colcon_core.verb:set package 'lslidar_driver' build argument 'cmake_clean_first' from command line to 'False'
[2.731s] Level 5:colcon.colcon_core.verb:set package 'lslidar_driver' build argument 'cmake_force_configure' from command line to 'False'
[2.731s] Level 5:colcon.colcon_core.verb:set package 'lslidar_driver' build argument 'ament_cmake_args' from command line to 'None'
[2.731s] Level 5:colcon.colcon_core.verb:set package 'lslidar_driver' build argument 'catkin_cmake_args' from command line to 'None'
[2.731s] Level 5:colcon.colcon_core.verb:set package 'lslidar_driver' build argument 'catkin_skip_building_tests' from command line to 'False'
[2.731s] DEBUG:colcon.colcon_core.verb:Building package 'lslidar_driver' with the following arguments: {'ament_cmake_args': None, 'build_base': '/userdata/driver_ws/build/lslidar_driver', 'catkin_cmake_args': None, 'catkin_skip_building_tests': False, 'cmake_args': ['-DSTREAM_SDK_TYPE=AURORA930'], 'cmake_clean_cache': False, 'cmake_clean_first': False, 'cmake_force_configure': False, 'cmake_target': None, 'cmake_target_skip_unavailable': False, 'install_base': '/userdata/driver_ws/install/lslidar_driver', 'merge_install': False, 'path': '/userdata/driver_ws/src/lslidar_driver', 'symlink_install': True, 'test_result_base': None}
[2.732s] INFO:colcon.colcon_core.executor:Executing jobs using 'parallel' executor
[2.738s] DEBUG:colcon.colcon_parallel_executor.executor.parallel:run_until_complete
[2.739s] INFO:colcon.colcon_ros.task.ament_cmake.build:Building ROS package in '/userdata/driver_ws/src/lslidar_msgs' with build type 'ament_cmake'
[2.740s] INFO:colcon.colcon_cmake.task.cmake.build:Building CMake package in '/userdata/driver_ws/src/lslidar_msgs'
[2.752s] INFO:colcon.colcon_core.plugin_system:Skipping extension 'colcon_core.shell.bat': Not used on non-Windows systems
[2.753s] INFO:colcon.colcon_core.shell:Skip shell extension 'powershell' for command environment: Not usable outside of PowerShell
[2.754s] DEBUG:colcon.colcon_core.shell:Skip shell extension 'dsv' for command environment
[2.781s] INFO:colcon.colcon_ros.task.ament_cmake.build:Building ROS package in '/userdata/driver_ws/src/deptrum-ros-driver' with build type 'ament_cmake'
[2.783s] INFO:colcon.colcon_cmake.task.cmake.build:Building CMake package in '/userdata/driver_ws/src/deptrum-ros-driver'
[2.785s] INFO:colcon.colcon_core.shell:Skip shell extension 'powershell' for command environment: Not usable outside of PowerShell
[2.785s] DEBUG:colcon.colcon_core.shell:Skip shell extension 'dsv' for command environment
[2.838s] DEBUG:colcon.colcon_core.event_handler.log_command:Invoking command in '/userdata/driver_ws/build/lslidar_msgs': CMAKE_PREFIX_PATH=${CMAKE_PREFIX_PATH}:/userdata/dev_ws/install/line_follower_pkg:/opt/tros/humble:/opt/ros/humble /usr/bin/cmake --build /userdata/driver_ws/build/lslidar_msgs -- -j8 -l8
[2.853s] DEBUG:colcon.colcon_core.event_handler.log_command:Invoking command in '/userdata/driver_ws/build/deptrum-ros-driver-aurora930': CMAKE_PREFIX_PATH=${CMAKE_PREFIX_PATH}:/userdata/dev_ws/install/line_follower_pkg:/opt/tros/humble:/opt/ros/humble /usr/bin/cmake --build /userdata/driver_ws/build/deptrum-ros-driver-aurora930 -- -j8 -l8
[5.496s] DEBUG:colcon.colcon_core.event_handler.log_command:Invoked command in '/userdata/driver_ws/build/lslidar_msgs' returned '0': CMAKE_PREFIX_PATH=${CMAKE_PREFIX_PATH}:/userdata/dev_ws/install/line_follower_pkg:/opt/tros/humble:/opt/ros/humble /usr/bin/cmake --build /userdata/driver_ws/build/lslidar_msgs -- -j8 -l8
[5.544s] DEBUG:colcon.colcon_core.event_handler.log_command:Invoking command in '/userdata/driver_ws/build/lslidar_msgs': CMAKE_PREFIX_PATH=${CMAKE_PREFIX_PATH}:/userdata/dev_ws/install/line_follower_pkg:/opt/tros/humble:/opt/ros/humble /usr/bin/cmake --install /userdata/driver_ws/build/lslidar_msgs
[6.112s] Level 1:colcon.colcon_core.environment:create_environment_scripts_only(lslidar_msgs)
[6.118s] DEBUG:colcon.colcon_core.event_handler.log_command:Invoked command in '/userdata/driver_ws/build/lslidar_msgs' returned '0': CMAKE_PREFIX_PATH=${CMAKE_PREFIX_PATH}:/userdata/dev_ws/install/line_follower_pkg:/opt/tros/humble:/opt/ros/humble /usr/bin/cmake --install /userdata/driver_ws/build/lslidar_msgs
[6.132s] Level 1:colcon.colcon_core.environment:checking '/userdata/driver_ws/install/lslidar_msgs' for CMake module files
[6.136s] Level 1:colcon.colcon_core.environment:checking '/userdata/driver_ws/install/lslidar_msgs' for CMake config files
[6.140s] Level 1:colcon.colcon_core.shell:create_environment_hook('lslidar_msgs', 'cmake_prefix_path')
[6.143s] INFO:colcon.colcon_core.shell:Creating environment hook '/userdata/driver_ws/install/lslidar_msgs/share/lslidar_msgs/hook/cmake_prefix_path.ps1'
[6.149s] INFO:colcon.colcon_core.shell:Creating environment descriptor '/userdata/driver_ws/install/lslidar_msgs/share/lslidar_msgs/hook/cmake_prefix_path.dsv'
[6.153s] INFO:colcon.colcon_core.shell:Creating environment hook '/userdata/driver_ws/install/lslidar_msgs/share/lslidar_msgs/hook/cmake_prefix_path.sh'
[6.159s] Level 1:colcon.colcon_core.environment:checking '/userdata/driver_ws/install/lslidar_msgs/lib'
[6.160s] Level 1:colcon.colcon_core.shell:create_environment_hook('lslidar_msgs', 'ld_library_path_lib')
[6.162s] INFO:colcon.colcon_core.shell:Creating environment hook '/userdata/driver_ws/install/lslidar_msgs/share/lslidar_msgs/hook/ld_library_path_lib.ps1'
[6.165s] INFO:colcon.colcon_core.shell:Creating environment descriptor '/userdata/driver_ws/install/lslidar_msgs/share/lslidar_msgs/hook/ld_library_path_lib.dsv'
[6.168s] INFO:colcon.colcon_core.shell:Creating environment hook '/userdata/driver_ws/install/lslidar_msgs/share/lslidar_msgs/hook/ld_library_path_lib.sh'
[6.171s] Level 1:colcon.colcon_core.environment:checking '/userdata/driver_ws/install/lslidar_msgs/bin'
[6.172s] Level 1:colcon.colcon_core.environment:checking '/userdata/driver_ws/install/lslidar_msgs/lib/pkgconfig/lslidar_msgs.pc'
[6.174s] Level 1:colcon.colcon_core.environment:checking '/userdata/driver_ws/install/lslidar_msgs/lib/python3.10/site-packages'
[6.175s] Level 1:colcon.colcon_core.environment:checking '/userdata/driver_ws/install/lslidar_msgs/bin'
[6.178s] INFO:colcon.colcon_core.shell:Creating package script '/userdata/driver_ws/install/lslidar_msgs/share/lslidar_msgs/package.ps1'
[6.183s] INFO:colcon.colcon_core.shell:Creating package descriptor '/userdata/driver_ws/install/lslidar_msgs/share/lslidar_msgs/package.dsv'
[6.187s] INFO:colcon.colcon_core.shell:Creating package script '/userdata/driver_ws/install/lslidar_msgs/share/lslidar_msgs/package.sh'
[6.192s] INFO:colcon.colcon_core.shell:Creating package script '/userdata/driver_ws/install/lslidar_msgs/share/lslidar_msgs/package.bash'
[6.198s] INFO:colcon.colcon_core.shell:Creating package script '/userdata/driver_ws/install/lslidar_msgs/share/lslidar_msgs/package.zsh'
[6.203s] Level 1:colcon.colcon_core.environment:create_file_with_runtime_dependencies(/userdata/driver_ws/install/lslidar_msgs/share/colcon-core/packages/lslidar_msgs)
[6.207s] Level 1:colcon.colcon_core.environment:create_environment_scripts_only(lslidar_msgs)
[6.209s] Level 1:colcon.colcon_core.environment:checking '/userdata/driver_ws/install/lslidar_msgs' for CMake module files
[6.214s] Level 1:colcon.colcon_core.environment:checking '/userdata/driver_ws/install/lslidar_msgs' for CMake config files
[6.218s] Level 1:colcon.colcon_core.shell:create_environment_hook('lslidar_msgs', 'cmake_prefix_path')
[6.220s] INFO:colcon.colcon_core.shell:Creating environment hook '/userdata/driver_ws/install/lslidar_msgs/share/lslidar_msgs/hook/cmake_prefix_path.ps1'
[6.223s] INFO:colcon.colcon_core.shell:Creating environment descriptor '/userdata/driver_ws/install/lslidar_msgs/share/lslidar_msgs/hook/cmake_prefix_path.dsv'
[6.226s] INFO:colcon.colcon_core.shell:Creating environment hook '/userdata/driver_ws/install/lslidar_msgs/share/lslidar_msgs/hook/cmake_prefix_path.sh'
[6.231s] Level 1:colcon.colcon_core.environment:checking '/userdata/driver_ws/install/lslidar_msgs/lib'
[6.231s] Level 1:colcon.colcon_core.shell:create_environment_hook('lslidar_msgs', 'ld_library_path_lib')
[6.233s] INFO:colcon.colcon_core.shell:Creating environment hook '/userdata/driver_ws/install/lslidar_msgs/share/lslidar_msgs/hook/ld_library_path_lib.ps1'
[6.237s] INFO:colcon.colcon_core.shell:Creating environment descriptor '/userdata/driver_ws/install/lslidar_msgs/share/lslidar_msgs/hook/ld_library_path_lib.dsv'
[6.241s] INFO:colcon.colcon_core.shell:Creating environment hook '/userdata/driver_ws/install/lslidar_msgs/share/lslidar_msgs/hook/ld_library_path_lib.sh'
[6.245s] Level 1:colcon.colcon_core.environment:checking '/userdata/driver_ws/install/lslidar_msgs/bin'
[6.245s] Level 1:colcon.colcon_core.environment:checking '/userdata/driver_ws/install/lslidar_msgs/lib/pkgconfig/lslidar_msgs.pc'
[6.247s] Level 1:colcon.colcon_core.environment:checking '/userdata/driver_ws/install/lslidar_msgs/lib/python3.10/site-packages'
[6.249s] Level 1:colcon.colcon_core.environment:checking '/userdata/driver_ws/install/lslidar_msgs/bin'
[6.251s] INFO:colcon.colcon_core.shell:Creating package script '/userdata/driver_ws/install/lslidar_msgs/share/lslidar_msgs/package.ps1'
[6.256s] INFO:colcon.colcon_core.shell:Creating package descriptor '/userdata/driver_ws/install/lslidar_msgs/share/lslidar_msgs/package.dsv'
[6.260s] INFO:colcon.colcon_core.shell:Creating package script '/userdata/driver_ws/install/lslidar_msgs/share/lslidar_msgs/package.sh'
[6.263s] INFO:colcon.colcon_core.shell:Creating package script '/userdata/driver_ws/install/lslidar_msgs/share/lslidar_msgs/package.bash'
[6.267s] INFO:colcon.colcon_core.shell:Creating package script '/userdata/driver_ws/install/lslidar_msgs/share/lslidar_msgs/package.zsh'
[6.270s] Level 1:colcon.colcon_core.environment:create_file_with_runtime_dependencies(/userdata/driver_ws/install/lslidar_msgs/share/colcon-core/packages/lslidar_msgs)
[6.272s] INFO:colcon.colcon_ros.task.ament_cmake.build:Building ROS package in '/userdata/driver_ws/src/lslidar_driver' with build type 'ament_cmake'
[6.273s] INFO:colcon.colcon_cmake.task.cmake.build:Building CMake package in '/userdata/driver_ws/src/lslidar_driver'
[6.275s] INFO:colcon.colcon_core.shell:Skip shell extension 'powershell' for command environment: Not usable outside of PowerShell
[6.276s] DEBUG:colcon.colcon_core.shell:Skip shell extension 'dsv' for command environment
[6.336s] DEBUG:colcon.colcon_core.event_handler.log_command:Invoking command in '/userdata/driver_ws/build/lslidar_driver': AMENT_PREFIX_PATH=/userdata/driver_ws/install/lslidar_msgs:${AMENT_PREFIX_PATH} CMAKE_PREFIX_PATH=/userdata/driver_ws/install/lslidar_msgs:/userdata/dev_ws/install/utils:/userdata/dev_ws/install/origincar_base:/userdata/dev_ws/install/serial:/userdata/dev_ws/install/origincar_msg:/userdata/dev_ws/install/origincar_description:/userdata/dev_ws/install/origincar_bringup:/userdata/dev_ws/install/ackermann_msgs:/userdata/dev_ws/install/line_follower_pkg:/opt/tros/humble:/opt/ros/humble LD_LIBRARY_PATH=/userdata/driver_ws/install/lslidar_msgs/lib:${LD_LIBRARY_PATH} PYTHONPATH=/userdata/driver_ws/install/lslidar_msgs/local/lib/python3.10/dist-packages:${PYTHONPATH} /usr/bin/cmake /userdata/driver_ws/src/lslidar_driver -DSTREAM_SDK_TYPE=AURORA930 -DAMENT_CMAKE_SYMLINK_INSTALL=1 -DCMAKE_INSTALL_PREFIX=/userdata/driver_ws/install/lslidar_driver
[9.314s] DEBUG:colcon.colcon_core.event_handler.log_command:Invoked command in '/userdata/driver_ws/build/deptrum-ros-driver-aurora930' returned '0': CMAKE_PREFIX_PATH=${CMAKE_PREFIX_PATH}:/userdata/dev_ws/install/line_follower_pkg:/opt/tros/humble:/opt/ros/humble /usr/bin/cmake --build /userdata/driver_ws/build/deptrum-ros-driver-aurora930 -- -j8 -l8
[9.322s] DEBUG:colcon.colcon_core.event_handler.log_command:Invoking command in '/userdata/driver_ws/build/deptrum-ros-driver-aurora930': CMAKE_PREFIX_PATH=${CMAKE_PREFIX_PATH}:/userdata/dev_ws/install/line_follower_pkg:/opt/tros/humble:/opt/ros/humble /usr/bin/cmake --install /userdata/driver_ws/build/deptrum-ros-driver-aurora930
[10.389s] Level 1:colcon.colcon_core.environment:create_environment_scripts_only(deptrum-ros-driver-aurora930)
[10.391s] Level 1:colcon.colcon_core.environment:checking '/userdata/driver_ws/install/deptrum-ros-driver-aurora930' for CMake module files
[10.395s] DEBUG:colcon.colcon_core.event_handler.log_command:Invoked command in '/userdata/driver_ws/build/deptrum-ros-driver-aurora930' returned '0': CMAKE_PREFIX_PATH=${CMAKE_PREFIX_PATH}:/userdata/dev_ws/install/line_follower_pkg:/opt/tros/humble:/opt/ros/humble /usr/bin/cmake --install /userdata/driver_ws/build/deptrum-ros-driver-aurora930
[10.398s] Level 1:colcon.colcon_core.environment:checking '/userdata/driver_ws/install/deptrum-ros-driver-aurora930' for CMake config files
[10.400s] Level 1:colcon.colcon_core.shell:create_environment_hook('deptrum-ros-driver-aurora930', 'cmake_prefix_path')
[10.402s] INFO:colcon.colcon_core.shell:Creating environment hook '/userdata/driver_ws/install/deptrum-ros-driver-aurora930/share/deptrum-ros-driver-aurora930/hook/cmake_prefix_path.ps1'
[10.405s] INFO:colcon.colcon_core.shell:Creating environment descriptor '/userdata/driver_ws/install/deptrum-ros-driver-aurora930/share/deptrum-ros-driver-aurora930/hook/cmake_prefix_path.dsv'
[10.407s] INFO:colcon.colcon_core.shell:Creating environment hook '/userdata/driver_ws/install/deptrum-ros-driver-aurora930/share/deptrum-ros-driver-aurora930/hook/cmake_prefix_path.sh'
[10.411s] Level 1:colcon.colcon_core.environment:checking '/userdata/driver_ws/install/deptrum-ros-driver-aurora930/lib'
[10.411s] Level 1:colcon.colcon_core.environment:checking '/userdata/driver_ws/install/deptrum-ros-driver-aurora930/bin'
[10.412s] Level 1:colcon.colcon_core.environment:checking '/userdata/driver_ws/install/deptrum-ros-driver-aurora930/lib/pkgconfig/deptrum-ros-driver-aurora930.pc'
[10.414s] Level 1:colcon.colcon_core.environment:checking '/userdata/driver_ws/install/deptrum-ros-driver-aurora930/lib/python3.10/site-packages'
[10.416s] Level 1:colcon.colcon_core.environment:checking '/userdata/driver_ws/install/deptrum-ros-driver-aurora930/bin'
[10.418s] INFO:colcon.colcon_core.shell:Creating package script '/userdata/driver_ws/install/deptrum-ros-driver-aurora930/share/deptrum-ros-driver-aurora930/package.ps1'
[10.421s] INFO:colcon.colcon_core.shell:Creating package descriptor '/userdata/driver_ws/install/deptrum-ros-driver-aurora930/share/deptrum-ros-driver-aurora930/package.dsv'
[10.425s] INFO:colcon.colcon_core.shell:Creating package script '/userdata/driver_ws/install/deptrum-ros-driver-aurora930/share/deptrum-ros-driver-aurora930/package.sh'
[10.428s] INFO:colcon.colcon_core.shell:Creating package script '/userdata/driver_ws/install/deptrum-ros-driver-aurora930/share/deptrum-ros-driver-aurora930/package.bash'
[10.431s] INFO:colcon.colcon_core.shell:Creating package script '/userdata/driver_ws/install/deptrum-ros-driver-aurora930/share/deptrum-ros-driver-aurora930/package.zsh'
[10.433s] Level 1:colcon.colcon_core.environment:create_file_with_runtime_dependencies(/userdata/driver_ws/install/deptrum-ros-driver-aurora930/share/colcon-core/packages/deptrum-ros-driver-aurora930)
[10.437s] Level 1:colcon.colcon_core.environment:create_environment_scripts_only(deptrum-ros-driver-aurora930)
[10.438s] Level 1:colcon.colcon_core.environment:checking '/userdata/driver_ws/install/deptrum-ros-driver-aurora930' for CMake module files
[10.442s] Level 1:colcon.colcon_core.environment:checking '/userdata/driver_ws/install/deptrum-ros-driver-aurora930' for CMake config files
[10.444s] Level 1:colcon.colcon_core.shell:create_environment_hook('deptrum-ros-driver-aurora930', 'cmake_prefix_path')
[10.446s] INFO:colcon.colcon_core.shell:Creating environment hook '/userdata/driver_ws/install/deptrum-ros-driver-aurora930/share/deptrum-ros-driver-aurora930/hook/cmake_prefix_path.ps1'
[10.449s] INFO:colcon.colcon_core.shell:Creating environment descriptor '/userdata/driver_ws/install/deptrum-ros-driver-aurora930/share/deptrum-ros-driver-aurora930/hook/cmake_prefix_path.dsv'
[10.452s] INFO:colcon.colcon_core.shell:Creating environment hook '/userdata/driver_ws/install/deptrum-ros-driver-aurora930/share/deptrum-ros-driver-aurora930/hook/cmake_prefix_path.sh'
[10.456s] Level 1:colcon.colcon_core.environment:checking '/userdata/driver_ws/install/deptrum-ros-driver-aurora930/lib'
[10.456s] Level 1:colcon.colcon_core.environment:checking '/userdata/driver_ws/install/deptrum-ros-driver-aurora930/bin'
[10.457s] Level 1:colcon.colcon_core.environment:checking '/userdata/driver_ws/install/deptrum-ros-driver-aurora930/lib/pkgconfig/deptrum-ros-driver-aurora930.pc'
[10.458s] Level 1:colcon.colcon_core.environment:checking '/userdata/driver_ws/install/deptrum-ros-driver-aurora930/lib/python3.10/site-packages'
[10.460s] Level 1:colcon.colcon_core.environment:checking '/userdata/driver_ws/install/deptrum-ros-driver-aurora930/bin'
[10.462s] INFO:colcon.colcon_core.shell:Creating package script '/userdata/driver_ws/install/deptrum-ros-driver-aurora930/share/deptrum-ros-driver-aurora930/package.ps1'
[10.466s] INFO:colcon.colcon_core.shell:Creating package descriptor '/userdata/driver_ws/install/deptrum-ros-driver-aurora930/share/deptrum-ros-driver-aurora930/package.dsv'
[10.469s] INFO:colcon.colcon_core.shell:Creating package script '/userdata/driver_ws/install/deptrum-ros-driver-aurora930/share/deptrum-ros-driver-aurora930/package.sh'
[10.473s] INFO:colcon.colcon_core.shell:Creating package script '/userdata/driver_ws/install/deptrum-ros-driver-aurora930/share/deptrum-ros-driver-aurora930/package.bash'
[10.476s] INFO:colcon.colcon_core.shell:Creating package script '/userdata/driver_ws/install/deptrum-ros-driver-aurora930/share/deptrum-ros-driver-aurora930/package.zsh'
[10.479s] Level 1:colcon.colcon_core.environment:create_file_with_runtime_dependencies(/userdata/driver_ws/install/deptrum-ros-driver-aurora930/share/colcon-core/packages/deptrum-ros-driver-aurora930)
[26.448s] DEBUG:colcon.colcon_core.event_handler.log_command:Invoked command in '/userdata/driver_ws/build/lslidar_driver' returned '0': AMENT_PREFIX_PATH=/userdata/driver_ws/install/lslidar_msgs:${AMENT_PREFIX_PATH} CMAKE_PREFIX_PATH=/userdata/driver_ws/install/lslidar_msgs:/userdata/dev_ws/install/utils:/userdata/dev_ws/install/origincar_base:/userdata/dev_ws/install/serial:/userdata/dev_ws/install/origincar_msg:/userdata/dev_ws/install/origincar_description:/userdata/dev_ws/install/origincar_bringup:/userdata/dev_ws/install/ackermann_msgs:/userdata/dev_ws/install/line_follower_pkg:/opt/tros/humble:/opt/ros/humble LD_LIBRARY_PATH=/userdata/driver_ws/install/lslidar_msgs/lib:${LD_LIBRARY_PATH} PYTHONPATH=/userdata/driver_ws/install/lslidar_msgs/local/lib/python3.10/dist-packages:${PYTHONPATH} /usr/bin/cmake /userdata/driver_ws/src/lslidar_driver -DSTREAM_SDK_TYPE=AURORA930 -DAMENT_CMAKE_SYMLINK_INSTALL=1 -DCMAKE_INSTALL_PREFIX=/userdata/driver_ws/install/lslidar_driver
[26.459s] DEBUG:colcon.colcon_core.event_handler.log_command:Invoking command in '/userdata/driver_ws/build/lslidar_driver': AMENT_PREFIX_PATH=/userdata/driver_ws/install/lslidar_msgs:${AMENT_PREFIX_PATH} CMAKE_PREFIX_PATH=/userdata/driver_ws/install/lslidar_msgs:/userdata/dev_ws/install/utils:/userdata/dev_ws/install/origincar_base:/userdata/dev_ws/install/serial:/userdata/dev_ws/install/origincar_msg:/userdata/dev_ws/install/origincar_description:/userdata/dev_ws/install/origincar_bringup:/userdata/dev_ws/install/ackermann_msgs:/userdata/dev_ws/install/line_follower_pkg:/opt/tros/humble:/opt/ros/humble LD_LIBRARY_PATH=/userdata/driver_ws/install/lslidar_msgs/lib:${LD_LIBRARY_PATH} PYTHONPATH=/userdata/driver_ws/install/lslidar_msgs/local/lib/python3.10/dist-packages:${PYTHONPATH} /usr/bin/cmake --build /userdata/driver_ws/build/lslidar_driver -- -j8 -l8
[185.340s] DEBUG:colcon.colcon_core.event_handler.log_command:Invoked command in '/userdata/driver_ws/build/lslidar_driver' returned '2': AMENT_PREFIX_PATH=/userdata/driver_ws/install/lslidar_msgs:${AMENT_PREFIX_PATH} CMAKE_PREFIX_PATH=/userdata/driver_ws/install/lslidar_msgs:/userdata/dev_ws/install/utils:/userdata/dev_ws/install/origincar_base:/userdata/dev_ws/install/serial:/userdata/dev_ws/install/origincar_msg:/userdata/dev_ws/install/origincar_description:/userdata/dev_ws/install/origincar_bringup:/userdata/dev_ws/install/ackermann_msgs:/userdata/dev_ws/install/line_follower_pkg:/opt/tros/humble:/opt/ros/humble LD_LIBRARY_PATH=/userdata/driver_ws/install/lslidar_msgs/lib:${LD_LIBRARY_PATH} PYTHONPATH=/userdata/driver_ws/install/lslidar_msgs/local/lib/python3.10/dist-packages:${PYTHONPATH} /usr/bin/cmake --build /userdata/driver_ws/build/lslidar_driver -- -j8 -l8
[185.380s] Level 1:colcon.colcon_core.environment:create_environment_scripts_only(lslidar_driver)
[185.382s] Level 1:colcon.colcon_core.environment:checking '/userdata/driver_ws/install/lslidar_driver' for CMake module files
[185.385s] Level 1:colcon.colcon_core.environment:checking '/userdata/driver_ws/install/lslidar_driver' for CMake config files
[185.391s] Level 1:colcon.colcon_core.environment:checking '/userdata/driver_ws/install/lslidar_driver/bin'
[185.392s] Level 1:colcon.colcon_core.environment:checking '/userdata/driver_ws/install/lslidar_driver/lib/pkgconfig/lslidar_driver.pc'
[185.394s] Level 1:colcon.colcon_core.environment:checking '/userdata/driver_ws/install/lslidar_driver/lib/python3.10/site-packages'
[185.395s] Level 1:colcon.colcon_core.environment:checking '/userdata/driver_ws/install/lslidar_driver/bin'
[185.398s] INFO:colcon.colcon_core.shell:Creating package script '/userdata/driver_ws/install/lslidar_driver/share/lslidar_driver/package.ps1'
[185.409s] INFO:colcon.colcon_core.shell:Creating package descriptor '/userdata/driver_ws/install/lslidar_driver/share/lslidar_driver/package.dsv'
[185.423s] INFO:colcon.colcon_core.shell:Creating package script '/userdata/driver_ws/install/lslidar_driver/share/lslidar_driver/package.sh'
[185.428s] INFO:colcon.colcon_core.shell:Creating package script '/userdata/driver_ws/install/lslidar_driver/share/lslidar_driver/package.bash'
[185.436s] INFO:colcon.colcon_core.shell:Creating package script '/userdata/driver_ws/install/lslidar_driver/share/lslidar_driver/package.zsh'
[185.442s] Level 1:colcon.colcon_core.environment:create_file_with_runtime_dependencies(/userdata/driver_ws/install/lslidar_driver/share/colcon-core/packages/lslidar_driver)
[185.464s] DEBUG:colcon.colcon_parallel_executor.executor.parallel:closing loop
[185.490s] DEBUG:colcon.colcon_parallel_executor.executor.parallel:loop closed
[185.491s] DEBUG:colcon.colcon_parallel_executor.executor.parallel:run_until_complete finished with '2'
[185.491s] DEBUG:colcon.colcon_core.event_reactor:joining thread
[185.677s] INFO:colcon.colcon_core.plugin_system:Skipping extension 'colcon_notification.desktop_notification.terminal_notifier': Not used on non-Darwin systems
[185.677s] INFO:colcon.colcon_core.plugin_system:Skipping extension 'colcon_notification.desktop_notification.win32': Not used on non-Windows systems
[185.678s] INFO:colcon.colcon_notification.desktop_notification:Sending desktop notification using 'notify2'
[210.783s] DEBUG:colcon.colcon_notification.desktop_notification.notify2:Failed to initialize notify2: org.freedesktop.DBus.Error.NoReply: Did not receive a reply. Possible causes include: the remote application did not send a reply, the message bus security policy blocked the reply, the reply timeout expired, or the network connection was broken.
[210.784s] DEBUG:colcon.colcon_core.event_reactor:joined thread
[210.786s] INFO:colcon.colcon_core.shell:Creating prefix script '/userdata/driver_ws/install/local_setup.ps1'
[210.793s] INFO:colcon.colcon_core.shell:Creating prefix util module '/userdata/driver_ws/install/_local_setup_util_ps1.py'
[210.810s] INFO:colcon.colcon_core.shell:Creating prefix chain script '/userdata/driver_ws/install/setup.ps1'
[210.821s] INFO:colcon.colcon_core.shell:Creating prefix script '/userdata/driver_ws/install/local_setup.sh'
[210.831s] INFO:colcon.colcon_core.shell:Creating prefix util module '/userdata/driver_ws/install/_local_setup_util_sh.py'
[210.835s] INFO:colcon.colcon_core.shell:Creating prefix chain script '/userdata/driver_ws/install/setup.sh'
[210.845s] INFO:colcon.colcon_core.shell:Creating prefix script '/userdata/driver_ws/install/local_setup.bash'
[210.849s] INFO:colcon.colcon_core.shell:Creating prefix chain script '/userdata/driver_ws/install/setup.bash'
[210.860s] INFO:colcon.colcon_core.shell:Creating prefix script '/userdata/driver_ws/install/local_setup.zsh'
[210.864s] INFO:colcon.colcon_core.shell:Creating prefix chain script '/userdata/driver_ws/install/setup.zsh'
