-- The C compiler identification is GNU 11.2.0
-- The CXX compiler identification is GNU 11.2.0
-- Detecting C compiler ABI info
-- Detecting C compiler ABI info - done
-- Check for working C compiler: /usr/bin/cc - skipped
-- Detecting C compile features
-- Detecting C compile features - done
-- Detecting CXX compiler ABI info
-- Detecting CXX compiler ABI info - done
-- Check for working CXX compiler: /usr/bin/c++ - skipped
-- Detecting CXX compile features
-- Detecting CXX compile features - done
-- Found ament_cmake: 1.3.10 (/opt/ros/humble/share/ament_cmake/cmake)
-- Found Python3: /usr/bin/python3 (found version "3.10.12") found components: Interpreter 
-- Override CMake install command with custom implementation using symlinks instead of copying resources
-- Found ament_lint_auto: 0.12.11 (/opt/ros/humble/share/ament_lint_auto/cmake)
-- Added test 'copyright' to check source files copyright and LICENSE
-- Added test 'flake8' to check Python code syntax and style conventions
-- Added test 'lint_cmake' to check CMake code style
-- Added test 'pep257' to check Python code against some of the docstring style conventions in PEP 257
-- Added test 'xmllint' to check XML markup files
-- Configuring done
-- Generating done
-- Build files have been written to: /userdata/BPU_bl_ws/build/bpu_bringup
-- Install configuration: ""
-- Installing: /userdata/BPU_bl_ws/install/bpu_bringup/share/bpu_bringup/launch
-- Installing: /userdata/BPU_bl_ws/install/bpu_bringup/share/bpu_bringup/launch/usb_camera_yolo.launch.py
-- Installing: /userdata/BPU_bl_ws/install/bpu_bringup/share/bpu_bringup/config
-- Installing: /userdata/BPU_bl_ws/install/bpu_bringup/share/bpu_bringup/config/coco_80
-- Installing: /userdata/BPU_bl_ws/install/bpu_bringup/share/bpu_bringup/config/coco_80/coco.list
-- Installing: /userdata/BPU_bl_ws/install/bpu_bringup/share/bpu_bringup/config/coco_80/model.json
-- Installing: /userdata/BPU_bl_ws/install/bpu_bringup/share/bpu_bringup/config/custom_4
-- Installing: /userdata/BPU_bl_ws/install/bpu_bringup/share/bpu_bringup/config/custom_4/custom_4class.list
-- Installing: /userdata/BPU_bl_ws/install/bpu_bringup/share/bpu_bringup/config/custom_4/model.json
-- Execute custom install script
-- Symlinking: /userdata/BPU_bl_ws/install/bpu_bringup/share/ament_index/resource_index/package_run_dependencies/bpu_bringup
-- Symlinking: /userdata/BPU_bl_ws/install/bpu_bringup/share/ament_index/resource_index/parent_prefix_path/bpu_bringup
-- Symlinking: /userdata/BPU_bl_ws/install/bpu_bringup/share/bpu_bringup/environment/ament_prefix_path.sh
-- Symlinking: /userdata/BPU_bl_ws/install/bpu_bringup/share/bpu_bringup/environment/ament_prefix_path.dsv
-- Symlinking: /userdata/BPU_bl_ws/install/bpu_bringup/share/bpu_bringup/environment/path.sh
-- Symlinking: /userdata/BPU_bl_ws/install/bpu_bringup/share/bpu_bringup/environment/path.dsv
-- Symlinking: /userdata/BPU_bl_ws/install/bpu_bringup/share/bpu_bringup/local_setup.bash
-- Symlinking: /userdata/BPU_bl_ws/install/bpu_bringup/share/bpu_bringup/local_setup.sh
-- Symlinking: /userdata/BPU_bl_ws/install/bpu_bringup/share/bpu_bringup/local_setup.zsh
-- Symlinking: /userdata/BPU_bl_ws/install/bpu_bringup/share/bpu_bringup/local_setup.dsv
-- Symlinking: /userdata/BPU_bl_ws/install/bpu_bringup/share/bpu_bringup/package.dsv
-- Symlinking: /userdata/BPU_bl_ws/install/bpu_bringup/share/ament_index/resource_index/packages/bpu_bringup
-- Symlinking: /userdata/BPU_bl_ws/install/bpu_bringup/share/bpu_bringup/cmake/bpu_bringupConfig.cmake
-- Symlinking: /userdata/BPU_bl_ws/install/bpu_bringup/share/bpu_bringup/cmake/bpu_bringupConfig-version.cmake
-- Symlinking: /userdata/BPU_bl_ws/install/bpu_bringup/share/bpu_bringup/package.xml
