[0.771s] DEBUG:colcon:Command line arguments: ['/usr/bin/colcon', 'build']
[0.772s] DEBUG:colcon:Parsed command line arguments: Namespace(log_base=None, log_level=None, verb_name='build', build_base='build', install_base='install', merge_install=False, symlink_install=False, test_result_base=None, continue_on_error=False, executor='parallel', parallel_workers=8, event_handlers=None, ignore_user_meta=False, metas=['./colcon.meta'], base_paths=['.'], packages_ignore=None, packages_ignore_regex=None, paths=None, packages_up_to=None, packages_up_to_regex=None, packages_above=None, packages_above_and_dependencies=None, packages_above_depth=None, packages_select_by_dep=None, packages_skip_by_dep=None, packages_skip_up_to=None, packages_select_build_failed=False, packages_skip_build_finished=False, packages_select_test_failures=False, packages_skip_test_passed=False, packages_select=None, packages_skip=None, packages_select_regex=None, packages_skip_regex=None, packages_start=None, packages_end=None, allow_overriding=[], cmake_args=None, cmake_target=None, cmake_target_skip_unavailable=False, cmake_clean_cache=False, cmake_clean_first=False, cmake_force_configure=False, ament_cmake_args=None, catkin_cmake_args=None, catkin_skip_building_tests=False, verb_parser=<colcon_defaults.argument_parser.defaults.DefaultArgumentsDecorator object at 0xffffa1469780>, verb_extension=<colcon_core.verb.build.BuildVerb object at 0xffffa1469270>, main=<bound method BuildVerb.main of <colcon_core.verb.build.BuildVerb object at 0xffffa1469270>>)
[2.104s] Level 1:colcon.colcon_core.package_discovery:discover_packages(colcon_meta) check parameters
[2.104s] Level 1:colcon.colcon_core.package_discovery:discover_packages(recursive) check parameters
[2.105s] Level 1:colcon.colcon_core.package_discovery:discover_packages(ignore) check parameters
[2.105s] Level 1:colcon.colcon_core.package_discovery:discover_packages(path) check parameters
[2.105s] Level 1:colcon.colcon_core.package_discovery:discover_packages(colcon_meta) discover
[2.105s] Level 1:colcon.colcon_core.package_discovery:discover_packages(recursive) discover
[2.106s] INFO:colcon.colcon_core.package_discovery:Crawling recursively for packages in '/userdata/control_ws'
[2.106s] Level 1:colcon.colcon_core.package_identification:_identify(.) by extensions ['ignore', 'ignore_ament_install']
[2.107s] Level 1:colcon.colcon_core.package_identification:_identify(.) by extension 'ignore'
[2.107s] Level 1:colcon.colcon_core.package_identification:_identify(.) by extension 'ignore_ament_install'
[2.107s] Level 1:colcon.colcon_core.package_identification:_identify(.) by extensions ['colcon_pkg']
[2.108s] Level 1:colcon.colcon_core.package_identification:_identify(.) by extension 'colcon_pkg'
[2.108s] Level 1:colcon.colcon_core.package_identification:_identify(.) by extensions ['colcon_meta']
[2.108s] Level 1:colcon.colcon_core.package_identification:_identify(.) by extension 'colcon_meta'
[2.108s] Level 1:colcon.colcon_core.package_identification:_identify(.) by extensions ['ros']
[2.109s] Level 1:colcon.colcon_core.package_identification:_identify(.) by extension 'ros'
[2.187s] Level 1:colcon.colcon_core.package_identification:_identify(.) by extensions ['cmake', 'python']
[2.188s] Level 1:colcon.colcon_core.package_identification:_identify(.) by extension 'cmake'
[2.188s] Level 1:colcon.colcon_core.package_identification:_identify(.) by extension 'python'
[2.188s] Level 1:colcon.colcon_core.package_identification:_identify(.) by extensions ['python_setup_py']
[2.189s] Level 1:colcon.colcon_core.package_identification:_identify(.) by extension 'python_setup_py'
[2.189s] Level 1:colcon.colcon_core.package_identification:_identify(build) by extensions ['ignore', 'ignore_ament_install']
[2.190s] Level 1:colcon.colcon_core.package_identification:_identify(build) by extension 'ignore'
[2.191s] Level 1:colcon.colcon_core.package_identification:_identify(build) ignored
[2.192s] Level 1:colcon.colcon_core.package_identification:_identify(install) by extensions ['ignore', 'ignore_ament_install']
[2.192s] Level 1:colcon.colcon_core.package_identification:_identify(install) by extension 'ignore'
[2.193s] Level 1:colcon.colcon_core.package_identification:_identify(install) ignored
[2.194s] Level 1:colcon.colcon_core.package_identification:_identify(log) by extensions ['ignore', 'ignore_ament_install']
[2.194s] Level 1:colcon.colcon_core.package_identification:_identify(log) by extension 'ignore'
[2.195s] Level 1:colcon.colcon_core.package_identification:_identify(log) ignored
[2.195s] Level 1:colcon.colcon_core.package_identification:_identify(src) by extensions ['ignore', 'ignore_ament_install']
[2.196s] Level 1:colcon.colcon_core.package_identification:_identify(src) by extension 'ignore'
[2.196s] Level 1:colcon.colcon_core.package_identification:_identify(src) by extension 'ignore_ament_install'
[2.196s] Level 1:colcon.colcon_core.package_identification:_identify(src) by extensions ['colcon_pkg']
[2.196s] Level 1:colcon.colcon_core.package_identification:_identify(src) by extension 'colcon_pkg'
[2.197s] Level 1:colcon.colcon_core.package_identification:_identify(src) by extensions ['colcon_meta']
[2.197s] Level 1:colcon.colcon_core.package_identification:_identify(src) by extension 'colcon_meta'
[2.197s] Level 1:colcon.colcon_core.package_identification:_identify(src) by extensions ['ros']
[2.197s] Level 1:colcon.colcon_core.package_identification:_identify(src) by extension 'ros'
[2.198s] Level 1:colcon.colcon_core.package_identification:_identify(src) by extensions ['cmake', 'python']
[2.198s] Level 1:colcon.colcon_core.package_identification:_identify(src) by extension 'cmake'
[2.198s] Level 1:colcon.colcon_core.package_identification:_identify(src) by extension 'python'
[2.198s] Level 1:colcon.colcon_core.package_identification:_identify(src) by extensions ['python_setup_py']
[2.199s] Level 1:colcon.colcon_core.package_identification:_identify(src) by extension 'python_setup_py'
[2.199s] Level 1:colcon.colcon_core.package_identification:_identify(src/task_controller) by extensions ['ignore', 'ignore_ament_install']
[2.200s] Level 1:colcon.colcon_core.package_identification:_identify(src/task_controller) by extension 'ignore'
[2.200s] Level 1:colcon.colcon_core.package_identification:_identify(src/task_controller) by extension 'ignore_ament_install'
[2.200s] Level 1:colcon.colcon_core.package_identification:_identify(src/task_controller) by extensions ['colcon_pkg']
[2.200s] Level 1:colcon.colcon_core.package_identification:_identify(src/task_controller) by extension 'colcon_pkg'
[2.201s] Level 1:colcon.colcon_core.package_identification:_identify(src/task_controller) by extensions ['colcon_meta']
[2.201s] Level 1:colcon.colcon_core.package_identification:_identify(src/task_controller) by extension 'colcon_meta'
[2.201s] Level 1:colcon.colcon_core.package_identification:_identify(src/task_controller) by extensions ['ros']
[2.201s] Level 1:colcon.colcon_core.package_identification:_identify(src/task_controller) by extension 'ros'
[2.216s] DEBUG:colcon.colcon_core.package_identification:Package 'src/task_controller' with type 'ros.ament_python' and name 'task_controller'
[2.216s] Level 1:colcon.colcon_core.package_discovery:discover_packages(recursive) using defaults
[2.217s] Level 1:colcon.colcon_core.package_discovery:discover_packages(ignore) discover
[2.217s] Level 1:colcon.colcon_core.package_discovery:discover_packages(ignore) using defaults
[2.217s] Level 1:colcon.colcon_core.package_discovery:discover_packages(path) discover
[2.217s] Level 1:colcon.colcon_core.package_discovery:discover_packages(path) using defaults
[2.362s] Level 1:colcon.colcon_core.package_discovery:discover_packages(prefix_path) check parameters
[2.362s] Level 1:colcon.colcon_core.package_discovery:discover_packages(prefix_path) discover
[2.376s] DEBUG:colcon.colcon_installed_package_information.package_discovery:Found 1 installed packages in /userdata/control_ws/install
[2.379s] DEBUG:colcon.colcon_installed_package_information.package_discovery:Found 1 installed packages in /userdata/navi_ws/install
[2.383s] DEBUG:colcon.colcon_installed_package_information.package_discovery:Found 8 installed packages in /userdata/dev_ws/install
[2.386s] DEBUG:colcon.colcon_installed_package_information.package_discovery:Found 5 installed packages in /userdata/BPU_bl_ws/install
[2.390s] DEBUG:colcon.colcon_installed_package_information.package_discovery:Found 1 installed packages in /userdata/base_ws/install
[2.394s] DEBUG:colcon.colcon_installed_package_information.package_discovery:Found 49 installed packages in /opt/tros/humble
[2.488s] DEBUG:colcon.colcon_installed_package_information.package_discovery:Found 290 installed packages in /opt/ros/humble
[2.500s] Level 1:colcon.colcon_core.package_discovery:discover_packages(prefix_path) using defaults
[2.837s] Level 5:colcon.colcon_core.verb:set package 'task_controller' build argument 'cmake_args' from command line to 'None'
[2.837s] Level 5:colcon.colcon_core.verb:set package 'task_controller' build argument 'cmake_target' from command line to 'None'
[2.837s] Level 5:colcon.colcon_core.verb:set package 'task_controller' build argument 'cmake_target_skip_unavailable' from command line to 'False'
[2.838s] Level 5:colcon.colcon_core.verb:set package 'task_controller' build argument 'cmake_clean_cache' from command line to 'False'
[2.838s] Level 5:colcon.colcon_core.verb:set package 'task_controller' build argument 'cmake_clean_first' from command line to 'False'
[2.838s] Level 5:colcon.colcon_core.verb:set package 'task_controller' build argument 'cmake_force_configure' from command line to 'False'
[2.838s] Level 5:colcon.colcon_core.verb:set package 'task_controller' build argument 'ament_cmake_args' from command line to 'None'
[2.838s] Level 5:colcon.colcon_core.verb:set package 'task_controller' build argument 'catkin_cmake_args' from command line to 'None'
[2.838s] Level 5:colcon.colcon_core.verb:set package 'task_controller' build argument 'catkin_skip_building_tests' from command line to 'False'
[2.839s] DEBUG:colcon.colcon_core.verb:Building package 'task_controller' with the following arguments: {'ament_cmake_args': None, 'build_base': '/userdata/control_ws/build/task_controller', 'catkin_cmake_args': None, 'catkin_skip_building_tests': False, 'cmake_args': None, 'cmake_clean_cache': False, 'cmake_clean_first': False, 'cmake_force_configure': False, 'cmake_target': None, 'cmake_target_skip_unavailable': False, 'install_base': '/userdata/control_ws/install/task_controller', 'merge_install': False, 'path': '/userdata/control_ws/src/task_controller', 'symlink_install': False, 'test_result_base': None}
[2.840s] INFO:colcon.colcon_core.executor:Executing jobs using 'parallel' executor
[2.845s] DEBUG:colcon.colcon_parallel_executor.executor.parallel:run_until_complete
[2.846s] INFO:colcon.colcon_ros.task.ament_python.build:Building ROS package in '/userdata/control_ws/src/task_controller' with build type 'ament_python'
[2.847s] Level 1:colcon.colcon_core.shell:create_environment_hook('task_controller', 'ament_prefix_path')
[2.861s] INFO:colcon.colcon_core.plugin_system:Skipping extension 'colcon_core.shell.bat': Not used on non-Windows systems
[2.862s] INFO:colcon.colcon_core.shell:Creating environment hook '/userdata/control_ws/install/task_controller/share/task_controller/hook/ament_prefix_path.ps1'
[2.867s] INFO:colcon.colcon_core.shell:Creating environment descriptor '/userdata/control_ws/install/task_controller/share/task_controller/hook/ament_prefix_path.dsv'
[2.871s] INFO:colcon.colcon_core.shell:Creating environment hook '/userdata/control_ws/install/task_controller/share/task_controller/hook/ament_prefix_path.sh'
[2.876s] INFO:colcon.colcon_core.shell:Skip shell extension 'powershell' for command environment: Not usable outside of PowerShell
[2.876s] DEBUG:colcon.colcon_core.shell:Skip shell extension 'dsv' for command environment
[4.971s] INFO:colcon.colcon_core.task.python.build:Building Python package in '/userdata/control_ws/src/task_controller'
[4.973s] INFO:colcon.colcon_core.shell:Skip shell extension 'powershell' for command environment: Not usable outside of PowerShell
[4.973s] DEBUG:colcon.colcon_core.shell:Skip shell extension 'dsv' for command environment
[7.753s] DEBUG:colcon.colcon_core.event_handler.log_command:Invoking command in '/userdata/control_ws/src/task_controller': PYTHONPATH=/userdata/control_ws/build/task_controller/prefix_override:/usr/lib/python3/dist-packages/colcon_core/task/python/colcon_distutils_commands:/userdata/control_ws/install/task_controller/lib/python3.10/site-packages:${PYTHONPATH} /usr/bin/python3 -W ignore:setup.py install is deprecated -W ignore:easy_install command is deprecated setup.py egg_info --egg-base ../../build/task_controller build --build-base /userdata/control_ws/build/task_controller/build install --record /userdata/control_ws/build/task_controller/install.log --single-version-externally-managed install_data
[10.189s] DEBUG:colcon.colcon_core.event_handler.log_command:Invoked command in '/userdata/control_ws/src/task_controller' returned '0': PYTHONPATH=/userdata/control_ws/build/task_controller/prefix_override:/usr/lib/python3/dist-packages/colcon_core/task/python/colcon_distutils_commands:/userdata/control_ws/install/task_controller/lib/python3.10/site-packages:${PYTHONPATH} /usr/bin/python3 -W ignore:setup.py install is deprecated -W ignore:easy_install command is deprecated setup.py egg_info --egg-base ../../build/task_controller build --build-base /userdata/control_ws/build/task_controller/build install --record /userdata/control_ws/build/task_controller/install.log --single-version-externally-managed install_data
[10.207s] Level 1:colcon.colcon_core.environment:checking '/userdata/control_ws/install/task_controller' for CMake module files
[10.211s] Level 1:colcon.colcon_core.environment:checking '/userdata/control_ws/install/task_controller' for CMake config files
[10.217s] Level 1:colcon.colcon_core.environment:checking '/userdata/control_ws/install/task_controller/lib'
[10.218s] Level 1:colcon.colcon_core.environment:checking '/userdata/control_ws/install/task_controller/bin'
[10.219s] Level 1:colcon.colcon_core.shell:create_environment_hook('task_controller', 'path')
[10.221s] INFO:colcon.colcon_core.shell:Creating environment hook '/userdata/control_ws/install/task_controller/share/task_controller/hook/path.ps1'
[10.224s] INFO:colcon.colcon_core.shell:Creating environment descriptor '/userdata/control_ws/install/task_controller/share/task_controller/hook/path.dsv'
[10.228s] INFO:colcon.colcon_core.shell:Creating environment hook '/userdata/control_ws/install/task_controller/share/task_controller/hook/path.sh'
[10.231s] Level 1:colcon.colcon_core.environment:checking '/userdata/control_ws/install/task_controller/lib/pkgconfig/task_controller.pc'
[10.233s] Level 1:colcon.colcon_core.environment:checking '/userdata/control_ws/install/task_controller/lib/python3.10/site-packages'
[10.234s] Level 1:colcon.colcon_core.shell:create_environment_hook('task_controller', 'pythonpath')
[10.236s] INFO:colcon.colcon_core.shell:Creating environment hook '/userdata/control_ws/install/task_controller/share/task_controller/hook/pythonpath.ps1'
[10.239s] INFO:colcon.colcon_core.shell:Creating environment descriptor '/userdata/control_ws/install/task_controller/share/task_controller/hook/pythonpath.dsv'
[10.242s] INFO:colcon.colcon_core.shell:Creating environment hook '/userdata/control_ws/install/task_controller/share/task_controller/hook/pythonpath.sh'
[10.248s] Level 1:colcon.colcon_core.environment:checking '/userdata/control_ws/install/task_controller/bin'
[10.249s] Level 1:colcon.colcon_core.shell:create_environment_hook('task_controller', 'pythonscriptspath')
[10.251s] INFO:colcon.colcon_core.shell:Creating environment hook '/userdata/control_ws/install/task_controller/share/task_controller/hook/pythonscriptspath.ps1'
[10.255s] INFO:colcon.colcon_core.shell:Creating environment descriptor '/userdata/control_ws/install/task_controller/share/task_controller/hook/pythonscriptspath.dsv'
[10.258s] INFO:colcon.colcon_core.shell:Creating environment hook '/userdata/control_ws/install/task_controller/share/task_controller/hook/pythonscriptspath.sh'
[10.262s] Level 1:colcon.colcon_core.environment:create_environment_scripts_only(task_controller)
[10.265s] INFO:colcon.colcon_core.shell:Creating package script '/userdata/control_ws/install/task_controller/share/task_controller/package.ps1'
[10.272s] INFO:colcon.colcon_core.shell:Creating package descriptor '/userdata/control_ws/install/task_controller/share/task_controller/package.dsv'
[10.277s] INFO:colcon.colcon_core.shell:Creating package script '/userdata/control_ws/install/task_controller/share/task_controller/package.sh'
[10.284s] INFO:colcon.colcon_core.shell:Creating package script '/userdata/control_ws/install/task_controller/share/task_controller/package.bash'
[10.291s] INFO:colcon.colcon_core.shell:Creating package script '/userdata/control_ws/install/task_controller/share/task_controller/package.zsh'
[10.297s] Level 1:colcon.colcon_core.environment:create_file_with_runtime_dependencies(/userdata/control_ws/install/task_controller/share/colcon-core/packages/task_controller)
[10.299s] DEBUG:colcon.colcon_parallel_executor.executor.parallel:closing loop
[10.301s] DEBUG:colcon.colcon_parallel_executor.executor.parallel:loop closed
[10.301s] DEBUG:colcon.colcon_parallel_executor.executor.parallel:run_until_complete finished with '0'
[10.301s] DEBUG:colcon.colcon_core.event_reactor:joining thread
[10.334s] INFO:colcon.colcon_core.plugin_system:Skipping extension 'colcon_notification.desktop_notification.terminal_notifier': Not used on non-Darwin systems
[10.335s] INFO:colcon.colcon_core.plugin_system:Skipping extension 'colcon_notification.desktop_notification.win32': Not used on non-Windows systems
[10.335s] INFO:colcon.colcon_notification.desktop_notification:Sending desktop notification using 'notify2'
[35.353s] DEBUG:colcon.colcon_notification.desktop_notification.notify2:Failed to initialize notify2: org.freedesktop.DBus.Error.NoReply: Did not receive a reply. Possible causes include: the remote application did not send a reply, the message bus security policy blocked the reply, the reply timeout expired, or the network connection was broken.
[35.354s] DEBUG:colcon.colcon_core.event_reactor:joined thread
[35.356s] INFO:colcon.colcon_core.shell:Creating prefix script '/userdata/control_ws/install/local_setup.ps1'
[35.364s] INFO:colcon.colcon_core.shell:Creating prefix util module '/userdata/control_ws/install/_local_setup_util_ps1.py'
[35.375s] INFO:colcon.colcon_core.shell:Creating prefix chain script '/userdata/control_ws/install/setup.ps1'
[35.388s] INFO:colcon.colcon_core.shell:Creating prefix script '/userdata/control_ws/install/local_setup.sh'
[35.393s] INFO:colcon.colcon_core.shell:Creating prefix util module '/userdata/control_ws/install/_local_setup_util_sh.py'
[35.398s] INFO:colcon.colcon_core.shell:Creating prefix chain script '/userdata/control_ws/install/setup.sh'
[35.410s] INFO:colcon.colcon_core.shell:Creating prefix script '/userdata/control_ws/install/local_setup.bash'
[35.413s] INFO:colcon.colcon_core.shell:Creating prefix chain script '/userdata/control_ws/install/setup.bash'
[35.425s] INFO:colcon.colcon_core.shell:Creating prefix script '/userdata/control_ws/install/local_setup.zsh'
[35.430s] INFO:colcon.colcon_core.shell:Creating prefix chain script '/userdata/control_ws/install/setup.zsh'
