[0.698s] DEBUG:colcon:Command line arguments: ['/usr/bin/colcon', 'build', '--symlink-install', '--cmake-args', '-DSTREAM_SDK_TYPE=AURORA930', '--packages-select', 'lslidar_driver']
[0.699s] DEBUG:colcon:Parsed command line arguments: Namespace(log_base=None, log_level=None, verb_name='build', build_base='build', install_base='install', merge_install=False, symlink_install=True, test_result_base=None, continue_on_error=False, executor='parallel', parallel_workers=8, event_handlers=None, ignore_user_meta=False, metas=['./colcon.meta'], base_paths=['.'], packages_ignore=None, packages_ignore_regex=None, paths=None, packages_up_to=None, packages_up_to_regex=None, packages_above=None, packages_above_and_dependencies=None, packages_above_depth=None, packages_select_by_dep=None, packages_skip_by_dep=None, packages_skip_up_to=None, packages_select_build_failed=False, packages_skip_build_finished=False, packages_select_test_failures=False, packages_skip_test_passed=False, packages_select=['lslidar_driver'], packages_skip=None, packages_select_regex=None, packages_skip_regex=None, packages_start=None, packages_end=None, allow_overriding=[], cmake_args=['-DSTREAM_SDK_TYPE=AURORA930'], cmake_target=None, cmake_target_skip_unavailable=False, cmake_clean_cache=False, cmake_clean_first=False, cmake_force_configure=False, ament_cmake_args=None, catkin_cmake_args=None, catkin_skip_building_tests=False, verb_parser=<colcon_defaults.argument_parser.defaults.DefaultArgumentsDecorator object at 0xffff8092cd00>, verb_extension=<colcon_core.verb.build.BuildVerb object at 0xffff8092c7f0>, main=<bound method BuildVerb.main of <colcon_core.verb.build.BuildVerb object at 0xffff8092c7f0>>)
[1.963s] Level 1:colcon.colcon_core.package_discovery:discover_packages(colcon_meta) check parameters
[1.964s] Level 1:colcon.colcon_core.package_discovery:discover_packages(recursive) check parameters
[1.964s] Level 1:colcon.colcon_core.package_discovery:discover_packages(ignore) check parameters
[1.965s] Level 1:colcon.colcon_core.package_discovery:discover_packages(path) check parameters
[1.965s] Level 1:colcon.colcon_core.package_discovery:discover_packages(colcon_meta) discover
[1.965s] Level 1:colcon.colcon_core.package_discovery:discover_packages(recursive) discover
[1.965s] INFO:colcon.colcon_core.package_discovery:Crawling recursively for packages in '/userdata/driver_ws'
[1.966s] Level 1:colcon.colcon_core.package_identification:_identify(.) by extensions ['ignore', 'ignore_ament_install']
[1.966s] Level 1:colcon.colcon_core.package_identification:_identify(.) by extension 'ignore'
[1.967s] Level 1:colcon.colcon_core.package_identification:_identify(.) by extension 'ignore_ament_install'
[1.967s] Level 1:colcon.colcon_core.package_identification:_identify(.) by extensions ['colcon_pkg']
[1.967s] Level 1:colcon.colcon_core.package_identification:_identify(.) by extension 'colcon_pkg'
[1.968s] Level 1:colcon.colcon_core.package_identification:_identify(.) by extensions ['colcon_meta']
[1.968s] Level 1:colcon.colcon_core.package_identification:_identify(.) by extension 'colcon_meta'
[1.968s] Level 1:colcon.colcon_core.package_identification:_identify(.) by extensions ['ros']
[1.968s] Level 1:colcon.colcon_core.package_identification:_identify(.) by extension 'ros'
[2.047s] Level 1:colcon.colcon_core.package_identification:_identify(.) by extensions ['cmake', 'python']
[2.047s] Level 1:colcon.colcon_core.package_identification:_identify(.) by extension 'cmake'
[2.048s] Level 1:colcon.colcon_core.package_identification:_identify(.) by extension 'python'
[2.048s] Level 1:colcon.colcon_core.package_identification:_identify(.) by extensions ['python_setup_py']
[2.048s] Level 1:colcon.colcon_core.package_identification:_identify(.) by extension 'python_setup_py'
[2.049s] Level 1:colcon.colcon_core.package_identification:_identify(build) by extensions ['ignore', 'ignore_ament_install']
[2.050s] Level 1:colcon.colcon_core.package_identification:_identify(build) by extension 'ignore'
[2.050s] Level 1:colcon.colcon_core.package_identification:_identify(build) ignored
[2.051s] Level 1:colcon.colcon_core.package_identification:_identify(install) by extensions ['ignore', 'ignore_ament_install']
[2.051s] Level 1:colcon.colcon_core.package_identification:_identify(install) by extension 'ignore'
[2.051s] Level 1:colcon.colcon_core.package_identification:_identify(install) ignored
[2.052s] Level 1:colcon.colcon_core.package_identification:_identify(log) by extensions ['ignore', 'ignore_ament_install']
[2.052s] Level 1:colcon.colcon_core.package_identification:_identify(log) by extension 'ignore'
[2.053s] Level 1:colcon.colcon_core.package_identification:_identify(log) ignored
[2.053s] Level 1:colcon.colcon_core.package_identification:_identify(src) by extensions ['ignore', 'ignore_ament_install']
[2.054s] Level 1:colcon.colcon_core.package_identification:_identify(src) by extension 'ignore'
[2.054s] Level 1:colcon.colcon_core.package_identification:_identify(src) by extension 'ignore_ament_install'
[2.054s] Level 1:colcon.colcon_core.package_identification:_identify(src) by extensions ['colcon_pkg']
[2.054s] Level 1:colcon.colcon_core.package_identification:_identify(src) by extension 'colcon_pkg'
[2.055s] Level 1:colcon.colcon_core.package_identification:_identify(src) by extensions ['colcon_meta']
[2.055s] Level 1:colcon.colcon_core.package_identification:_identify(src) by extension 'colcon_meta'
[2.055s] Level 1:colcon.colcon_core.package_identification:_identify(src) by extensions ['ros']
[2.055s] Level 1:colcon.colcon_core.package_identification:_identify(src) by extension 'ros'
[2.056s] Level 1:colcon.colcon_core.package_identification:_identify(src) by extensions ['cmake', 'python']
[2.056s] Level 1:colcon.colcon_core.package_identification:_identify(src) by extension 'cmake'
[2.056s] Level 1:colcon.colcon_core.package_identification:_identify(src) by extension 'python'
[2.057s] Level 1:colcon.colcon_core.package_identification:_identify(src) by extensions ['python_setup_py']
[2.057s] Level 1:colcon.colcon_core.package_identification:_identify(src) by extension 'python_setup_py'
[2.058s] Level 1:colcon.colcon_core.package_identification:_identify(src/deptrum-ros-driver) by extensions ['ignore', 'ignore_ament_install']
[2.058s] Level 1:colcon.colcon_core.package_identification:_identify(src/deptrum-ros-driver) by extension 'ignore'
[2.058s] Level 1:colcon.colcon_core.package_identification:_identify(src/deptrum-ros-driver) by extension 'ignore_ament_install'
[2.059s] Level 1:colcon.colcon_core.package_identification:_identify(src/deptrum-ros-driver) by extensions ['colcon_pkg']
[2.059s] Level 1:colcon.colcon_core.package_identification:_identify(src/deptrum-ros-driver) by extension 'colcon_pkg'
[2.059s] Level 1:colcon.colcon_core.package_identification:_identify(src/deptrum-ros-driver) by extensions ['colcon_meta']
[2.060s] Level 1:colcon.colcon_core.package_identification:_identify(src/deptrum-ros-driver) by extension 'colcon_meta'
[2.060s] Level 1:colcon.colcon_core.package_identification:_identify(src/deptrum-ros-driver) by extensions ['ros']
[2.060s] Level 1:colcon.colcon_core.package_identification:_identify(src/deptrum-ros-driver) by extension 'ros'
[2.079s] DEBUG:colcon.colcon_core.package_identification:Package 'src/deptrum-ros-driver' with type 'ros.ament_cmake' and name 'deptrum-ros-driver-aurora930'
[2.080s] Level 1:colcon.colcon_core.package_identification:_identify(src/lslidar_driver) by extensions ['ignore', 'ignore_ament_install']
[2.081s] Level 1:colcon.colcon_core.package_identification:_identify(src/lslidar_driver) by extension 'ignore'
[2.081s] Level 1:colcon.colcon_core.package_identification:_identify(src/lslidar_driver) by extension 'ignore_ament_install'
[2.082s] Level 1:colcon.colcon_core.package_identification:_identify(src/lslidar_driver) by extensions ['colcon_pkg']
[2.082s] Level 1:colcon.colcon_core.package_identification:_identify(src/lslidar_driver) by extension 'colcon_pkg'
[2.082s] Level 1:colcon.colcon_core.package_identification:_identify(src/lslidar_driver) by extensions ['colcon_meta']
[2.082s] Level 1:colcon.colcon_core.package_identification:_identify(src/lslidar_driver) by extension 'colcon_meta'
[2.083s] Level 1:colcon.colcon_core.package_identification:_identify(src/lslidar_driver) by extensions ['ros']
[2.083s] Level 1:colcon.colcon_core.package_identification:_identify(src/lslidar_driver) by extension 'ros'
[2.088s] DEBUG:colcon.colcon_core.package_identification:Package 'src/lslidar_driver' with type 'ros.ament_cmake' and name 'lslidar_driver'
[2.088s] Level 1:colcon.colcon_core.package_identification:_identify(src/lslidar_msgs) by extensions ['ignore', 'ignore_ament_install']
[2.089s] Level 1:colcon.colcon_core.package_identification:_identify(src/lslidar_msgs) by extension 'ignore'
[2.089s] Level 1:colcon.colcon_core.package_identification:_identify(src/lslidar_msgs) by extension 'ignore_ament_install'
[2.090s] Level 1:colcon.colcon_core.package_identification:_identify(src/lslidar_msgs) by extensions ['colcon_pkg']
[2.090s] Level 1:colcon.colcon_core.package_identification:_identify(src/lslidar_msgs) by extension 'colcon_pkg'
[2.090s] Level 1:colcon.colcon_core.package_identification:_identify(src/lslidar_msgs) by extensions ['colcon_meta']
[2.090s] Level 1:colcon.colcon_core.package_identification:_identify(src/lslidar_msgs) by extension 'colcon_meta'
[2.090s] Level 1:colcon.colcon_core.package_identification:_identify(src/lslidar_msgs) by extensions ['ros']
[2.091s] Level 1:colcon.colcon_core.package_identification:_identify(src/lslidar_msgs) by extension 'ros'
[2.094s] DEBUG:colcon.colcon_core.package_identification:Package 'src/lslidar_msgs' with type 'ros.ament_cmake' and name 'lslidar_msgs'
[2.094s] Level 1:colcon.colcon_core.package_discovery:discover_packages(recursive) using defaults
[2.095s] Level 1:colcon.colcon_core.package_discovery:discover_packages(ignore) discover
[2.095s] Level 1:colcon.colcon_core.package_discovery:discover_packages(ignore) using defaults
[2.095s] Level 1:colcon.colcon_core.package_discovery:discover_packages(path) discover
[2.095s] Level 1:colcon.colcon_core.package_discovery:discover_packages(path) using defaults
[2.314s] INFO:colcon.colcon_core.package_selection:Skipping not selected package 'deptrum-ros-driver-aurora930' in 'src/deptrum-ros-driver'
[2.314s] INFO:colcon.colcon_core.package_selection:Skipping not selected package 'lslidar_msgs' in 'src/lslidar_msgs'
[2.317s] Level 1:colcon.colcon_core.package_discovery:discover_packages(prefix_path) check parameters
[2.318s] Level 1:colcon.colcon_core.package_discovery:discover_packages(prefix_path) discover
[2.332s] DEBUG:colcon.colcon_installed_package_information.package_discovery:Found 8 installed packages in /userdata/dev_ws/install
[2.336s] DEBUG:colcon.colcon_installed_package_information.package_discovery:Found 49 installed packages in /opt/tros/humble
[2.348s] DEBUG:colcon.colcon_installed_package_information.package_discovery:Found 290 installed packages in /opt/ros/humble
[2.361s] Level 1:colcon.colcon_core.package_discovery:discover_packages(prefix_path) using defaults
[2.706s] Level 5:colcon.colcon_core.verb:set package 'lslidar_driver' build argument 'cmake_args' from command line to '['-DSTREAM_SDK_TYPE=AURORA930']'
[2.706s] Level 5:colcon.colcon_core.verb:set package 'lslidar_driver' build argument 'cmake_target' from command line to 'None'
[2.706s] Level 5:colcon.colcon_core.verb:set package 'lslidar_driver' build argument 'cmake_target_skip_unavailable' from command line to 'False'
[2.707s] Level 5:colcon.colcon_core.verb:set package 'lslidar_driver' build argument 'cmake_clean_cache' from command line to 'False'
[2.707s] Level 5:colcon.colcon_core.verb:set package 'lslidar_driver' build argument 'cmake_clean_first' from command line to 'False'
[2.707s] Level 5:colcon.colcon_core.verb:set package 'lslidar_driver' build argument 'cmake_force_configure' from command line to 'False'
[2.707s] Level 5:colcon.colcon_core.verb:set package 'lslidar_driver' build argument 'ament_cmake_args' from command line to 'None'
[2.708s] Level 5:colcon.colcon_core.verb:set package 'lslidar_driver' build argument 'catkin_cmake_args' from command line to 'None'
[2.708s] Level 5:colcon.colcon_core.verb:set package 'lslidar_driver' build argument 'catkin_skip_building_tests' from command line to 'False'
[2.708s] DEBUG:colcon.colcon_core.verb:Building package 'lslidar_driver' with the following arguments: {'ament_cmake_args': None, 'build_base': '/userdata/driver_ws/build/lslidar_driver', 'catkin_cmake_args': None, 'catkin_skip_building_tests': False, 'cmake_args': ['-DSTREAM_SDK_TYPE=AURORA930'], 'cmake_clean_cache': False, 'cmake_clean_first': False, 'cmake_force_configure': False, 'cmake_target': None, 'cmake_target_skip_unavailable': False, 'install_base': '/userdata/driver_ws/install/lslidar_driver', 'merge_install': False, 'path': '/userdata/driver_ws/src/lslidar_driver', 'symlink_install': True, 'test_result_base': None}
[2.709s] INFO:colcon.colcon_core.executor:Executing jobs using 'parallel' executor
[2.714s] DEBUG:colcon.colcon_parallel_executor.executor.parallel:run_until_complete
[2.716s] INFO:colcon.colcon_ros.task.ament_cmake.build:Building ROS package in '/userdata/driver_ws/src/lslidar_driver' with build type 'ament_cmake'
[2.717s] INFO:colcon.colcon_cmake.task.cmake.build:Building CMake package in '/userdata/driver_ws/src/lslidar_driver'
[2.729s] INFO:colcon.colcon_core.plugin_system:Skipping extension 'colcon_core.shell.bat': Not used on non-Windows systems
[2.731s] INFO:colcon.colcon_core.shell:Skip shell extension 'powershell' for command environment: Not usable outside of PowerShell
[2.731s] DEBUG:colcon.colcon_core.shell:Skip shell extension 'dsv' for command environment
[2.800s] DEBUG:colcon.colcon_core.event_handler.log_command:Invoking command in '/userdata/driver_ws/build/lslidar_driver': AMENT_PREFIX_PATH=/userdata/driver_ws/install/lslidar_msgs:${AMENT_PREFIX_PATH} CMAKE_PREFIX_PATH=/userdata/driver_ws/install/lslidar_msgs:/userdata/dev_ws/install/utils:/userdata/dev_ws/install/origincar_base:/userdata/dev_ws/install/serial:/userdata/dev_ws/install/origincar_msg:/userdata/dev_ws/install/origincar_description:/userdata/dev_ws/install/origincar_bringup:/userdata/dev_ws/install/ackermann_msgs:/userdata/dev_ws/install/line_follower_pkg:/opt/tros/humble:/opt/ros/humble LD_LIBRARY_PATH=/userdata/driver_ws/install/lslidar_msgs/lib:${LD_LIBRARY_PATH} PYTHONPATH=/userdata/driver_ws/install/lslidar_msgs/local/lib/python3.10/dist-packages:${PYTHONPATH} /usr/bin/cmake --build /userdata/driver_ws/build/lslidar_driver -- -j8 -l8
[3.735s] DEBUG:colcon.colcon_core.event_handler.log_command:Invoked command in '/userdata/driver_ws/build/lslidar_driver' returned '0': AMENT_PREFIX_PATH=/userdata/driver_ws/install/lslidar_msgs:${AMENT_PREFIX_PATH} CMAKE_PREFIX_PATH=/userdata/driver_ws/install/lslidar_msgs:/userdata/dev_ws/install/utils:/userdata/dev_ws/install/origincar_base:/userdata/dev_ws/install/serial:/userdata/dev_ws/install/origincar_msg:/userdata/dev_ws/install/origincar_description:/userdata/dev_ws/install/origincar_bringup:/userdata/dev_ws/install/ackermann_msgs:/userdata/dev_ws/install/line_follower_pkg:/opt/tros/humble:/opt/ros/humble LD_LIBRARY_PATH=/userdata/driver_ws/install/lslidar_msgs/lib:${LD_LIBRARY_PATH} PYTHONPATH=/userdata/driver_ws/install/lslidar_msgs/local/lib/python3.10/dist-packages:${PYTHONPATH} /usr/bin/cmake --build /userdata/driver_ws/build/lslidar_driver -- -j8 -l8
[3.788s] DEBUG:colcon.colcon_core.event_handler.log_command:Invoking command in '/userdata/driver_ws/build/lslidar_driver': AMENT_PREFIX_PATH=/userdata/driver_ws/install/lslidar_msgs:${AMENT_PREFIX_PATH} CMAKE_PREFIX_PATH=/userdata/driver_ws/install/lslidar_msgs:/userdata/dev_ws/install/utils:/userdata/dev_ws/install/origincar_base:/userdata/dev_ws/install/serial:/userdata/dev_ws/install/origincar_msg:/userdata/dev_ws/install/origincar_description:/userdata/dev_ws/install/origincar_bringup:/userdata/dev_ws/install/ackermann_msgs:/userdata/dev_ws/install/line_follower_pkg:/opt/tros/humble:/opt/ros/humble LD_LIBRARY_PATH=/userdata/driver_ws/install/lslidar_msgs/lib:${LD_LIBRARY_PATH} PYTHONPATH=/userdata/driver_ws/install/lslidar_msgs/local/lib/python3.10/dist-packages:${PYTHONPATH} /usr/bin/cmake --install /userdata/driver_ws/build/lslidar_driver
[3.932s] Level 1:colcon.colcon_core.environment:create_environment_scripts_only(lslidar_driver)
[3.942s] DEBUG:colcon.colcon_core.event_handler.log_command:Invoked command in '/userdata/driver_ws/build/lslidar_driver' returned '0': AMENT_PREFIX_PATH=/userdata/driver_ws/install/lslidar_msgs:${AMENT_PREFIX_PATH} CMAKE_PREFIX_PATH=/userdata/driver_ws/install/lslidar_msgs:/userdata/dev_ws/install/utils:/userdata/dev_ws/install/origincar_base:/userdata/dev_ws/install/serial:/userdata/dev_ws/install/origincar_msg:/userdata/dev_ws/install/origincar_description:/userdata/dev_ws/install/origincar_bringup:/userdata/dev_ws/install/ackermann_msgs:/userdata/dev_ws/install/line_follower_pkg:/opt/tros/humble:/opt/ros/humble LD_LIBRARY_PATH=/userdata/driver_ws/install/lslidar_msgs/lib:${LD_LIBRARY_PATH} PYTHONPATH=/userdata/driver_ws/install/lslidar_msgs/local/lib/python3.10/dist-packages:${PYTHONPATH} /usr/bin/cmake --install /userdata/driver_ws/build/lslidar_driver
[3.955s] Level 1:colcon.colcon_core.environment:checking '/userdata/driver_ws/install/lslidar_driver' for CMake module files
[3.959s] Level 1:colcon.colcon_core.environment:checking '/userdata/driver_ws/install/lslidar_driver' for CMake config files
[3.962s] Level 1:colcon.colcon_core.shell:create_environment_hook('lslidar_driver', 'cmake_prefix_path')
[3.964s] INFO:colcon.colcon_core.shell:Creating environment hook '/userdata/driver_ws/install/lslidar_driver/share/lslidar_driver/hook/cmake_prefix_path.ps1'
[3.971s] INFO:colcon.colcon_core.shell:Creating environment descriptor '/userdata/driver_ws/install/lslidar_driver/share/lslidar_driver/hook/cmake_prefix_path.dsv'
[3.978s] INFO:colcon.colcon_core.shell:Creating environment hook '/userdata/driver_ws/install/lslidar_driver/share/lslidar_driver/hook/cmake_prefix_path.sh'
[3.985s] Level 1:colcon.colcon_core.environment:checking '/userdata/driver_ws/install/lslidar_driver/lib'
[3.986s] Level 1:colcon.colcon_core.environment:checking '/userdata/driver_ws/install/lslidar_driver/bin'
[3.987s] Level 1:colcon.colcon_core.environment:checking '/userdata/driver_ws/install/lslidar_driver/lib/pkgconfig/lslidar_driver.pc'
[3.989s] Level 1:colcon.colcon_core.environment:checking '/userdata/driver_ws/install/lslidar_driver/lib/python3.10/site-packages'
[3.991s] Level 1:colcon.colcon_core.environment:checking '/userdata/driver_ws/install/lslidar_driver/bin'
[3.994s] INFO:colcon.colcon_core.shell:Creating package script '/userdata/driver_ws/install/lslidar_driver/share/lslidar_driver/package.ps1'
[4.001s] INFO:colcon.colcon_core.shell:Creating package descriptor '/userdata/driver_ws/install/lslidar_driver/share/lslidar_driver/package.dsv'
[4.005s] INFO:colcon.colcon_core.shell:Creating package script '/userdata/driver_ws/install/lslidar_driver/share/lslidar_driver/package.sh'
[4.011s] INFO:colcon.colcon_core.shell:Creating package script '/userdata/driver_ws/install/lslidar_driver/share/lslidar_driver/package.bash'
[4.017s] INFO:colcon.colcon_core.shell:Creating package script '/userdata/driver_ws/install/lslidar_driver/share/lslidar_driver/package.zsh'
[4.023s] Level 1:colcon.colcon_core.environment:create_file_with_runtime_dependencies(/userdata/driver_ws/install/lslidar_driver/share/colcon-core/packages/lslidar_driver)
[4.027s] Level 1:colcon.colcon_core.environment:create_environment_scripts_only(lslidar_driver)
[4.029s] Level 1:colcon.colcon_core.environment:checking '/userdata/driver_ws/install/lslidar_driver' for CMake module files
[4.033s] Level 1:colcon.colcon_core.environment:checking '/userdata/driver_ws/install/lslidar_driver' for CMake config files
[4.035s] Level 1:colcon.colcon_core.shell:create_environment_hook('lslidar_driver', 'cmake_prefix_path')
[4.037s] INFO:colcon.colcon_core.shell:Creating environment hook '/userdata/driver_ws/install/lslidar_driver/share/lslidar_driver/hook/cmake_prefix_path.ps1'
[4.040s] INFO:colcon.colcon_core.shell:Creating environment descriptor '/userdata/driver_ws/install/lslidar_driver/share/lslidar_driver/hook/cmake_prefix_path.dsv'
[4.043s] INFO:colcon.colcon_core.shell:Creating environment hook '/userdata/driver_ws/install/lslidar_driver/share/lslidar_driver/hook/cmake_prefix_path.sh'
[4.047s] Level 1:colcon.colcon_core.environment:checking '/userdata/driver_ws/install/lslidar_driver/lib'
[4.048s] Level 1:colcon.colcon_core.environment:checking '/userdata/driver_ws/install/lslidar_driver/bin'
[4.048s] Level 1:colcon.colcon_core.environment:checking '/userdata/driver_ws/install/lslidar_driver/lib/pkgconfig/lslidar_driver.pc'
[4.050s] Level 1:colcon.colcon_core.environment:checking '/userdata/driver_ws/install/lslidar_driver/lib/python3.10/site-packages'
[4.052s] Level 1:colcon.colcon_core.environment:checking '/userdata/driver_ws/install/lslidar_driver/bin'
[4.054s] INFO:colcon.colcon_core.shell:Creating package script '/userdata/driver_ws/install/lslidar_driver/share/lslidar_driver/package.ps1'
[4.058s] INFO:colcon.colcon_core.shell:Creating package descriptor '/userdata/driver_ws/install/lslidar_driver/share/lslidar_driver/package.dsv'
[4.062s] INFO:colcon.colcon_core.shell:Creating package script '/userdata/driver_ws/install/lslidar_driver/share/lslidar_driver/package.sh'
[4.065s] INFO:colcon.colcon_core.shell:Creating package script '/userdata/driver_ws/install/lslidar_driver/share/lslidar_driver/package.bash'
[4.068s] INFO:colcon.colcon_core.shell:Creating package script '/userdata/driver_ws/install/lslidar_driver/share/lslidar_driver/package.zsh'
[4.072s] Level 1:colcon.colcon_core.environment:create_file_with_runtime_dependencies(/userdata/driver_ws/install/lslidar_driver/share/colcon-core/packages/lslidar_driver)
[4.073s] DEBUG:colcon.colcon_parallel_executor.executor.parallel:closing loop
[4.075s] DEBUG:colcon.colcon_parallel_executor.executor.parallel:loop closed
[4.075s] DEBUG:colcon.colcon_parallel_executor.executor.parallel:run_until_complete finished with '0'
[4.076s] DEBUG:colcon.colcon_core.event_reactor:joining thread
[4.111s] INFO:colcon.colcon_core.plugin_system:Skipping extension 'colcon_notification.desktop_notification.terminal_notifier': Not used on non-Darwin systems
[4.112s] INFO:colcon.colcon_core.plugin_system:Skipping extension 'colcon_notification.desktop_notification.win32': Not used on non-Windows systems
[4.112s] INFO:colcon.colcon_notification.desktop_notification:Sending desktop notification using 'notify2'
[29.140s] DEBUG:colcon.colcon_notification.desktop_notification.notify2:Failed to initialize notify2: org.freedesktop.DBus.Error.NoReply: Did not receive a reply. Possible causes include: the remote application did not send a reply, the message bus security policy blocked the reply, the reply timeout expired, or the network connection was broken.
[29.142s] DEBUG:colcon.colcon_core.event_reactor:joined thread
[29.147s] INFO:colcon.colcon_core.shell:Creating prefix script '/userdata/driver_ws/install/local_setup.ps1'
[29.154s] INFO:colcon.colcon_core.shell:Creating prefix util module '/userdata/driver_ws/install/_local_setup_util_ps1.py'
[29.164s] INFO:colcon.colcon_core.shell:Creating prefix chain script '/userdata/driver_ws/install/setup.ps1'
[29.172s] INFO:colcon.colcon_core.shell:Creating prefix script '/userdata/driver_ws/install/local_setup.sh'
[29.175s] INFO:colcon.colcon_core.shell:Creating prefix util module '/userdata/driver_ws/install/_local_setup_util_sh.py'
[29.179s] INFO:colcon.colcon_core.shell:Creating prefix chain script '/userdata/driver_ws/install/setup.sh'
[29.188s] INFO:colcon.colcon_core.shell:Creating prefix script '/userdata/driver_ws/install/local_setup.bash'
[29.191s] INFO:colcon.colcon_core.shell:Creating prefix chain script '/userdata/driver_ws/install/setup.bash'
[29.201s] INFO:colcon.colcon_core.shell:Creating prefix script '/userdata/driver_ws/install/local_setup.zsh'
[29.204s] INFO:colcon.colcon_core.shell:Creating prefix chain script '/userdata/driver_ws/install/setup.zsh'
