[0.096s] Invoking command in '/userdata/driver_ws/build/lslidar_msgs': CMAKE_PREFIX_PATH=${CMAKE_PREFIX_PATH}:/userdata/dev_ws/install/line_follower_pkg:/opt/tros/humble:/opt/ros/humble /usr/bin/cmake --build /userdata/driver_ws/build/lslidar_msgs -- -j8 -l8
[0.344s] [  0%] Built target lslidar_msgs__cpp
[0.349s] [  1%] Built target lslidar_msgs__rs
[0.360s] Consolidate compiler generated dependencies of target lslidar_msgs__rosidl_generator_c
[0.396s] [  1%] Built target ament_cmake_python_symlink_lslidar_msgs
[0.449s] [ 13%] Built target lslidar_msgs__rosidl_generator_c
[0.477s] Consolidate compiler generated dependencies of target lslidar_msgs__rosidl_typesupport_cpp
[0.488s] Consolidate compiler generated dependencies of target lslidar_msgs__rosidl_typesupport_introspection_cpp
[0.495s] Consolidate compiler generated dependencies of target lslidar_msgs__rosidl_typesupport_fastrtps_cpp
[0.542s] Consolidate compiler generated dependencies of target lslidar_msgs__rosidl_typesupport_introspection_c
[0.602s] Consolidate compiler generated dependencies of target lslidar_msgs__rosidl_typesupport_fastrtps_c
[0.614s] [ 25%] Built target lslidar_msgs__rosidl_typesupport_cpp
[0.618s] Consolidate compiler generated dependencies of target lslidar_msgs__rosidl_typesupport_c
[0.623s] [ 37%] Built target lslidar_msgs__rosidl_typesupport_introspection_cpp
[0.660s] [ 60%] Built target lslidar_msgs__rosidl_typesupport_introspection_c
[0.664s] [ 54%] Built target lslidar_msgs__rosidl_typesupport_fastrtps_cpp
[0.685s] [ 71%] Built target lslidar_msgs__rosidl_typesupport_c
[0.690s] [ 82%] Built target lslidar_msgs__rosidl_typesupport_fastrtps_c
[0.789s] [ 82%] Built target lslidar_msgs
[0.892s] [ 83%] Built target lslidar_msgs__py
[1.019s] Consolidate compiler generated dependencies of target lslidar_msgs__rosidl_generator_py
[1.089s] [ 94%] Built target lslidar_msgs__rosidl_generator_py
[1.155s] Consolidate compiler generated dependencies of target lslidar_msgs__rosidl_typesupport_introspection_c__pyext
[1.156s] Consolidate compiler generated dependencies of target lslidar_msgs__rosidl_typesupport_fastrtps_c__pyext
[1.156s] Consolidate compiler generated dependencies of target lslidar_msgs__rosidl_typesupport_c__pyext
[1.206s] [ 96%] Built target lslidar_msgs__rosidl_typesupport_introspection_c__pyext
[1.210s] [ 98%] Built target lslidar_msgs__rosidl_typesupport_c__pyext
[1.211s] [100%] Built target lslidar_msgs__rosidl_typesupport_fastrtps_c__pyext
[2.421s] running egg_info
[2.426s] writing lslidar_msgs.egg-info/PKG-INFO
[2.427s] writing dependency_links to lslidar_msgs.egg-info/dependency_links.txt
[2.428s] writing top-level names to lslidar_msgs.egg-info/top_level.txt
[2.450s] reading manifest file 'lslidar_msgs.egg-info/SOURCES.txt'
[2.455s] writing manifest file 'lslidar_msgs.egg-info/SOURCES.txt'
[2.695s] [100%] Built target ament_cmake_python_build_lslidar_msgs_egg
[2.754s] Invoked command in '/userdata/driver_ws/build/lslidar_msgs' returned '0': CMAKE_PREFIX_PATH=${CMAKE_PREFIX_PATH}:/userdata/dev_ws/install/line_follower_pkg:/opt/tros/humble:/opt/ros/humble /usr/bin/cmake --build /userdata/driver_ws/build/lslidar_msgs -- -j8 -l8
[2.802s] Invoking command in '/userdata/driver_ws/build/lslidar_msgs': CMAKE_PREFIX_PATH=${CMAKE_PREFIX_PATH}:/userdata/dev_ws/install/line_follower_pkg:/opt/tros/humble:/opt/ros/humble /usr/bin/cmake --install /userdata/driver_ws/build/lslidar_msgs
[2.841s] -- Install configuration: ""
[2.845s] -- Execute custom install script
[2.846s] -- Up-to-date symlink: /userdata/driver_ws/install/lslidar_msgs/share/ament_index/resource_index/rosidl_interfaces/lslidar_msgs
[2.852s] -- Up-to-date symlink: /userdata/driver_ws/install/lslidar_msgs/include/lslidar_msgs/lslidar_msgs/msg/detail/lslidar_information__functions.h
[2.855s] -- Up-to-date symlink: /userdata/driver_ws/install/lslidar_msgs/include/lslidar_msgs/lslidar_msgs/msg/detail/lslidar_information__struct.h
[2.857s] -- Up-to-date symlink: /userdata/driver_ws/install/lslidar_msgs/include/lslidar_msgs/lslidar_msgs/msg/detail/lslidar_information__type_support.h
[2.859s] -- Up-to-date symlink: /userdata/driver_ws/install/lslidar_msgs/include/lslidar_msgs/lslidar_msgs/msg/detail/lslidar_packet__functions.h
[2.861s] -- Up-to-date symlink: /userdata/driver_ws/install/lslidar_msgs/include/lslidar_msgs/lslidar_msgs/msg/detail/lslidar_packet__struct.h
[2.862s] -- Up-to-date symlink: /userdata/driver_ws/install/lslidar_msgs/include/lslidar_msgs/lslidar_msgs/msg/detail/lslidar_packet__type_support.h
[2.863s] -- Up-to-date symlink: /userdata/driver_ws/install/lslidar_msgs/include/lslidar_msgs/lslidar_msgs/msg/lslidar_information.h
[2.863s] -- Up-to-date symlink: /userdata/driver_ws/install/lslidar_msgs/include/lslidar_msgs/lslidar_msgs/msg/lslidar_packet.h
[2.864s] -- Up-to-date symlink: /userdata/driver_ws/install/lslidar_msgs/include/lslidar_msgs/lslidar_msgs/msg/rosidl_generator_c__visibility_control.h
[2.864s] -- Up-to-date symlink: /userdata/driver_ws/install/lslidar_msgs/include/lslidar_msgs/lslidar_msgs/srv/angle_distortion_correction.h
[2.864s] -- Up-to-date symlink: /userdata/driver_ws/install/lslidar_msgs/include/lslidar_msgs/lslidar_msgs/srv/detail/angle_distortion_correction__functions.h
[2.865s] -- Up-to-date symlink: /userdata/driver_ws/install/lslidar_msgs/include/lslidar_msgs/lslidar_msgs/srv/detail/angle_distortion_correction__struct.h
[2.866s] -- Up-to-date symlink: /userdata/driver_ws/install/lslidar_msgs/include/lslidar_msgs/lslidar_msgs/srv/detail/angle_distortion_correction__type_support.h
[2.866s] -- Up-to-date symlink: /userdata/driver_ws/install/lslidar_msgs/include/lslidar_msgs/lslidar_msgs/srv/detail/frame_rate__functions.h
[2.867s] -- Up-to-date symlink: /userdata/driver_ws/install/lslidar_msgs/include/lslidar_msgs/lslidar_msgs/srv/detail/frame_rate__struct.h
[2.867s] -- Up-to-date symlink: /userdata/driver_ws/install/lslidar_msgs/include/lslidar_msgs/lslidar_msgs/srv/detail/frame_rate__type_support.h
[2.868s] -- Up-to-date symlink: /userdata/driver_ws/install/lslidar_msgs/include/lslidar_msgs/lslidar_msgs/srv/detail/invalid_data__functions.h
[2.871s] -- Up-to-date symlink: /userdata/driver_ws/install/lslidar_msgs/include/lslidar_msgs/lslidar_msgs/srv/detail/invalid_data__struct.h
[2.872s] -- Up-to-date symlink: /userdata/driver_ws/install/lslidar_msgs/include/lslidar_msgs/lslidar_msgs/srv/detail/invalid_data__type_support.h
[2.872s] -- Up-to-date symlink: /userdata/driver_ws/install/lslidar_msgs/include/lslidar_msgs/lslidar_msgs/srv/detail/ip_and_port__functions.h
[2.874s] -- Up-to-date symlink: /userdata/driver_ws/install/lslidar_msgs/include/lslidar_msgs/lslidar_msgs/srv/detail/ip_and_port__struct.h
[2.877s] -- Up-to-date symlink: /userdata/driver_ws/install/lslidar_msgs/include/lslidar_msgs/lslidar_msgs/srv/detail/ip_and_port__type_support.h
[2.879s] -- Up-to-date symlink: /userdata/driver_ws/install/lslidar_msgs/include/lslidar_msgs/lslidar_msgs/srv/detail/motor_control__functions.h
[2.882s] -- Up-to-date symlink: /userdata/driver_ws/install/lslidar_msgs/include/lslidar_msgs/lslidar_msgs/srv/detail/motor_control__struct.h
[2.883s] -- Up-to-date symlink: /userdata/driver_ws/install/lslidar_msgs/include/lslidar_msgs/lslidar_msgs/srv/detail/motor_control__type_support.h
[2.885s] -- Up-to-date symlink: /userdata/driver_ws/install/lslidar_msgs/include/lslidar_msgs/lslidar_msgs/srv/detail/motor_speed__functions.h
[2.887s] -- Up-to-date symlink: /userdata/driver_ws/install/lslidar_msgs/include/lslidar_msgs/lslidar_msgs/srv/detail/motor_speed__struct.h
[2.888s] -- Up-to-date symlink: /userdata/driver_ws/install/lslidar_msgs/include/lslidar_msgs/lslidar_msgs/srv/detail/motor_speed__type_support.h
[2.889s] -- Up-to-date symlink: /userdata/driver_ws/install/lslidar_msgs/include/lslidar_msgs/lslidar_msgs/srv/detail/power_control__functions.h
[2.890s] -- Up-to-date symlink: /userdata/driver_ws/install/lslidar_msgs/include/lslidar_msgs/lslidar_msgs/srv/detail/power_control__struct.h
[2.892s] -- Up-to-date symlink: /userdata/driver_ws/install/lslidar_msgs/include/lslidar_msgs/lslidar_msgs/srv/detail/power_control__type_support.h
[2.894s] -- Up-to-date symlink: /userdata/driver_ws/install/lslidar_msgs/include/lslidar_msgs/lslidar_msgs/srv/detail/rfd_removal__functions.h
[2.895s] -- Up-to-date symlink: /userdata/driver_ws/install/lslidar_msgs/include/lslidar_msgs/lslidar_msgs/srv/detail/rfd_removal__struct.h
[2.896s] -- Up-to-date symlink: /userdata/driver_ws/install/lslidar_msgs/include/lslidar_msgs/lslidar_msgs/srv/detail/rfd_removal__type_support.h
[2.898s] -- Up-to-date symlink: /userdata/driver_ws/install/lslidar_msgs/include/lslidar_msgs/lslidar_msgs/srv/detail/standby_mode__functions.h
[2.898s] -- Up-to-date symlink: /userdata/driver_ws/install/lslidar_msgs/include/lslidar_msgs/lslidar_msgs/srv/detail/standby_mode__struct.h
[2.899s] -- Up-to-date symlink: /userdata/driver_ws/install/lslidar_msgs/include/lslidar_msgs/lslidar_msgs/srv/detail/standby_mode__type_support.h
[2.900s] -- Up-to-date symlink: /userdata/driver_ws/install/lslidar_msgs/include/lslidar_msgs/lslidar_msgs/srv/detail/tail_removal__functions.h
[2.900s] -- Up-to-date symlink: /userdata/driver_ws/install/lslidar_msgs/include/lslidar_msgs/lslidar_msgs/srv/detail/tail_removal__struct.h
[2.903s] -- Up-to-date symlink: /userdata/driver_ws/install/lslidar_msgs/include/lslidar_msgs/lslidar_msgs/srv/detail/tail_removal__type_support.h
[2.906s] -- Up-to-date symlink: /userdata/driver_ws/install/lslidar_msgs/include/lslidar_msgs/lslidar_msgs/srv/detail/time_mode__functions.h
[2.908s] -- Up-to-date symlink: /userdata/driver_ws/install/lslidar_msgs/include/lslidar_msgs/lslidar_msgs/srv/detail/time_mode__struct.h
[2.910s] -- Up-to-date symlink: /userdata/driver_ws/install/lslidar_msgs/include/lslidar_msgs/lslidar_msgs/srv/detail/time_mode__type_support.h
[2.911s] -- Up-to-date symlink: /userdata/driver_ws/install/lslidar_msgs/include/lslidar_msgs/lslidar_msgs/srv/frame_rate.h
[2.912s] -- Up-to-date symlink: /userdata/driver_ws/install/lslidar_msgs/include/lslidar_msgs/lslidar_msgs/srv/invalid_data.h
[2.913s] -- Up-to-date symlink: /userdata/driver_ws/install/lslidar_msgs/include/lslidar_msgs/lslidar_msgs/srv/ip_and_port.h
[2.913s] -- Up-to-date symlink: /userdata/driver_ws/install/lslidar_msgs/include/lslidar_msgs/lslidar_msgs/srv/motor_control.h
[2.913s] -- Up-to-date symlink: /userdata/driver_ws/install/lslidar_msgs/include/lslidar_msgs/lslidar_msgs/srv/motor_speed.h
[2.914s] -- Up-to-date symlink: /userdata/driver_ws/install/lslidar_msgs/include/lslidar_msgs/lslidar_msgs/srv/power_control.h
[2.915s] -- Up-to-date symlink: /userdata/driver_ws/install/lslidar_msgs/include/lslidar_msgs/lslidar_msgs/srv/rfd_removal.h
[2.916s] -- Up-to-date symlink: /userdata/driver_ws/install/lslidar_msgs/include/lslidar_msgs/lslidar_msgs/srv/standby_mode.h
[2.917s] -- Up-to-date symlink: /userdata/driver_ws/install/lslidar_msgs/include/lslidar_msgs/lslidar_msgs/srv/tail_removal.h
[2.918s] -- Up-to-date symlink: /userdata/driver_ws/install/lslidar_msgs/include/lslidar_msgs/lslidar_msgs/srv/time_mode.h
[2.919s] -- Up-to-date symlink: /userdata/driver_ws/install/lslidar_msgs/share/lslidar_msgs/environment/library_path.sh
[2.920s] -- Up-to-date symlink: /userdata/driver_ws/install/lslidar_msgs/share/lslidar_msgs/environment/library_path.dsv
[2.921s] -- Up-to-date symlink: /userdata/driver_ws/install/lslidar_msgs/include/lslidar_msgs/lslidar_msgs/msg/detail/lslidar_information__rosidl_typesupport_fastrtps_c.h
[2.922s] -- Up-to-date symlink: /userdata/driver_ws/install/lslidar_msgs/include/lslidar_msgs/lslidar_msgs/msg/detail/lslidar_packet__rosidl_typesupport_fastrtps_c.h
[2.923s] -- Up-to-date symlink: /userdata/driver_ws/install/lslidar_msgs/include/lslidar_msgs/lslidar_msgs/msg/rosidl_typesupport_fastrtps_c__visibility_control.h
[2.924s] -- Up-to-date symlink: /userdata/driver_ws/install/lslidar_msgs/include/lslidar_msgs/lslidar_msgs/srv/detail/angle_distortion_correction__rosidl_typesupport_fastrtps_c.h
[2.925s] -- Up-to-date symlink: /userdata/driver_ws/install/lslidar_msgs/include/lslidar_msgs/lslidar_msgs/srv/detail/frame_rate__rosidl_typesupport_fastrtps_c.h
[2.927s] -- Up-to-date symlink: /userdata/driver_ws/install/lslidar_msgs/include/lslidar_msgs/lslidar_msgs/srv/detail/invalid_data__rosidl_typesupport_fastrtps_c.h
[2.929s] -- Up-to-date symlink: /userdata/driver_ws/install/lslidar_msgs/include/lslidar_msgs/lslidar_msgs/srv/detail/ip_and_port__rosidl_typesupport_fastrtps_c.h
[2.931s] -- Up-to-date symlink: /userdata/driver_ws/install/lslidar_msgs/include/lslidar_msgs/lslidar_msgs/srv/detail/motor_control__rosidl_typesupport_fastrtps_c.h
[2.932s] -- Up-to-date symlink: /userdata/driver_ws/install/lslidar_msgs/include/lslidar_msgs/lslidar_msgs/srv/detail/motor_speed__rosidl_typesupport_fastrtps_c.h
[2.933s] -- Up-to-date symlink: /userdata/driver_ws/install/lslidar_msgs/include/lslidar_msgs/lslidar_msgs/srv/detail/power_control__rosidl_typesupport_fastrtps_c.h
[2.934s] -- Up-to-date symlink: /userdata/driver_ws/install/lslidar_msgs/include/lslidar_msgs/lslidar_msgs/srv/detail/rfd_removal__rosidl_typesupport_fastrtps_c.h
[2.935s] -- Up-to-date symlink: /userdata/driver_ws/install/lslidar_msgs/include/lslidar_msgs/lslidar_msgs/srv/detail/standby_mode__rosidl_typesupport_fastrtps_c.h
[2.936s] -- Up-to-date symlink: /userdata/driver_ws/install/lslidar_msgs/include/lslidar_msgs/lslidar_msgs/srv/detail/tail_removal__rosidl_typesupport_fastrtps_c.h
[2.937s] -- Up-to-date symlink: /userdata/driver_ws/install/lslidar_msgs/include/lslidar_msgs/lslidar_msgs/srv/detail/time_mode__rosidl_typesupport_fastrtps_c.h
[2.938s] -- Up-to-date symlink: /userdata/driver_ws/install/lslidar_msgs/include/lslidar_msgs/lslidar_msgs/msg/detail/lslidar_information__rosidl_typesupport_introspection_c.h
[2.939s] -- Up-to-date symlink: /userdata/driver_ws/install/lslidar_msgs/include/lslidar_msgs/lslidar_msgs/msg/detail/lslidar_packet__rosidl_typesupport_introspection_c.h
[2.940s] -- Up-to-date symlink: /userdata/driver_ws/install/lslidar_msgs/include/lslidar_msgs/lslidar_msgs/msg/rosidl_typesupport_introspection_c__visibility_control.h
[2.942s] -- Up-to-date symlink: /userdata/driver_ws/install/lslidar_msgs/include/lslidar_msgs/lslidar_msgs/srv/detail/angle_distortion_correction__rosidl_typesupport_introspection_c.h
[2.944s] -- Up-to-date symlink: /userdata/driver_ws/install/lslidar_msgs/include/lslidar_msgs/lslidar_msgs/srv/detail/frame_rate__rosidl_typesupport_introspection_c.h
[2.944s] -- Up-to-date symlink: /userdata/driver_ws/install/lslidar_msgs/include/lslidar_msgs/lslidar_msgs/srv/detail/invalid_data__rosidl_typesupport_introspection_c.h
[2.945s] -- Up-to-date symlink: /userdata/driver_ws/install/lslidar_msgs/include/lslidar_msgs/lslidar_msgs/srv/detail/ip_and_port__rosidl_typesupport_introspection_c.h
[2.946s] -- Up-to-date symlink: /userdata/driver_ws/install/lslidar_msgs/include/lslidar_msgs/lslidar_msgs/srv/detail/motor_control__rosidl_typesupport_introspection_c.h
[2.946s] -- Up-to-date symlink: /userdata/driver_ws/install/lslidar_msgs/include/lslidar_msgs/lslidar_msgs/srv/detail/motor_speed__rosidl_typesupport_introspection_c.h
[2.947s] -- Up-to-date symlink: /userdata/driver_ws/install/lslidar_msgs/include/lslidar_msgs/lslidar_msgs/srv/detail/power_control__rosidl_typesupport_introspection_c.h
[2.947s] -- Up-to-date symlink: /userdata/driver_ws/install/lslidar_msgs/include/lslidar_msgs/lslidar_msgs/srv/detail/rfd_removal__rosidl_typesupport_introspection_c.h
[2.949s] -- Up-to-date symlink: /userdata/driver_ws/install/lslidar_msgs/include/lslidar_msgs/lslidar_msgs/srv/detail/standby_mode__rosidl_typesupport_introspection_c.h
[2.951s] -- Up-to-date symlink: /userdata/driver_ws/install/lslidar_msgs/include/lslidar_msgs/lslidar_msgs/srv/detail/tail_removal__rosidl_typesupport_introspection_c.h
[2.954s] -- Up-to-date symlink: /userdata/driver_ws/install/lslidar_msgs/include/lslidar_msgs/lslidar_msgs/srv/detail/time_mode__rosidl_typesupport_introspection_c.h
[2.956s] -- Up-to-date symlink: /userdata/driver_ws/install/lslidar_msgs/include/lslidar_msgs/lslidar_msgs/msg/detail/lslidar_information__builder.hpp
[2.957s] -- Up-to-date symlink: /userdata/driver_ws/install/lslidar_msgs/include/lslidar_msgs/lslidar_msgs/msg/detail/lslidar_information__struct.hpp
[2.958s] -- Up-to-date symlink: /userdata/driver_ws/install/lslidar_msgs/include/lslidar_msgs/lslidar_msgs/msg/detail/lslidar_information__traits.hpp
[2.958s] -- Up-to-date symlink: /userdata/driver_ws/install/lslidar_msgs/include/lslidar_msgs/lslidar_msgs/msg/detail/lslidar_packet__builder.hpp
[2.960s] -- Up-to-date symlink: /userdata/driver_ws/install/lslidar_msgs/include/lslidar_msgs/lslidar_msgs/msg/detail/lslidar_packet__struct.hpp
[2.961s] -- Up-to-date symlink: /userdata/driver_ws/install/lslidar_msgs/include/lslidar_msgs/lslidar_msgs/msg/detail/lslidar_packet__traits.hpp
[2.962s] -- Up-to-date symlink: /userdata/driver_ws/install/lslidar_msgs/include/lslidar_msgs/lslidar_msgs/msg/lslidar_information.hpp
[2.964s] -- Up-to-date symlink: /userdata/driver_ws/install/lslidar_msgs/include/lslidar_msgs/lslidar_msgs/msg/lslidar_packet.hpp
[2.965s] -- Up-to-date symlink: /userdata/driver_ws/install/lslidar_msgs/include/lslidar_msgs/lslidar_msgs/srv/angle_distortion_correction.hpp
[2.966s] -- Up-to-date symlink: /userdata/driver_ws/install/lslidar_msgs/include/lslidar_msgs/lslidar_msgs/srv/detail/angle_distortion_correction__builder.hpp
[2.968s] -- Up-to-date symlink: /userdata/driver_ws/install/lslidar_msgs/include/lslidar_msgs/lslidar_msgs/srv/detail/angle_distortion_correction__struct.hpp
[2.969s] -- Up-to-date symlink: /userdata/driver_ws/install/lslidar_msgs/include/lslidar_msgs/lslidar_msgs/srv/detail/angle_distortion_correction__traits.hpp
[2.970s] -- Up-to-date symlink: /userdata/driver_ws/install/lslidar_msgs/include/lslidar_msgs/lslidar_msgs/srv/detail/frame_rate__builder.hpp
[2.972s] -- Up-to-date symlink: /userdata/driver_ws/install/lslidar_msgs/include/lslidar_msgs/lslidar_msgs/srv/detail/frame_rate__struct.hpp
[2.972s] -- Up-to-date symlink: /userdata/driver_ws/install/lslidar_msgs/include/lslidar_msgs/lslidar_msgs/srv/detail/frame_rate__traits.hpp
[2.973s] -- Up-to-date symlink: /userdata/driver_ws/install/lslidar_msgs/include/lslidar_msgs/lslidar_msgs/srv/detail/invalid_data__builder.hpp
[2.973s] -- Up-to-date symlink: /userdata/driver_ws/install/lslidar_msgs/include/lslidar_msgs/lslidar_msgs/srv/detail/invalid_data__struct.hpp
[2.974s] -- Up-to-date symlink: /userdata/driver_ws/install/lslidar_msgs/include/lslidar_msgs/lslidar_msgs/srv/detail/invalid_data__traits.hpp
[2.975s] -- Up-to-date symlink: /userdata/driver_ws/install/lslidar_msgs/include/lslidar_msgs/lslidar_msgs/srv/detail/ip_and_port__builder.hpp
[2.976s] -- Up-to-date symlink: /userdata/driver_ws/install/lslidar_msgs/include/lslidar_msgs/lslidar_msgs/srv/detail/ip_and_port__struct.hpp
[2.978s] -- Up-to-date symlink: /userdata/driver_ws/install/lslidar_msgs/include/lslidar_msgs/lslidar_msgs/srv/detail/ip_and_port__traits.hpp
[2.980s] -- Up-to-date symlink: /userdata/driver_ws/install/lslidar_msgs/include/lslidar_msgs/lslidar_msgs/srv/detail/motor_control__builder.hpp
[2.982s] -- Up-to-date symlink: /userdata/driver_ws/install/lslidar_msgs/include/lslidar_msgs/lslidar_msgs/srv/detail/motor_control__struct.hpp
[2.984s] -- Up-to-date symlink: /userdata/driver_ws/install/lslidar_msgs/include/lslidar_msgs/lslidar_msgs/srv/detail/motor_control__traits.hpp
[2.985s] -- Up-to-date symlink: /userdata/driver_ws/install/lslidar_msgs/include/lslidar_msgs/lslidar_msgs/srv/detail/motor_speed__builder.hpp
[2.987s] -- Up-to-date symlink: /userdata/driver_ws/install/lslidar_msgs/include/lslidar_msgs/lslidar_msgs/srv/detail/motor_speed__struct.hpp
[2.988s] -- Up-to-date symlink: /userdata/driver_ws/install/lslidar_msgs/include/lslidar_msgs/lslidar_msgs/srv/detail/motor_speed__traits.hpp
[2.989s] -- Up-to-date symlink: /userdata/driver_ws/install/lslidar_msgs/include/lslidar_msgs/lslidar_msgs/srv/detail/power_control__builder.hpp
[2.990s] -- Up-to-date symlink: /userdata/driver_ws/install/lslidar_msgs/include/lslidar_msgs/lslidar_msgs/srv/detail/power_control__struct.hpp
[2.992s] -- Up-to-date symlink: /userdata/driver_ws/install/lslidar_msgs/include/lslidar_msgs/lslidar_msgs/srv/detail/power_control__traits.hpp
[2.993s] -- Up-to-date symlink: /userdata/driver_ws/install/lslidar_msgs/include/lslidar_msgs/lslidar_msgs/srv/detail/rfd_removal__builder.hpp
[2.994s] -- Up-to-date symlink: /userdata/driver_ws/install/lslidar_msgs/include/lslidar_msgs/lslidar_msgs/srv/detail/rfd_removal__struct.hpp
[2.995s] -- Up-to-date symlink: /userdata/driver_ws/install/lslidar_msgs/include/lslidar_msgs/lslidar_msgs/srv/detail/rfd_removal__traits.hpp
[2.996s] -- Up-to-date symlink: /userdata/driver_ws/install/lslidar_msgs/include/lslidar_msgs/lslidar_msgs/srv/detail/standby_mode__builder.hpp
[2.997s] -- Up-to-date symlink: /userdata/driver_ws/install/lslidar_msgs/include/lslidar_msgs/lslidar_msgs/srv/detail/standby_mode__struct.hpp
[2.998s] -- Up-to-date symlink: /userdata/driver_ws/install/lslidar_msgs/include/lslidar_msgs/lslidar_msgs/srv/detail/standby_mode__traits.hpp
[2.999s] -- Up-to-date symlink: /userdata/driver_ws/install/lslidar_msgs/include/lslidar_msgs/lslidar_msgs/srv/detail/tail_removal__builder.hpp
[3.001s] -- Up-to-date symlink: /userdata/driver_ws/install/lslidar_msgs/include/lslidar_msgs/lslidar_msgs/srv/detail/tail_removal__struct.hpp
[3.002s] -- Up-to-date symlink: /userdata/driver_ws/install/lslidar_msgs/include/lslidar_msgs/lslidar_msgs/srv/detail/tail_removal__traits.hpp
[3.004s] -- Up-to-date symlink: /userdata/driver_ws/install/lslidar_msgs/include/lslidar_msgs/lslidar_msgs/srv/detail/time_mode__builder.hpp
[3.006s] -- Up-to-date symlink: /userdata/driver_ws/install/lslidar_msgs/include/lslidar_msgs/lslidar_msgs/srv/detail/time_mode__struct.hpp
[3.007s] -- Up-to-date symlink: /userdata/driver_ws/install/lslidar_msgs/include/lslidar_msgs/lslidar_msgs/srv/detail/time_mode__traits.hpp
[3.008s] -- Up-to-date symlink: /userdata/driver_ws/install/lslidar_msgs/include/lslidar_msgs/lslidar_msgs/srv/frame_rate.hpp
[3.009s] -- Up-to-date symlink: /userdata/driver_ws/install/lslidar_msgs/include/lslidar_msgs/lslidar_msgs/srv/invalid_data.hpp
[3.010s] -- Up-to-date symlink: /userdata/driver_ws/install/lslidar_msgs/include/lslidar_msgs/lslidar_msgs/srv/ip_and_port.hpp
[3.010s] -- Up-to-date symlink: /userdata/driver_ws/install/lslidar_msgs/include/lslidar_msgs/lslidar_msgs/srv/motor_control.hpp
[3.012s] -- Up-to-date symlink: /userdata/driver_ws/install/lslidar_msgs/include/lslidar_msgs/lslidar_msgs/srv/motor_speed.hpp
[3.013s] -- Up-to-date symlink: /userdata/driver_ws/install/lslidar_msgs/include/lslidar_msgs/lslidar_msgs/srv/power_control.hpp
[3.014s] -- Up-to-date symlink: /userdata/driver_ws/install/lslidar_msgs/include/lslidar_msgs/lslidar_msgs/srv/rfd_removal.hpp
[3.015s] -- Up-to-date symlink: /userdata/driver_ws/install/lslidar_msgs/include/lslidar_msgs/lslidar_msgs/srv/standby_mode.hpp
[3.016s] -- Up-to-date symlink: /userdata/driver_ws/install/lslidar_msgs/include/lslidar_msgs/lslidar_msgs/srv/tail_removal.hpp
[3.017s] -- Up-to-date symlink: /userdata/driver_ws/install/lslidar_msgs/include/lslidar_msgs/lslidar_msgs/srv/time_mode.hpp
[3.018s] -- Up-to-date symlink: /userdata/driver_ws/install/lslidar_msgs/include/lslidar_msgs/lslidar_msgs/msg/detail/lslidar_information__rosidl_typesupport_fastrtps_cpp.hpp
[3.019s] -- Up-to-date symlink: /userdata/driver_ws/install/lslidar_msgs/include/lslidar_msgs/lslidar_msgs/msg/detail/lslidar_packet__rosidl_typesupport_fastrtps_cpp.hpp
[3.019s] -- Up-to-date symlink: /userdata/driver_ws/install/lslidar_msgs/include/lslidar_msgs/lslidar_msgs/msg/rosidl_typesupport_fastrtps_cpp__visibility_control.h
[3.020s] -- Up-to-date symlink: /userdata/driver_ws/install/lslidar_msgs/include/lslidar_msgs/lslidar_msgs/srv/detail/angle_distortion_correction__rosidl_typesupport_fastrtps_cpp.hpp
[3.021s] -- Up-to-date symlink: /userdata/driver_ws/install/lslidar_msgs/include/lslidar_msgs/lslidar_msgs/srv/detail/frame_rate__rosidl_typesupport_fastrtps_cpp.hpp
[3.022s] -- Up-to-date symlink: /userdata/driver_ws/install/lslidar_msgs/include/lslidar_msgs/lslidar_msgs/srv/detail/invalid_data__rosidl_typesupport_fastrtps_cpp.hpp
[3.023s] -- Up-to-date symlink: /userdata/driver_ws/install/lslidar_msgs/include/lslidar_msgs/lslidar_msgs/srv/detail/ip_and_port__rosidl_typesupport_fastrtps_cpp.hpp
[3.024s] -- Up-to-date symlink: /userdata/driver_ws/install/lslidar_msgs/include/lslidar_msgs/lslidar_msgs/srv/detail/motor_control__rosidl_typesupport_fastrtps_cpp.hpp
[3.026s] -- Up-to-date symlink: /userdata/driver_ws/install/lslidar_msgs/include/lslidar_msgs/lslidar_msgs/srv/detail/motor_speed__rosidl_typesupport_fastrtps_cpp.hpp
[3.027s] -- Up-to-date symlink: /userdata/driver_ws/install/lslidar_msgs/include/lslidar_msgs/lslidar_msgs/srv/detail/power_control__rosidl_typesupport_fastrtps_cpp.hpp
[3.029s] -- Up-to-date symlink: /userdata/driver_ws/install/lslidar_msgs/include/lslidar_msgs/lslidar_msgs/srv/detail/rfd_removal__rosidl_typesupport_fastrtps_cpp.hpp
[3.031s] -- Up-to-date symlink: /userdata/driver_ws/install/lslidar_msgs/include/lslidar_msgs/lslidar_msgs/srv/detail/standby_mode__rosidl_typesupport_fastrtps_cpp.hpp
[3.032s] -- Up-to-date symlink: /userdata/driver_ws/install/lslidar_msgs/include/lslidar_msgs/lslidar_msgs/srv/detail/tail_removal__rosidl_typesupport_fastrtps_cpp.hpp
[3.033s] -- Up-to-date symlink: /userdata/driver_ws/install/lslidar_msgs/include/lslidar_msgs/lslidar_msgs/srv/detail/time_mode__rosidl_typesupport_fastrtps_cpp.hpp
[3.034s] -- Up-to-date symlink: /userdata/driver_ws/install/lslidar_msgs/include/lslidar_msgs/lslidar_msgs/msg/detail/lslidar_information__rosidl_typesupport_introspection_cpp.hpp
[3.035s] -- Up-to-date symlink: /userdata/driver_ws/install/lslidar_msgs/include/lslidar_msgs/lslidar_msgs/msg/detail/lslidar_packet__rosidl_typesupport_introspection_cpp.hpp
[3.035s] -- Up-to-date symlink: /userdata/driver_ws/install/lslidar_msgs/include/lslidar_msgs/lslidar_msgs/srv/detail/angle_distortion_correction__rosidl_typesupport_introspection_cpp.hpp
[3.036s] -- Up-to-date symlink: /userdata/driver_ws/install/lslidar_msgs/include/lslidar_msgs/lslidar_msgs/srv/detail/frame_rate__rosidl_typesupport_introspection_cpp.hpp
[3.038s] -- Up-to-date symlink: /userdata/driver_ws/install/lslidar_msgs/include/lslidar_msgs/lslidar_msgs/srv/detail/invalid_data__rosidl_typesupport_introspection_cpp.hpp
[3.038s] -- Up-to-date symlink: /userdata/driver_ws/install/lslidar_msgs/include/lslidar_msgs/lslidar_msgs/srv/detail/ip_and_port__rosidl_typesupport_introspection_cpp.hpp
[3.039s] -- Up-to-date symlink: /userdata/driver_ws/install/lslidar_msgs/include/lslidar_msgs/lslidar_msgs/srv/detail/motor_control__rosidl_typesupport_introspection_cpp.hpp
[3.040s] -- Up-to-date symlink: /userdata/driver_ws/install/lslidar_msgs/include/lslidar_msgs/lslidar_msgs/srv/detail/motor_speed__rosidl_typesupport_introspection_cpp.hpp
[3.041s] -- Up-to-date symlink: /userdata/driver_ws/install/lslidar_msgs/include/lslidar_msgs/lslidar_msgs/srv/detail/power_control__rosidl_typesupport_introspection_cpp.hpp
[3.042s] -- Up-to-date symlink: /userdata/driver_ws/install/lslidar_msgs/include/lslidar_msgs/lslidar_msgs/srv/detail/rfd_removal__rosidl_typesupport_introspection_cpp.hpp
[3.043s] -- Up-to-date symlink: /userdata/driver_ws/install/lslidar_msgs/include/lslidar_msgs/lslidar_msgs/srv/detail/standby_mode__rosidl_typesupport_introspection_cpp.hpp
[3.043s] -- Up-to-date symlink: /userdata/driver_ws/install/lslidar_msgs/include/lslidar_msgs/lslidar_msgs/srv/detail/tail_removal__rosidl_typesupport_introspection_cpp.hpp
[3.045s] -- Up-to-date symlink: /userdata/driver_ws/install/lslidar_msgs/include/lslidar_msgs/lslidar_msgs/srv/detail/time_mode__rosidl_typesupport_introspection_cpp.hpp
[3.045s] -- Up-to-date symlink: /userdata/driver_ws/install/lslidar_msgs/share/lslidar_msgs/environment/pythonpath.sh
[3.046s] -- Up-to-date symlink: /userdata/driver_ws/install/lslidar_msgs/share/lslidar_msgs/environment/pythonpath.dsv
[3.047s] -- Up-to-date symlink: /userdata/driver_ws/install/lslidar_msgs/local/lib/python3.10/dist-packages/lslidar_msgs-5.1.1-py3.10.egg-info/PKG-INFO
[3.049s] -- Up-to-date symlink: /userdata/driver_ws/install/lslidar_msgs/local/lib/python3.10/dist-packages/lslidar_msgs-5.1.1-py3.10.egg-info/SOURCES.txt
[3.050s] -- Up-to-date symlink: /userdata/driver_ws/install/lslidar_msgs/local/lib/python3.10/dist-packages/lslidar_msgs-5.1.1-py3.10.egg-info/dependency_links.txt
[3.052s] -- Up-to-date symlink: /userdata/driver_ws/install/lslidar_msgs/local/lib/python3.10/dist-packages/lslidar_msgs-5.1.1-py3.10.egg-info/top_level.txt
[3.054s] -- Up-to-date symlink: /userdata/driver_ws/install/lslidar_msgs/local/lib/python3.10/dist-packages/lslidar_msgs/__init__.py
[3.056s] -- Up-to-date symlink: /userdata/driver_ws/install/lslidar_msgs/local/lib/python3.10/dist-packages/lslidar_msgs/_lslidar_msgs_s.ep.rosidl_typesupport_c.c
[3.057s] -- Up-to-date symlink: /userdata/driver_ws/install/lslidar_msgs/local/lib/python3.10/dist-packages/lslidar_msgs/_lslidar_msgs_s.ep.rosidl_typesupport_fastrtps_c.c
[3.058s] -- Up-to-date symlink: /userdata/driver_ws/install/lslidar_msgs/local/lib/python3.10/dist-packages/lslidar_msgs/_lslidar_msgs_s.ep.rosidl_typesupport_introspection_c.c
[3.059s] -- Up-to-date symlink: /userdata/driver_ws/install/lslidar_msgs/local/lib/python3.10/dist-packages/lslidar_msgs/liblslidar_msgs__rosidl_generator_py.so
[3.060s] -- Up-to-date symlink: /userdata/driver_ws/install/lslidar_msgs/local/lib/python3.10/dist-packages/lslidar_msgs/lslidar_msgs_s__rosidl_typesupport_c.cpython-310-aarch64-linux-gnu.so
[3.061s] -- Up-to-date symlink: /userdata/driver_ws/install/lslidar_msgs/local/lib/python3.10/dist-packages/lslidar_msgs/lslidar_msgs_s__rosidl_typesupport_fastrtps_c.cpython-310-aarch64-linux-gnu.so
[3.062s] -- Up-to-date symlink: /userdata/driver_ws/install/lslidar_msgs/local/lib/python3.10/dist-packages/lslidar_msgs/lslidar_msgs_s__rosidl_typesupport_introspection_c.cpython-310-aarch64-linux-gnu.so
[3.064s] -- Up-to-date symlink: /userdata/driver_ws/install/lslidar_msgs/local/lib/python3.10/dist-packages/lslidar_msgs/msg/__init__.py
[3.064s] -- Up-to-date symlink: /userdata/driver_ws/install/lslidar_msgs/local/lib/python3.10/dist-packages/lslidar_msgs/msg/_lslidar_information.py
[3.065s] -- Up-to-date symlink: /userdata/driver_ws/install/lslidar_msgs/local/lib/python3.10/dist-packages/lslidar_msgs/msg/_lslidar_information_s.c
[3.066s] -- Up-to-date symlink: /userdata/driver_ws/install/lslidar_msgs/local/lib/python3.10/dist-packages/lslidar_msgs/msg/_lslidar_packet.py
[3.067s] -- Up-to-date symlink: /userdata/driver_ws/install/lslidar_msgs/local/lib/python3.10/dist-packages/lslidar_msgs/msg/_lslidar_packet_s.c
[3.068s] -- Up-to-date symlink: /userdata/driver_ws/install/lslidar_msgs/local/lib/python3.10/dist-packages/lslidar_msgs/srv/__init__.py
[3.069s] -- Up-to-date symlink: /userdata/driver_ws/install/lslidar_msgs/local/lib/python3.10/dist-packages/lslidar_msgs/srv/_angle_distortion_correction.py
[3.070s] -- Up-to-date symlink: /userdata/driver_ws/install/lslidar_msgs/local/lib/python3.10/dist-packages/lslidar_msgs/srv/_angle_distortion_correction_s.c
[3.070s] -- Up-to-date symlink: /userdata/driver_ws/install/lslidar_msgs/local/lib/python3.10/dist-packages/lslidar_msgs/srv/_frame_rate.py
[3.072s] -- Up-to-date symlink: /userdata/driver_ws/install/lslidar_msgs/local/lib/python3.10/dist-packages/lslidar_msgs/srv/_frame_rate_s.c
[3.073s] -- Up-to-date symlink: /userdata/driver_ws/install/lslidar_msgs/local/lib/python3.10/dist-packages/lslidar_msgs/srv/_invalid_data.py
[3.074s] -- Up-to-date symlink: /userdata/driver_ws/install/lslidar_msgs/local/lib/python3.10/dist-packages/lslidar_msgs/srv/_invalid_data_s.c
[3.075s] -- Up-to-date symlink: /userdata/driver_ws/install/lslidar_msgs/local/lib/python3.10/dist-packages/lslidar_msgs/srv/_ip_and_port.py
[3.075s] -- Up-to-date symlink: /userdata/driver_ws/install/lslidar_msgs/local/lib/python3.10/dist-packages/lslidar_msgs/srv/_ip_and_port_s.c
[3.076s] -- Up-to-date symlink: /userdata/driver_ws/install/lslidar_msgs/local/lib/python3.10/dist-packages/lslidar_msgs/srv/_motor_control.py
[3.077s] -- Up-to-date symlink: /userdata/driver_ws/install/lslidar_msgs/local/lib/python3.10/dist-packages/lslidar_msgs/srv/_motor_control_s.c
[3.078s] -- Up-to-date symlink: /userdata/driver_ws/install/lslidar_msgs/local/lib/python3.10/dist-packages/lslidar_msgs/srv/_motor_speed.py
[3.078s] -- Up-to-date symlink: /userdata/driver_ws/install/lslidar_msgs/local/lib/python3.10/dist-packages/lslidar_msgs/srv/_motor_speed_s.c
[3.079s] -- Up-to-date symlink: /userdata/driver_ws/install/lslidar_msgs/local/lib/python3.10/dist-packages/lslidar_msgs/srv/_power_control.py
[3.080s] -- Up-to-date symlink: /userdata/driver_ws/install/lslidar_msgs/local/lib/python3.10/dist-packages/lslidar_msgs/srv/_power_control_s.c
[3.081s] -- Up-to-date symlink: /userdata/driver_ws/install/lslidar_msgs/local/lib/python3.10/dist-packages/lslidar_msgs/srv/_rfd_removal.py
[3.082s] -- Up-to-date symlink: /userdata/driver_ws/install/lslidar_msgs/local/lib/python3.10/dist-packages/lslidar_msgs/srv/_rfd_removal_s.c
[3.082s] -- Up-to-date symlink: /userdata/driver_ws/install/lslidar_msgs/local/lib/python3.10/dist-packages/lslidar_msgs/srv/_standby_mode.py
[3.083s] -- Up-to-date symlink: /userdata/driver_ws/install/lslidar_msgs/local/lib/python3.10/dist-packages/lslidar_msgs/srv/_standby_mode_s.c
[3.083s] -- Up-to-date symlink: /userdata/driver_ws/install/lslidar_msgs/local/lib/python3.10/dist-packages/lslidar_msgs/srv/_tail_removal.py
[3.084s] -- Up-to-date symlink: /userdata/driver_ws/install/lslidar_msgs/local/lib/python3.10/dist-packages/lslidar_msgs/srv/_tail_removal_s.c
[3.085s] -- Up-to-date symlink: /userdata/driver_ws/install/lslidar_msgs/local/lib/python3.10/dist-packages/lslidar_msgs/srv/_time_mode.py
[3.085s] -- Up-to-date symlink: /userdata/driver_ws/install/lslidar_msgs/local/lib/python3.10/dist-packages/lslidar_msgs/srv/_time_mode_s.c
[3.086s] -- Up-to-date symlink: /userdata/driver_ws/install/lslidar_msgs/local/lib/python3.10/dist-packages/lslidar_msgs/lslidar_msgs_s__rosidl_typesupport_fastrtps_c.cpython-310-aarch64-linux-gnu.so
[3.086s] -- Up-to-date symlink: /userdata/driver_ws/install/lslidar_msgs/local/lib/python3.10/dist-packages/lslidar_msgs/lslidar_msgs_s__rosidl_typesupport_introspection_c.cpython-310-aarch64-linux-gnu.so
[3.087s] -- Up-to-date symlink: /userdata/driver_ws/install/lslidar_msgs/local/lib/python3.10/dist-packages/lslidar_msgs/lslidar_msgs_s__rosidl_typesupport_c.cpython-310-aarch64-linux-gnu.so
[3.088s] -- Up-to-date symlink: /userdata/driver_ws/install/lslidar_msgs/share/ament_index/resource_index/rust_packages/lslidar_msgs
[3.088s] -- Up-to-date symlink: /userdata/driver_ws/install/lslidar_msgs/share/lslidar_msgs/rust/Cargo.toml
[3.089s] -- Up-to-date symlink: /userdata/driver_ws/install/lslidar_msgs/share/lslidar_msgs/rust/build.rs
[3.089s] -- Up-to-date symlink: /userdata/driver_ws/install/lslidar_msgs/share/lslidar_msgs/rust/src/lib.rs
[3.090s] -- Up-to-date symlink: /userdata/driver_ws/install/lslidar_msgs/share/lslidar_msgs/rust/src/msg.rs
[3.090s] -- Up-to-date symlink: /userdata/driver_ws/install/lslidar_msgs/share/lslidar_msgs/rust/src/msg/rmw.rs
[3.091s] -- Up-to-date symlink: /userdata/driver_ws/install/lslidar_msgs/share/lslidar_msgs/rust/src/srv.rs
[3.091s] -- Up-to-date symlink: /userdata/driver_ws/install/lslidar_msgs/share/lslidar_msgs/rust/src/srv/rmw.rs
[3.092s] -- Up-to-date symlink: /userdata/driver_ws/install/lslidar_msgs/share/lslidar_msgs/msg/LslidarInformation.idl
[3.092s] -- Up-to-date symlink: /userdata/driver_ws/install/lslidar_msgs/share/lslidar_msgs/msg/LslidarPacket.idl
[3.093s] -- Up-to-date symlink: /userdata/driver_ws/install/lslidar_msgs/share/lslidar_msgs/srv/AngleDistortionCorrection.idl
[3.094s] -- Up-to-date symlink: /userdata/driver_ws/install/lslidar_msgs/share/lslidar_msgs/srv/FrameRate.idl
[3.094s] -- Up-to-date symlink: /userdata/driver_ws/install/lslidar_msgs/share/lslidar_msgs/srv/InvalidData.idl
[3.095s] -- Up-to-date symlink: /userdata/driver_ws/install/lslidar_msgs/share/lslidar_msgs/srv/IpAndPort.idl
[3.095s] -- Up-to-date symlink: /userdata/driver_ws/install/lslidar_msgs/share/lslidar_msgs/srv/MotorControl.idl
[3.096s] -- Up-to-date symlink: /userdata/driver_ws/install/lslidar_msgs/share/lslidar_msgs/srv/MotorSpeed.idl
[3.096s] -- Up-to-date symlink: /userdata/driver_ws/install/lslidar_msgs/share/lslidar_msgs/srv/PowerControl.idl
[3.097s] -- Up-to-date symlink: /userdata/driver_ws/install/lslidar_msgs/share/lslidar_msgs/srv/RfdRemoval.idl
[3.097s] -- Up-to-date symlink: /userdata/driver_ws/install/lslidar_msgs/share/lslidar_msgs/srv/StandbyMode.idl
[3.098s] -- Up-to-date symlink: /userdata/driver_ws/install/lslidar_msgs/share/lslidar_msgs/srv/TailRemoval.idl
[3.098s] -- Up-to-date symlink: /userdata/driver_ws/install/lslidar_msgs/share/lslidar_msgs/srv/TimeMode.idl
[3.099s] -- Up-to-date symlink: /userdata/driver_ws/install/lslidar_msgs/share/lslidar_msgs/msg/LslidarInformation.msg
[3.099s] -- Up-to-date symlink: /userdata/driver_ws/install/lslidar_msgs/share/lslidar_msgs/msg/LslidarPacket.msg
[3.100s] -- Up-to-date symlink: /userdata/driver_ws/install/lslidar_msgs/share/lslidar_msgs/srv/AngleDistortionCorrection.srv
[3.101s] -- Up-to-date symlink: /userdata/driver_ws/install/lslidar_msgs/share/lslidar_msgs/srv/AngleDistortionCorrection_Request.msg
[3.101s] -- Up-to-date symlink: /userdata/driver_ws/install/lslidar_msgs/share/lslidar_msgs/srv/AngleDistortionCorrection_Response.msg
[3.102s] -- Up-to-date symlink: /userdata/driver_ws/install/lslidar_msgs/share/lslidar_msgs/srv/FrameRate.srv
[3.102s] -- Up-to-date symlink: /userdata/driver_ws/install/lslidar_msgs/share/lslidar_msgs/srv/FrameRate_Request.msg
[3.103s] -- Up-to-date symlink: /userdata/driver_ws/install/lslidar_msgs/share/lslidar_msgs/srv/FrameRate_Response.msg
[3.104s] -- Up-to-date symlink: /userdata/driver_ws/install/lslidar_msgs/share/lslidar_msgs/srv/InvalidData.srv
[3.104s] -- Up-to-date symlink: /userdata/driver_ws/install/lslidar_msgs/share/lslidar_msgs/srv/InvalidData_Request.msg
[3.105s] -- Up-to-date symlink: /userdata/driver_ws/install/lslidar_msgs/share/lslidar_msgs/srv/InvalidData_Response.msg
[3.106s] -- Up-to-date symlink: /userdata/driver_ws/install/lslidar_msgs/share/lslidar_msgs/srv/IpAndPort.srv
[3.107s] -- Up-to-date symlink: /userdata/driver_ws/install/lslidar_msgs/share/lslidar_msgs/srv/IpAndPort_Request.msg
[3.107s] -- Up-to-date symlink: /userdata/driver_ws/install/lslidar_msgs/share/lslidar_msgs/srv/IpAndPort_Response.msg
[3.108s] -- Up-to-date symlink: /userdata/driver_ws/install/lslidar_msgs/share/lslidar_msgs/srv/MotorControl.srv
[3.108s] -- Up-to-date symlink: /userdata/driver_ws/install/lslidar_msgs/share/lslidar_msgs/srv/MotorControl_Request.msg
[3.109s] -- Up-to-date symlink: /userdata/driver_ws/install/lslidar_msgs/share/lslidar_msgs/srv/MotorControl_Response.msg
[3.110s] -- Up-to-date symlink: /userdata/driver_ws/install/lslidar_msgs/share/lslidar_msgs/srv/MotorSpeed.srv
[3.110s] -- Up-to-date symlink: /userdata/driver_ws/install/lslidar_msgs/share/lslidar_msgs/srv/MotorSpeed_Request.msg
[3.111s] -- Up-to-date symlink: /userdata/driver_ws/install/lslidar_msgs/share/lslidar_msgs/srv/MotorSpeed_Response.msg
[3.111s] -- Up-to-date symlink: /userdata/driver_ws/install/lslidar_msgs/share/lslidar_msgs/srv/PowerControl.srv
[3.112s] -- Up-to-date symlink: /userdata/driver_ws/install/lslidar_msgs/share/lslidar_msgs/srv/PowerControl_Request.msg
[3.112s] -- Up-to-date symlink: /userdata/driver_ws/install/lslidar_msgs/share/lslidar_msgs/srv/PowerControl_Response.msg
[3.113s] -- Up-to-date symlink: /userdata/driver_ws/install/lslidar_msgs/share/lslidar_msgs/srv/RfdRemoval.srv
[3.113s] -- Up-to-date symlink: /userdata/driver_ws/install/lslidar_msgs/share/lslidar_msgs/srv/RfdRemoval_Request.msg
[3.114s] -- Up-to-date symlink: /userdata/driver_ws/install/lslidar_msgs/share/lslidar_msgs/srv/RfdRemoval_Response.msg
[3.115s] -- Up-to-date symlink: /userdata/driver_ws/install/lslidar_msgs/share/lslidar_msgs/srv/StandbyMode.srv
[3.115s] -- Up-to-date symlink: /userdata/driver_ws/install/lslidar_msgs/share/lslidar_msgs/srv/StandbyMode_Request.msg
[3.115s] -- Up-to-date symlink: /userdata/driver_ws/install/lslidar_msgs/share/lslidar_msgs/srv/StandbyMode_Response.msg
[3.116s] -- Up-to-date symlink: /userdata/driver_ws/install/lslidar_msgs/share/lslidar_msgs/srv/TailRemoval.srv
[3.116s] -- Up-to-date symlink: /userdata/driver_ws/install/lslidar_msgs/share/lslidar_msgs/srv/TailRemoval_Request.msg
[3.117s] -- Up-to-date symlink: /userdata/driver_ws/install/lslidar_msgs/share/lslidar_msgs/srv/TailRemoval_Response.msg
[3.118s] -- Up-to-date symlink: /userdata/driver_ws/install/lslidar_msgs/share/lslidar_msgs/srv/TimeMode.srv
[3.118s] -- Up-to-date symlink: /userdata/driver_ws/install/lslidar_msgs/share/lslidar_msgs/srv/TimeMode_Request.msg
[3.119s] -- Up-to-date symlink: /userdata/driver_ws/install/lslidar_msgs/share/lslidar_msgs/srv/TimeMode_Response.msg
[3.119s] -- Up-to-date symlink: /userdata/driver_ws/install/lslidar_msgs/share/ament_index/resource_index/package_run_dependencies/lslidar_msgs
[3.120s] -- Up-to-date symlink: /userdata/driver_ws/install/lslidar_msgs/share/ament_index/resource_index/parent_prefix_path/lslidar_msgs
[3.120s] -- Up-to-date symlink: /userdata/driver_ws/install/lslidar_msgs/share/lslidar_msgs/environment/ament_prefix_path.sh
[3.120s] -- Up-to-date symlink: /userdata/driver_ws/install/lslidar_msgs/share/lslidar_msgs/environment/ament_prefix_path.dsv
[3.121s] -- Up-to-date symlink: /userdata/driver_ws/install/lslidar_msgs/share/lslidar_msgs/environment/path.sh
[3.122s] -- Up-to-date symlink: /userdata/driver_ws/install/lslidar_msgs/share/lslidar_msgs/environment/path.dsv
[3.122s] -- Up-to-date symlink: /userdata/driver_ws/install/lslidar_msgs/share/lslidar_msgs/local_setup.bash
[3.122s] -- Up-to-date symlink: /userdata/driver_ws/install/lslidar_msgs/share/lslidar_msgs/local_setup.sh
[3.123s] -- Up-to-date symlink: /userdata/driver_ws/install/lslidar_msgs/share/lslidar_msgs/local_setup.zsh
[3.123s] -- Up-to-date symlink: /userdata/driver_ws/install/lslidar_msgs/share/lslidar_msgs/local_setup.dsv
[3.124s] -- Up-to-date symlink: /userdata/driver_ws/install/lslidar_msgs/share/lslidar_msgs/package.dsv
[3.124s] -- Up-to-date symlink: /userdata/driver_ws/install/lslidar_msgs/share/ament_index/resource_index/packages/lslidar_msgs
[3.125s] -- Up-to-date symlink: /userdata/driver_ws/install/lslidar_msgs/share/lslidar_msgs/cmake/rosidl_cmake-extras.cmake
[3.126s] -- Up-to-date symlink: /userdata/driver_ws/install/lslidar_msgs/share/lslidar_msgs/cmake/ament_cmake_export_dependencies-extras.cmake
[3.126s] -- Up-to-date symlink: /userdata/driver_ws/install/lslidar_msgs/share/lslidar_msgs/cmake/ament_cmake_export_include_directories-extras.cmake
[3.127s] -- Up-to-date symlink: /userdata/driver_ws/install/lslidar_msgs/share/lslidar_msgs/cmake/ament_cmake_export_libraries-extras.cmake
[3.127s] -- Up-to-date symlink: /userdata/driver_ws/install/lslidar_msgs/share/lslidar_msgs/cmake/ament_cmake_export_targets-extras.cmake
[3.128s] -- Up-to-date symlink: /userdata/driver_ws/install/lslidar_msgs/share/lslidar_msgs/cmake/rosidl_cmake_export_typesupport_targets-extras.cmake
[3.129s] -- Up-to-date symlink: /userdata/driver_ws/install/lslidar_msgs/share/lslidar_msgs/cmake/rosidl_cmake_export_typesupport_libraries-extras.cmake
[3.129s] -- Up-to-date symlink: /userdata/driver_ws/install/lslidar_msgs/share/lslidar_msgs/cmake/lslidar_msgsConfig.cmake
[3.130s] -- Up-to-date symlink: /userdata/driver_ws/install/lslidar_msgs/share/lslidar_msgs/cmake/lslidar_msgsConfig-version.cmake
[3.131s] -- Up-to-date symlink: /userdata/driver_ws/install/lslidar_msgs/share/lslidar_msgs/package.xml
[3.131s] -- Up-to-date: /userdata/driver_ws/install/lslidar_msgs/lib/liblslidar_msgs__rosidl_generator_c.so
[3.132s] -- Up-to-date: /userdata/driver_ws/install/lslidar_msgs/lib/liblslidar_msgs__rosidl_typesupport_fastrtps_c.so
[3.132s] -- Up-to-date: /userdata/driver_ws/install/lslidar_msgs/lib/liblslidar_msgs__rosidl_typesupport_introspection_c.so
[3.133s] -- Up-to-date: /userdata/driver_ws/install/lslidar_msgs/lib/liblslidar_msgs__rosidl_typesupport_c.so
[3.133s] -- Up-to-date: /userdata/driver_ws/install/lslidar_msgs/lib/liblslidar_msgs__rosidl_typesupport_fastrtps_cpp.so
[3.134s] -- Up-to-date: /userdata/driver_ws/install/lslidar_msgs/lib/liblslidar_msgs__rosidl_typesupport_introspection_cpp.so
[3.135s] -- Up-to-date: /userdata/driver_ws/install/lslidar_msgs/lib/liblslidar_msgs__rosidl_typesupport_cpp.so
[3.306s] Listing '/userdata/driver_ws/install/lslidar_msgs/local/lib/python3.10/dist-packages/lslidar_msgs'...
[3.306s] Compiling '/userdata/driver_ws/install/lslidar_msgs/local/lib/python3.10/dist-packages/lslidar_msgs/__init__.py'...
[3.307s] Listing '/userdata/driver_ws/install/lslidar_msgs/local/lib/python3.10/dist-packages/lslidar_msgs/msg'...
[3.308s] Listing '/userdata/driver_ws/install/lslidar_msgs/local/lib/python3.10/dist-packages/lslidar_msgs/srv'...
[3.358s] -- Up-to-date: /userdata/driver_ws/install/lslidar_msgs/lib/liblslidar_msgs__rosidl_generator_py.so
[3.360s] -- Up-to-date: /userdata/driver_ws/install/lslidar_msgs/share/lslidar_msgs/cmake/export_lslidar_msgs__rosidl_generator_cExport.cmake
[3.362s] -- Up-to-date: /userdata/driver_ws/install/lslidar_msgs/share/lslidar_msgs/cmake/export_lslidar_msgs__rosidl_generator_cExport-noconfig.cmake
[3.362s] -- Up-to-date: /userdata/driver_ws/install/lslidar_msgs/share/lslidar_msgs/cmake/export_lslidar_msgs__rosidl_typesupport_fastrtps_cExport.cmake
[3.363s] -- Up-to-date: /userdata/driver_ws/install/lslidar_msgs/share/lslidar_msgs/cmake/export_lslidar_msgs__rosidl_typesupport_fastrtps_cExport-noconfig.cmake
[3.364s] -- Up-to-date: /userdata/driver_ws/install/lslidar_msgs/share/lslidar_msgs/cmake/lslidar_msgs__rosidl_typesupport_introspection_cExport.cmake
[3.364s] -- Up-to-date: /userdata/driver_ws/install/lslidar_msgs/share/lslidar_msgs/cmake/lslidar_msgs__rosidl_typesupport_introspection_cExport-noconfig.cmake
[3.365s] -- Up-to-date: /userdata/driver_ws/install/lslidar_msgs/share/lslidar_msgs/cmake/lslidar_msgs__rosidl_typesupport_cExport.cmake
[3.366s] -- Up-to-date: /userdata/driver_ws/install/lslidar_msgs/share/lslidar_msgs/cmake/lslidar_msgs__rosidl_typesupport_cExport-noconfig.cmake
[3.366s] -- Up-to-date: /userdata/driver_ws/install/lslidar_msgs/share/lslidar_msgs/cmake/export_lslidar_msgs__rosidl_generator_cppExport.cmake
[3.367s] -- Up-to-date: /userdata/driver_ws/install/lslidar_msgs/share/lslidar_msgs/cmake/export_lslidar_msgs__rosidl_typesupport_fastrtps_cppExport.cmake
[3.367s] -- Up-to-date: /userdata/driver_ws/install/lslidar_msgs/share/lslidar_msgs/cmake/export_lslidar_msgs__rosidl_typesupport_fastrtps_cppExport-noconfig.cmake
[3.368s] -- Up-to-date: /userdata/driver_ws/install/lslidar_msgs/share/lslidar_msgs/cmake/lslidar_msgs__rosidl_typesupport_introspection_cppExport.cmake
[3.369s] -- Up-to-date: /userdata/driver_ws/install/lslidar_msgs/share/lslidar_msgs/cmake/lslidar_msgs__rosidl_typesupport_introspection_cppExport-noconfig.cmake
[3.370s] -- Up-to-date: /userdata/driver_ws/install/lslidar_msgs/share/lslidar_msgs/cmake/lslidar_msgs__rosidl_typesupport_cppExport.cmake
[3.373s] -- Up-to-date: /userdata/driver_ws/install/lslidar_msgs/share/lslidar_msgs/cmake/lslidar_msgs__rosidl_typesupport_cppExport-noconfig.cmake
[3.374s] -- Up-to-date: /userdata/driver_ws/install/lslidar_msgs/share/lslidar_msgs/cmake/export_lslidar_msgs__rosidl_generator_pyExport.cmake
[3.374s] -- Up-to-date: /userdata/driver_ws/install/lslidar_msgs/share/lslidar_msgs/cmake/export_lslidar_msgs__rosidl_generator_pyExport-noconfig.cmake
[3.376s] Invoked command in '/userdata/driver_ws/build/lslidar_msgs' returned '0': CMAKE_PREFIX_PATH=${CMAKE_PREFIX_PATH}:/userdata/dev_ws/install/line_follower_pkg:/opt/tros/humble:/opt/ros/humble /usr/bin/cmake --install /userdata/driver_ws/build/lslidar_msgs
