[0.826s] DEBUG:colcon:Command line arguments: ['/usr/bin/colcon', 'build']
[0.826s] DEBUG:colcon:Parsed command line arguments: Namespace(log_base=None, log_level=None, verb_name='build', build_base='build', install_base='install', merge_install=False, symlink_install=False, test_result_base=None, continue_on_error=False, executor='parallel', parallel_workers=8, event_handlers=None, ignore_user_meta=False, metas=['./colcon.meta'], base_paths=['.'], packages_ignore=None, packages_ignore_regex=None, paths=None, packages_up_to=None, packages_up_to_regex=None, packages_above=None, packages_above_and_dependencies=None, packages_above_depth=None, packages_select_by_dep=None, packages_skip_by_dep=None, packages_skip_up_to=None, packages_select_build_failed=False, packages_skip_build_finished=False, packages_select_test_failures=False, packages_skip_test_passed=False, packages_select=None, packages_skip=None, packages_select_regex=None, packages_skip_regex=None, packages_start=None, packages_end=None, allow_overriding=[], cmake_args=None, cmake_target=None, cmake_target_skip_unavailable=False, cmake_clean_cache=False, cmake_clean_first=False, cmake_force_configure=False, ament_cmake_args=None, catkin_cmake_args=None, catkin_skip_building_tests=False, verb_parser=<colcon_defaults.argument_parser.defaults.DefaultArgumentsDecorator object at 0xffff7f6a9780>, verb_extension=<colcon_core.verb.build.BuildVerb object at 0xffff7f6a9270>, main=<bound method BuildVerb.main of <colcon_core.verb.build.BuildVerb object at 0xffff7f6a9270>>)
[2.252s] Level 1:colcon.colcon_core.package_discovery:discover_packages(colcon_meta) check parameters
[2.253s] Level 1:colcon.colcon_core.package_discovery:discover_packages(recursive) check parameters
[2.253s] Level 1:colcon.colcon_core.package_discovery:discover_packages(ignore) check parameters
[2.253s] Level 1:colcon.colcon_core.package_discovery:discover_packages(path) check parameters
[2.254s] Level 1:colcon.colcon_core.package_discovery:discover_packages(colcon_meta) discover
[2.254s] Level 1:colcon.colcon_core.package_discovery:discover_packages(recursive) discover
[2.254s] INFO:colcon.colcon_core.package_discovery:Crawling recursively for packages in '/userdata/control_ws'
[2.255s] Level 1:colcon.colcon_core.package_identification:_identify(.) by extensions ['ignore', 'ignore_ament_install']
[2.255s] Level 1:colcon.colcon_core.package_identification:_identify(.) by extension 'ignore'
[2.256s] Level 1:colcon.colcon_core.package_identification:_identify(.) by extension 'ignore_ament_install'
[2.256s] Level 1:colcon.colcon_core.package_identification:_identify(.) by extensions ['colcon_pkg']
[2.256s] Level 1:colcon.colcon_core.package_identification:_identify(.) by extension 'colcon_pkg'
[2.256s] Level 1:colcon.colcon_core.package_identification:_identify(.) by extensions ['colcon_meta']
[2.257s] Level 1:colcon.colcon_core.package_identification:_identify(.) by extension 'colcon_meta'
[2.257s] Level 1:colcon.colcon_core.package_identification:_identify(.) by extensions ['ros']
[2.257s] Level 1:colcon.colcon_core.package_identification:_identify(.) by extension 'ros'
[2.344s] Level 1:colcon.colcon_core.package_identification:_identify(.) by extensions ['cmake', 'python']
[2.344s] Level 1:colcon.colcon_core.package_identification:_identify(.) by extension 'cmake'
[2.345s] Level 1:colcon.colcon_core.package_identification:_identify(.) by extension 'python'
[2.345s] Level 1:colcon.colcon_core.package_identification:_identify(.) by extensions ['python_setup_py']
[2.346s] Level 1:colcon.colcon_core.package_identification:_identify(.) by extension 'python_setup_py'
[2.346s] Level 1:colcon.colcon_core.package_identification:_identify(build) by extensions ['ignore', 'ignore_ament_install']
[2.347s] Level 1:colcon.colcon_core.package_identification:_identify(build) by extension 'ignore'
[2.347s] Level 1:colcon.colcon_core.package_identification:_identify(build) ignored
[2.348s] Level 1:colcon.colcon_core.package_identification:_identify(install) by extensions ['ignore', 'ignore_ament_install']
[2.349s] Level 1:colcon.colcon_core.package_identification:_identify(install) by extension 'ignore'
[2.350s] Level 1:colcon.colcon_core.package_identification:_identify(install) ignored
[2.351s] Level 1:colcon.colcon_core.package_identification:_identify(log) by extensions ['ignore', 'ignore_ament_install']
[2.351s] Level 1:colcon.colcon_core.package_identification:_identify(log) by extension 'ignore'
[2.352s] Level 1:colcon.colcon_core.package_identification:_identify(log) ignored
[2.352s] Level 1:colcon.colcon_core.package_identification:_identify(src) by extensions ['ignore', 'ignore_ament_install']
[2.353s] Level 1:colcon.colcon_core.package_identification:_identify(src) by extension 'ignore'
[2.353s] Level 1:colcon.colcon_core.package_identification:_identify(src) by extension 'ignore_ament_install'
[2.354s] Level 1:colcon.colcon_core.package_identification:_identify(src) by extensions ['colcon_pkg']
[2.354s] Level 1:colcon.colcon_core.package_identification:_identify(src) by extension 'colcon_pkg'
[2.354s] Level 1:colcon.colcon_core.package_identification:_identify(src) by extensions ['colcon_meta']
[2.355s] Level 1:colcon.colcon_core.package_identification:_identify(src) by extension 'colcon_meta'
[2.355s] Level 1:colcon.colcon_core.package_identification:_identify(src) by extensions ['ros']
[2.355s] Level 1:colcon.colcon_core.package_identification:_identify(src) by extension 'ros'
[2.356s] Level 1:colcon.colcon_core.package_identification:_identify(src) by extensions ['cmake', 'python']
[2.356s] Level 1:colcon.colcon_core.package_identification:_identify(src) by extension 'cmake'
[2.356s] Level 1:colcon.colcon_core.package_identification:_identify(src) by extension 'python'
[2.356s] Level 1:colcon.colcon_core.package_identification:_identify(src) by extensions ['python_setup_py']
[2.356s] Level 1:colcon.colcon_core.package_identification:_identify(src) by extension 'python_setup_py'
[2.357s] Level 1:colcon.colcon_core.package_identification:_identify(src/task_controller) by extensions ['ignore', 'ignore_ament_install']
[2.358s] Level 1:colcon.colcon_core.package_identification:_identify(src/task_controller) by extension 'ignore'
[2.358s] Level 1:colcon.colcon_core.package_identification:_identify(src/task_controller) by extension 'ignore_ament_install'
[2.358s] Level 1:colcon.colcon_core.package_identification:_identify(src/task_controller) by extensions ['colcon_pkg']
[2.359s] Level 1:colcon.colcon_core.package_identification:_identify(src/task_controller) by extension 'colcon_pkg'
[2.359s] Level 1:colcon.colcon_core.package_identification:_identify(src/task_controller) by extensions ['colcon_meta']
[2.359s] Level 1:colcon.colcon_core.package_identification:_identify(src/task_controller) by extension 'colcon_meta'
[2.359s] Level 1:colcon.colcon_core.package_identification:_identify(src/task_controller) by extensions ['ros']
[2.360s] Level 1:colcon.colcon_core.package_identification:_identify(src/task_controller) by extension 'ros'
[2.374s] DEBUG:colcon.colcon_core.package_identification:Package 'src/task_controller' with type 'ros.ament_python' and name 'task_controller'
[2.375s] Level 1:colcon.colcon_core.package_discovery:discover_packages(recursive) using defaults
[2.376s] Level 1:colcon.colcon_core.package_discovery:discover_packages(ignore) discover
[2.376s] Level 1:colcon.colcon_core.package_discovery:discover_packages(ignore) using defaults
[2.376s] Level 1:colcon.colcon_core.package_discovery:discover_packages(path) discover
[2.376s] Level 1:colcon.colcon_core.package_discovery:discover_packages(path) using defaults
[2.527s] Level 1:colcon.colcon_core.package_discovery:discover_packages(prefix_path) check parameters
[2.527s] Level 1:colcon.colcon_core.package_discovery:discover_packages(prefix_path) discover
[2.543s] DEBUG:colcon.colcon_installed_package_information.package_discovery:Found 1 installed packages in /userdata/control_ws/install
[2.546s] DEBUG:colcon.colcon_installed_package_information.package_discovery:Found 1 installed packages in /userdata/navi_ws/install
[2.550s] DEBUG:colcon.colcon_installed_package_information.package_discovery:Found 8 installed packages in /userdata/dev_ws/install
[2.555s] DEBUG:colcon.colcon_installed_package_information.package_discovery:Found 5 installed packages in /userdata/BPU_bl_ws/install
[2.559s] DEBUG:colcon.colcon_installed_package_information.package_discovery:Found 1 installed packages in /userdata/base_ws/install
[2.562s] DEBUG:colcon.colcon_installed_package_information.package_discovery:Found 49 installed packages in /opt/tros/humble
[2.662s] DEBUG:colcon.colcon_installed_package_information.package_discovery:Found 290 installed packages in /opt/ros/humble
[2.676s] Level 1:colcon.colcon_core.package_discovery:discover_packages(prefix_path) using defaults
[3.053s] Level 5:colcon.colcon_core.verb:set package 'task_controller' build argument 'cmake_args' from command line to 'None'
[3.053s] Level 5:colcon.colcon_core.verb:set package 'task_controller' build argument 'cmake_target' from command line to 'None'
[3.054s] Level 5:colcon.colcon_core.verb:set package 'task_controller' build argument 'cmake_target_skip_unavailable' from command line to 'False'
[3.054s] Level 5:colcon.colcon_core.verb:set package 'task_controller' build argument 'cmake_clean_cache' from command line to 'False'
[3.054s] Level 5:colcon.colcon_core.verb:set package 'task_controller' build argument 'cmake_clean_first' from command line to 'False'
[3.054s] Level 5:colcon.colcon_core.verb:set package 'task_controller' build argument 'cmake_force_configure' from command line to 'False'
[3.055s] Level 5:colcon.colcon_core.verb:set package 'task_controller' build argument 'ament_cmake_args' from command line to 'None'
[3.055s] Level 5:colcon.colcon_core.verb:set package 'task_controller' build argument 'catkin_cmake_args' from command line to 'None'
[3.055s] Level 5:colcon.colcon_core.verb:set package 'task_controller' build argument 'catkin_skip_building_tests' from command line to 'False'
[3.055s] DEBUG:colcon.colcon_core.verb:Building package 'task_controller' with the following arguments: {'ament_cmake_args': None, 'build_base': '/userdata/control_ws/build/task_controller', 'catkin_cmake_args': None, 'catkin_skip_building_tests': False, 'cmake_args': None, 'cmake_clean_cache': False, 'cmake_clean_first': False, 'cmake_force_configure': False, 'cmake_target': None, 'cmake_target_skip_unavailable': False, 'install_base': '/userdata/control_ws/install/task_controller', 'merge_install': False, 'path': '/userdata/control_ws/src/task_controller', 'symlink_install': False, 'test_result_base': None}
[3.056s] INFO:colcon.colcon_core.executor:Executing jobs using 'parallel' executor
[3.062s] DEBUG:colcon.colcon_parallel_executor.executor.parallel:run_until_complete
[3.064s] INFO:colcon.colcon_ros.task.ament_python.build:Building ROS package in '/userdata/control_ws/src/task_controller' with build type 'ament_python'
[3.065s] Level 1:colcon.colcon_core.shell:create_environment_hook('task_controller', 'ament_prefix_path')
[3.082s] INFO:colcon.colcon_core.plugin_system:Skipping extension 'colcon_core.shell.bat': Not used on non-Windows systems
[3.084s] INFO:colcon.colcon_core.shell:Creating environment hook '/userdata/control_ws/install/task_controller/share/task_controller/hook/ament_prefix_path.ps1'
[3.089s] INFO:colcon.colcon_core.shell:Creating environment descriptor '/userdata/control_ws/install/task_controller/share/task_controller/hook/ament_prefix_path.dsv'
[3.092s] INFO:colcon.colcon_core.shell:Creating environment hook '/userdata/control_ws/install/task_controller/share/task_controller/hook/ament_prefix_path.sh'
[3.100s] INFO:colcon.colcon_core.shell:Skip shell extension 'powershell' for command environment: Not usable outside of PowerShell
[3.100s] DEBUG:colcon.colcon_core.shell:Skip shell extension 'dsv' for command environment
[5.203s] INFO:colcon.colcon_core.task.python.build:Building Python package in '/userdata/control_ws/src/task_controller'
[5.204s] INFO:colcon.colcon_core.shell:Skip shell extension 'powershell' for command environment: Not usable outside of PowerShell
[5.205s] DEBUG:colcon.colcon_core.shell:Skip shell extension 'dsv' for command environment
[7.974s] DEBUG:colcon.colcon_core.event_handler.log_command:Invoking command in '/userdata/control_ws/src/task_controller': PYTHONPATH=/userdata/control_ws/build/task_controller/prefix_override:/usr/lib/python3/dist-packages/colcon_core/task/python/colcon_distutils_commands:/userdata/control_ws/install/task_controller/lib/python3.10/site-packages:${PYTHONPATH} /usr/bin/python3 -W ignore:setup.py install is deprecated -W ignore:easy_install command is deprecated setup.py egg_info --egg-base ../../build/task_controller build --build-base /userdata/control_ws/build/task_controller/build install --record /userdata/control_ws/build/task_controller/install.log --single-version-externally-managed install_data
[10.341s] DEBUG:colcon.colcon_core.event_handler.log_command:Invoked command in '/userdata/control_ws/src/task_controller' returned '0': PYTHONPATH=/userdata/control_ws/build/task_controller/prefix_override:/usr/lib/python3/dist-packages/colcon_core/task/python/colcon_distutils_commands:/userdata/control_ws/install/task_controller/lib/python3.10/site-packages:${PYTHONPATH} /usr/bin/python3 -W ignore:setup.py install is deprecated -W ignore:easy_install command is deprecated setup.py egg_info --egg-base ../../build/task_controller build --build-base /userdata/control_ws/build/task_controller/build install --record /userdata/control_ws/build/task_controller/install.log --single-version-externally-managed install_data
[10.358s] Level 1:colcon.colcon_core.environment:checking '/userdata/control_ws/install/task_controller' for CMake module files
[10.361s] Level 1:colcon.colcon_core.environment:checking '/userdata/control_ws/install/task_controller' for CMake config files
[10.365s] Level 1:colcon.colcon_core.environment:checking '/userdata/control_ws/install/task_controller/lib'
[10.366s] Level 1:colcon.colcon_core.environment:checking '/userdata/control_ws/install/task_controller/bin'
[10.366s] Level 1:colcon.colcon_core.shell:create_environment_hook('task_controller', 'path')
[10.368s] INFO:colcon.colcon_core.shell:Creating environment hook '/userdata/control_ws/install/task_controller/share/task_controller/hook/path.ps1'
[10.371s] INFO:colcon.colcon_core.shell:Creating environment descriptor '/userdata/control_ws/install/task_controller/share/task_controller/hook/path.dsv'
[10.374s] INFO:colcon.colcon_core.shell:Creating environment hook '/userdata/control_ws/install/task_controller/share/task_controller/hook/path.sh'
[10.377s] Level 1:colcon.colcon_core.environment:checking '/userdata/control_ws/install/task_controller/lib/pkgconfig/task_controller.pc'
[10.379s] Level 1:colcon.colcon_core.environment:checking '/userdata/control_ws/install/task_controller/lib/python3.10/site-packages'
[10.380s] Level 1:colcon.colcon_core.shell:create_environment_hook('task_controller', 'pythonpath')
[10.382s] INFO:colcon.colcon_core.shell:Creating environment hook '/userdata/control_ws/install/task_controller/share/task_controller/hook/pythonpath.ps1'
[10.385s] INFO:colcon.colcon_core.shell:Creating environment descriptor '/userdata/control_ws/install/task_controller/share/task_controller/hook/pythonpath.dsv'
[10.387s] INFO:colcon.colcon_core.shell:Creating environment hook '/userdata/control_ws/install/task_controller/share/task_controller/hook/pythonpath.sh'
[10.393s] Level 1:colcon.colcon_core.environment:checking '/userdata/control_ws/install/task_controller/bin'
[10.393s] Level 1:colcon.colcon_core.shell:create_environment_hook('task_controller', 'pythonscriptspath')
[10.395s] INFO:colcon.colcon_core.shell:Creating environment hook '/userdata/control_ws/install/task_controller/share/task_controller/hook/pythonscriptspath.ps1'
[10.398s] INFO:colcon.colcon_core.shell:Creating environment descriptor '/userdata/control_ws/install/task_controller/share/task_controller/hook/pythonscriptspath.dsv'
[10.402s] INFO:colcon.colcon_core.shell:Creating environment hook '/userdata/control_ws/install/task_controller/share/task_controller/hook/pythonscriptspath.sh'
[10.405s] Level 1:colcon.colcon_core.environment:create_environment_scripts_only(task_controller)
[10.408s] INFO:colcon.colcon_core.shell:Creating package script '/userdata/control_ws/install/task_controller/share/task_controller/package.ps1'
[10.414s] INFO:colcon.colcon_core.shell:Creating package descriptor '/userdata/control_ws/install/task_controller/share/task_controller/package.dsv'
[10.418s] INFO:colcon.colcon_core.shell:Creating package script '/userdata/control_ws/install/task_controller/share/task_controller/package.sh'
[10.424s] INFO:colcon.colcon_core.shell:Creating package script '/userdata/control_ws/install/task_controller/share/task_controller/package.bash'
[10.432s] INFO:colcon.colcon_core.shell:Creating package script '/userdata/control_ws/install/task_controller/share/task_controller/package.zsh'
[10.437s] Level 1:colcon.colcon_core.environment:create_file_with_runtime_dependencies(/userdata/control_ws/install/task_controller/share/colcon-core/packages/task_controller)
[10.439s] DEBUG:colcon.colcon_parallel_executor.executor.parallel:closing loop
[10.441s] DEBUG:colcon.colcon_parallel_executor.executor.parallel:loop closed
[10.442s] DEBUG:colcon.colcon_parallel_executor.executor.parallel:run_until_complete finished with '0'
[10.442s] DEBUG:colcon.colcon_core.event_reactor:joining thread
[10.476s] INFO:colcon.colcon_core.plugin_system:Skipping extension 'colcon_notification.desktop_notification.terminal_notifier': Not used on non-Darwin systems
[10.476s] INFO:colcon.colcon_core.plugin_system:Skipping extension 'colcon_notification.desktop_notification.win32': Not used on non-Windows systems
[10.477s] INFO:colcon.colcon_notification.desktop_notification:Sending desktop notification using 'notify2'
[35.498s] DEBUG:colcon.colcon_notification.desktop_notification.notify2:Failed to initialize notify2: org.freedesktop.DBus.Error.NoReply: Did not receive a reply. Possible causes include: the remote application did not send a reply, the message bus security policy blocked the reply, the reply timeout expired, or the network connection was broken.
[35.499s] DEBUG:colcon.colcon_core.event_reactor:joined thread
[35.501s] INFO:colcon.colcon_core.shell:Creating prefix script '/userdata/control_ws/install/local_setup.ps1'
[35.507s] INFO:colcon.colcon_core.shell:Creating prefix util module '/userdata/control_ws/install/_local_setup_util_ps1.py'
[35.517s] INFO:colcon.colcon_core.shell:Creating prefix chain script '/userdata/control_ws/install/setup.ps1'
[35.529s] INFO:colcon.colcon_core.shell:Creating prefix script '/userdata/control_ws/install/local_setup.sh'
[35.533s] INFO:colcon.colcon_core.shell:Creating prefix util module '/userdata/control_ws/install/_local_setup_util_sh.py'
[35.538s] INFO:colcon.colcon_core.shell:Creating prefix chain script '/userdata/control_ws/install/setup.sh'
[35.550s] INFO:colcon.colcon_core.shell:Creating prefix script '/userdata/control_ws/install/local_setup.bash'
[35.553s] INFO:colcon.colcon_core.shell:Creating prefix chain script '/userdata/control_ws/install/setup.bash'
[35.565s] INFO:colcon.colcon_core.shell:Creating prefix script '/userdata/control_ws/install/local_setup.zsh'
[35.569s] INFO:colcon.colcon_core.shell:Creating prefix chain script '/userdata/control_ws/install/setup.zsh'
