[0.057s] Invoking command in '/userdata/BPU_bl_ws/build/utils': CMAKE_PREFIX_PATH=${CMAKE_PREFIX_PATH}:/userdata/dev_ws/install/line_follower_pkg:/opt/tros/humble:/opt/ros/humble /usr/bin/cmake /userdata/BPU_bl_ws/src/utils -DAMENT_CMAKE_SYMLINK_INSTALL=1 -DCMAKE_INSTALL_PREFIX=/userdata/BPU_bl_ws/install/utils
[1.672s] -- The C compiler identification is GNU 11.2.0
[3.477s] -- The CXX compiler identification is GNU 11.2.0
[3.515s] -- Detecting C compiler ABI info
[3.933s] -- Detecting C compiler ABI info - done
[3.989s] -- Check for working C compiler: /usr/bin/cc - skipped
[3.995s] -- Detecting C compile features
[3.998s] -- Detecting C compile features - done
[4.017s] -- Detecting CXX compiler ABI info
[4.445s] -- Detecting CXX compiler ABI info - done
[4.512s] -- Check for working CXX compiler: /usr/bin/c++ - skipped
[4.514s] -- Detecting CXX compile features
[4.517s] -- Detecting CXX compile features - done
[4.531s] -- Found ament_cmake: 1.3.10 (/opt/ros/humble/share/ament_cmake/cmake)
[5.651s] -- Found Python3: /usr/bin/python3 (found version "3.10.12") found components: Interpreter 
[6.130s] -- Override CMake install command with custom implementation using symlinks instead of copying resources
[6.306s] -- Found rclcpp: 16.0.10 (/opt/ros/humble/share/rclcpp/cmake)
[6.557s] -- Found rosidl_generator_c: 3.1.5 (/opt/ros/humble/share/rosidl_generator_c/cmake)
[6.592s] -- Found rosidl_adapter: 3.1.5 (/opt/ros/humble/share/rosidl_adapter/cmake)
[6.647s] -- Found rosidl_generator_cpp: 3.1.5 (/opt/ros/humble/share/rosidl_generator_cpp/cmake)
[6.728s] -- Using all available rosidl_typesupport_c: rosidl_typesupport_fastrtps_c;rosidl_typesupport_introspection_c
[6.833s] -- Using all available rosidl_typesupport_cpp: rosidl_typesupport_fastrtps_cpp;rosidl_typesupport_introspection_cpp
[7.138s] -- Found rmw_implementation_cmake: 6.1.2 (/opt/ros/humble/share/rmw_implementation_cmake/cmake)
[7.140s] -- Found rmw_fastrtps_cpp: 6.2.7 (/opt/ros/humble/share/rmw_fastrtps_cpp/cmake)
[7.590s] -- Found OpenSSL: /usr/lib/aarch64-linux-gnu/libcrypto.so (found version "3.0.2")  
[7.734s] -- Found FastRTPS: /opt/ros/humble/include  
[7.933s] -- Using RMW implementation 'rmw_fastrtps_cpp' as default
[7.988s] -- Looking for pthread.h
[8.414s] -- Looking for pthread.h - found
[8.416s] -- Performing Test CMAKE_HAVE_LIBC_PTHREAD
[8.834s] -- Performing Test CMAKE_HAVE_LIBC_PTHREAD - Success
[8.845s] -- Found Threads: TRUE  
[9.171s] -- Found cv_bridge: 3.2.1 (/opt/ros/humble/share/cv_bridge/cmake)
[9.454s] -- Found hbm_img_msgs: 2.0.0 (/opt/tros/humble/share/hbm_img_msgs/cmake)
[9.977s] -- Configuring done
[10.033s] -- Generating done
[10.054s] -- Build files have been written to: /userdata/BPU_bl_ws/build/utils
[10.118s] Invoked command in '/userdata/BPU_bl_ws/build/utils' returned '0': CMAKE_PREFIX_PATH=${CMAKE_PREFIX_PATH}:/userdata/dev_ws/install/line_follower_pkg:/opt/tros/humble:/opt/ros/humble /usr/bin/cmake /userdata/BPU_bl_ws/src/utils -DAMENT_CMAKE_SYMLINK_INSTALL=1 -DCMAKE_INSTALL_PREFIX=/userdata/BPU_bl_ws/install/utils
[10.129s] Invoking command in '/userdata/BPU_bl_ws/build/utils': CMAKE_PREFIX_PATH=${CMAKE_PREFIX_PATH}:/userdata/dev_ws/install/line_follower_pkg:/opt/tros/humble:/opt/ros/humble /usr/bin/cmake --build /userdata/BPU_bl_ws/build/utils -- -j8 -l8
[10.367s] [ 50%] Building CXX object CMakeFiles/image_transport_node.dir/src/image_transport_node.cpp.o
[68.437s] [100%] Linking CXX executable image_transport_node
[73.635s] [100%] Built target image_transport_node
[73.706s] Invoked command in '/userdata/BPU_bl_ws/build/utils' returned '0': CMAKE_PREFIX_PATH=${CMAKE_PREFIX_PATH}:/userdata/dev_ws/install/line_follower_pkg:/opt/tros/humble:/opt/ros/humble /usr/bin/cmake --build /userdata/BPU_bl_ws/build/utils -- -j8 -l8
[73.713s] Invoking command in '/userdata/BPU_bl_ws/build/utils': CMAKE_PREFIX_PATH=${CMAKE_PREFIX_PATH}:/userdata/dev_ws/install/line_follower_pkg:/opt/tros/humble:/opt/ros/humble /usr/bin/cmake --install /userdata/BPU_bl_ws/build/utils
[73.749s] -- Install configuration: ""
[73.750s] -- Execute custom install script
[73.752s] -- Symlinking: /userdata/BPU_bl_ws/install/utils/lib/utils/image_transport_node
[73.794s] -- Symlinking: /userdata/BPU_bl_ws/install/utils/share/ament_index/resource_index/package_run_dependencies/utils
[73.838s] -- Symlinking: /userdata/BPU_bl_ws/install/utils/share/ament_index/resource_index/parent_prefix_path/utils
[73.884s] -- Symlinking: /userdata/BPU_bl_ws/install/utils/share/utils/environment/ament_prefix_path.sh
[73.925s] -- Symlinking: /userdata/BPU_bl_ws/install/utils/share/utils/environment/ament_prefix_path.dsv
[73.965s] -- Symlinking: /userdata/BPU_bl_ws/install/utils/share/utils/environment/path.sh
[74.006s] -- Symlinking: /userdata/BPU_bl_ws/install/utils/share/utils/environment/path.dsv
[74.047s] -- Symlinking: /userdata/BPU_bl_ws/install/utils/share/utils/local_setup.bash
[74.087s] -- Symlinking: /userdata/BPU_bl_ws/install/utils/share/utils/local_setup.sh
[74.131s] -- Symlinking: /userdata/BPU_bl_ws/install/utils/share/utils/local_setup.zsh
[74.174s] -- Symlinking: /userdata/BPU_bl_ws/install/utils/share/utils/local_setup.dsv
[74.216s] -- Symlinking: /userdata/BPU_bl_ws/install/utils/share/utils/package.dsv
[74.264s] -- Symlinking: /userdata/BPU_bl_ws/install/utils/share/ament_index/resource_index/packages/utils
[74.312s] -- Symlinking: /userdata/BPU_bl_ws/install/utils/share/utils/cmake/utilsConfig.cmake
[74.354s] -- Symlinking: /userdata/BPU_bl_ws/install/utils/share/utils/cmake/utilsConfig-version.cmake
[74.394s] -- Symlinking: /userdata/BPU_bl_ws/install/utils/share/utils/package.xml
[74.458s] Invoked command in '/userdata/BPU_bl_ws/build/utils' returned '0': CMAKE_PREFIX_PATH=${CMAKE_PREFIX_PATH}:/userdata/dev_ws/install/line_follower_pkg:/opt/tros/humble:/opt/ros/humble /usr/bin/cmake --install /userdata/BPU_bl_ws/build/utils
