-- Install configuration: ""
-- Up-to-date: /userdata/BPU_bl_ws/install/bpu_bringup/share/bpu_bringup/launch
-- Installing: /userdata/BPU_bl_ws/install/bpu_bringup/share/bpu_bringup/launch/usb_camera_yolo.launch.py
-- Up-to-date: /userdata/BPU_bl_ws/install/bpu_bringup/share/bpu_bringup/config
-- Up-to-date: /userdata/BPU_bl_ws/install/bpu_bringup/share/bpu_bringup/config/coco_80
-- Up-to-date: /userdata/BPU_bl_ws/install/bpu_bringup/share/bpu_bringup/config/coco_80/coco.list
-- Up-to-date: /userdata/BPU_bl_ws/install/bpu_bringup/share/bpu_bringup/config/coco_80/model.json
-- Up-to-date: /userdata/BPU_bl_ws/install/bpu_bringup/share/bpu_bringup/config/custom_4
-- Up-to-date: /userdata/BPU_bl_ws/install/bpu_bringup/share/bpu_bringup/config/custom_4/custom_4class.list
-- Up-to-date: /userdata/BPU_bl_ws/install/bpu_bringup/share/bpu_bringup/config/custom_4/model.json
-- Execute custom install script
-- Up-to-date symlink: /userdata/BPU_bl_ws/install/bpu_bringup/share/ament_index/resource_index/package_run_dependencies/bpu_bringup
-- Up-to-date symlink: /userdata/BPU_bl_ws/install/bpu_bringup/share/ament_index/resource_index/parent_prefix_path/bpu_bringup
-- Up-to-date symlink: /userdata/BPU_bl_ws/install/bpu_bringup/share/bpu_bringup/environment/ament_prefix_path.sh
-- Up-to-date symlink: /userdata/BPU_bl_ws/install/bpu_bringup/share/bpu_bringup/environment/ament_prefix_path.dsv
-- Up-to-date symlink: /userdata/BPU_bl_ws/install/bpu_bringup/share/bpu_bringup/environment/path.sh
-- Up-to-date symlink: /userdata/BPU_bl_ws/install/bpu_bringup/share/bpu_bringup/environment/path.dsv
-- Up-to-date symlink: /userdata/BPU_bl_ws/install/bpu_bringup/share/bpu_bringup/local_setup.bash
-- Up-to-date symlink: /userdata/BPU_bl_ws/install/bpu_bringup/share/bpu_bringup/local_setup.sh
-- Up-to-date symlink: /userdata/BPU_bl_ws/install/bpu_bringup/share/bpu_bringup/local_setup.zsh
-- Up-to-date symlink: /userdata/BPU_bl_ws/install/bpu_bringup/share/bpu_bringup/local_setup.dsv
-- Symlinking: /userdata/BPU_bl_ws/install/bpu_bringup/share/bpu_bringup/package.dsv
-- Up-to-date symlink: /userdata/BPU_bl_ws/install/bpu_bringup/share/ament_index/resource_index/packages/bpu_bringup
-- Up-to-date symlink: /userdata/BPU_bl_ws/install/bpu_bringup/share/bpu_bringup/cmake/bpu_bringupConfig.cmake
-- Up-to-date symlink: /userdata/BPU_bl_ws/install/bpu_bringup/share/bpu_bringup/cmake/bpu_bringupConfig-version.cmake
-- Up-to-date symlink: /userdata/BPU_bl_ws/install/bpu_bringup/share/bpu_bringup/package.xml
