[0.063s] Invoking command in '/userdata/BPU_bl_ws/build/bpu_bringup': CMAKE_PREFIX_PATH=${CMAKE_PREFIX_PATH}:/userdata/dev_ws/install/line_follower_pkg:/opt/tros/humble:/opt/ros/humble /usr/bin/cmake --build /userdata/BPU_bl_ws/build/bpu_bringup -- -j8 -l8
[0.240s] Invoked command in '/userdata/BPU_bl_ws/build/bpu_bringup' returned '0': CMAKE_PREFIX_PATH=${CMAKE_PREFIX_PATH}:/userdata/dev_ws/install/line_follower_pkg:/opt/tros/humble:/opt/ros/humble /usr/bin/cmake --build /userdata/BPU_bl_ws/build/bpu_bringup -- -j8 -l8
[0.291s] Invoking command in '/userdata/BPU_bl_ws/build/bpu_bringup': CMAKE_PREFIX_PATH=${CMAKE_PREFIX_PATH}:/userdata/dev_ws/install/line_follower_pkg:/opt/tros/humble:/opt/ros/humble /usr/bin/cmake --install /userdata/BPU_bl_ws/build/bpu_bringup
[0.330s] -- Install configuration: ""
[0.330s] -- Up-to-date: /userdata/BPU_bl_ws/install/bpu_bringup/share/bpu_bringup/launch
[0.331s] -- Installing: /userdata/BPU_bl_ws/install/bpu_bringup/share/bpu_bringup/launch/usb_camera_yolo.launch.py
[0.333s] -- Up-to-date: /userdata/BPU_bl_ws/install/bpu_bringup/share/bpu_bringup/config
[0.334s] -- Up-to-date: /userdata/BPU_bl_ws/install/bpu_bringup/share/bpu_bringup/config/coco_80
[0.336s] -- Up-to-date: /userdata/BPU_bl_ws/install/bpu_bringup/share/bpu_bringup/config/coco_80/coco.list
[0.337s] -- Up-to-date: /userdata/BPU_bl_ws/install/bpu_bringup/share/bpu_bringup/config/coco_80/model.json
[0.339s] -- Up-to-date: /userdata/BPU_bl_ws/install/bpu_bringup/share/bpu_bringup/config/custom_4
[0.340s] -- Up-to-date: /userdata/BPU_bl_ws/install/bpu_bringup/share/bpu_bringup/config/custom_4/custom_4class.list
[0.341s] -- Up-to-date: /userdata/BPU_bl_ws/install/bpu_bringup/share/bpu_bringup/config/custom_4/model.json
[0.343s] -- Execute custom install script
[0.343s] -- Up-to-date symlink: /userdata/BPU_bl_ws/install/bpu_bringup/share/ament_index/resource_index/package_run_dependencies/bpu_bringup
[0.344s] -- Up-to-date symlink: /userdata/BPU_bl_ws/install/bpu_bringup/share/ament_index/resource_index/parent_prefix_path/bpu_bringup
[0.344s] -- Up-to-date symlink: /userdata/BPU_bl_ws/install/bpu_bringup/share/bpu_bringup/environment/ament_prefix_path.sh
[0.345s] -- Up-to-date symlink: /userdata/BPU_bl_ws/install/bpu_bringup/share/bpu_bringup/environment/ament_prefix_path.dsv
[0.346s] -- Up-to-date symlink: /userdata/BPU_bl_ws/install/bpu_bringup/share/bpu_bringup/environment/path.sh
[0.346s] -- Up-to-date symlink: /userdata/BPU_bl_ws/install/bpu_bringup/share/bpu_bringup/environment/path.dsv
[0.347s] -- Up-to-date symlink: /userdata/BPU_bl_ws/install/bpu_bringup/share/bpu_bringup/local_setup.bash
[0.347s] -- Up-to-date symlink: /userdata/BPU_bl_ws/install/bpu_bringup/share/bpu_bringup/local_setup.sh
[0.348s] -- Up-to-date symlink: /userdata/BPU_bl_ws/install/bpu_bringup/share/bpu_bringup/local_setup.zsh
[0.349s] -- Up-to-date symlink: /userdata/BPU_bl_ws/install/bpu_bringup/share/bpu_bringup/local_setup.dsv
[0.349s] -- Symlinking: /userdata/BPU_bl_ws/install/bpu_bringup/share/bpu_bringup/package.dsv
[0.387s] -- Up-to-date symlink: /userdata/BPU_bl_ws/install/bpu_bringup/share/ament_index/resource_index/packages/bpu_bringup
[0.388s] -- Up-to-date symlink: /userdata/BPU_bl_ws/install/bpu_bringup/share/bpu_bringup/cmake/bpu_bringupConfig.cmake
[0.389s] -- Up-to-date symlink: /userdata/BPU_bl_ws/install/bpu_bringup/share/bpu_bringup/cmake/bpu_bringupConfig-version.cmake
[0.389s] -- Up-to-date symlink: /userdata/BPU_bl_ws/install/bpu_bringup/share/bpu_bringup/package.xml
[0.398s] Invoked command in '/userdata/BPU_bl_ws/build/bpu_bringup' returned '0': CMAKE_PREFIX_PATH=${CMAKE_PREFIX_PATH}:/userdata/dev_ws/install/line_follower_pkg:/opt/tros/humble:/opt/ros/humble /usr/bin/cmake --install /userdata/BPU_bl_ws/build/bpu_bringup
