[0.742s] DEBUG:colcon:Command line arguments: ['/usr/bin/colcon', 'build', '--symlink-install', '--packages-select', 'bpu_bringup', 'detection_bridge']
[0.742s] DEBUG:colcon:Parsed command line arguments: Namespace(log_base=None, log_level=None, verb_name='build', build_base='build', install_base='install', merge_install=False, symlink_install=True, test_result_base=None, continue_on_error=False, executor='parallel', parallel_workers=8, event_handlers=None, ignore_user_meta=False, metas=['./colcon.meta'], base_paths=['.'], packages_ignore=None, packages_ignore_regex=None, paths=None, packages_up_to=None, packages_up_to_regex=None, packages_above=None, packages_above_and_dependencies=None, packages_above_depth=None, packages_select_by_dep=None, packages_skip_by_dep=None, packages_skip_up_to=None, packages_select_build_failed=False, packages_skip_build_finished=False, packages_select_test_failures=False, packages_skip_test_passed=False, packages_select=['bpu_bringup', 'detection_bridge'], packages_skip=None, packages_select_regex=None, packages_skip_regex=None, packages_start=None, packages_end=None, allow_overriding=[], cmake_args=None, cmake_target=None, cmake_target_skip_unavailable=False, cmake_clean_cache=False, cmake_clean_first=False, cmake_force_configure=False, ament_cmake_args=None, catkin_cmake_args=None, catkin_skip_building_tests=False, verb_parser=<colcon_defaults.argument_parser.defaults.DefaultArgumentsDecorator object at 0xffff8bdb5c00>, verb_extension=<colcon_core.verb.build.BuildVerb object at 0xffff8bdb56f0>, main=<bound method BuildVerb.main of <colcon_core.verb.build.BuildVerb object at 0xffff8bdb56f0>>)
[2.057s] Level 1:colcon.colcon_core.package_discovery:discover_packages(colcon_meta) check parameters
[2.058s] Level 1:colcon.colcon_core.package_discovery:discover_packages(recursive) check parameters
[2.058s] Level 1:colcon.colcon_core.package_discovery:discover_packages(ignore) check parameters
[2.058s] Level 1:colcon.colcon_core.package_discovery:discover_packages(path) check parameters
[2.059s] Level 1:colcon.colcon_core.package_discovery:discover_packages(colcon_meta) discover
[2.059s] Level 1:colcon.colcon_core.package_discovery:discover_packages(recursive) discover
[2.059s] INFO:colcon.colcon_core.package_discovery:Crawling recursively for packages in '/userdata/BPU_bl_ws'
[2.060s] Level 1:colcon.colcon_core.package_identification:_identify(.) by extensions ['ignore', 'ignore_ament_install']
[2.060s] Level 1:colcon.colcon_core.package_identification:_identify(.) by extension 'ignore'
[2.061s] Level 1:colcon.colcon_core.package_identification:_identify(.) by extension 'ignore_ament_install'
[2.061s] Level 1:colcon.colcon_core.package_identification:_identify(.) by extensions ['colcon_pkg']
[2.061s] Level 1:colcon.colcon_core.package_identification:_identify(.) by extension 'colcon_pkg'
[2.062s] Level 1:colcon.colcon_core.package_identification:_identify(.) by extensions ['colcon_meta']
[2.062s] Level 1:colcon.colcon_core.package_identification:_identify(.) by extension 'colcon_meta'
[2.062s] Level 1:colcon.colcon_core.package_identification:_identify(.) by extensions ['ros']
[2.062s] Level 1:colcon.colcon_core.package_identification:_identify(.) by extension 'ros'
[2.142s] Level 1:colcon.colcon_core.package_identification:_identify(.) by extensions ['cmake', 'python']
[2.143s] Level 1:colcon.colcon_core.package_identification:_identify(.) by extension 'cmake'
[2.143s] Level 1:colcon.colcon_core.package_identification:_identify(.) by extension 'python'
[2.143s] Level 1:colcon.colcon_core.package_identification:_identify(.) by extensions ['python_setup_py']
[2.143s] Level 1:colcon.colcon_core.package_identification:_identify(.) by extension 'python_setup_py'
[2.144s] Level 1:colcon.colcon_core.package_identification:_identify(build) by extensions ['ignore', 'ignore_ament_install']
[2.144s] Level 1:colcon.colcon_core.package_identification:_identify(build) by extension 'ignore'
[2.145s] Level 1:colcon.colcon_core.package_identification:_identify(build) ignored
[2.145s] Level 1:colcon.colcon_core.package_identification:_identify(config) by extensions ['ignore', 'ignore_ament_install']
[2.146s] Level 1:colcon.colcon_core.package_identification:_identify(config) by extension 'ignore'
[2.146s] Level 1:colcon.colcon_core.package_identification:_identify(config) by extension 'ignore_ament_install'
[2.146s] Level 1:colcon.colcon_core.package_identification:_identify(config) by extensions ['colcon_pkg']
[2.147s] Level 1:colcon.colcon_core.package_identification:_identify(config) by extension 'colcon_pkg'
[2.147s] Level 1:colcon.colcon_core.package_identification:_identify(config) by extensions ['colcon_meta']
[2.147s] Level 1:colcon.colcon_core.package_identification:_identify(config) by extension 'colcon_meta'
[2.147s] Level 1:colcon.colcon_core.package_identification:_identify(config) by extensions ['ros']
[2.148s] Level 1:colcon.colcon_core.package_identification:_identify(config) by extension 'ros'
[2.148s] Level 1:colcon.colcon_core.package_identification:_identify(config) by extensions ['cmake', 'python']
[2.148s] Level 1:colcon.colcon_core.package_identification:_identify(config) by extension 'cmake'
[2.149s] Level 1:colcon.colcon_core.package_identification:_identify(config) by extension 'python'
[2.149s] Level 1:colcon.colcon_core.package_identification:_identify(config) by extensions ['python_setup_py']
[2.149s] Level 1:colcon.colcon_core.package_identification:_identify(config) by extension 'python_setup_py'
[2.150s] Level 1:colcon.colcon_core.package_identification:_identify(config/coco_80) by extensions ['ignore', 'ignore_ament_install']
[2.150s] Level 1:colcon.colcon_core.package_identification:_identify(config/coco_80) by extension 'ignore'
[2.151s] Level 1:colcon.colcon_core.package_identification:_identify(config/coco_80) by extension 'ignore_ament_install'
[2.151s] Level 1:colcon.colcon_core.package_identification:_identify(config/coco_80) by extensions ['colcon_pkg']
[2.151s] Level 1:colcon.colcon_core.package_identification:_identify(config/coco_80) by extension 'colcon_pkg'
[2.152s] Level 1:colcon.colcon_core.package_identification:_identify(config/coco_80) by extensions ['colcon_meta']
[2.152s] Level 1:colcon.colcon_core.package_identification:_identify(config/coco_80) by extension 'colcon_meta'
[2.152s] Level 1:colcon.colcon_core.package_identification:_identify(config/coco_80) by extensions ['ros']
[2.153s] Level 1:colcon.colcon_core.package_identification:_identify(config/coco_80) by extension 'ros'
[2.153s] Level 1:colcon.colcon_core.package_identification:_identify(config/coco_80) by extensions ['cmake', 'python']
[2.153s] Level 1:colcon.colcon_core.package_identification:_identify(config/coco_80) by extension 'cmake'
[2.154s] Level 1:colcon.colcon_core.package_identification:_identify(config/coco_80) by extension 'python'
[2.154s] Level 1:colcon.colcon_core.package_identification:_identify(config/coco_80) by extensions ['python_setup_py']
[2.154s] Level 1:colcon.colcon_core.package_identification:_identify(config/coco_80) by extension 'python_setup_py'
[2.155s] Level 1:colcon.colcon_core.package_identification:_identify(config/custom_4) by extensions ['ignore', 'ignore_ament_install']
[2.156s] Level 1:colcon.colcon_core.package_identification:_identify(config/custom_4) by extension 'ignore'
[2.156s] Level 1:colcon.colcon_core.package_identification:_identify(config/custom_4) by extension 'ignore_ament_install'
[2.156s] Level 1:colcon.colcon_core.package_identification:_identify(config/custom_4) by extensions ['colcon_pkg']
[2.156s] Level 1:colcon.colcon_core.package_identification:_identify(config/custom_4) by extension 'colcon_pkg'
[2.157s] Level 1:colcon.colcon_core.package_identification:_identify(config/custom_4) by extensions ['colcon_meta']
[2.157s] Level 1:colcon.colcon_core.package_identification:_identify(config/custom_4) by extension 'colcon_meta'
[2.157s] Level 1:colcon.colcon_core.package_identification:_identify(config/custom_4) by extensions ['ros']
[2.157s] Level 1:colcon.colcon_core.package_identification:_identify(config/custom_4) by extension 'ros'
[2.158s] Level 1:colcon.colcon_core.package_identification:_identify(config/custom_4) by extensions ['cmake', 'python']
[2.158s] Level 1:colcon.colcon_core.package_identification:_identify(config/custom_4) by extension 'cmake'
[2.158s] Level 1:colcon.colcon_core.package_identification:_identify(config/custom_4) by extension 'python'
[2.159s] Level 1:colcon.colcon_core.package_identification:_identify(config/custom_4) by extensions ['python_setup_py']
[2.159s] Level 1:colcon.colcon_core.package_identification:_identify(config/custom_4) by extension 'python_setup_py'
[2.159s] Level 1:colcon.colcon_core.package_identification:_identify(install) by extensions ['ignore', 'ignore_ament_install']
[2.160s] Level 1:colcon.colcon_core.package_identification:_identify(install) by extension 'ignore'
[2.160s] Level 1:colcon.colcon_core.package_identification:_identify(install) ignored
[2.161s] Level 1:colcon.colcon_core.package_identification:_identify(log) by extensions ['ignore', 'ignore_ament_install']
[2.161s] Level 1:colcon.colcon_core.package_identification:_identify(log) by extension 'ignore'
[2.162s] Level 1:colcon.colcon_core.package_identification:_identify(log) ignored
[2.162s] Level 1:colcon.colcon_core.package_identification:_identify(src) by extensions ['ignore', 'ignore_ament_install']
[2.162s] Level 1:colcon.colcon_core.package_identification:_identify(src) by extension 'ignore'
[2.163s] Level 1:colcon.colcon_core.package_identification:_identify(src) by extension 'ignore_ament_install'
[2.163s] Level 1:colcon.colcon_core.package_identification:_identify(src) by extensions ['colcon_pkg']
[2.163s] Level 1:colcon.colcon_core.package_identification:_identify(src) by extension 'colcon_pkg'
[2.163s] Level 1:colcon.colcon_core.package_identification:_identify(src) by extensions ['colcon_meta']
[2.164s] Level 1:colcon.colcon_core.package_identification:_identify(src) by extension 'colcon_meta'
[2.164s] Level 1:colcon.colcon_core.package_identification:_identify(src) by extensions ['ros']
[2.164s] Level 1:colcon.colcon_core.package_identification:_identify(src) by extension 'ros'
[2.165s] Level 1:colcon.colcon_core.package_identification:_identify(src) by extensions ['cmake', 'python']
[2.165s] Level 1:colcon.colcon_core.package_identification:_identify(src) by extension 'cmake'
[2.165s] Level 1:colcon.colcon_core.package_identification:_identify(src) by extension 'python'
[2.165s] Level 1:colcon.colcon_core.package_identification:_identify(src) by extensions ['python_setup_py']
[2.165s] Level 1:colcon.colcon_core.package_identification:_identify(src) by extension 'python_setup_py'
[2.166s] Level 1:colcon.colcon_core.package_identification:_identify(src/bpu_bringup) by extensions ['ignore', 'ignore_ament_install']
[2.166s] Level 1:colcon.colcon_core.package_identification:_identify(src/bpu_bringup) by extension 'ignore'
[2.167s] Level 1:colcon.colcon_core.package_identification:_identify(src/bpu_bringup) by extension 'ignore_ament_install'
[2.167s] Level 1:colcon.colcon_core.package_identification:_identify(src/bpu_bringup) by extensions ['colcon_pkg']
[2.167s] Level 1:colcon.colcon_core.package_identification:_identify(src/bpu_bringup) by extension 'colcon_pkg'
[2.168s] Level 1:colcon.colcon_core.package_identification:_identify(src/bpu_bringup) by extensions ['colcon_meta']
[2.168s] Level 1:colcon.colcon_core.package_identification:_identify(src/bpu_bringup) by extension 'colcon_meta'
[2.168s] Level 1:colcon.colcon_core.package_identification:_identify(src/bpu_bringup) by extensions ['ros']
[2.168s] Level 1:colcon.colcon_core.package_identification:_identify(src/bpu_bringup) by extension 'ros'
[2.183s] DEBUG:colcon.colcon_core.package_identification:Package 'src/bpu_bringup' with type 'ros.ament_cmake' and name 'bpu_bringup'
[2.184s] Level 1:colcon.colcon_core.package_identification:_identify(src/detection_bridge) by extensions ['ignore', 'ignore_ament_install']
[2.184s] Level 1:colcon.colcon_core.package_identification:_identify(src/detection_bridge) by extension 'ignore'
[2.185s] Level 1:colcon.colcon_core.package_identification:_identify(src/detection_bridge) by extension 'ignore_ament_install'
[2.185s] Level 1:colcon.colcon_core.package_identification:_identify(src/detection_bridge) by extensions ['colcon_pkg']
[2.185s] Level 1:colcon.colcon_core.package_identification:_identify(src/detection_bridge) by extension 'colcon_pkg'
[2.185s] Level 1:colcon.colcon_core.package_identification:_identify(src/detection_bridge) by extensions ['colcon_meta']
[2.186s] Level 1:colcon.colcon_core.package_identification:_identify(src/detection_bridge) by extension 'colcon_meta'
[2.186s] Level 1:colcon.colcon_core.package_identification:_identify(src/detection_bridge) by extensions ['ros']
[2.186s] Level 1:colcon.colcon_core.package_identification:_identify(src/detection_bridge) by extension 'ros'
[2.190s] DEBUG:colcon.colcon_core.package_identification:Package 'src/detection_bridge' with type 'ros.ament_python' and name 'detection_bridge'
[2.190s] Level 1:colcon.colcon_core.package_identification:_identify(src/detection_interfaces) by extensions ['ignore', 'ignore_ament_install']
[2.191s] Level 1:colcon.colcon_core.package_identification:_identify(src/detection_interfaces) by extension 'ignore'
[2.191s] Level 1:colcon.colcon_core.package_identification:_identify(src/detection_interfaces) by extension 'ignore_ament_install'
[2.192s] Level 1:colcon.colcon_core.package_identification:_identify(src/detection_interfaces) by extensions ['colcon_pkg']
[2.192s] Level 1:colcon.colcon_core.package_identification:_identify(src/detection_interfaces) by extension 'colcon_pkg'
[2.192s] Level 1:colcon.colcon_core.package_identification:_identify(src/detection_interfaces) by extensions ['colcon_meta']
[2.192s] Level 1:colcon.colcon_core.package_identification:_identify(src/detection_interfaces) by extension 'colcon_meta'
[2.193s] Level 1:colcon.colcon_core.package_identification:_identify(src/detection_interfaces) by extensions ['ros']
[2.193s] Level 1:colcon.colcon_core.package_identification:_identify(src/detection_interfaces) by extension 'ros'
[2.197s] DEBUG:colcon.colcon_core.package_identification:Package 'src/detection_interfaces' with type 'ros.ament_cmake' and name 'detection_interfaces'
[2.198s] Level 1:colcon.colcon_core.package_identification:_identify(src/qr_decoder) by extensions ['ignore', 'ignore_ament_install']
[2.198s] Level 1:colcon.colcon_core.package_identification:_identify(src/qr_decoder) by extension 'ignore'
[2.199s] Level 1:colcon.colcon_core.package_identification:_identify(src/qr_decoder) by extension 'ignore_ament_install'
[2.199s] Level 1:colcon.colcon_core.package_identification:_identify(src/qr_decoder) by extensions ['colcon_pkg']
[2.199s] Level 1:colcon.colcon_core.package_identification:_identify(src/qr_decoder) by extension 'colcon_pkg'
[2.199s] Level 1:colcon.colcon_core.package_identification:_identify(src/qr_decoder) by extensions ['colcon_meta']
[2.200s] Level 1:colcon.colcon_core.package_identification:_identify(src/qr_decoder) by extension 'colcon_meta'
[2.200s] Level 1:colcon.colcon_core.package_identification:_identify(src/qr_decoder) by extensions ['ros']
[2.200s] Level 1:colcon.colcon_core.package_identification:_identify(src/qr_decoder) by extension 'ros'
[2.204s] DEBUG:colcon.colcon_core.package_identification:Package 'src/qr_decoder' with type 'ros.ament_python' and name 'qr_decoder'
[2.205s] Level 1:colcon.colcon_core.package_identification:_identify(src/utils) by extensions ['ignore', 'ignore_ament_install']
[2.205s] Level 1:colcon.colcon_core.package_identification:_identify(src/utils) by extension 'ignore'
[2.206s] Level 1:colcon.colcon_core.package_identification:_identify(src/utils) by extension 'ignore_ament_install'
[2.206s] Level 1:colcon.colcon_core.package_identification:_identify(src/utils) by extensions ['colcon_pkg']
[2.206s] Level 1:colcon.colcon_core.package_identification:_identify(src/utils) by extension 'colcon_pkg'
[2.206s] Level 1:colcon.colcon_core.package_identification:_identify(src/utils) by extensions ['colcon_meta']
[2.207s] Level 1:colcon.colcon_core.package_identification:_identify(src/utils) by extension 'colcon_meta'
[2.207s] Level 1:colcon.colcon_core.package_identification:_identify(src/utils) by extensions ['ros']
[2.207s] Level 1:colcon.colcon_core.package_identification:_identify(src/utils) by extension 'ros'
[2.213s] DEBUG:colcon.colcon_core.package_identification:Package 'src/utils' with type 'ros.ament_cmake' and name 'utils'
[2.213s] Level 1:colcon.colcon_core.package_discovery:discover_packages(recursive) using defaults
[2.214s] Level 1:colcon.colcon_core.package_discovery:discover_packages(ignore) discover
[2.214s] Level 1:colcon.colcon_core.package_discovery:discover_packages(ignore) using defaults
[2.214s] Level 1:colcon.colcon_core.package_discovery:discover_packages(path) discover
[2.214s] Level 1:colcon.colcon_core.package_discovery:discover_packages(path) using defaults
[2.432s] INFO:colcon.colcon_core.package_selection:Skipping not selected package 'detection_interfaces' in 'src/detection_interfaces'
[2.433s] INFO:colcon.colcon_core.package_selection:Skipping not selected package 'qr_decoder' in 'src/qr_decoder'
[2.433s] INFO:colcon.colcon_core.package_selection:Skipping not selected package 'utils' in 'src/utils'
[2.436s] Level 1:colcon.colcon_core.package_discovery:discover_packages(prefix_path) check parameters
[2.436s] Level 1:colcon.colcon_core.package_discovery:discover_packages(prefix_path) discover
[2.449s] DEBUG:colcon.colcon_installed_package_information.package_discovery:Found 1 installed packages in /userdata/navi_ws/install
[2.454s] DEBUG:colcon.colcon_installed_package_information.package_discovery:Found 8 installed packages in /userdata/dev_ws/install
[2.457s] DEBUG:colcon.colcon_installed_package_information.package_discovery:Found 1 installed packages in /userdata/control_ws/install
[2.461s] DEBUG:colcon.colcon_installed_package_information.package_discovery:Found 5 installed packages in /userdata/BPU_bl_ws/install
[2.464s] DEBUG:colcon.colcon_installed_package_information.package_discovery:Found 1 installed packages in /userdata/base_ws/install
[2.467s] DEBUG:colcon.colcon_installed_package_information.package_discovery:Found 49 installed packages in /opt/tros/humble
[2.478s] DEBUG:colcon.colcon_installed_package_information.package_discovery:Found 290 installed packages in /opt/ros/humble
[2.490s] Level 1:colcon.colcon_core.package_discovery:discover_packages(prefix_path) using defaults
[2.819s] Level 5:colcon.colcon_core.verb:set package 'bpu_bringup' build argument 'cmake_args' from command line to 'None'
[2.819s] Level 5:colcon.colcon_core.verb:set package 'bpu_bringup' build argument 'cmake_target' from command line to 'None'
[2.819s] Level 5:colcon.colcon_core.verb:set package 'bpu_bringup' build argument 'cmake_target_skip_unavailable' from command line to 'False'
[2.820s] Level 5:colcon.colcon_core.verb:set package 'bpu_bringup' build argument 'cmake_clean_cache' from command line to 'False'
[2.820s] Level 5:colcon.colcon_core.verb:set package 'bpu_bringup' build argument 'cmake_clean_first' from command line to 'False'
[2.820s] Level 5:colcon.colcon_core.verb:set package 'bpu_bringup' build argument 'cmake_force_configure' from command line to 'False'
[2.820s] Level 5:colcon.colcon_core.verb:set package 'bpu_bringup' build argument 'ament_cmake_args' from command line to 'None'
[2.820s] Level 5:colcon.colcon_core.verb:set package 'bpu_bringup' build argument 'catkin_cmake_args' from command line to 'None'
[2.820s] Level 5:colcon.colcon_core.verb:set package 'bpu_bringup' build argument 'catkin_skip_building_tests' from command line to 'False'
[2.821s] DEBUG:colcon.colcon_core.verb:Building package 'bpu_bringup' with the following arguments: {'ament_cmake_args': None, 'build_base': '/userdata/BPU_bl_ws/build/bpu_bringup', 'catkin_cmake_args': None, 'catkin_skip_building_tests': False, 'cmake_args': None, 'cmake_clean_cache': False, 'cmake_clean_first': False, 'cmake_force_configure': False, 'cmake_target': None, 'cmake_target_skip_unavailable': False, 'install_base': '/userdata/BPU_bl_ws/install/bpu_bringup', 'merge_install': False, 'path': '/userdata/BPU_bl_ws/src/bpu_bringup', 'symlink_install': True, 'test_result_base': None}
[2.824s] Level 5:colcon.colcon_core.verb:set package 'detection_bridge' build argument 'cmake_args' from command line to 'None'
[2.824s] Level 5:colcon.colcon_core.verb:set package 'detection_bridge' build argument 'cmake_target' from command line to 'None'
[2.825s] Level 5:colcon.colcon_core.verb:set package 'detection_bridge' build argument 'cmake_target_skip_unavailable' from command line to 'False'
[2.825s] Level 5:colcon.colcon_core.verb:set package 'detection_bridge' build argument 'cmake_clean_cache' from command line to 'False'
[2.825s] Level 5:colcon.colcon_core.verb:set package 'detection_bridge' build argument 'cmake_clean_first' from command line to 'False'
[2.825s] Level 5:colcon.colcon_core.verb:set package 'detection_bridge' build argument 'cmake_force_configure' from command line to 'False'
[2.825s] Level 5:colcon.colcon_core.verb:set package 'detection_bridge' build argument 'ament_cmake_args' from command line to 'None'
[2.825s] Level 5:colcon.colcon_core.verb:set package 'detection_bridge' build argument 'catkin_cmake_args' from command line to 'None'
[2.826s] Level 5:colcon.colcon_core.verb:set package 'detection_bridge' build argument 'catkin_skip_building_tests' from command line to 'False'
[2.826s] DEBUG:colcon.colcon_core.verb:Building package 'detection_bridge' with the following arguments: {'ament_cmake_args': None, 'build_base': '/userdata/BPU_bl_ws/build/detection_bridge', 'catkin_cmake_args': None, 'catkin_skip_building_tests': False, 'cmake_args': None, 'cmake_clean_cache': False, 'cmake_clean_first': False, 'cmake_force_configure': False, 'cmake_target': None, 'cmake_target_skip_unavailable': False, 'install_base': '/userdata/BPU_bl_ws/install/detection_bridge', 'merge_install': False, 'path': '/userdata/BPU_bl_ws/src/detection_bridge', 'symlink_install': True, 'test_result_base': None}
[2.827s] INFO:colcon.colcon_core.executor:Executing jobs using 'parallel' executor
[2.832s] DEBUG:colcon.colcon_parallel_executor.executor.parallel:run_until_complete
[2.834s] INFO:colcon.colcon_ros.task.ament_cmake.build:Building ROS package in '/userdata/BPU_bl_ws/src/bpu_bringup' with build type 'ament_cmake'
[2.835s] INFO:colcon.colcon_cmake.task.cmake.build:Building CMake package in '/userdata/BPU_bl_ws/src/bpu_bringup'
[2.849s] INFO:colcon.colcon_core.plugin_system:Skipping extension 'colcon_core.shell.bat': Not used on non-Windows systems
[2.851s] INFO:colcon.colcon_core.shell:Skip shell extension 'powershell' for command environment: Not usable outside of PowerShell
[2.851s] DEBUG:colcon.colcon_core.shell:Skip shell extension 'dsv' for command environment
[2.889s] INFO:colcon.colcon_ros.task.ament_python.build:Building ROS package in '/userdata/BPU_bl_ws/src/detection_bridge' with build type 'ament_python'
[2.890s] Level 1:colcon.colcon_core.shell:create_environment_hook('detection_bridge', 'ament_prefix_path')
[2.892s] INFO:colcon.colcon_core.shell:Creating environment hook '/userdata/BPU_bl_ws/install/detection_bridge/share/detection_bridge/hook/ament_prefix_path.ps1'
[2.897s] INFO:colcon.colcon_core.shell:Creating environment descriptor '/userdata/BPU_bl_ws/install/detection_bridge/share/detection_bridge/hook/ament_prefix_path.dsv'
[2.900s] INFO:colcon.colcon_core.shell:Creating environment hook '/userdata/BPU_bl_ws/install/detection_bridge/share/detection_bridge/hook/ament_prefix_path.sh'
[2.905s] INFO:colcon.colcon_core.shell:Skip shell extension 'powershell' for command environment: Not usable outside of PowerShell
[2.905s] DEBUG:colcon.colcon_core.shell:Skip shell extension 'dsv' for command environment
[2.967s] DEBUG:colcon.colcon_core.event_handler.log_command:Invoking command in '/userdata/BPU_bl_ws/build/bpu_bringup': CMAKE_PREFIX_PATH=${CMAKE_PREFIX_PATH}:/userdata/control_ws/install/task_controller:/userdata/BPU_bl_ws/install/qr_decoder:/userdata/BPU_bl_ws/install/detection_bridge:/userdata/dev_ws/install/line_follower_pkg:/opt/tros/humble:/opt/ros/humble /usr/bin/cmake --build /userdata/BPU_bl_ws/build/bpu_bringup -- -j8 -l8
[4.939s] INFO:colcon.colcon_core.task.python.build:Building Python package in '/userdata/BPU_bl_ws/src/detection_bridge'
[4.941s] INFO:colcon.colcon_core.shell:Skip shell extension 'powershell' for command environment: Not usable outside of PowerShell
[4.942s] DEBUG:colcon.colcon_core.shell:Skip shell extension 'dsv' for command environment
[4.988s] DEBUG:colcon.colcon_core.event_handler.log_command:Invoked command in '/userdata/BPU_bl_ws/build/bpu_bringup' returned '0': CMAKE_PREFIX_PATH=${CMAKE_PREFIX_PATH}:/userdata/control_ws/install/task_controller:/userdata/BPU_bl_ws/install/qr_decoder:/userdata/BPU_bl_ws/install/detection_bridge:/userdata/dev_ws/install/line_follower_pkg:/opt/tros/humble:/opt/ros/humble /usr/bin/cmake --build /userdata/BPU_bl_ws/build/bpu_bringup -- -j8 -l8
[5.036s] DEBUG:colcon.colcon_core.event_handler.log_command:Invoking command in '/userdata/BPU_bl_ws/build/bpu_bringup': CMAKE_PREFIX_PATH=${CMAKE_PREFIX_PATH}:/userdata/control_ws/install/task_controller:/userdata/BPU_bl_ws/install/qr_decoder:/userdata/BPU_bl_ws/install/detection_bridge:/userdata/dev_ws/install/line_follower_pkg:/opt/tros/humble:/opt/ros/humble /usr/bin/cmake --install /userdata/BPU_bl_ws/build/bpu_bringup
[5.136s] Level 1:colcon.colcon_core.environment:create_environment_scripts_only(bpu_bringup)
[5.139s] DEBUG:colcon.colcon_core.event_handler.log_command:Invoked command in '/userdata/BPU_bl_ws/build/bpu_bringup' returned '0': CMAKE_PREFIX_PATH=${CMAKE_PREFIX_PATH}:/userdata/control_ws/install/task_controller:/userdata/BPU_bl_ws/install/qr_decoder:/userdata/BPU_bl_ws/install/detection_bridge:/userdata/dev_ws/install/line_follower_pkg:/opt/tros/humble:/opt/ros/humble /usr/bin/cmake --install /userdata/BPU_bl_ws/build/bpu_bringup
[5.154s] Level 1:colcon.colcon_core.environment:checking '/userdata/BPU_bl_ws/install/bpu_bringup' for CMake module files
[5.158s] Level 1:colcon.colcon_core.environment:checking '/userdata/BPU_bl_ws/install/bpu_bringup' for CMake config files
[5.159s] Level 1:colcon.colcon_core.shell:create_environment_hook('bpu_bringup', 'cmake_prefix_path')
[5.161s] INFO:colcon.colcon_core.shell:Creating environment hook '/userdata/BPU_bl_ws/install/bpu_bringup/share/bpu_bringup/hook/cmake_prefix_path.ps1'
[5.164s] INFO:colcon.colcon_core.shell:Creating environment descriptor '/userdata/BPU_bl_ws/install/bpu_bringup/share/bpu_bringup/hook/cmake_prefix_path.dsv'
[5.167s] INFO:colcon.colcon_core.shell:Creating environment hook '/userdata/BPU_bl_ws/install/bpu_bringup/share/bpu_bringup/hook/cmake_prefix_path.sh'
[5.172s] Level 1:colcon.colcon_core.environment:checking '/userdata/BPU_bl_ws/install/bpu_bringup/bin'
[5.172s] Level 1:colcon.colcon_core.environment:checking '/userdata/BPU_bl_ws/install/bpu_bringup/lib/pkgconfig/bpu_bringup.pc'
[5.174s] Level 1:colcon.colcon_core.environment:checking '/userdata/BPU_bl_ws/install/bpu_bringup/lib/python3.10/site-packages'
[5.176s] Level 1:colcon.colcon_core.environment:checking '/userdata/BPU_bl_ws/install/bpu_bringup/bin'
[5.178s] INFO:colcon.colcon_core.shell:Creating package script '/userdata/BPU_bl_ws/install/bpu_bringup/share/bpu_bringup/package.ps1'
[5.184s] INFO:colcon.colcon_core.shell:Creating package descriptor '/userdata/BPU_bl_ws/install/bpu_bringup/share/bpu_bringup/package.dsv'
[5.188s] INFO:colcon.colcon_core.shell:Creating package script '/userdata/BPU_bl_ws/install/bpu_bringup/share/bpu_bringup/package.sh'
[5.193s] INFO:colcon.colcon_core.shell:Creating package script '/userdata/BPU_bl_ws/install/bpu_bringup/share/bpu_bringup/package.bash'
[5.200s] INFO:colcon.colcon_core.shell:Creating package script '/userdata/BPU_bl_ws/install/bpu_bringup/share/bpu_bringup/package.zsh'
[5.205s] Level 1:colcon.colcon_core.environment:create_file_with_runtime_dependencies(/userdata/BPU_bl_ws/install/bpu_bringup/share/colcon-core/packages/bpu_bringup)
[5.209s] Level 1:colcon.colcon_core.environment:create_environment_scripts_only(bpu_bringup)
[5.211s] Level 1:colcon.colcon_core.environment:checking '/userdata/BPU_bl_ws/install/bpu_bringup' for CMake module files
[5.214s] Level 1:colcon.colcon_core.environment:checking '/userdata/BPU_bl_ws/install/bpu_bringup' for CMake config files
[5.216s] Level 1:colcon.colcon_core.shell:create_environment_hook('bpu_bringup', 'cmake_prefix_path')
[5.217s] INFO:colcon.colcon_core.shell:Creating environment hook '/userdata/BPU_bl_ws/install/bpu_bringup/share/bpu_bringup/hook/cmake_prefix_path.ps1'
[5.220s] INFO:colcon.colcon_core.shell:Creating environment descriptor '/userdata/BPU_bl_ws/install/bpu_bringup/share/bpu_bringup/hook/cmake_prefix_path.dsv'
[5.223s] INFO:colcon.colcon_core.shell:Creating environment hook '/userdata/BPU_bl_ws/install/bpu_bringup/share/bpu_bringup/hook/cmake_prefix_path.sh'
[5.227s] Level 1:colcon.colcon_core.environment:checking '/userdata/BPU_bl_ws/install/bpu_bringup/bin'
[5.228s] Level 1:colcon.colcon_core.environment:checking '/userdata/BPU_bl_ws/install/bpu_bringup/lib/pkgconfig/bpu_bringup.pc'
[5.230s] Level 1:colcon.colcon_core.environment:checking '/userdata/BPU_bl_ws/install/bpu_bringup/lib/python3.10/site-packages'
[5.231s] Level 1:colcon.colcon_core.environment:checking '/userdata/BPU_bl_ws/install/bpu_bringup/bin'
[5.234s] INFO:colcon.colcon_core.shell:Creating package script '/userdata/BPU_bl_ws/install/bpu_bringup/share/bpu_bringup/package.ps1'
[5.237s] INFO:colcon.colcon_core.shell:Creating package descriptor '/userdata/BPU_bl_ws/install/bpu_bringup/share/bpu_bringup/package.dsv'
[5.241s] INFO:colcon.colcon_core.shell:Creating package script '/userdata/BPU_bl_ws/install/bpu_bringup/share/bpu_bringup/package.sh'
[5.244s] INFO:colcon.colcon_core.shell:Creating package script '/userdata/BPU_bl_ws/install/bpu_bringup/share/bpu_bringup/package.bash'
[5.248s] INFO:colcon.colcon_core.shell:Creating package script '/userdata/BPU_bl_ws/install/bpu_bringup/share/bpu_bringup/package.zsh'
[5.251s] Level 1:colcon.colcon_core.environment:create_file_with_runtime_dependencies(/userdata/BPU_bl_ws/install/bpu_bringup/share/colcon-core/packages/bpu_bringup)
[7.742s] DEBUG:colcon.colcon_core.event_handler.log_command:Invoking command in '/userdata/BPU_bl_ws/build/detection_bridge': CMAKE_PREFIX_PATH=/userdata/BPU_bl_ws/install/detection_interfaces:/userdata/navi_ws/install/navi_bringup:/userdata/base_ws/install/origincar_bringup:/userdata/BPU_bl_ws/install/utils:/userdata/BPU_bl_ws/install/bpu_bringup:/userdata/dev_ws/install/utils:/userdata/dev_ws/install/origincar_base:/userdata/dev_ws/install/serial:/userdata/dev_ws/install/origincar_msg:/userdata/dev_ws/install/origincar_description:/userdata/dev_ws/install/origincar_bringup:/userdata/dev_ws/install/ackermann_msgs LD_LIBRARY_PATH=/userdata/BPU_bl_ws/install/detection_interfaces/lib:/userdata/navi_ws/install/navi_bringup/lib:/userdata/dev_ws/install/origincar_base/lib:/userdata/dev_ws/install/serial/lib:/userdata/dev_ws/install/origincar_msg/lib:/userdata/dev_ws/install/ackermann_msgs/lib:/opt/tros/humble/lib/aarch64-linux-gnu:/opt/tros/humble/lib:/opt/ros/humble/opt/rviz_ogre_vendor/lib:/opt/ros/humble/lib/aarch64-linux-gnu:/opt/ros/humble/lib PYTHONPATH=/userdata/BPU_bl_ws/build/detection_bridge/prefix_override:/usr/lib/python3/dist-packages/colcon_core/task/python/colcon_distutils_commands:/userdata/BPU_bl_ws/install/detection_bridge/lib/python3.10/site-packages:${PYTHONPATH} /usr/bin/python3 -W ignore:setup.py install is deprecated -W ignore:easy_install command is deprecated setup.py develop --editable --build-directory /userdata/BPU_bl_ws/build/detection_bridge/build --no-deps symlink_data
[11.261s] Level 1:colcon.colcon_core.shell:create_environment_hook('detection_bridge', 'pythonpath_develop')
[11.263s] INFO:colcon.colcon_core.shell:Creating environment hook '/userdata/BPU_bl_ws/build/detection_bridge/share/detection_bridge/hook/pythonpath_develop.ps1'
[11.266s] DEBUG:colcon.colcon_core.event_handler.log_command:Invoked command in '/userdata/BPU_bl_ws/build/detection_bridge' returned '0': CMAKE_PREFIX_PATH=/userdata/BPU_bl_ws/install/detection_interfaces:/userdata/navi_ws/install/navi_bringup:/userdata/base_ws/install/origincar_bringup:/userdata/BPU_bl_ws/install/utils:/userdata/BPU_bl_ws/install/bpu_bringup:/userdata/dev_ws/install/utils:/userdata/dev_ws/install/origincar_base:/userdata/dev_ws/install/serial:/userdata/dev_ws/install/origincar_msg:/userdata/dev_ws/install/origincar_description:/userdata/dev_ws/install/origincar_bringup:/userdata/dev_ws/install/ackermann_msgs LD_LIBRARY_PATH=/userdata/BPU_bl_ws/install/detection_interfaces/lib:/userdata/navi_ws/install/navi_bringup/lib:/userdata/dev_ws/install/origincar_base/lib:/userdata/dev_ws/install/serial/lib:/userdata/dev_ws/install/origincar_msg/lib:/userdata/dev_ws/install/ackermann_msgs/lib:/opt/tros/humble/lib/aarch64-linux-gnu:/opt/tros/humble/lib:/opt/ros/humble/opt/rviz_ogre_vendor/lib:/opt/ros/humble/lib/aarch64-linux-gnu:/opt/ros/humble/lib PYTHONPATH=/userdata/BPU_bl_ws/build/detection_bridge/prefix_override:/usr/lib/python3/dist-packages/colcon_core/task/python/colcon_distutils_commands:/userdata/BPU_bl_ws/install/detection_bridge/lib/python3.10/site-packages:${PYTHONPATH} /usr/bin/python3 -W ignore:setup.py install is deprecated -W ignore:easy_install command is deprecated setup.py develop --editable --build-directory /userdata/BPU_bl_ws/build/detection_bridge/build --no-deps symlink_data
[11.269s] INFO:colcon.colcon_core.shell:Creating environment descriptor '/userdata/BPU_bl_ws/build/detection_bridge/share/detection_bridge/hook/pythonpath_develop.dsv'
[11.272s] INFO:colcon.colcon_core.shell:Creating environment hook '/userdata/BPU_bl_ws/build/detection_bridge/share/detection_bridge/hook/pythonpath_develop.sh'
[11.277s] Level 1:colcon.colcon_core.environment:checking '/userdata/BPU_bl_ws/install/detection_bridge' for CMake module files
[11.280s] Level 1:colcon.colcon_core.environment:checking '/userdata/BPU_bl_ws/install/detection_bridge' for CMake config files
[11.283s] Level 1:colcon.colcon_core.environment:checking '/userdata/BPU_bl_ws/install/detection_bridge/lib'
[11.284s] Level 1:colcon.colcon_core.environment:checking '/userdata/BPU_bl_ws/install/detection_bridge/bin'
[11.285s] Level 1:colcon.colcon_core.shell:create_environment_hook('detection_bridge', 'path')
[11.287s] INFO:colcon.colcon_core.shell:Creating environment hook '/userdata/BPU_bl_ws/install/detection_bridge/share/detection_bridge/hook/path.ps1'
[11.289s] INFO:colcon.colcon_core.shell:Creating environment descriptor '/userdata/BPU_bl_ws/install/detection_bridge/share/detection_bridge/hook/path.dsv'
[11.292s] INFO:colcon.colcon_core.shell:Creating environment hook '/userdata/BPU_bl_ws/install/detection_bridge/share/detection_bridge/hook/path.sh'
[11.294s] Level 1:colcon.colcon_core.environment:checking '/userdata/BPU_bl_ws/install/detection_bridge/lib/pkgconfig/detection_bridge.pc'
[11.296s] Level 1:colcon.colcon_core.environment:checking '/userdata/BPU_bl_ws/install/detection_bridge/lib/python3.10/site-packages'
[11.296s] Level 1:colcon.colcon_core.shell:create_environment_hook('detection_bridge', 'pythonpath')
[11.298s] INFO:colcon.colcon_core.shell:Creating environment hook '/userdata/BPU_bl_ws/install/detection_bridge/share/detection_bridge/hook/pythonpath.ps1'
[11.301s] INFO:colcon.colcon_core.shell:Creating environment descriptor '/userdata/BPU_bl_ws/install/detection_bridge/share/detection_bridge/hook/pythonpath.dsv'
[11.303s] INFO:colcon.colcon_core.shell:Creating environment hook '/userdata/BPU_bl_ws/install/detection_bridge/share/detection_bridge/hook/pythonpath.sh'
[11.308s] Level 1:colcon.colcon_core.environment:checking '/userdata/BPU_bl_ws/install/detection_bridge/bin'
[11.308s] Level 1:colcon.colcon_core.shell:create_environment_hook('detection_bridge', 'pythonscriptspath')
[11.310s] INFO:colcon.colcon_core.shell:Creating environment hook '/userdata/BPU_bl_ws/install/detection_bridge/share/detection_bridge/hook/pythonscriptspath.ps1'
[11.312s] INFO:colcon.colcon_core.shell:Creating environment descriptor '/userdata/BPU_bl_ws/install/detection_bridge/share/detection_bridge/hook/pythonscriptspath.dsv'
[11.315s] INFO:colcon.colcon_core.shell:Creating environment hook '/userdata/BPU_bl_ws/install/detection_bridge/share/detection_bridge/hook/pythonscriptspath.sh'
[11.317s] Level 1:colcon.colcon_core.environment:create_environment_scripts_only(detection_bridge)
[11.320s] INFO:colcon.colcon_core.shell:Creating package script '/userdata/BPU_bl_ws/install/detection_bridge/share/detection_bridge/package.ps1'
[11.324s] INFO:colcon.colcon_core.shell:Creating package descriptor '/userdata/BPU_bl_ws/install/detection_bridge/share/detection_bridge/package.dsv'
[11.328s] INFO:colcon.colcon_core.shell:Creating package script '/userdata/BPU_bl_ws/install/detection_bridge/share/detection_bridge/package.sh'
[11.332s] INFO:colcon.colcon_core.shell:Creating package script '/userdata/BPU_bl_ws/install/detection_bridge/share/detection_bridge/package.bash'
[11.334s] INFO:colcon.colcon_core.shell:Creating package script '/userdata/BPU_bl_ws/install/detection_bridge/share/detection_bridge/package.zsh'
[11.336s] Level 1:colcon.colcon_core.environment:create_file_with_runtime_dependencies(/userdata/BPU_bl_ws/install/detection_bridge/share/colcon-core/packages/detection_bridge)
[11.337s] DEBUG:colcon.colcon_parallel_executor.executor.parallel:closing loop
[11.338s] DEBUG:colcon.colcon_parallel_executor.executor.parallel:loop closed
[11.339s] DEBUG:colcon.colcon_parallel_executor.executor.parallel:run_until_complete finished with '0'
[11.339s] DEBUG:colcon.colcon_core.event_reactor:joining thread
[11.375s] INFO:colcon.colcon_core.plugin_system:Skipping extension 'colcon_notification.desktop_notification.terminal_notifier': Not used on non-Darwin systems
[11.376s] INFO:colcon.colcon_core.plugin_system:Skipping extension 'colcon_notification.desktop_notification.win32': Not used on non-Windows systems
[11.377s] INFO:colcon.colcon_notification.desktop_notification:Sending desktop notification using 'notify2'
[36.403s] DEBUG:colcon.colcon_notification.desktop_notification.notify2:Failed to initialize notify2: org.freedesktop.DBus.Error.NoReply: Did not receive a reply. Possible causes include: the remote application did not send a reply, the message bus security policy blocked the reply, the reply timeout expired, or the network connection was broken.
[36.404s] DEBUG:colcon.colcon_core.event_reactor:joined thread
[36.406s] INFO:colcon.colcon_core.shell:Creating prefix script '/userdata/BPU_bl_ws/install/local_setup.ps1'
[36.413s] INFO:colcon.colcon_core.shell:Creating prefix util module '/userdata/BPU_bl_ws/install/_local_setup_util_ps1.py'
[36.425s] INFO:colcon.colcon_core.shell:Creating prefix chain script '/userdata/BPU_bl_ws/install/setup.ps1'
[36.446s] INFO:colcon.colcon_core.shell:Creating prefix script '/userdata/BPU_bl_ws/install/local_setup.sh'
[36.451s] INFO:colcon.colcon_core.shell:Creating prefix util module '/userdata/BPU_bl_ws/install/_local_setup_util_sh.py'
[36.456s] INFO:colcon.colcon_core.shell:Creating prefix chain script '/userdata/BPU_bl_ws/install/setup.sh'
[36.469s] INFO:colcon.colcon_core.shell:Creating prefix script '/userdata/BPU_bl_ws/install/local_setup.bash'
[36.473s] INFO:colcon.colcon_core.shell:Creating prefix chain script '/userdata/BPU_bl_ws/install/setup.bash'
[36.486s] INFO:colcon.colcon_core.shell:Creating prefix script '/userdata/BPU_bl_ws/install/local_setup.zsh'
[36.490s] INFO:colcon.colcon_core.shell:Creating prefix chain script '/userdata/BPU_bl_ws/install/setup.zsh'
