-- Found ament_cmake: 1.3.10 (/opt/ros/humble/share/ament_cmake/cmake)
-- Override CMake install command with custom implementation using symlinks instead of copying resources
-- Found std_msgs: 4.2.4 (/opt/ros/humble/share/std_msgs/cmake)
-- Found rosidl_generator_c: 3.1.5 (/opt/ros/humble/share/rosidl_generator_c/cmake)
-- Found rosidl_adapter: 3.1.5 (/opt/ros/humble/share/rosidl_adapter/cmake)
-- Found rosidl_generator_cpp: 3.1.5 (/opt/ros/humble/share/rosidl_generator_cpp/cmake)
-- Using all available rosidl_typesupport_c: rosidl_typesupport_fastrtps_c;rosidl_typesupport_introspection_c
-- Using all available rosidl_typesupport_cpp: rosidl_typesupport_fastrtps_cpp;rosidl_typesupport_introspection_cpp
-- Found rosidl_default_generators: 1.2.1 (/opt/ros/humble/share/rosidl_default_generators/cmake)
-- Found ament_cmake_ros: 0.10.0 (/opt/ros/humble/share/ament_cmake_ros/cmake)
-- Using all available rosidl_typesupport_c: rosidl_typesupport_fastrtps_c;rosidl_typesupport_introspection_c
-- Using all available rosidl_typesupport_cpp: rosidl_typesupport_fastrtps_cpp;rosidl_typesupport_introspection_cpp
-- Found python_cmake_module: 0.10.0 (/opt/ros/humble/share/python_cmake_module/cmake)
-- Using PYTHON_EXECUTABLE: /usr/bin/python3
-- Using PYTHON_INCLUDE_DIRS: /usr/include/python3.10
-- Using PYTHON_LIBRARIES: /usr/lib/aarch64-linux-gnu/libpython3.10.so
-- Configuring done
-- Generating done
-- Build files have been written to: /userdata/BPU_bl_ws/build/detection_interfaces
[  2%] Generating C code for ROS interfaces
[  7%] Generating C++ code for ROS interfaces
[  7%] Generating Rust code for ROS interfaces
[  7%] Built target ament_cmake_python_symlink_detection_interfaces
running egg_info
writing detection_interfaces.egg-info/PKG-INFO
writing dependency_links to detection_interfaces.egg-info/dependency_links.txt
writing top-level names to detection_interfaces.egg-info/top_level.txt
reading manifest file 'detection_interfaces.egg-info/SOURCES.txt'
writing manifest file 'detection_interfaces.egg-info/SOURCES.txt'
[  7%] Built target ament_cmake_python_build_detection_interfaces_egg
[  7%] Built target detection_interfaces__rs
[  7%] Built target detection_interfaces__cpp
[ 15%] Generating C++ type support dispatch for ROS interfaces
[ 15%] Generating C++ type support for eProsima Fast-RTPS
[ 15%] Generating C++ introspection for ROS interfaces
Consolidate compiler generated dependencies of target detection_interfaces__rosidl_generator_c
[ 17%] Building C object CMakeFiles/detection_interfaces__rosidl_generator_c.dir/rosidl_generator_c/detection_interfaces/msg/detail/detection_result__functions.c.o
[ 20%] Building C object CMakeFiles/detection_interfaces__rosidl_generator_c.dir/rosidl_generator_c/detection_interfaces/msg/detail/detection_array__functions.c.o
[ 22%] Linking C shared library libdetection_interfaces__rosidl_generator_c.so
[ 22%] Built target detection_interfaces__rosidl_generator_c
[ 25%] Generating C introspection for ROS interfaces
[ 27%] Generating C type support for eProsima Fast-RTPS
[ 30%] Generating C type support dispatch for ROS interfaces
Consolidate compiler generated dependencies of target detection_interfaces__rosidl_typesupport_cpp
[ 32%] Building CXX object CMakeFiles/detection_interfaces__rosidl_typesupport_cpp.dir/rosidl_typesupport_cpp/detection_interfaces/msg/detection_result__type_support.cpp.o
[ 35%] Building CXX object CMakeFiles/detection_interfaces__rosidl_typesupport_cpp.dir/rosidl_typesupport_cpp/detection_interfaces/msg/detection_array__type_support.cpp.o
Consolidate compiler generated dependencies of target detection_interfaces__rosidl_typesupport_introspection_cpp
[ 37%] Building CXX object CMakeFiles/detection_interfaces__rosidl_typesupport_introspection_cpp.dir/rosidl_typesupport_introspection_cpp/detection_interfaces/msg/detail/detection_result__type_support.cpp.o
[ 40%] Building CXX object CMakeFiles/detection_interfaces__rosidl_typesupport_introspection_cpp.dir/rosidl_typesupport_introspection_cpp/detection_interfaces/msg/detail/detection_array__type_support.cpp.o
Consolidate compiler generated dependencies of target detection_interfaces__rosidl_typesupport_fastrtps_cpp
[ 42%] Building CXX object CMakeFiles/detection_interfaces__rosidl_typesupport_fastrtps_cpp.dir/rosidl_typesupport_fastrtps_cpp/detection_interfaces/msg/detail/dds_fastrtps/detection_result__type_support.cpp.o
Consolidate compiler generated dependencies of target detection_interfaces__rosidl_typesupport_c
[ 45%] Building CXX object CMakeFiles/detection_interfaces__rosidl_typesupport_c.dir/rosidl_typesupport_c/detection_interfaces/msg/detection_result__type_support.cpp.o
[ 47%] Building CXX object CMakeFiles/detection_interfaces__rosidl_typesupport_c.dir/rosidl_typesupport_c/detection_interfaces/msg/detection_array__type_support.cpp.o
Consolidate compiler generated dependencies of target detection_interfaces__rosidl_typesupport_introspection_c
[ 50%] Building C object CMakeFiles/detection_interfaces__rosidl_typesupport_introspection_c.dir/rosidl_typesupport_introspection_c/detection_interfaces/msg/detail/detection_result__type_support.c.o
Consolidate compiler generated dependencies of target detection_interfaces__rosidl_typesupport_fastrtps_c
[ 52%] Linking CXX shared library libdetection_interfaces__rosidl_typesupport_c.so
[ 55%] Building CXX object CMakeFiles/detection_interfaces__rosidl_typesupport_fastrtps_c.dir/rosidl_typesupport_fastrtps_c/detection_interfaces/msg/detail/detection_result__type_support_c.cpp.o
[ 57%] Building C object CMakeFiles/detection_interfaces__rosidl_typesupport_introspection_c.dir/rosidl_typesupport_introspection_c/detection_interfaces/msg/detail/detection_array__type_support.c.o
[ 57%] Built target detection_interfaces__rosidl_typesupport_c
[ 60%] Building CXX object CMakeFiles/detection_interfaces__rosidl_typesupport_fastrtps_cpp.dir/rosidl_typesupport_fastrtps_cpp/detection_interfaces/msg/detail/dds_fastrtps/detection_array__type_support.cpp.o
[ 62%] Linking C shared library libdetection_interfaces__rosidl_typesupport_introspection_c.so
[ 62%] Built target detection_interfaces__rosidl_typesupport_introspection_c
[ 65%] Building CXX object CMakeFiles/detection_interfaces__rosidl_typesupport_fastrtps_c.dir/rosidl_typesupport_fastrtps_c/detection_interfaces/msg/detail/detection_array__type_support_c.cpp.o
[ 67%] Linking CXX shared library libdetection_interfaces__rosidl_typesupport_cpp.so
[ 67%] Built target detection_interfaces__rosidl_typesupport_cpp
[ 70%] Linking CXX shared library libdetection_interfaces__rosidl_typesupport_introspection_cpp.so
[ 70%] Built target detection_interfaces__rosidl_typesupport_introspection_cpp
[ 72%] Linking CXX shared library libdetection_interfaces__rosidl_typesupport_fastrtps_c.so
[ 75%] Linking CXX shared library libdetection_interfaces__rosidl_typesupport_fastrtps_cpp.so
[ 75%] Built target detection_interfaces__rosidl_typesupport_fastrtps_c
[ 75%] Built target detection_interfaces__rosidl_typesupport_fastrtps_cpp
[ 75%] Built target detection_interfaces
[ 77%] Generating Python code for ROS interfaces
[ 77%] Built target detection_interfaces__py
Consolidate compiler generated dependencies of target detection_interfaces__rosidl_generator_py
[ 82%] Building C object CMakeFiles/detection_interfaces__rosidl_generator_py.dir/rosidl_generator_py/detection_interfaces/msg/_detection_result_s.c.o
[ 82%] Building C object CMakeFiles/detection_interfaces__rosidl_generator_py.dir/rosidl_generator_py/detection_interfaces/msg/_detection_array_s.c.o
[ 85%] Linking C shared library rosidl_generator_py/detection_interfaces/libdetection_interfaces__rosidl_generator_py.so
[ 85%] Built target detection_interfaces__rosidl_generator_py
Consolidate compiler generated dependencies of target detection_interfaces__rosidl_typesupport_c__pyext
Consolidate compiler generated dependencies of target detection_interfaces__rosidl_typesupport_fastrtps_c__pyext
Consolidate compiler generated dependencies of target detection_interfaces__rosidl_typesupport_introspection_c__pyext
[ 92%] Building C object CMakeFiles/detection_interfaces__rosidl_typesupport_c__pyext.dir/rosidl_generator_py/detection_interfaces/_detection_interfaces_s.ep.rosidl_typesupport_c.c.o
[ 92%] Building C object CMakeFiles/detection_interfaces__rosidl_typesupport_fastrtps_c__pyext.dir/rosidl_generator_py/detection_interfaces/_detection_interfaces_s.ep.rosidl_typesupport_fastrtps_c.c.o
[ 92%] Building C object CMakeFiles/detection_interfaces__rosidl_typesupport_introspection_c__pyext.dir/rosidl_generator_py/detection_interfaces/_detection_interfaces_s.ep.rosidl_typesupport_introspection_c.c.o
[ 97%] Linking C shared library rosidl_generator_py/detection_interfaces/detection_interfaces_s__rosidl_typesupport_c.cpython-310-aarch64-linux-gnu.so
[ 97%] Linking C shared library rosidl_generator_py/detection_interfaces/detection_interfaces_s__rosidl_typesupport_fastrtps_c.cpython-310-aarch64-linux-gnu.so
[100%] Linking C shared library rosidl_generator_py/detection_interfaces/detection_interfaces_s__rosidl_typesupport_introspection_c.cpython-310-aarch64-linux-gnu.so
[100%] Built target detection_interfaces__rosidl_typesupport_fastrtps_c__pyext
[100%] Built target detection_interfaces__rosidl_typesupport_c__pyext
[100%] Built target detection_interfaces__rosidl_typesupport_introspection_c__pyext
-- Install configuration: ""
-- Execute custom install script
-- Up-to-date symlink: /userdata/BPU_bl_ws/install/detection_interfaces/share/ament_index/resource_index/rosidl_interfaces/detection_interfaces
-- Up-to-date symlink: /userdata/BPU_bl_ws/install/detection_interfaces/include/detection_interfaces/detection_interfaces/msg/detail/detection_array__functions.h
-- Up-to-date symlink: /userdata/BPU_bl_ws/install/detection_interfaces/include/detection_interfaces/detection_interfaces/msg/detail/detection_array__struct.h
-- Up-to-date symlink: /userdata/BPU_bl_ws/install/detection_interfaces/include/detection_interfaces/detection_interfaces/msg/detail/detection_array__type_support.h
-- Up-to-date symlink: /userdata/BPU_bl_ws/install/detection_interfaces/include/detection_interfaces/detection_interfaces/msg/detail/detection_result__functions.h
-- Up-to-date symlink: /userdata/BPU_bl_ws/install/detection_interfaces/include/detection_interfaces/detection_interfaces/msg/detail/detection_result__struct.h
-- Up-to-date symlink: /userdata/BPU_bl_ws/install/detection_interfaces/include/detection_interfaces/detection_interfaces/msg/detail/detection_result__type_support.h
-- Up-to-date symlink: /userdata/BPU_bl_ws/install/detection_interfaces/include/detection_interfaces/detection_interfaces/msg/detection_array.h
-- Up-to-date symlink: /userdata/BPU_bl_ws/install/detection_interfaces/include/detection_interfaces/detection_interfaces/msg/detection_result.h
-- Up-to-date symlink: /userdata/BPU_bl_ws/install/detection_interfaces/include/detection_interfaces/detection_interfaces/msg/rosidl_generator_c__visibility_control.h
-- Up-to-date symlink: /userdata/BPU_bl_ws/install/detection_interfaces/share/detection_interfaces/environment/library_path.sh
-- Up-to-date symlink: /userdata/BPU_bl_ws/install/detection_interfaces/share/detection_interfaces/environment/library_path.dsv
-- Up-to-date symlink: /userdata/BPU_bl_ws/install/detection_interfaces/include/detection_interfaces/detection_interfaces/msg/detail/detection_array__rosidl_typesupport_fastrtps_c.h
-- Up-to-date symlink: /userdata/BPU_bl_ws/install/detection_interfaces/include/detection_interfaces/detection_interfaces/msg/detail/detection_result__rosidl_typesupport_fastrtps_c.h
-- Up-to-date symlink: /userdata/BPU_bl_ws/install/detection_interfaces/include/detection_interfaces/detection_interfaces/msg/rosidl_typesupport_fastrtps_c__visibility_control.h
-- Up-to-date symlink: /userdata/BPU_bl_ws/install/detection_interfaces/include/detection_interfaces/detection_interfaces/msg/detail/detection_array__builder.hpp
-- Up-to-date symlink: /userdata/BPU_bl_ws/install/detection_interfaces/include/detection_interfaces/detection_interfaces/msg/detail/detection_array__struct.hpp
-- Up-to-date symlink: /userdata/BPU_bl_ws/install/detection_interfaces/include/detection_interfaces/detection_interfaces/msg/detail/detection_array__traits.hpp
-- Up-to-date symlink: /userdata/BPU_bl_ws/install/detection_interfaces/include/detection_interfaces/detection_interfaces/msg/detail/detection_result__builder.hpp
-- Up-to-date symlink: /userdata/BPU_bl_ws/install/detection_interfaces/include/detection_interfaces/detection_interfaces/msg/detail/detection_result__struct.hpp
-- Up-to-date symlink: /userdata/BPU_bl_ws/install/detection_interfaces/include/detection_interfaces/detection_interfaces/msg/detail/detection_result__traits.hpp
-- Up-to-date symlink: /userdata/BPU_bl_ws/install/detection_interfaces/include/detection_interfaces/detection_interfaces/msg/detection_array.hpp
-- Up-to-date symlink: /userdata/BPU_bl_ws/install/detection_interfaces/include/detection_interfaces/detection_interfaces/msg/detection_result.hpp
-- Up-to-date symlink: /userdata/BPU_bl_ws/install/detection_interfaces/include/detection_interfaces/detection_interfaces/msg/detail/detection_array__rosidl_typesupport_fastrtps_cpp.hpp
-- Up-to-date symlink: /userdata/BPU_bl_ws/install/detection_interfaces/include/detection_interfaces/detection_interfaces/msg/detail/detection_result__rosidl_typesupport_fastrtps_cpp.hpp
-- Up-to-date symlink: /userdata/BPU_bl_ws/install/detection_interfaces/include/detection_interfaces/detection_interfaces/msg/rosidl_typesupport_fastrtps_cpp__visibility_control.h
-- Up-to-date symlink: /userdata/BPU_bl_ws/install/detection_interfaces/include/detection_interfaces/detection_interfaces/msg/detail/detection_array__rosidl_typesupport_introspection_c.h
-- Up-to-date symlink: /userdata/BPU_bl_ws/install/detection_interfaces/include/detection_interfaces/detection_interfaces/msg/detail/detection_result__rosidl_typesupport_introspection_c.h
-- Up-to-date symlink: /userdata/BPU_bl_ws/install/detection_interfaces/include/detection_interfaces/detection_interfaces/msg/rosidl_typesupport_introspection_c__visibility_control.h
-- Up-to-date symlink: /userdata/BPU_bl_ws/install/detection_interfaces/include/detection_interfaces/detection_interfaces/msg/detail/detection_array__rosidl_typesupport_introspection_cpp.hpp
-- Up-to-date symlink: /userdata/BPU_bl_ws/install/detection_interfaces/include/detection_interfaces/detection_interfaces/msg/detail/detection_result__rosidl_typesupport_introspection_cpp.hpp
-- Up-to-date symlink: /userdata/BPU_bl_ws/install/detection_interfaces/share/detection_interfaces/environment/pythonpath.sh
-- Up-to-date symlink: /userdata/BPU_bl_ws/install/detection_interfaces/share/detection_interfaces/environment/pythonpath.dsv
-- Up-to-date symlink: /userdata/BPU_bl_ws/install/detection_interfaces/local/lib/python3.10/dist-packages/detection_interfaces-1.0.0-py3.10.egg-info/PKG-INFO
-- Up-to-date symlink: /userdata/BPU_bl_ws/install/detection_interfaces/local/lib/python3.10/dist-packages/detection_interfaces-1.0.0-py3.10.egg-info/SOURCES.txt
-- Up-to-date symlink: /userdata/BPU_bl_ws/install/detection_interfaces/local/lib/python3.10/dist-packages/detection_interfaces-1.0.0-py3.10.egg-info/dependency_links.txt
-- Up-to-date symlink: /userdata/BPU_bl_ws/install/detection_interfaces/local/lib/python3.10/dist-packages/detection_interfaces-1.0.0-py3.10.egg-info/top_level.txt
-- Up-to-date symlink: /userdata/BPU_bl_ws/install/detection_interfaces/local/lib/python3.10/dist-packages/detection_interfaces/__init__.py
-- Up-to-date symlink: /userdata/BPU_bl_ws/install/detection_interfaces/local/lib/python3.10/dist-packages/detection_interfaces/_detection_interfaces_s.ep.rosidl_typesupport_c.c
-- Up-to-date symlink: /userdata/BPU_bl_ws/install/detection_interfaces/local/lib/python3.10/dist-packages/detection_interfaces/_detection_interfaces_s.ep.rosidl_typesupport_fastrtps_c.c
-- Up-to-date symlink: /userdata/BPU_bl_ws/install/detection_interfaces/local/lib/python3.10/dist-packages/detection_interfaces/_detection_interfaces_s.ep.rosidl_typesupport_introspection_c.c
-- Up-to-date symlink: /userdata/BPU_bl_ws/install/detection_interfaces/local/lib/python3.10/dist-packages/detection_interfaces/detection_interfaces_s__rosidl_typesupport_c.cpython-310-aarch64-linux-gnu.so
-- Up-to-date symlink: /userdata/BPU_bl_ws/install/detection_interfaces/local/lib/python3.10/dist-packages/detection_interfaces/detection_interfaces_s__rosidl_typesupport_fastrtps_c.cpython-310-aarch64-linux-gnu.so
-- Up-to-date symlink: /userdata/BPU_bl_ws/install/detection_interfaces/local/lib/python3.10/dist-packages/detection_interfaces/detection_interfaces_s__rosidl_typesupport_introspection_c.cpython-310-aarch64-linux-gnu.so
-- Up-to-date symlink: /userdata/BPU_bl_ws/install/detection_interfaces/local/lib/python3.10/dist-packages/detection_interfaces/libdetection_interfaces__rosidl_generator_py.so
-- Up-to-date symlink: /userdata/BPU_bl_ws/install/detection_interfaces/local/lib/python3.10/dist-packages/detection_interfaces/msg/__init__.py
-- Up-to-date symlink: /userdata/BPU_bl_ws/install/detection_interfaces/local/lib/python3.10/dist-packages/detection_interfaces/msg/_detection_array.py
-- Up-to-date symlink: /userdata/BPU_bl_ws/install/detection_interfaces/local/lib/python3.10/dist-packages/detection_interfaces/msg/_detection_array_s.c
-- Up-to-date symlink: /userdata/BPU_bl_ws/install/detection_interfaces/local/lib/python3.10/dist-packages/detection_interfaces/msg/_detection_result.py
-- Up-to-date symlink: /userdata/BPU_bl_ws/install/detection_interfaces/local/lib/python3.10/dist-packages/detection_interfaces/msg/_detection_result_s.c
-- Up-to-date symlink: /userdata/BPU_bl_ws/install/detection_interfaces/local/lib/python3.10/dist-packages/detection_interfaces/detection_interfaces_s__rosidl_typesupport_fastrtps_c.cpython-310-aarch64-linux-gnu.so
-- Up-to-date symlink: /userdata/BPU_bl_ws/install/detection_interfaces/local/lib/python3.10/dist-packages/detection_interfaces/detection_interfaces_s__rosidl_typesupport_introspection_c.cpython-310-aarch64-linux-gnu.so
-- Up-to-date symlink: /userdata/BPU_bl_ws/install/detection_interfaces/local/lib/python3.10/dist-packages/detection_interfaces/detection_interfaces_s__rosidl_typesupport_c.cpython-310-aarch64-linux-gnu.so
-- Up-to-date symlink: /userdata/BPU_bl_ws/install/detection_interfaces/share/ament_index/resource_index/rust_packages/detection_interfaces
-- Up-to-date symlink: /userdata/BPU_bl_ws/install/detection_interfaces/share/detection_interfaces/rust/Cargo.toml
-- Up-to-date symlink: /userdata/BPU_bl_ws/install/detection_interfaces/share/detection_interfaces/rust/build.rs
-- Up-to-date symlink: /userdata/BPU_bl_ws/install/detection_interfaces/share/detection_interfaces/rust/src/lib.rs
-- Up-to-date symlink: /userdata/BPU_bl_ws/install/detection_interfaces/share/detection_interfaces/rust/src/msg.rs
-- Up-to-date symlink: /userdata/BPU_bl_ws/install/detection_interfaces/share/detection_interfaces/rust/src/msg/rmw.rs
-- Up-to-date symlink: /userdata/BPU_bl_ws/install/detection_interfaces/share/detection_interfaces/msg/DetectionResult.idl
-- Up-to-date symlink: /userdata/BPU_bl_ws/install/detection_interfaces/share/detection_interfaces/msg/DetectionArray.idl
-- Up-to-date symlink: /userdata/BPU_bl_ws/install/detection_interfaces/share/detection_interfaces/msg/DetectionResult.msg
-- Up-to-date symlink: /userdata/BPU_bl_ws/install/detection_interfaces/share/detection_interfaces/msg/DetectionArray.msg
-- Up-to-date symlink: /userdata/BPU_bl_ws/install/detection_interfaces/share/ament_index/resource_index/package_run_dependencies/detection_interfaces
-- Up-to-date symlink: /userdata/BPU_bl_ws/install/detection_interfaces/share/ament_index/resource_index/parent_prefix_path/detection_interfaces
-- Up-to-date symlink: /userdata/BPU_bl_ws/install/detection_interfaces/share/detection_interfaces/environment/ament_prefix_path.sh
-- Up-to-date symlink: /userdata/BPU_bl_ws/install/detection_interfaces/share/detection_interfaces/environment/ament_prefix_path.dsv
-- Up-to-date symlink: /userdata/BPU_bl_ws/install/detection_interfaces/share/detection_interfaces/environment/path.sh
-- Up-to-date symlink: /userdata/BPU_bl_ws/install/detection_interfaces/share/detection_interfaces/environment/path.dsv
-- Up-to-date symlink: /userdata/BPU_bl_ws/install/detection_interfaces/share/detection_interfaces/local_setup.bash
-- Up-to-date symlink: /userdata/BPU_bl_ws/install/detection_interfaces/share/detection_interfaces/local_setup.sh
-- Up-to-date symlink: /userdata/BPU_bl_ws/install/detection_interfaces/share/detection_interfaces/local_setup.zsh
-- Up-to-date symlink: /userdata/BPU_bl_ws/install/detection_interfaces/share/detection_interfaces/local_setup.dsv
-- Symlinking: /userdata/BPU_bl_ws/install/detection_interfaces/share/detection_interfaces/package.dsv
-- Up-to-date symlink: /userdata/BPU_bl_ws/install/detection_interfaces/share/ament_index/resource_index/packages/detection_interfaces
-- Up-to-date symlink: /userdata/BPU_bl_ws/install/detection_interfaces/share/detection_interfaces/cmake/rosidl_cmake-extras.cmake
-- Up-to-date symlink: /userdata/BPU_bl_ws/install/detection_interfaces/share/detection_interfaces/cmake/ament_cmake_export_dependencies-extras.cmake
-- Up-to-date symlink: /userdata/BPU_bl_ws/install/detection_interfaces/share/detection_interfaces/cmake/ament_cmake_export_include_directories-extras.cmake
-- Up-to-date symlink: /userdata/BPU_bl_ws/install/detection_interfaces/share/detection_interfaces/cmake/ament_cmake_export_libraries-extras.cmake
-- Up-to-date symlink: /userdata/BPU_bl_ws/install/detection_interfaces/share/detection_interfaces/cmake/ament_cmake_export_targets-extras.cmake
-- Up-to-date symlink: /userdata/BPU_bl_ws/install/detection_interfaces/share/detection_interfaces/cmake/rosidl_cmake_export_typesupport_targets-extras.cmake
-- Up-to-date symlink: /userdata/BPU_bl_ws/install/detection_interfaces/share/detection_interfaces/cmake/rosidl_cmake_export_typesupport_libraries-extras.cmake
-- Up-to-date symlink: /userdata/BPU_bl_ws/install/detection_interfaces/share/detection_interfaces/cmake/detection_interfacesConfig.cmake
-- Up-to-date symlink: /userdata/BPU_bl_ws/install/detection_interfaces/share/detection_interfaces/cmake/detection_interfacesConfig-version.cmake
-- Up-to-date symlink: /userdata/BPU_bl_ws/install/detection_interfaces/share/detection_interfaces/package.xml
-- Installing: /userdata/BPU_bl_ws/install/detection_interfaces/lib/libdetection_interfaces__rosidl_generator_c.so
-- Set runtime path of "/userdata/BPU_bl_ws/install/detection_interfaces/lib/libdetection_interfaces__rosidl_generator_c.so" to ""
-- Installing: /userdata/BPU_bl_ws/install/detection_interfaces/lib/libdetection_interfaces__rosidl_typesupport_fastrtps_c.so
-- Set runtime path of "/userdata/BPU_bl_ws/install/detection_interfaces/lib/libdetection_interfaces__rosidl_typesupport_fastrtps_c.so" to ""
-- Installing: /userdata/BPU_bl_ws/install/detection_interfaces/lib/libdetection_interfaces__rosidl_typesupport_fastrtps_cpp.so
-- Set runtime path of "/userdata/BPU_bl_ws/install/detection_interfaces/lib/libdetection_interfaces__rosidl_typesupport_fastrtps_cpp.so" to ""
-- Installing: /userdata/BPU_bl_ws/install/detection_interfaces/lib/libdetection_interfaces__rosidl_typesupport_introspection_c.so
-- Set runtime path of "/userdata/BPU_bl_ws/install/detection_interfaces/lib/libdetection_interfaces__rosidl_typesupport_introspection_c.so" to ""
-- Installing: /userdata/BPU_bl_ws/install/detection_interfaces/lib/libdetection_interfaces__rosidl_typesupport_c.so
-- Set runtime path of "/userdata/BPU_bl_ws/install/detection_interfaces/lib/libdetection_interfaces__rosidl_typesupport_c.so" to ""
-- Installing: /userdata/BPU_bl_ws/install/detection_interfaces/lib/libdetection_interfaces__rosidl_typesupport_introspection_cpp.so
-- Set runtime path of "/userdata/BPU_bl_ws/install/detection_interfaces/lib/libdetection_interfaces__rosidl_typesupport_introspection_cpp.so" to ""
-- Installing: /userdata/BPU_bl_ws/install/detection_interfaces/lib/libdetection_interfaces__rosidl_typesupport_cpp.so
-- Set runtime path of "/userdata/BPU_bl_ws/install/detection_interfaces/lib/libdetection_interfaces__rosidl_typesupport_cpp.so" to ""
Listing '/userdata/BPU_bl_ws/install/detection_interfaces/local/lib/python3.10/dist-packages/detection_interfaces'...
Compiling '/userdata/BPU_bl_ws/install/detection_interfaces/local/lib/python3.10/dist-packages/detection_interfaces/__init__.py'...
Listing '/userdata/BPU_bl_ws/install/detection_interfaces/local/lib/python3.10/dist-packages/detection_interfaces/msg'...
Compiling '/userdata/BPU_bl_ws/install/detection_interfaces/local/lib/python3.10/dist-packages/detection_interfaces/msg/__init__.py'...
Compiling '/userdata/BPU_bl_ws/install/detection_interfaces/local/lib/python3.10/dist-packages/detection_interfaces/msg/_detection_array.py'...
Compiling '/userdata/BPU_bl_ws/install/detection_interfaces/local/lib/python3.10/dist-packages/detection_interfaces/msg/_detection_result.py'...
-- Installing: /userdata/BPU_bl_ws/install/detection_interfaces/lib/libdetection_interfaces__rosidl_generator_py.so
-- Set runtime path of "/userdata/BPU_bl_ws/install/detection_interfaces/lib/libdetection_interfaces__rosidl_generator_py.so" to ""
-- Old export file "/userdata/BPU_bl_ws/install/detection_interfaces/share/detection_interfaces/cmake/export_detection_interfaces__rosidl_generator_cExport.cmake" will be replaced.  Removing files [/userdata/BPU_bl_ws/install/detection_interfaces/share/detection_interfaces/cmake/export_detection_interfaces__rosidl_generator_cExport-noconfig.cmake].
-- Installing: /userdata/BPU_bl_ws/install/detection_interfaces/share/detection_interfaces/cmake/export_detection_interfaces__rosidl_generator_cExport.cmake
-- Installing: /userdata/BPU_bl_ws/install/detection_interfaces/share/detection_interfaces/cmake/export_detection_interfaces__rosidl_generator_cExport-noconfig.cmake
-- Old export file "/userdata/BPU_bl_ws/install/detection_interfaces/share/detection_interfaces/cmake/export_detection_interfaces__rosidl_typesupport_fastrtps_cExport.cmake" will be replaced.  Removing files [/userdata/BPU_bl_ws/install/detection_interfaces/share/detection_interfaces/cmake/export_detection_interfaces__rosidl_typesupport_fastrtps_cExport-noconfig.cmake].
-- Installing: /userdata/BPU_bl_ws/install/detection_interfaces/share/detection_interfaces/cmake/export_detection_interfaces__rosidl_typesupport_fastrtps_cExport.cmake
-- Installing: /userdata/BPU_bl_ws/install/detection_interfaces/share/detection_interfaces/cmake/export_detection_interfaces__rosidl_typesupport_fastrtps_cExport-noconfig.cmake
-- Installing: /userdata/BPU_bl_ws/install/detection_interfaces/share/detection_interfaces/cmake/export_detection_interfaces__rosidl_generator_cppExport.cmake
-- Old export file "/userdata/BPU_bl_ws/install/detection_interfaces/share/detection_interfaces/cmake/export_detection_interfaces__rosidl_typesupport_fastrtps_cppExport.cmake" will be replaced.  Removing files [/userdata/BPU_bl_ws/install/detection_interfaces/share/detection_interfaces/cmake/export_detection_interfaces__rosidl_typesupport_fastrtps_cppExport-noconfig.cmake].
-- Installing: /userdata/BPU_bl_ws/install/detection_interfaces/share/detection_interfaces/cmake/export_detection_interfaces__rosidl_typesupport_fastrtps_cppExport.cmake
-- Installing: /userdata/BPU_bl_ws/install/detection_interfaces/share/detection_interfaces/cmake/export_detection_interfaces__rosidl_typesupport_fastrtps_cppExport-noconfig.cmake
-- Old export file "/userdata/BPU_bl_ws/install/detection_interfaces/share/detection_interfaces/cmake/detection_interfaces__rosidl_typesupport_introspection_cExport.cmake" will be replaced.  Removing files [/userdata/BPU_bl_ws/install/detection_interfaces/share/detection_interfaces/cmake/detection_interfaces__rosidl_typesupport_introspection_cExport-noconfig.cmake].
-- Installing: /userdata/BPU_bl_ws/install/detection_interfaces/share/detection_interfaces/cmake/detection_interfaces__rosidl_typesupport_introspection_cExport.cmake
-- Installing: /userdata/BPU_bl_ws/install/detection_interfaces/share/detection_interfaces/cmake/detection_interfaces__rosidl_typesupport_introspection_cExport-noconfig.cmake
-- Old export file "/userdata/BPU_bl_ws/install/detection_interfaces/share/detection_interfaces/cmake/detection_interfaces__rosidl_typesupport_cExport.cmake" will be replaced.  Removing files [/userdata/BPU_bl_ws/install/detection_interfaces/share/detection_interfaces/cmake/detection_interfaces__rosidl_typesupport_cExport-noconfig.cmake].
-- Installing: /userdata/BPU_bl_ws/install/detection_interfaces/share/detection_interfaces/cmake/detection_interfaces__rosidl_typesupport_cExport.cmake
-- Installing: /userdata/BPU_bl_ws/install/detection_interfaces/share/detection_interfaces/cmake/detection_interfaces__rosidl_typesupport_cExport-noconfig.cmake
-- Old export file "/userdata/BPU_bl_ws/install/detection_interfaces/share/detection_interfaces/cmake/detection_interfaces__rosidl_typesupport_introspection_cppExport.cmake" will be replaced.  Removing files [/userdata/BPU_bl_ws/install/detection_interfaces/share/detection_interfaces/cmake/detection_interfaces__rosidl_typesupport_introspection_cppExport-noconfig.cmake].
-- Installing: /userdata/BPU_bl_ws/install/detection_interfaces/share/detection_interfaces/cmake/detection_interfaces__rosidl_typesupport_introspection_cppExport.cmake
-- Installing: /userdata/BPU_bl_ws/install/detection_interfaces/share/detection_interfaces/cmake/detection_interfaces__rosidl_typesupport_introspection_cppExport-noconfig.cmake
-- Old export file "/userdata/BPU_bl_ws/install/detection_interfaces/share/detection_interfaces/cmake/detection_interfaces__rosidl_typesupport_cppExport.cmake" will be replaced.  Removing files [/userdata/BPU_bl_ws/install/detection_interfaces/share/detection_interfaces/cmake/detection_interfaces__rosidl_typesupport_cppExport-noconfig.cmake].
-- Installing: /userdata/BPU_bl_ws/install/detection_interfaces/share/detection_interfaces/cmake/detection_interfaces__rosidl_typesupport_cppExport.cmake
-- Installing: /userdata/BPU_bl_ws/install/detection_interfaces/share/detection_interfaces/cmake/detection_interfaces__rosidl_typesupport_cppExport-noconfig.cmake
-- Old export file "/userdata/BPU_bl_ws/install/detection_interfaces/share/detection_interfaces/cmake/export_detection_interfaces__rosidl_generator_pyExport.cmake" will be replaced.  Removing files [/userdata/BPU_bl_ws/install/detection_interfaces/share/detection_interfaces/cmake/export_detection_interfaces__rosidl_generator_pyExport-noconfig.cmake].
-- Installing: /userdata/BPU_bl_ws/install/detection_interfaces/share/detection_interfaces/cmake/export_detection_interfaces__rosidl_generator_pyExport.cmake
-- Installing: /userdata/BPU_bl_ws/install/detection_interfaces/share/detection_interfaces/cmake/export_detection_interfaces__rosidl_generator_pyExport-noconfig.cmake
