[2.005s] DEBUG:colcon:Command line arguments: ['/usr/bin/colcon', 'build', '--symlink-install', '--cmake-args', '-DSTREAM_SDK_TYPE=AURORA930', '--packages-select', 'lslidar_driver']
[2.006s] DEBUG:colcon:Parsed command line arguments: Namespace(log_base=None, log_level=None, verb_name='build', build_base='build', install_base='install', merge_install=False, symlink_install=True, test_result_base=None, continue_on_error=False, executor='parallel', parallel_workers=8, event_handlers=None, ignore_user_meta=False, metas=['./colcon.meta'], base_paths=['.'], packages_ignore=None, packages_ignore_regex=None, paths=None, packages_up_to=None, packages_up_to_regex=None, packages_above=None, packages_above_and_dependencies=None, packages_above_depth=None, packages_select_by_dep=None, packages_skip_by_dep=None, packages_skip_up_to=None, packages_select_build_failed=False, packages_skip_build_finished=False, packages_select_test_failures=False, packages_skip_test_passed=False, packages_select=['lslidar_driver'], packages_skip=None, packages_select_regex=None, packages_skip_regex=None, packages_start=None, packages_end=None, allow_overriding=[], cmake_args=['-DSTREAM_SDK_TYPE=AURORA930'], cmake_target=None, cmake_target_skip_unavailable=False, cmake_clean_cache=False, cmake_clean_first=False, cmake_force_configure=False, ament_cmake_args=None, catkin_cmake_args=None, catkin_skip_building_tests=False, verb_parser=<colcon_defaults.argument_parser.defaults.DefaultArgumentsDecorator object at 0xffff9d51cd00>, verb_extension=<colcon_core.verb.build.BuildVerb object at 0xffff9d51c7f0>, main=<bound method BuildVerb.main of <colcon_core.verb.build.BuildVerb object at 0xffff9d51c7f0>>)
[4.040s] Level 1:colcon.colcon_core.package_discovery:discover_packages(colcon_meta) check parameters
[4.040s] Level 1:colcon.colcon_core.package_discovery:discover_packages(recursive) check parameters
[4.041s] Level 1:colcon.colcon_core.package_discovery:discover_packages(ignore) check parameters
[4.041s] Level 1:colcon.colcon_core.package_discovery:discover_packages(path) check parameters
[4.041s] Level 1:colcon.colcon_core.package_discovery:discover_packages(colcon_meta) discover
[4.042s] Level 1:colcon.colcon_core.package_discovery:discover_packages(recursive) discover
[4.042s] INFO:colcon.colcon_core.package_discovery:Crawling recursively for packages in '/userdata/driver_ws'
[4.042s] Level 1:colcon.colcon_core.package_identification:_identify(.) by extensions ['ignore', 'ignore_ament_install']
[4.043s] Level 1:colcon.colcon_core.package_identification:_identify(.) by extension 'ignore'
[4.043s] Level 1:colcon.colcon_core.package_identification:_identify(.) by extension 'ignore_ament_install'
[4.044s] Level 1:colcon.colcon_core.package_identification:_identify(.) by extensions ['colcon_pkg']
[4.044s] Level 1:colcon.colcon_core.package_identification:_identify(.) by extension 'colcon_pkg'
[4.044s] Level 1:colcon.colcon_core.package_identification:_identify(.) by extensions ['colcon_meta']
[4.044s] Level 1:colcon.colcon_core.package_identification:_identify(.) by extension 'colcon_meta'
[4.045s] Level 1:colcon.colcon_core.package_identification:_identify(.) by extensions ['ros']
[4.045s] Level 1:colcon.colcon_core.package_identification:_identify(.) by extension 'ros'
[4.168s] Level 1:colcon.colcon_core.package_identification:_identify(.) by extensions ['cmake', 'python']
[4.168s] Level 1:colcon.colcon_core.package_identification:_identify(.) by extension 'cmake'
[4.169s] Level 1:colcon.colcon_core.package_identification:_identify(.) by extension 'python'
[4.169s] Level 1:colcon.colcon_core.package_identification:_identify(.) by extensions ['python_setup_py']
[4.170s] Level 1:colcon.colcon_core.package_identification:_identify(.) by extension 'python_setup_py'
[4.171s] Level 1:colcon.colcon_core.package_identification:_identify(build) by extensions ['ignore', 'ignore_ament_install']
[4.171s] Level 1:colcon.colcon_core.package_identification:_identify(build) by extension 'ignore'
[4.172s] Level 1:colcon.colcon_core.package_identification:_identify(build) ignored
[4.173s] Level 1:colcon.colcon_core.package_identification:_identify(install) by extensions ['ignore', 'ignore_ament_install']
[4.173s] Level 1:colcon.colcon_core.package_identification:_identify(install) by extension 'ignore'
[4.174s] Level 1:colcon.colcon_core.package_identification:_identify(install) ignored
[4.175s] Level 1:colcon.colcon_core.package_identification:_identify(log) by extensions ['ignore', 'ignore_ament_install']
[4.175s] Level 1:colcon.colcon_core.package_identification:_identify(log) by extension 'ignore'
[4.176s] Level 1:colcon.colcon_core.package_identification:_identify(log) ignored
[4.177s] Level 1:colcon.colcon_core.package_identification:_identify(src) by extensions ['ignore', 'ignore_ament_install']
[4.178s] Level 1:colcon.colcon_core.package_identification:_identify(src) by extension 'ignore'
[4.178s] Level 1:colcon.colcon_core.package_identification:_identify(src) by extension 'ignore_ament_install'
[4.179s] Level 1:colcon.colcon_core.package_identification:_identify(src) by extensions ['colcon_pkg']
[4.179s] Level 1:colcon.colcon_core.package_identification:_identify(src) by extension 'colcon_pkg'
[4.180s] Level 1:colcon.colcon_core.package_identification:_identify(src) by extensions ['colcon_meta']
[4.180s] Level 1:colcon.colcon_core.package_identification:_identify(src) by extension 'colcon_meta'
[4.180s] Level 1:colcon.colcon_core.package_identification:_identify(src) by extensions ['ros']
[4.181s] Level 1:colcon.colcon_core.package_identification:_identify(src) by extension 'ros'
[4.181s] Level 1:colcon.colcon_core.package_identification:_identify(src) by extensions ['cmake', 'python']
[4.182s] Level 1:colcon.colcon_core.package_identification:_identify(src) by extension 'cmake'
[4.182s] Level 1:colcon.colcon_core.package_identification:_identify(src) by extension 'python'
[4.182s] Level 1:colcon.colcon_core.package_identification:_identify(src) by extensions ['python_setup_py']
[4.182s] Level 1:colcon.colcon_core.package_identification:_identify(src) by extension 'python_setup_py'
[4.183s] Level 1:colcon.colcon_core.package_identification:_identify(src/deptrum-ros-driver) by extensions ['ignore', 'ignore_ament_install']
[4.184s] Level 1:colcon.colcon_core.package_identification:_identify(src/deptrum-ros-driver) by extension 'ignore'
[4.184s] Level 1:colcon.colcon_core.package_identification:_identify(src/deptrum-ros-driver) by extension 'ignore_ament_install'
[4.184s] Level 1:colcon.colcon_core.package_identification:_identify(src/deptrum-ros-driver) by extensions ['colcon_pkg']
[4.185s] Level 1:colcon.colcon_core.package_identification:_identify(src/deptrum-ros-driver) by extension 'colcon_pkg'
[4.185s] Level 1:colcon.colcon_core.package_identification:_identify(src/deptrum-ros-driver) by extensions ['colcon_meta']
[4.185s] Level 1:colcon.colcon_core.package_identification:_identify(src/deptrum-ros-driver) by extension 'colcon_meta'
[4.186s] Level 1:colcon.colcon_core.package_identification:_identify(src/deptrum-ros-driver) by extensions ['ros']
[4.186s] Level 1:colcon.colcon_core.package_identification:_identify(src/deptrum-ros-driver) by extension 'ros'
[4.213s] DEBUG:colcon.colcon_core.package_identification:Package 'src/deptrum-ros-driver' with type 'ros.ament_cmake' and name 'deptrum-ros-driver-aurora930'
[4.214s] Level 1:colcon.colcon_core.package_identification:_identify(src/lslidar_driver) by extensions ['ignore', 'ignore_ament_install']
[4.215s] Level 1:colcon.colcon_core.package_identification:_identify(src/lslidar_driver) by extension 'ignore'
[4.215s] Level 1:colcon.colcon_core.package_identification:_identify(src/lslidar_driver) by extension 'ignore_ament_install'
[4.216s] Level 1:colcon.colcon_core.package_identification:_identify(src/lslidar_driver) by extensions ['colcon_pkg']
[4.216s] Level 1:colcon.colcon_core.package_identification:_identify(src/lslidar_driver) by extension 'colcon_pkg'
[4.216s] Level 1:colcon.colcon_core.package_identification:_identify(src/lslidar_driver) by extensions ['colcon_meta']
[4.216s] Level 1:colcon.colcon_core.package_identification:_identify(src/lslidar_driver) by extension 'colcon_meta'
[4.217s] Level 1:colcon.colcon_core.package_identification:_identify(src/lslidar_driver) by extensions ['ros']
[4.217s] Level 1:colcon.colcon_core.package_identification:_identify(src/lslidar_driver) by extension 'ros'
[4.223s] DEBUG:colcon.colcon_core.package_identification:Package 'src/lslidar_driver' with type 'ros.ament_cmake' and name 'lslidar_driver'
[4.224s] Level 1:colcon.colcon_core.package_identification:_identify(src/lslidar_msgs) by extensions ['ignore', 'ignore_ament_install']
[4.224s] Level 1:colcon.colcon_core.package_identification:_identify(src/lslidar_msgs) by extension 'ignore'
[4.225s] Level 1:colcon.colcon_core.package_identification:_identify(src/lslidar_msgs) by extension 'ignore_ament_install'
[4.225s] Level 1:colcon.colcon_core.package_identification:_identify(src/lslidar_msgs) by extensions ['colcon_pkg']
[4.226s] Level 1:colcon.colcon_core.package_identification:_identify(src/lslidar_msgs) by extension 'colcon_pkg'
[4.226s] Level 1:colcon.colcon_core.package_identification:_identify(src/lslidar_msgs) by extensions ['colcon_meta']
[4.226s] Level 1:colcon.colcon_core.package_identification:_identify(src/lslidar_msgs) by extension 'colcon_meta'
[4.226s] Level 1:colcon.colcon_core.package_identification:_identify(src/lslidar_msgs) by extensions ['ros']
[4.227s] Level 1:colcon.colcon_core.package_identification:_identify(src/lslidar_msgs) by extension 'ros'
[4.231s] DEBUG:colcon.colcon_core.package_identification:Package 'src/lslidar_msgs' with type 'ros.ament_cmake' and name 'lslidar_msgs'
[4.232s] Level 1:colcon.colcon_core.package_discovery:discover_packages(recursive) using defaults
[4.232s] Level 1:colcon.colcon_core.package_discovery:discover_packages(ignore) discover
[4.233s] Level 1:colcon.colcon_core.package_discovery:discover_packages(ignore) using defaults
[4.233s] Level 1:colcon.colcon_core.package_discovery:discover_packages(path) discover
[4.233s] Level 1:colcon.colcon_core.package_discovery:discover_packages(path) using defaults
[4.527s] INFO:colcon.colcon_core.package_selection:Skipping not selected package 'deptrum-ros-driver-aurora930' in 'src/deptrum-ros-driver'
[4.528s] INFO:colcon.colcon_core.package_selection:Skipping not selected package 'lslidar_msgs' in 'src/lslidar_msgs'
[4.532s] Level 1:colcon.colcon_core.package_discovery:discover_packages(prefix_path) check parameters
[4.532s] Level 1:colcon.colcon_core.package_discovery:discover_packages(prefix_path) discover
[4.553s] DEBUG:colcon.colcon_installed_package_information.package_discovery:Found 8 installed packages in /userdata/dev_ws/install
[4.557s] DEBUG:colcon.colcon_installed_package_information.package_discovery:Found 49 installed packages in /opt/tros/humble
[4.568s] DEBUG:colcon.colcon_installed_package_information.package_discovery:Found 290 installed packages in /opt/ros/humble
[4.582s] Level 1:colcon.colcon_core.package_discovery:discover_packages(prefix_path) using defaults
[4.932s] Level 5:colcon.colcon_core.verb:set package 'lslidar_driver' build argument 'cmake_args' from command line to '['-DSTREAM_SDK_TYPE=AURORA930']'
[4.933s] Level 5:colcon.colcon_core.verb:set package 'lslidar_driver' build argument 'cmake_target' from command line to 'None'
[4.933s] Level 5:colcon.colcon_core.verb:set package 'lslidar_driver' build argument 'cmake_target_skip_unavailable' from command line to 'False'
[4.934s] Level 5:colcon.colcon_core.verb:set package 'lslidar_driver' build argument 'cmake_clean_cache' from command line to 'False'
[4.934s] Level 5:colcon.colcon_core.verb:set package 'lslidar_driver' build argument 'cmake_clean_first' from command line to 'False'
[4.934s] Level 5:colcon.colcon_core.verb:set package 'lslidar_driver' build argument 'cmake_force_configure' from command line to 'False'
[4.934s] Level 5:colcon.colcon_core.verb:set package 'lslidar_driver' build argument 'ament_cmake_args' from command line to 'None'
[4.934s] Level 5:colcon.colcon_core.verb:set package 'lslidar_driver' build argument 'catkin_cmake_args' from command line to 'None'
[4.935s] Level 5:colcon.colcon_core.verb:set package 'lslidar_driver' build argument 'catkin_skip_building_tests' from command line to 'False'
[4.935s] DEBUG:colcon.colcon_core.verb:Building package 'lslidar_driver' with the following arguments: {'ament_cmake_args': None, 'build_base': '/userdata/driver_ws/build/lslidar_driver', 'catkin_cmake_args': None, 'catkin_skip_building_tests': False, 'cmake_args': ['-DSTREAM_SDK_TYPE=AURORA930'], 'cmake_clean_cache': False, 'cmake_clean_first': False, 'cmake_force_configure': False, 'cmake_target': None, 'cmake_target_skip_unavailable': False, 'install_base': '/userdata/driver_ws/install/lslidar_driver', 'merge_install': False, 'path': '/userdata/driver_ws/src/lslidar_driver', 'symlink_install': True, 'test_result_base': None}
[4.936s] INFO:colcon.colcon_core.executor:Executing jobs using 'parallel' executor
[4.941s] DEBUG:colcon.colcon_parallel_executor.executor.parallel:run_until_complete
[4.943s] INFO:colcon.colcon_ros.task.ament_cmake.build:Building ROS package in '/userdata/driver_ws/src/lslidar_driver' with build type 'ament_cmake'
[4.944s] INFO:colcon.colcon_cmake.task.cmake.build:Building CMake package in '/userdata/driver_ws/src/lslidar_driver'
[4.972s] INFO:colcon.colcon_core.plugin_system:Skipping extension 'colcon_core.shell.bat': Not used on non-Windows systems
[4.974s] INFO:colcon.colcon_core.shell:Skip shell extension 'powershell' for command environment: Not usable outside of PowerShell
[4.975s] DEBUG:colcon.colcon_core.shell:Skip shell extension 'dsv' for command environment
[5.063s] DEBUG:colcon.colcon_core.event_handler.log_command:Invoking command in '/userdata/driver_ws/build/lslidar_driver': AMENT_PREFIX_PATH=/userdata/driver_ws/install/lslidar_msgs:${AMENT_PREFIX_PATH} CMAKE_PREFIX_PATH=/userdata/driver_ws/install/lslidar_msgs:/userdata/dev_ws/install/utils:/userdata/dev_ws/install/origincar_base:/userdata/dev_ws/install/serial:/userdata/dev_ws/install/origincar_msg:/userdata/dev_ws/install/origincar_description:/userdata/dev_ws/install/origincar_bringup:/userdata/dev_ws/install/ackermann_msgs:/userdata/dev_ws/install/line_follower_pkg:/opt/tros/humble:/opt/ros/humble LD_LIBRARY_PATH=/userdata/driver_ws/install/lslidar_msgs/lib:${LD_LIBRARY_PATH} PYTHONPATH=/userdata/driver_ws/install/lslidar_msgs/local/lib/python3.10/dist-packages:${PYTHONPATH} /usr/bin/cmake --build /userdata/driver_ws/build/lslidar_driver -- -j8 -l8
[194.711s] DEBUG:colcon.colcon_core.event_handler.log_command:Invoked command in '/userdata/driver_ws/build/lslidar_driver' returned '0': AMENT_PREFIX_PATH=/userdata/driver_ws/install/lslidar_msgs:${AMENT_PREFIX_PATH} CMAKE_PREFIX_PATH=/userdata/driver_ws/install/lslidar_msgs:/userdata/dev_ws/install/utils:/userdata/dev_ws/install/origincar_base:/userdata/dev_ws/install/serial:/userdata/dev_ws/install/origincar_msg:/userdata/dev_ws/install/origincar_description:/userdata/dev_ws/install/origincar_bringup:/userdata/dev_ws/install/ackermann_msgs:/userdata/dev_ws/install/line_follower_pkg:/opt/tros/humble:/opt/ros/humble LD_LIBRARY_PATH=/userdata/driver_ws/install/lslidar_msgs/lib:${LD_LIBRARY_PATH} PYTHONPATH=/userdata/driver_ws/install/lslidar_msgs/local/lib/python3.10/dist-packages:${PYTHONPATH} /usr/bin/cmake --build /userdata/driver_ws/build/lslidar_driver -- -j8 -l8
[194.779s] DEBUG:colcon.colcon_core.event_handler.log_command:Invoking command in '/userdata/driver_ws/build/lslidar_driver': AMENT_PREFIX_PATH=/userdata/driver_ws/install/lslidar_msgs:${AMENT_PREFIX_PATH} CMAKE_PREFIX_PATH=/userdata/driver_ws/install/lslidar_msgs:/userdata/dev_ws/install/utils:/userdata/dev_ws/install/origincar_base:/userdata/dev_ws/install/serial:/userdata/dev_ws/install/origincar_msg:/userdata/dev_ws/install/origincar_description:/userdata/dev_ws/install/origincar_bringup:/userdata/dev_ws/install/ackermann_msgs:/userdata/dev_ws/install/line_follower_pkg:/opt/tros/humble:/opt/ros/humble LD_LIBRARY_PATH=/userdata/driver_ws/install/lslidar_msgs/lib:${LD_LIBRARY_PATH} PYTHONPATH=/userdata/driver_ws/install/lslidar_msgs/local/lib/python3.10/dist-packages:${PYTHONPATH} /usr/bin/cmake --install /userdata/driver_ws/build/lslidar_driver
[197.924s] Level 1:colcon.colcon_core.environment:create_environment_scripts_only(lslidar_driver)
[197.927s] DEBUG:colcon.colcon_core.event_handler.log_command:Invoked command in '/userdata/driver_ws/build/lslidar_driver' returned '0': AMENT_PREFIX_PATH=/userdata/driver_ws/install/lslidar_msgs:${AMENT_PREFIX_PATH} CMAKE_PREFIX_PATH=/userdata/driver_ws/install/lslidar_msgs:/userdata/dev_ws/install/utils:/userdata/dev_ws/install/origincar_base:/userdata/dev_ws/install/serial:/userdata/dev_ws/install/origincar_msg:/userdata/dev_ws/install/origincar_description:/userdata/dev_ws/install/origincar_bringup:/userdata/dev_ws/install/ackermann_msgs:/userdata/dev_ws/install/line_follower_pkg:/opt/tros/humble:/opt/ros/humble LD_LIBRARY_PATH=/userdata/driver_ws/install/lslidar_msgs/lib:${LD_LIBRARY_PATH} PYTHONPATH=/userdata/driver_ws/install/lslidar_msgs/local/lib/python3.10/dist-packages:${PYTHONPATH} /usr/bin/cmake --install /userdata/driver_ws/build/lslidar_driver
[197.959s] Level 1:colcon.colcon_core.environment:checking '/userdata/driver_ws/install/lslidar_driver' for CMake module files
[197.964s] Level 1:colcon.colcon_core.environment:checking '/userdata/driver_ws/install/lslidar_driver' for CMake config files
[197.966s] Level 1:colcon.colcon_core.shell:create_environment_hook('lslidar_driver', 'cmake_prefix_path')
[197.968s] INFO:colcon.colcon_core.shell:Creating environment hook '/userdata/driver_ws/install/lslidar_driver/share/lslidar_driver/hook/cmake_prefix_path.ps1'
[197.976s] INFO:colcon.colcon_core.shell:Creating environment descriptor '/userdata/driver_ws/install/lslidar_driver/share/lslidar_driver/hook/cmake_prefix_path.dsv'
[197.981s] INFO:colcon.colcon_core.shell:Creating environment hook '/userdata/driver_ws/install/lslidar_driver/share/lslidar_driver/hook/cmake_prefix_path.sh'
[197.988s] Level 1:colcon.colcon_core.environment:checking '/userdata/driver_ws/install/lslidar_driver/lib'
[197.990s] Level 1:colcon.colcon_core.environment:checking '/userdata/driver_ws/install/lslidar_driver/bin'
[197.990s] Level 1:colcon.colcon_core.environment:checking '/userdata/driver_ws/install/lslidar_driver/lib/pkgconfig/lslidar_driver.pc'
[197.992s] Level 1:colcon.colcon_core.environment:checking '/userdata/driver_ws/install/lslidar_driver/lib/python3.10/site-packages'
[197.994s] Level 1:colcon.colcon_core.environment:checking '/userdata/driver_ws/install/lslidar_driver/bin'
[197.996s] INFO:colcon.colcon_core.shell:Creating package script '/userdata/driver_ws/install/lslidar_driver/share/lslidar_driver/package.ps1'
[198.002s] INFO:colcon.colcon_core.shell:Creating package descriptor '/userdata/driver_ws/install/lslidar_driver/share/lslidar_driver/package.dsv'
[198.007s] INFO:colcon.colcon_core.shell:Creating package script '/userdata/driver_ws/install/lslidar_driver/share/lslidar_driver/package.sh'
[198.013s] INFO:colcon.colcon_core.shell:Creating package script '/userdata/driver_ws/install/lslidar_driver/share/lslidar_driver/package.bash'
[198.020s] INFO:colcon.colcon_core.shell:Creating package script '/userdata/driver_ws/install/lslidar_driver/share/lslidar_driver/package.zsh'
[198.026s] Level 1:colcon.colcon_core.environment:create_file_with_runtime_dependencies(/userdata/driver_ws/install/lslidar_driver/share/colcon-core/packages/lslidar_driver)
[198.030s] Level 1:colcon.colcon_core.environment:create_environment_scripts_only(lslidar_driver)
[198.032s] Level 1:colcon.colcon_core.environment:checking '/userdata/driver_ws/install/lslidar_driver' for CMake module files
[198.036s] Level 1:colcon.colcon_core.environment:checking '/userdata/driver_ws/install/lslidar_driver' for CMake config files
[198.039s] Level 1:colcon.colcon_core.shell:create_environment_hook('lslidar_driver', 'cmake_prefix_path')
[198.041s] INFO:colcon.colcon_core.shell:Creating environment hook '/userdata/driver_ws/install/lslidar_driver/share/lslidar_driver/hook/cmake_prefix_path.ps1'
[198.044s] INFO:colcon.colcon_core.shell:Creating environment descriptor '/userdata/driver_ws/install/lslidar_driver/share/lslidar_driver/hook/cmake_prefix_path.dsv'
[198.047s] INFO:colcon.colcon_core.shell:Creating environment hook '/userdata/driver_ws/install/lslidar_driver/share/lslidar_driver/hook/cmake_prefix_path.sh'
[198.052s] Level 1:colcon.colcon_core.environment:checking '/userdata/driver_ws/install/lslidar_driver/lib'
[198.052s] Level 1:colcon.colcon_core.environment:checking '/userdata/driver_ws/install/lslidar_driver/bin'
[198.053s] Level 1:colcon.colcon_core.environment:checking '/userdata/driver_ws/install/lslidar_driver/lib/pkgconfig/lslidar_driver.pc'
[198.055s] Level 1:colcon.colcon_core.environment:checking '/userdata/driver_ws/install/lslidar_driver/lib/python3.10/site-packages'
[198.056s] Level 1:colcon.colcon_core.environment:checking '/userdata/driver_ws/install/lslidar_driver/bin'
[198.059s] INFO:colcon.colcon_core.shell:Creating package script '/userdata/driver_ws/install/lslidar_driver/share/lslidar_driver/package.ps1'
[198.063s] INFO:colcon.colcon_core.shell:Creating package descriptor '/userdata/driver_ws/install/lslidar_driver/share/lslidar_driver/package.dsv'
[198.067s] INFO:colcon.colcon_core.shell:Creating package script '/userdata/driver_ws/install/lslidar_driver/share/lslidar_driver/package.sh'
[198.070s] INFO:colcon.colcon_core.shell:Creating package script '/userdata/driver_ws/install/lslidar_driver/share/lslidar_driver/package.bash'
[198.074s] INFO:colcon.colcon_core.shell:Creating package script '/userdata/driver_ws/install/lslidar_driver/share/lslidar_driver/package.zsh'
[198.078s] Level 1:colcon.colcon_core.environment:create_file_with_runtime_dependencies(/userdata/driver_ws/install/lslidar_driver/share/colcon-core/packages/lslidar_driver)
[198.080s] DEBUG:colcon.colcon_parallel_executor.executor.parallel:closing loop
[198.082s] DEBUG:colcon.colcon_parallel_executor.executor.parallel:loop closed
[198.083s] DEBUG:colcon.colcon_parallel_executor.executor.parallel:run_until_complete finished with '0'
[198.084s] DEBUG:colcon.colcon_core.event_reactor:joining thread
[198.111s] INFO:colcon.colcon_core.plugin_system:Skipping extension 'colcon_notification.desktop_notification.terminal_notifier': Not used on non-Darwin systems
[198.111s] INFO:colcon.colcon_core.plugin_system:Skipping extension 'colcon_notification.desktop_notification.win32': Not used on non-Windows systems
[198.112s] INFO:colcon.colcon_notification.desktop_notification:Sending desktop notification using 'notify2'
[223.131s] DEBUG:colcon.colcon_notification.desktop_notification.notify2:Failed to initialize notify2: org.freedesktop.DBus.Error.NoReply: Did not receive a reply. Possible causes include: the remote application did not send a reply, the message bus security policy blocked the reply, the reply timeout expired, or the network connection was broken.
[223.132s] DEBUG:colcon.colcon_core.event_reactor:joined thread
[223.134s] INFO:colcon.colcon_core.shell:Creating prefix script '/userdata/driver_ws/install/local_setup.ps1'
[223.142s] INFO:colcon.colcon_core.shell:Creating prefix util module '/userdata/driver_ws/install/_local_setup_util_ps1.py'
[223.153s] INFO:colcon.colcon_core.shell:Creating prefix chain script '/userdata/driver_ws/install/setup.ps1'
[223.163s] INFO:colcon.colcon_core.shell:Creating prefix script '/userdata/driver_ws/install/local_setup.sh'
[223.167s] INFO:colcon.colcon_core.shell:Creating prefix util module '/userdata/driver_ws/install/_local_setup_util_sh.py'
[223.172s] INFO:colcon.colcon_core.shell:Creating prefix chain script '/userdata/driver_ws/install/setup.sh'
[223.182s] INFO:colcon.colcon_core.shell:Creating prefix script '/userdata/driver_ws/install/local_setup.bash'
[223.187s] INFO:colcon.colcon_core.shell:Creating prefix chain script '/userdata/driver_ws/install/setup.bash'
[223.196s] INFO:colcon.colcon_core.shell:Creating prefix script '/userdata/driver_ws/install/local_setup.zsh'
[223.199s] INFO:colcon.colcon_core.shell:Creating prefix chain script '/userdata/driver_ws/install/setup.zsh'
