[0.079s] Invoking command in '/userdata/navi_ws/build/navi_bringup': CMAKE_PREFIX_PATH=${CMAKE_PREFIX_PATH}:/userdata/control_ws/install/task_controller:/userdata/BPU_bl_ws/install/qr_decoder:/userdata/BPU_bl_ws/install/detection_bridge:/userdata/dev_ws/install/line_follower_pkg:/opt/tros/humble:/opt/ros/humble /usr/bin/cmake --build /userdata/navi_ws/build/navi_bringup -- -j8 -l8
[0.307s] [  9%] Built target navi_bringup__rosidl_generator_c
[0.309s] [ 12%] Built target navi_bringup__rs
[0.314s] [ 15%] Built target navi_bringup__cpp
[0.346s] [ 15%] Built target ament_cmake_python_symlink_navi_bringup
[0.423s] [ 25%] Built target navi_bringup__rosidl_typesupport_c
[0.434s] [ 34%] Built target navi_bringup__rosidl_typesupport_fastrtps_c
[0.438s] [ 43%] Built target navi_bringup__rosidl_typesupport_introspection_cpp
[0.439s] [ 62%] Built target navi_bringup__rosidl_typesupport_introspection_c
[0.440s] [ 62%] Built target navi_bringup__rosidl_typesupport_cpp
[0.446s] [ 71%] Built target navi_bringup__rosidl_typesupport_fastrtps_cpp
[0.540s] [ 71%] Built target navi_bringup
[0.633s] [ 75%] Built target navi_bringup__py
[0.742s] [ 81%] Built target navi_bringup__rosidl_generator_py
[0.845s] [ 87%] Built target navi_bringup__rosidl_typesupport_fastrtps_c__pyext
[0.853s] [ 93%] Built target navi_bringup__rosidl_typesupport_c__pyext
[0.862s] [100%] Built target navi_bringup__rosidl_typesupport_introspection_c__pyext
[2.372s] running egg_info
[2.376s] writing navi_bringup.egg-info/PKG-INFO
[2.378s] writing dependency_links to navi_bringup.egg-info/dependency_links.txt
[2.379s] writing top-level names to navi_bringup.egg-info/top_level.txt
[2.394s] reading manifest file 'navi_bringup.egg-info/SOURCES.txt'
[2.398s] writing manifest file 'navi_bringup.egg-info/SOURCES.txt'
[2.624s] [100%] Built target ament_cmake_python_build_navi_bringup_egg
[2.679s] Invoked command in '/userdata/navi_ws/build/navi_bringup' returned '0': CMAKE_PREFIX_PATH=${CMAKE_PREFIX_PATH}:/userdata/control_ws/install/task_controller:/userdata/BPU_bl_ws/install/qr_decoder:/userdata/BPU_bl_ws/install/detection_bridge:/userdata/dev_ws/install/line_follower_pkg:/opt/tros/humble:/opt/ros/humble /usr/bin/cmake --build /userdata/navi_ws/build/navi_bringup -- -j8 -l8
[2.727s] Invoking command in '/userdata/navi_ws/build/navi_bringup': CMAKE_PREFIX_PATH=${CMAKE_PREFIX_PATH}:/userdata/control_ws/install/task_controller:/userdata/BPU_bl_ws/install/qr_decoder:/userdata/BPU_bl_ws/install/detection_bridge:/userdata/dev_ws/install/line_follower_pkg:/opt/tros/humble:/opt/ros/humble /usr/bin/cmake --install /userdata/navi_ws/build/navi_bringup
[2.764s] -- Install configuration: ""
[2.766s] -- Execute custom install script
[2.768s] -- Up-to-date symlink: /userdata/navi_ws/install/navi_bringup/share/ament_index/resource_index/rosidl_interfaces/navi_bringup
[2.771s] -- Up-to-date symlink: /userdata/navi_ws/install/navi_bringup/include/navi_bringup/navi_bringup/msg/detail/odom_debug__functions.h
[2.772s] -- Up-to-date symlink: /userdata/navi_ws/install/navi_bringup/include/navi_bringup/navi_bringup/msg/detail/odom_debug__struct.h
[2.773s] -- Up-to-date symlink: /userdata/navi_ws/install/navi_bringup/include/navi_bringup/navi_bringup/msg/detail/odom_debug__type_support.h
[2.774s] -- Up-to-date symlink: /userdata/navi_ws/install/navi_bringup/include/navi_bringup/navi_bringup/msg/odom_debug.h
[2.774s] -- Up-to-date symlink: /userdata/navi_ws/install/navi_bringup/include/navi_bringup/navi_bringup/msg/rosidl_generator_c__visibility_control.h
[2.775s] -- Up-to-date symlink: /userdata/navi_ws/install/navi_bringup/share/navi_bringup/environment/library_path.sh
[2.775s] -- Up-to-date symlink: /userdata/navi_ws/install/navi_bringup/share/navi_bringup/environment/library_path.dsv
[2.777s] -- Up-to-date symlink: /userdata/navi_ws/install/navi_bringup/include/navi_bringup/navi_bringup/msg/detail/odom_debug__rosidl_typesupport_fastrtps_c.h
[2.777s] -- Up-to-date symlink: /userdata/navi_ws/install/navi_bringup/include/navi_bringup/navi_bringup/msg/rosidl_typesupport_fastrtps_c__visibility_control.h
[2.780s] -- Up-to-date symlink: /userdata/navi_ws/install/navi_bringup/include/navi_bringup/navi_bringup/msg/detail/odom_debug__rosidl_typesupport_introspection_c.h
[2.780s] -- Up-to-date symlink: /userdata/navi_ws/install/navi_bringup/include/navi_bringup/navi_bringup/msg/rosidl_typesupport_introspection_c__visibility_control.h
[2.782s] -- Up-to-date symlink: /userdata/navi_ws/install/navi_bringup/include/navi_bringup/navi_bringup/msg/detail/odom_debug__builder.hpp
[2.783s] -- Up-to-date symlink: /userdata/navi_ws/install/navi_bringup/include/navi_bringup/navi_bringup/msg/detail/odom_debug__struct.hpp
[2.783s] -- Up-to-date symlink: /userdata/navi_ws/install/navi_bringup/include/navi_bringup/navi_bringup/msg/detail/odom_debug__traits.hpp
[2.783s] -- Up-to-date symlink: /userdata/navi_ws/install/navi_bringup/include/navi_bringup/navi_bringup/msg/odom_debug.hpp
[2.785s] -- Up-to-date symlink: /userdata/navi_ws/install/navi_bringup/include/navi_bringup/navi_bringup/msg/detail/odom_debug__rosidl_typesupport_fastrtps_cpp.hpp
[2.786s] -- Up-to-date symlink: /userdata/navi_ws/install/navi_bringup/include/navi_bringup/navi_bringup/msg/rosidl_typesupport_fastrtps_cpp__visibility_control.h
[2.787s] -- Up-to-date symlink: /userdata/navi_ws/install/navi_bringup/include/navi_bringup/navi_bringup/msg/detail/odom_debug__rosidl_typesupport_introspection_cpp.hpp
[2.788s] -- Up-to-date symlink: /userdata/navi_ws/install/navi_bringup/share/navi_bringup/environment/pythonpath.sh
[2.789s] -- Up-to-date symlink: /userdata/navi_ws/install/navi_bringup/share/navi_bringup/environment/pythonpath.dsv
[2.791s] -- Up-to-date symlink: /userdata/navi_ws/install/navi_bringup/local/lib/python3.10/dist-packages/navi_bringup-0.1.0-py3.10.egg-info/PKG-INFO
[2.791s] -- Up-to-date symlink: /userdata/navi_ws/install/navi_bringup/local/lib/python3.10/dist-packages/navi_bringup-0.1.0-py3.10.egg-info/SOURCES.txt
[2.792s] -- Up-to-date symlink: /userdata/navi_ws/install/navi_bringup/local/lib/python3.10/dist-packages/navi_bringup-0.1.0-py3.10.egg-info/dependency_links.txt
[2.793s] -- Up-to-date symlink: /userdata/navi_ws/install/navi_bringup/local/lib/python3.10/dist-packages/navi_bringup-0.1.0-py3.10.egg-info/top_level.txt
[2.795s] -- Up-to-date symlink: /userdata/navi_ws/install/navi_bringup/local/lib/python3.10/dist-packages/navi_bringup/__init__.py
[2.796s] -- Up-to-date symlink: /userdata/navi_ws/install/navi_bringup/local/lib/python3.10/dist-packages/navi_bringup/_navi_bringup_s.ep.rosidl_typesupport_c.c
[2.797s] -- Up-to-date symlink: /userdata/navi_ws/install/navi_bringup/local/lib/python3.10/dist-packages/navi_bringup/_navi_bringup_s.ep.rosidl_typesupport_fastrtps_c.c
[2.798s] -- Up-to-date symlink: /userdata/navi_ws/install/navi_bringup/local/lib/python3.10/dist-packages/navi_bringup/_navi_bringup_s.ep.rosidl_typesupport_introspection_c.c
[2.799s] -- Up-to-date symlink: /userdata/navi_ws/install/navi_bringup/local/lib/python3.10/dist-packages/navi_bringup/libnavi_bringup__rosidl_generator_py.so
[2.800s] -- Up-to-date symlink: /userdata/navi_ws/install/navi_bringup/local/lib/python3.10/dist-packages/navi_bringup/msg/__init__.py
[2.800s] -- Up-to-date symlink: /userdata/navi_ws/install/navi_bringup/local/lib/python3.10/dist-packages/navi_bringup/msg/_odom_debug.py
[2.801s] -- Up-to-date symlink: /userdata/navi_ws/install/navi_bringup/local/lib/python3.10/dist-packages/navi_bringup/msg/_odom_debug_s.c
[2.801s] -- Up-to-date symlink: /userdata/navi_ws/install/navi_bringup/local/lib/python3.10/dist-packages/navi_bringup/navi_bringup_s__rosidl_typesupport_c.cpython-310-aarch64-linux-gnu.so
[2.803s] -- Up-to-date symlink: /userdata/navi_ws/install/navi_bringup/local/lib/python3.10/dist-packages/navi_bringup/navi_bringup_s__rosidl_typesupport_fastrtps_c.cpython-310-aarch64-linux-gnu.so
[2.804s] -- Up-to-date symlink: /userdata/navi_ws/install/navi_bringup/local/lib/python3.10/dist-packages/navi_bringup/navi_bringup_s__rosidl_typesupport_introspection_c.cpython-310-aarch64-linux-gnu.so
[2.805s] -- Up-to-date symlink: /userdata/navi_ws/install/navi_bringup/local/lib/python3.10/dist-packages/navi_bringup/navi_bringup_s__rosidl_typesupport_fastrtps_c.cpython-310-aarch64-linux-gnu.so
[2.806s] -- Up-to-date symlink: /userdata/navi_ws/install/navi_bringup/local/lib/python3.10/dist-packages/navi_bringup/navi_bringup_s__rosidl_typesupport_introspection_c.cpython-310-aarch64-linux-gnu.so
[2.807s] -- Up-to-date symlink: /userdata/navi_ws/install/navi_bringup/local/lib/python3.10/dist-packages/navi_bringup/navi_bringup_s__rosidl_typesupport_c.cpython-310-aarch64-linux-gnu.so
[2.808s] -- Up-to-date symlink: /userdata/navi_ws/install/navi_bringup/share/ament_index/resource_index/rust_packages/navi_bringup
[2.810s] -- Up-to-date symlink: /userdata/navi_ws/install/navi_bringup/share/navi_bringup/rust/Cargo.toml
[2.811s] -- Up-to-date symlink: /userdata/navi_ws/install/navi_bringup/share/navi_bringup/rust/build.rs
[2.812s] -- Up-to-date symlink: /userdata/navi_ws/install/navi_bringup/share/navi_bringup/rust/src/lib.rs
[2.813s] -- Up-to-date symlink: /userdata/navi_ws/install/navi_bringup/share/navi_bringup/rust/src/msg.rs
[2.814s] -- Up-to-date symlink: /userdata/navi_ws/install/navi_bringup/share/navi_bringup/rust/src/msg/rmw.rs
[2.814s] -- Up-to-date symlink: /userdata/navi_ws/install/navi_bringup/share/navi_bringup/msg/OdomDebug.idl
[2.815s] -- Up-to-date symlink: /userdata/navi_ws/install/navi_bringup/share/navi_bringup/msg/OdomDebug.msg
[2.815s] -- Up-to-date symlink: /userdata/navi_ws/install/navi_bringup/share/navi_bringup/launch/ekf_fusion.launch.py
[2.816s] -- Up-to-date symlink: /userdata/navi_ws/install/navi_bringup/share/navi_bringup/config/ekf.yaml
[2.817s] -- Up-to-date symlink: /userdata/navi_ws/install/navi_bringup/share/navi_bringup/config/imu_filter.yaml
[2.818s] -- Up-to-date symlink: /userdata/navi_ws/install/navi_bringup/lib/navi_bringup/odom_debug_publisher
[2.819s] -- Up-to-date symlink: /userdata/navi_ws/install/navi_bringup/share/ament_index/resource_index/package_run_dependencies/navi_bringup
[2.819s] -- Up-to-date symlink: /userdata/navi_ws/install/navi_bringup/share/ament_index/resource_index/parent_prefix_path/navi_bringup
[2.820s] -- Up-to-date symlink: /userdata/navi_ws/install/navi_bringup/share/navi_bringup/environment/ament_prefix_path.sh
[2.820s] -- Up-to-date symlink: /userdata/navi_ws/install/navi_bringup/share/navi_bringup/environment/ament_prefix_path.dsv
[2.821s] -- Up-to-date symlink: /userdata/navi_ws/install/navi_bringup/share/navi_bringup/environment/path.sh
[2.822s] -- Up-to-date symlink: /userdata/navi_ws/install/navi_bringup/share/navi_bringup/environment/path.dsv
[2.823s] -- Up-to-date symlink: /userdata/navi_ws/install/navi_bringup/share/navi_bringup/local_setup.bash
[2.823s] -- Up-to-date symlink: /userdata/navi_ws/install/navi_bringup/share/navi_bringup/local_setup.sh
[2.824s] -- Up-to-date symlink: /userdata/navi_ws/install/navi_bringup/share/navi_bringup/local_setup.zsh
[2.825s] -- Up-to-date symlink: /userdata/navi_ws/install/navi_bringup/share/navi_bringup/local_setup.dsv
[2.826s] -- Symlinking: /userdata/navi_ws/install/navi_bringup/share/navi_bringup/package.dsv
[2.868s] -- Up-to-date symlink: /userdata/navi_ws/install/navi_bringup/share/ament_index/resource_index/packages/navi_bringup
[2.869s] -- Up-to-date symlink: /userdata/navi_ws/install/navi_bringup/share/navi_bringup/cmake/rosidl_cmake-extras.cmake
[2.871s] -- Up-to-date symlink: /userdata/navi_ws/install/navi_bringup/share/navi_bringup/cmake/ament_cmake_export_dependencies-extras.cmake
[2.872s] -- Up-to-date symlink: /userdata/navi_ws/install/navi_bringup/share/navi_bringup/cmake/ament_cmake_export_include_directories-extras.cmake
[2.873s] -- Up-to-date symlink: /userdata/navi_ws/install/navi_bringup/share/navi_bringup/cmake/ament_cmake_export_libraries-extras.cmake
[2.874s] -- Up-to-date symlink: /userdata/navi_ws/install/navi_bringup/share/navi_bringup/cmake/ament_cmake_export_targets-extras.cmake
[2.875s] -- Up-to-date symlink: /userdata/navi_ws/install/navi_bringup/share/navi_bringup/cmake/rosidl_cmake_export_typesupport_targets-extras.cmake
[2.876s] -- Up-to-date symlink: /userdata/navi_ws/install/navi_bringup/share/navi_bringup/cmake/rosidl_cmake_export_typesupport_libraries-extras.cmake
[2.878s] -- Up-to-date symlink: /userdata/navi_ws/install/navi_bringup/share/navi_bringup/cmake/navi_bringupConfig.cmake
[2.880s] -- Up-to-date symlink: /userdata/navi_ws/install/navi_bringup/share/navi_bringup/cmake/navi_bringupConfig-version.cmake
[2.881s] -- Up-to-date symlink: /userdata/navi_ws/install/navi_bringup/share/navi_bringup/package.xml
[2.882s] -- Up-to-date: /userdata/navi_ws/install/navi_bringup/lib/libnavi_bringup__rosidl_generator_c.so
[2.882s] -- Up-to-date: /userdata/navi_ws/install/navi_bringup/lib/libnavi_bringup__rosidl_typesupport_fastrtps_c.so
[2.883s] -- Up-to-date: /userdata/navi_ws/install/navi_bringup/lib/libnavi_bringup__rosidl_typesupport_introspection_c.so
[2.884s] -- Up-to-date: /userdata/navi_ws/install/navi_bringup/lib/libnavi_bringup__rosidl_typesupport_c.so
[2.884s] -- Up-to-date: /userdata/navi_ws/install/navi_bringup/lib/libnavi_bringup__rosidl_typesupport_fastrtps_cpp.so
[2.885s] -- Up-to-date: /userdata/navi_ws/install/navi_bringup/lib/libnavi_bringup__rosidl_typesupport_introspection_cpp.so
[2.885s] -- Up-to-date: /userdata/navi_ws/install/navi_bringup/lib/libnavi_bringup__rosidl_typesupport_cpp.so
[3.134s] Listing '/userdata/navi_ws/install/navi_bringup/local/lib/python3.10/dist-packages/navi_bringup'...
[3.135s] Listing '/userdata/navi_ws/install/navi_bringup/local/lib/python3.10/dist-packages/navi_bringup/msg'...
[3.184s] -- Up-to-date: /userdata/navi_ws/install/navi_bringup/lib/libnavi_bringup__rosidl_generator_py.so
[3.187s] -- Up-to-date: /userdata/navi_ws/install/navi_bringup/share/navi_bringup/cmake/export_navi_bringup__rosidl_generator_cExport.cmake
[3.188s] -- Up-to-date: /userdata/navi_ws/install/navi_bringup/share/navi_bringup/cmake/export_navi_bringup__rosidl_generator_cExport-noconfig.cmake
[3.189s] -- Up-to-date: /userdata/navi_ws/install/navi_bringup/share/navi_bringup/cmake/export_navi_bringup__rosidl_typesupport_fastrtps_cExport.cmake
[3.189s] -- Up-to-date: /userdata/navi_ws/install/navi_bringup/share/navi_bringup/cmake/export_navi_bringup__rosidl_typesupport_fastrtps_cExport-noconfig.cmake
[3.190s] -- Up-to-date: /userdata/navi_ws/install/navi_bringup/share/navi_bringup/cmake/navi_bringup__rosidl_typesupport_introspection_cExport.cmake
[3.190s] -- Up-to-date: /userdata/navi_ws/install/navi_bringup/share/navi_bringup/cmake/navi_bringup__rosidl_typesupport_introspection_cExport-noconfig.cmake
[3.192s] -- Up-to-date: /userdata/navi_ws/install/navi_bringup/share/navi_bringup/cmake/navi_bringup__rosidl_typesupport_cExport.cmake
[3.192s] -- Up-to-date: /userdata/navi_ws/install/navi_bringup/share/navi_bringup/cmake/navi_bringup__rosidl_typesupport_cExport-noconfig.cmake
[3.193s] -- Up-to-date: /userdata/navi_ws/install/navi_bringup/share/navi_bringup/cmake/export_navi_bringup__rosidl_generator_cppExport.cmake
[3.193s] -- Up-to-date: /userdata/navi_ws/install/navi_bringup/share/navi_bringup/cmake/export_navi_bringup__rosidl_typesupport_fastrtps_cppExport.cmake
[3.193s] -- Up-to-date: /userdata/navi_ws/install/navi_bringup/share/navi_bringup/cmake/export_navi_bringup__rosidl_typesupport_fastrtps_cppExport-noconfig.cmake
[3.194s] -- Up-to-date: /userdata/navi_ws/install/navi_bringup/share/navi_bringup/cmake/navi_bringup__rosidl_typesupport_introspection_cppExport.cmake
[3.194s] -- Up-to-date: /userdata/navi_ws/install/navi_bringup/share/navi_bringup/cmake/navi_bringup__rosidl_typesupport_introspection_cppExport-noconfig.cmake
[3.195s] -- Up-to-date: /userdata/navi_ws/install/navi_bringup/share/navi_bringup/cmake/navi_bringup__rosidl_typesupport_cppExport.cmake
[3.196s] -- Up-to-date: /userdata/navi_ws/install/navi_bringup/share/navi_bringup/cmake/navi_bringup__rosidl_typesupport_cppExport-noconfig.cmake
[3.199s] -- Up-to-date: /userdata/navi_ws/install/navi_bringup/share/navi_bringup/cmake/export_navi_bringup__rosidl_generator_pyExport.cmake
[3.200s] -- Up-to-date: /userdata/navi_ws/install/navi_bringup/share/navi_bringup/cmake/export_navi_bringup__rosidl_generator_pyExport-noconfig.cmake
[3.202s] Invoked command in '/userdata/navi_ws/build/navi_bringup' returned '0': CMAKE_PREFIX_PATH=${CMAKE_PREFIX_PATH}:/userdata/control_ws/install/task_controller:/userdata/BPU_bl_ws/install/qr_decoder:/userdata/BPU_bl_ws/install/detection_bridge:/userdata/dev_ws/install/line_follower_pkg:/opt/tros/humble:/opt/ros/humble /usr/bin/cmake --install /userdata/navi_ws/build/navi_bringup
