-- The C compiler identification is GNU 11.2.0
-- The CXX compiler identification is GNU 11.2.0
-- Detecting C compiler ABI info
-- Detecting C compiler ABI info - done
-- Check for working C compiler: /usr/bin/cc - skipped
-- Detecting C compile features
-- Detecting C compile features - done
-- Detecting CXX compiler ABI info
-- Detecting CXX compiler ABI info - done
-- Check for working CXX compiler: /usr/bin/c++ - skipped
-- Detecting CXX compile features
-- Detecting CXX compile features - done
-- Found ament_cmake: 1.3.10 (/opt/ros/humble/share/ament_cmake/cmake)
-- Found Python3: /usr/bin/python3 (found version "3.10.12") found components: Interpreter 
-- Override CMake install command with custom implementation using symlinks instead of copying resources
-- Configuring done
-- Generating done
-- Build files have been written to: /userdata/base_ws/build/origincar_bringup
-- Install configuration: ""
-- Installing: /userdata/base_ws/install/origincar_bringup/share/origincar_bringup/launch
-- Installing: /userdata/base_ws/install/origincar_bringup/share/origincar_bringup/launch/diff_drive.launch.py
-- Installing: /userdata/base_ws/install/origincar_bringup/share/origincar_bringup/launch/ackermann_drive.launch.py
-- Execute custom install script
-- Symlinking: /userdata/base_ws/install/origincar_bringup/share/ament_index/resource_index/package_run_dependencies/origincar_bringup
-- Symlinking: /userdata/base_ws/install/origincar_bringup/share/ament_index/resource_index/parent_prefix_path/origincar_bringup
-- Symlinking: /userdata/base_ws/install/origincar_bringup/share/origincar_bringup/environment/ament_prefix_path.sh
-- Symlinking: /userdata/base_ws/install/origincar_bringup/share/origincar_bringup/environment/ament_prefix_path.dsv
-- Symlinking: /userdata/base_ws/install/origincar_bringup/share/origincar_bringup/environment/path.sh
-- Symlinking: /userdata/base_ws/install/origincar_bringup/share/origincar_bringup/environment/path.dsv
-- Symlinking: /userdata/base_ws/install/origincar_bringup/share/origincar_bringup/local_setup.bash
-- Symlinking: /userdata/base_ws/install/origincar_bringup/share/origincar_bringup/local_setup.sh
-- Symlinking: /userdata/base_ws/install/origincar_bringup/share/origincar_bringup/local_setup.zsh
-- Symlinking: /userdata/base_ws/install/origincar_bringup/share/origincar_bringup/local_setup.dsv
-- Symlinking: /userdata/base_ws/install/origincar_bringup/share/origincar_bringup/package.dsv
-- Symlinking: /userdata/base_ws/install/origincar_bringup/share/ament_index/resource_index/packages/origincar_bringup
-- Symlinking: /userdata/base_ws/install/origincar_bringup/share/origincar_bringup/cmake/origincar_bringupConfig.cmake
-- Symlinking: /userdata/base_ws/install/origincar_bringup/share/origincar_bringup/cmake/origincar_bringupConfig-version.cmake
-- Symlinking: /userdata/base_ws/install/origincar_bringup/share/origincar_bringup/package.xml
