[0.231s] Invoking command in '/userdata/BPU_bl_ws/build/bpu_bringup': CMAKE_PREFIX_PATH=${CMAKE_PREFIX_PATH}:/userdata/control_ws/install/task_controller:/userdata/BPU_bl_ws/install/qr_decoder:/userdata/BPU_bl_ws/install/detection_bridge:/userdata/dev_ws/install/line_follower_pkg:/opt/tros/humble:/opt/ros/humble /usr/bin/cmake --build /userdata/BPU_bl_ws/build/bpu_bringup -- -j8 -l8
[5.342s] Invoked command in '/userdata/BPU_bl_ws/build/bpu_bringup' returned '0': CMAKE_PREFIX_PATH=${CMAKE_PREFIX_PATH}:/userdata/control_ws/install/task_controller:/userdata/BPU_bl_ws/install/qr_decoder:/userdata/BPU_bl_ws/install/detection_bridge:/userdata/dev_ws/install/line_follower_pkg:/opt/tros/humble:/opt/ros/humble /usr/bin/cmake --build /userdata/BPU_bl_ws/build/bpu_bringup -- -j8 -l8
[5.396s] Invoking command in '/userdata/BPU_bl_ws/build/bpu_bringup': CMAKE_PREFIX_PATH=${CMAKE_PREFIX_PATH}:/userdata/control_ws/install/task_controller:/userdata/BPU_bl_ws/install/qr_decoder:/userdata/BPU_bl_ws/install/detection_bridge:/userdata/dev_ws/install/line_follower_pkg:/opt/tros/humble:/opt/ros/humble /usr/bin/cmake --install /userdata/BPU_bl_ws/build/bpu_bringup
[5.445s] -- Install configuration: ""
[5.455s] -- Up-to-date: /userdata/BPU_bl_ws/install/bpu_bringup/share/bpu_bringup/launch
[5.456s] -- Installing: /userdata/BPU_bl_ws/install/bpu_bringup/share/bpu_bringup/launch/usb_camera_yolo.launch.py
[5.459s] -- Up-to-date: /userdata/BPU_bl_ws/install/bpu_bringup/share/bpu_bringup/config
[5.462s] -- Up-to-date: /userdata/BPU_bl_ws/install/bpu_bringup/share/bpu_bringup/config/coco_80
[5.462s] -- Up-to-date: /userdata/BPU_bl_ws/install/bpu_bringup/share/bpu_bringup/config/coco_80/coco.list
[5.463s] -- Up-to-date: /userdata/BPU_bl_ws/install/bpu_bringup/share/bpu_bringup/config/coco_80/model.json
[5.465s] -- Up-to-date: /userdata/BPU_bl_ws/install/bpu_bringup/share/bpu_bringup/config/custom_4
[5.467s] -- Up-to-date: /userdata/BPU_bl_ws/install/bpu_bringup/share/bpu_bringup/config/custom_4/custom_4class.list
[5.468s] -- Up-to-date: /userdata/BPU_bl_ws/install/bpu_bringup/share/bpu_bringup/config/custom_4/model.json
[5.469s] -- Execute custom install script
[5.472s] -- Up-to-date symlink: /userdata/BPU_bl_ws/install/bpu_bringup/share/ament_index/resource_index/package_run_dependencies/bpu_bringup
[5.474s] -- Up-to-date symlink: /userdata/BPU_bl_ws/install/bpu_bringup/share/ament_index/resource_index/parent_prefix_path/bpu_bringup
[5.474s] -- Up-to-date symlink: /userdata/BPU_bl_ws/install/bpu_bringup/share/bpu_bringup/environment/ament_prefix_path.sh
[5.475s] -- Up-to-date symlink: /userdata/BPU_bl_ws/install/bpu_bringup/share/bpu_bringup/environment/ament_prefix_path.dsv
[5.475s] -- Up-to-date symlink: /userdata/BPU_bl_ws/install/bpu_bringup/share/bpu_bringup/environment/path.sh
[5.476s] -- Up-to-date symlink: /userdata/BPU_bl_ws/install/bpu_bringup/share/bpu_bringup/environment/path.dsv
[5.477s] -- Up-to-date symlink: /userdata/BPU_bl_ws/install/bpu_bringup/share/bpu_bringup/local_setup.bash
[5.477s] -- Up-to-date symlink: /userdata/BPU_bl_ws/install/bpu_bringup/share/bpu_bringup/local_setup.sh
[5.477s] -- Up-to-date symlink: /userdata/BPU_bl_ws/install/bpu_bringup/share/bpu_bringup/local_setup.zsh
[5.478s] -- Up-to-date symlink: /userdata/BPU_bl_ws/install/bpu_bringup/share/bpu_bringup/local_setup.dsv
[5.478s] -- Symlinking: /userdata/BPU_bl_ws/install/bpu_bringup/share/bpu_bringup/package.dsv
[5.527s] -- Up-to-date symlink: /userdata/BPU_bl_ws/install/bpu_bringup/share/ament_index/resource_index/packages/bpu_bringup
[5.529s] -- Up-to-date symlink: /userdata/BPU_bl_ws/install/bpu_bringup/share/bpu_bringup/cmake/bpu_bringupConfig.cmake
[5.530s] -- Up-to-date symlink: /userdata/BPU_bl_ws/install/bpu_bringup/share/bpu_bringup/cmake/bpu_bringupConfig-version.cmake
[5.534s] -- Up-to-date symlink: /userdata/BPU_bl_ws/install/bpu_bringup/share/bpu_bringup/package.xml
[5.558s] Invoked command in '/userdata/BPU_bl_ws/build/bpu_bringup' returned '0': CMAKE_PREFIX_PATH=${CMAKE_PREFIX_PATH}:/userdata/control_ws/install/task_controller:/userdata/BPU_bl_ws/install/qr_decoder:/userdata/BPU_bl_ws/install/detection_bridge:/userdata/dev_ws/install/line_follower_pkg:/opt/tros/humble:/opt/ros/humble /usr/bin/cmake --install /userdata/BPU_bl_ws/build/bpu_bringup
