[0.063s] Invoking command in '/userdata/driver_ws/build/deptrum-ros-driver-aurora930': CMAKE_PREFIX_PATH=${CMAKE_PREFIX_PATH}:/userdata/dev_ws/install/line_follower_pkg:/opt/tros/humble:/opt/ros/humble /usr/bin/cmake /userdata/driver_ws/src/deptrum-ros-driver -DSTREAM_SDK_TYPE=AURORA930 -DAMENT_CMAKE_SYMLINK_INSTALL=1 -DCMAKE_INSTALL_PREFIX=/userdata/driver_ws/install/deptrum-ros-driver-aurora930
[0.246s] -- Found ament_cmake: 1.3.10 (/opt/ros/humble/share/ament_cmake/cmake)
[1.213s] -- Override CMake install command with custom implementation using symlinks instead of copying resources
[1.329s] -- Found rclcpp: 16.0.10 (/opt/ros/humble/share/rclcpp/cmake)
[1.576s] -- Found rosidl_generator_c: 3.1.5 (/opt/ros/humble/share/rosidl_generator_c/cmake)
[1.590s] -- Found rosidl_adapter: 3.1.5 (/opt/ros/humble/share/rosidl_adapter/cmake)
[1.628s] -- Found rosidl_generator_cpp: 3.1.5 (/opt/ros/humble/share/rosidl_generator_cpp/cmake)
[1.709s] -- Using all available rosidl_typesupport_c: rosidl_typesupport_fastrtps_c;rosidl_typesupport_introspection_c
[1.782s] -- Using all available rosidl_typesupport_cpp: rosidl_typesupport_fastrtps_cpp;rosidl_typesupport_introspection_cpp
[2.041s] -- Found rmw_implementation_cmake: 6.1.2 (/opt/ros/humble/share/rmw_implementation_cmake/cmake)
[2.060s] -- Found rmw_fastrtps_cpp: 6.2.7 (/opt/ros/humble/share/rmw_fastrtps_cpp/cmake)
[2.644s] -- Using RMW implementation 'rmw_fastrtps_cpp' as default
[3.020s] -- STREAM_SDK_TYPE: AURORA930
[3.020s] -- SYSTEM_PLATFORM: linux-aarch64
[3.023s] -- deptrum-stream-aurora900-linux-aarch64-v1.1.22-18.04 exist！
[3.035s] -- Found sensor_msgs: 4.2.4 (/opt/ros/humble/share/sensor_msgs/cmake)
[3.297s] -- Found cv_bridge: 3.2.1 (/opt/ros/humble/share/cv_bridge/cmake)
[3.367s] -- Found tf2: 0.25.20 (/opt/ros/humble/share/tf2/cmake)
[3.403s] -- Found tf2_ros: 0.25.20 (/opt/ros/humble/share/tf2_ros/cmake)
[4.059s] -- Found tf2_geometry_msgs: 0.25.20 (/opt/ros/humble/share/tf2_geometry_msgs/cmake)
[4.086s] -- Found eigen3_cmake_module: 0.1.1 (/opt/ros/humble/share/eigen3_cmake_module/cmake)
[4.099s] -- Ensuring Eigen3 include directory is part of orocos-kdl CMake target
[4.109s] -- Found angles: 1.15.0 (/opt/ros/humble/share/angles/cmake)
[4.119s] -- GLog library status:
[4.120s] --     include path: /userdata/driver_ws/src/deptrum-ros-driver/ext/glog-0.4.0/include
[4.120s] --     library path: /userdata/driver_ws/src/deptrum-ros-driver/ext/glog-0.4.0/lib-static
[4.121s] --     libraries: glog
[4.121s] -- GFlags library status:
[4.122s] --     include path: /userdata/driver_ws/src/deptrum-ros-driver/ext/gflags-2.2.2/include
[4.123s] --     library path: /userdata/driver_ws/src/deptrum-ros-driver/ext/gflags-2.2.2/lib-static
[4.124s] --     libraries: gflags
[4.125s] -- Found ament_lint_auto: 0.12.11 (/opt/ros/humble/share/ament_lint_auto/cmake)
[4.873s] -- Added test 'copyright' to check source files copyright and LICENSE
[4.963s] -- Added test 'cppcheck' to perform static code analysis on C / C++ code
[4.965s] -- Configured cppcheck include dirs: /userdata/driver_ws/src/deptrum-ros-driver/include;/userdata/driver_ws/src/deptrum-ros-driver/ext/deptrum-stream-aurora900-linux-aarch64-v1.1.22-18.04/include;/userdata/driver_ws/src/deptrum-ros-driver/ext/glog-0.4.0/include;/userdata/driver_ws/src/deptrum-ros-driver/ext/gflags-2.2.2/include
[4.966s] -- Configured cppcheck exclude dirs and/or files: 
[5.055s] -- Added test 'cpplint' to check C / C++ code against the Google style
[5.056s] -- Configured cpplint exclude dirs and/or files: 
[5.069s] -- Added test 'flake8' to check Python code syntax and style conventions
[5.094s] -- Added test 'lint_cmake' to check CMake code style
[5.107s] -- Added test 'pep257' to check Python code against some of the docstring style conventions in PEP 257
[5.197s] -- Added test 'uncrustify' to check C / C++ code style
[5.198s] -- Configured uncrustify additional arguments: 
[5.210s] -- Added test 'xmllint' to check XML markup files
[5.227s] -- Configuring done
[5.418s] -- Generating done
[5.471s] -- Build files have been written to: /userdata/driver_ws/build/deptrum-ros-driver-aurora930
[5.551s] Invoked command in '/userdata/driver_ws/build/deptrum-ros-driver-aurora930' returned '0': CMAKE_PREFIX_PATH=${CMAKE_PREFIX_PATH}:/userdata/dev_ws/install/line_follower_pkg:/opt/tros/humble:/opt/ros/humble /usr/bin/cmake /userdata/driver_ws/src/deptrum-ros-driver -DSTREAM_SDK_TYPE=AURORA930 -DAMENT_CMAKE_SYMLINK_INSTALL=1 -DCMAKE_INSTALL_PREFIX=/userdata/driver_ws/install/deptrum-ros-driver-aurora930
[5.561s] Invoking command in '/userdata/driver_ws/build/deptrum-ros-driver-aurora930': CMAKE_PREFIX_PATH=${CMAKE_PREFIX_PATH}:/userdata/dev_ws/install/line_follower_pkg:/opt/tros/humble:/opt/ros/humble /usr/bin/cmake --build /userdata/driver_ws/build/deptrum-ros-driver-aurora930 -- -j8 -l8
[5.788s] Consolidate compiler generated dependencies of target sub_node
[5.789s] Consolidate compiler generated dependencies of target sub_node_ci
[5.835s] Consolidate compiler generated dependencies of target aurora930_node
[5.901s] [ 44%] Built target sub_node
[5.901s] [ 44%] Built target sub_node_ci
[5.925s] [ 55%] Linking CXX executable aurora930_node
[6.126s] /usr/bin/ld: cannot find -ldeptrum_stream_aurora900: No such file or directory
[7.842s] collect2: error: ld returned 1 exit status
[7.849s] gmake[2]: *** [CMakeFiles/aurora930_node.dir/build.make:260: aurora930_node] Error 1
[7.850s] gmake[1]: *** [CMakeFiles/Makefile2:156: CMakeFiles/aurora930_node.dir/all] Error 2
[7.851s] gmake: *** [Makefile:146: all] Error 2
[7.859s] Invoked command in '/userdata/driver_ws/build/deptrum-ros-driver-aurora930' returned '2': CMAKE_PREFIX_PATH=${CMAKE_PREFIX_PATH}:/userdata/dev_ws/install/line_follower_pkg:/opt/tros/humble:/opt/ros/humble /usr/bin/cmake --build /userdata/driver_ws/build/deptrum-ros-driver-aurora930 -- -j8 -l8
