-- The C compiler identification is GNU 11.2.0
-- The CXX compiler identification is GNU 11.2.0
-- Detecting C compiler ABI info
-- Detecting C compiler ABI info - done
-- Check for working C compiler: /usr/bin/cc - skipped
-- Detecting C compile features
-- Detecting C compile features - done
-- Detecting CXX compiler ABI info
-- Detecting CXX compiler ABI info - done
-- Check for working CXX compiler: /usr/bin/c++ - skipped
-- Detecting CXX compile features
-- Detecting CXX compile features - done
CMake Error at /opt/ros/humble/share/ament_cmake/cmake/ament_cmakeConfig-version.cmake:1:
  Parse error.  Expected a command name, got unquoted argument with text
  "rwi¡×õ4puÊ@FÎD˜¢§Íkx^h8ÚeÔó¨-Âß".
Call Stack (most recent call first):
  CMakeLists.txt:8 (find_package)


CMake Error at CMakeLists.txt:8 (find_package):
  Could not find a configuration file for package "ament_cmake" that is
  compatible with requested version "".

  The following configuration files were considered but not accepted:

    /opt/ros/humble/share/ament_cmake/cmake/ament_cmakeConfig.cmake, version: unknown



-- Configuring incomplete, errors occurred!
See also "/userdata/navi_ws/build/navi_bringup/CMakeFiles/CMakeOutput.log".
