[5.075s] Invoking command in '/userdata/BPU_bl_ws/build/qr_decoder': PYTHONPATH=/userdata/BPU_bl_ws/build/qr_decoder/prefix_override:/usr/lib/python3/dist-packages/colcon_core/task/python/colcon_distutils_commands:/userdata/BPU_bl_ws/install/qr_decoder/lib/python3.10/site-packages:${PYTHONPATH} /usr/bin/python3 -W ignore:setup.py install is deprecated -W ignore:easy_install command is deprecated setup.py develop --editable --build-directory /userdata/BPU_bl_ws/build/qr_decoder/build --no-deps symlink_data
[7.175s] running develop
[8.509s] running egg_info
[8.510s] writing qr_decoder.egg-info/PKG-INFO
[8.512s] writing dependency_links to qr_decoder.egg-info/dependency_links.txt
[8.513s] writing entry points to qr_decoder.egg-info/entry_points.txt
[8.514s] writing requirements to qr_decoder.egg-info/requires.txt
[8.515s] writing top-level names to qr_decoder.egg-info/top_level.txt
[8.527s] reading manifest file 'qr_decoder.egg-info/SOURCES.txt'
[8.531s] writing manifest file 'qr_decoder.egg-info/SOURCES.txt'
[8.542s] running build_ext
[8.543s] Creating /userdata/BPU_bl_ws/install/qr_decoder/lib/python3.10/site-packages/qr-decoder.egg-link (link to .)
[8.549s] Installing qr_cropper_node script to /userdata/BPU_bl_ws/install/qr_decoder/bin
[8.550s] Installing qr_decode_node script to /userdata/BPU_bl_ws/install/qr_decoder/bin
[8.552s] 
[8.552s] Installed /userdata/BPU_bl_ws/build/qr_decoder
[8.553s] running symlink_data
[8.555s] symbolically linking /userdata/BPU_bl_ws/build/qr_decoder/scripts/qr_cropper_node -> /userdata/BPU_bl_ws/install/qr_decoder/lib/qr_decoder
[8.555s] error: [Errno 17] File exists: '/userdata/BPU_bl_ws/build/qr_decoder/scripts/qr_cropper_node' -> '/userdata/BPU_bl_ws/install/qr_decoder/lib/qr_decoder/qr_cropper_node'
[8.837s] Invoked command in '/userdata/BPU_bl_ws/build/qr_decoder' returned '1': PYTHONPATH=/userdata/BPU_bl_ws/build/qr_decoder/prefix_override:/usr/lib/python3/dist-packages/colcon_core/task/python/colcon_distutils_commands:/userdata/BPU_bl_ws/install/qr_decoder/lib/python3.10/site-packages:${PYTHONPATH} /usr/bin/python3 -W ignore:setup.py install is deprecated -W ignore:easy_install command is deprecated setup.py develop --editable --build-directory /userdata/BPU_bl_ws/build/qr_decoder/build --no-deps symlink_data
