[1.397s] DEBUG:colcon:Command line arguments: ['/usr/bin/colcon', 'build']
[1.398s] DEBUG:colcon:Parsed command line arguments: Namespace(log_base=None, log_level=None, verb_name='build', build_base='build', install_base='install', merge_install=False, symlink_install=False, test_result_base=None, continue_on_error=False, executor='parallel', parallel_workers=8, event_handlers=None, ignore_user_meta=False, metas=['./colcon.meta'], base_paths=['.'], packages_ignore=None, packages_ignore_regex=None, paths=None, packages_up_to=None, packages_up_to_regex=None, packages_above=None, packages_above_and_dependencies=None, packages_above_depth=None, packages_select_by_dep=None, packages_skip_by_dep=None, packages_skip_up_to=None, packages_select_build_failed=False, packages_skip_build_finished=False, packages_select_test_failures=False, packages_skip_test_passed=False, packages_select=None, packages_skip=None, packages_select_regex=None, packages_skip_regex=None, packages_start=None, packages_end=None, allow_overriding=[], cmake_args=None, cmake_target=None, cmake_target_skip_unavailable=False, cmake_clean_cache=False, cmake_clean_first=False, cmake_force_configure=False, ament_cmake_args=None, catkin_cmake_args=None, catkin_skip_building_tests=False, verb_parser=<colcon_defaults.argument_parser.defaults.DefaultArgumentsDecorator object at 0xffff806c1990>, verb_extension=<colcon_core.verb.build.BuildVerb object at 0xffff806c1480>, main=<bound method BuildVerb.main of <colcon_core.verb.build.BuildVerb object at 0xffff806c1480>>)
[3.863s] Level 1:colcon.colcon_core.package_discovery:discover_packages(colcon_meta) check parameters
[3.864s] Level 1:colcon.colcon_core.package_discovery:discover_packages(recursive) check parameters
[3.864s] Level 1:colcon.colcon_core.package_discovery:discover_packages(ignore) check parameters
[3.864s] Level 1:colcon.colcon_core.package_discovery:discover_packages(path) check parameters
[3.864s] Level 1:colcon.colcon_core.package_discovery:discover_packages(colcon_meta) discover
[3.865s] Level 1:colcon.colcon_core.package_discovery:discover_packages(recursive) discover
[3.865s] INFO:colcon.colcon_core.package_discovery:Crawling recursively for packages in '/userdata/navi_ws'
[3.866s] Level 1:colcon.colcon_core.package_identification:_identify(.) by extensions ['ignore', 'ignore_ament_install']
[3.866s] Level 1:colcon.colcon_core.package_identification:_identify(.) by extension 'ignore'
[3.867s] Level 1:colcon.colcon_core.package_identification:_identify(.) by extension 'ignore_ament_install'
[3.867s] Level 1:colcon.colcon_core.package_identification:_identify(.) by extensions ['colcon_pkg']
[3.867s] Level 1:colcon.colcon_core.package_identification:_identify(.) by extension 'colcon_pkg'
[3.868s] Level 1:colcon.colcon_core.package_identification:_identify(.) by extensions ['colcon_meta']
[3.868s] Level 1:colcon.colcon_core.package_identification:_identify(.) by extension 'colcon_meta'
[3.868s] Level 1:colcon.colcon_core.package_identification:_identify(.) by extensions ['ros']
[3.868s] Level 1:colcon.colcon_core.package_identification:_identify(.) by extension 'ros'
[4.052s] Level 1:colcon.colcon_core.package_identification:_identify(.) by extensions ['cmake', 'python']
[4.052s] Level 1:colcon.colcon_core.package_identification:_identify(.) by extension 'cmake'
[4.052s] Level 1:colcon.colcon_core.package_identification:_identify(.) by extension 'python'
[4.053s] Level 1:colcon.colcon_core.package_identification:_identify(.) by extensions ['python_setup_py']
[4.053s] Level 1:colcon.colcon_core.package_identification:_identify(.) by extension 'python_setup_py'
[4.053s] Level 1:colcon.colcon_core.package_identification:_identify(build) by extensions ['ignore', 'ignore_ament_install']
[4.054s] Level 1:colcon.colcon_core.package_identification:_identify(build) by extension 'ignore'
[4.054s] Level 1:colcon.colcon_core.package_identification:_identify(build) ignored
[4.055s] Level 1:colcon.colcon_core.package_identification:_identify(install) by extensions ['ignore', 'ignore_ament_install']
[4.055s] Level 1:colcon.colcon_core.package_identification:_identify(install) by extension 'ignore'
[4.055s] Level 1:colcon.colcon_core.package_identification:_identify(install) ignored
[4.056s] Level 1:colcon.colcon_core.package_identification:_identify(log) by extensions ['ignore', 'ignore_ament_install']
[4.056s] Level 1:colcon.colcon_core.package_identification:_identify(log) by extension 'ignore'
[4.056s] Level 1:colcon.colcon_core.package_identification:_identify(log) ignored
[4.057s] Level 1:colcon.colcon_core.package_identification:_identify(src) by extensions ['ignore', 'ignore_ament_install']
[4.057s] Level 1:colcon.colcon_core.package_identification:_identify(src) by extension 'ignore'
[4.058s] Level 1:colcon.colcon_core.package_identification:_identify(src) by extension 'ignore_ament_install'
[4.058s] Level 1:colcon.colcon_core.package_identification:_identify(src) by extensions ['colcon_pkg']
[4.058s] Level 1:colcon.colcon_core.package_identification:_identify(src) by extension 'colcon_pkg'
[4.058s] Level 1:colcon.colcon_core.package_identification:_identify(src) by extensions ['colcon_meta']
[4.058s] Level 1:colcon.colcon_core.package_identification:_identify(src) by extension 'colcon_meta'
[4.059s] Level 1:colcon.colcon_core.package_identification:_identify(src) by extensions ['ros']
[4.059s] Level 1:colcon.colcon_core.package_identification:_identify(src) by extension 'ros'
[4.059s] Level 1:colcon.colcon_core.package_identification:_identify(src) by extensions ['cmake', 'python']
[4.060s] Level 1:colcon.colcon_core.package_identification:_identify(src) by extension 'cmake'
[4.060s] Level 1:colcon.colcon_core.package_identification:_identify(src) by extension 'python'
[4.060s] Level 1:colcon.colcon_core.package_identification:_identify(src) by extensions ['python_setup_py']
[4.060s] Level 1:colcon.colcon_core.package_identification:_identify(src) by extension 'python_setup_py'
[4.061s] Level 1:colcon.colcon_core.package_identification:_identify(src/navi_bringup) by extensions ['ignore', 'ignore_ament_install']
[4.061s] Level 1:colcon.colcon_core.package_identification:_identify(src/navi_bringup) by extension 'ignore'
[4.062s] Level 1:colcon.colcon_core.package_identification:_identify(src/navi_bringup) by extension 'ignore_ament_install'
[4.062s] Level 1:colcon.colcon_core.package_identification:_identify(src/navi_bringup) by extensions ['colcon_pkg']
[4.062s] Level 1:colcon.colcon_core.package_identification:_identify(src/navi_bringup) by extension 'colcon_pkg'
[4.062s] Level 1:colcon.colcon_core.package_identification:_identify(src/navi_bringup) by extensions ['colcon_meta']
[4.063s] Level 1:colcon.colcon_core.package_identification:_identify(src/navi_bringup) by extension 'colcon_meta'
[4.063s] Level 1:colcon.colcon_core.package_identification:_identify(src/navi_bringup) by extensions ['ros']
[4.063s] Level 1:colcon.colcon_core.package_identification:_identify(src/navi_bringup) by extension 'ros'
[4.094s] DEBUG:colcon.colcon_core.package_identification:Package 'src/navi_bringup' with type 'ros.ament_cmake' and name 'navi_bringup'
[4.095s] Level 1:colcon.colcon_core.package_discovery:discover_packages(recursive) using defaults
[4.095s] Level 1:colcon.colcon_core.package_discovery:discover_packages(ignore) discover
[4.096s] Level 1:colcon.colcon_core.package_discovery:discover_packages(ignore) using defaults
[4.096s] Level 1:colcon.colcon_core.package_discovery:discover_packages(path) discover
[4.096s] Level 1:colcon.colcon_core.package_discovery:discover_packages(path) using defaults
[4.286s] Level 1:colcon.colcon_core.package_discovery:discover_packages(prefix_path) check parameters
[4.286s] Level 1:colcon.colcon_core.package_discovery:discover_packages(prefix_path) discover
[4.315s] DEBUG:colcon.colcon_installed_package_information.package_discovery:Found 1 installed packages in /userdata/navi_ws/install
[4.320s] DEBUG:colcon.colcon_installed_package_information.package_discovery:Found 8 installed packages in /userdata/dev_ws/install
[4.323s] DEBUG:colcon.colcon_installed_package_information.package_discovery:Found 1 installed packages in /userdata/control_ws/install
[4.326s] DEBUG:colcon.colcon_installed_package_information.package_discovery:Found 5 installed packages in /userdata/BPU_bl_ws/install
[4.329s] DEBUG:colcon.colcon_installed_package_information.package_discovery:Found 1 installed packages in /userdata/base_ws/install
[4.332s] DEBUG:colcon.colcon_installed_package_information.package_discovery:Found 49 installed packages in /opt/tros/humble
[4.419s] DEBUG:colcon.colcon_installed_package_information.package_discovery:Found 290 installed packages in /opt/ros/humble
[4.432s] Level 1:colcon.colcon_core.package_discovery:discover_packages(prefix_path) using defaults
[4.782s] Level 5:colcon.colcon_core.verb:set package 'navi_bringup' build argument 'cmake_args' from command line to 'None'
[4.783s] Level 5:colcon.colcon_core.verb:set package 'navi_bringup' build argument 'cmake_target' from command line to 'None'
[4.783s] Level 5:colcon.colcon_core.verb:set package 'navi_bringup' build argument 'cmake_target_skip_unavailable' from command line to 'False'
[4.783s] Level 5:colcon.colcon_core.verb:set package 'navi_bringup' build argument 'cmake_clean_cache' from command line to 'False'
[4.783s] Level 5:colcon.colcon_core.verb:set package 'navi_bringup' build argument 'cmake_clean_first' from command line to 'False'
[4.784s] Level 5:colcon.colcon_core.verb:set package 'navi_bringup' build argument 'cmake_force_configure' from command line to 'False'
[4.784s] Level 5:colcon.colcon_core.verb:set package 'navi_bringup' build argument 'ament_cmake_args' from command line to 'None'
[4.784s] Level 5:colcon.colcon_core.verb:set package 'navi_bringup' build argument 'catkin_cmake_args' from command line to 'None'
[4.784s] Level 5:colcon.colcon_core.verb:set package 'navi_bringup' build argument 'catkin_skip_building_tests' from command line to 'False'
[4.785s] DEBUG:colcon.colcon_core.verb:Building package 'navi_bringup' with the following arguments: {'ament_cmake_args': None, 'build_base': '/userdata/navi_ws/build/navi_bringup', 'catkin_cmake_args': None, 'catkin_skip_building_tests': False, 'cmake_args': None, 'cmake_clean_cache': False, 'cmake_clean_first': False, 'cmake_force_configure': False, 'cmake_target': None, 'cmake_target_skip_unavailable': False, 'install_base': '/userdata/navi_ws/install/navi_bringup', 'merge_install': False, 'path': '/userdata/navi_ws/src/navi_bringup', 'symlink_install': False, 'test_result_base': None}
[4.785s] INFO:colcon.colcon_core.executor:Executing jobs using 'parallel' executor
[4.790s] DEBUG:colcon.colcon_parallel_executor.executor.parallel:run_until_complete
[4.792s] INFO:colcon.colcon_ros.task.ament_cmake.build:Building ROS package in '/userdata/navi_ws/src/navi_bringup' with build type 'ament_cmake'
[4.792s] INFO:colcon.colcon_cmake.task.cmake.build:Building CMake package in '/userdata/navi_ws/src/navi_bringup'
[4.836s] INFO:colcon.colcon_core.plugin_system:Skipping extension 'colcon_core.shell.bat': Not used on non-Windows systems
[4.838s] INFO:colcon.colcon_core.shell:Skip shell extension 'powershell' for command environment: Not usable outside of PowerShell
[4.838s] DEBUG:colcon.colcon_core.shell:Skip shell extension 'dsv' for command environment
[4.913s] DEBUG:colcon.colcon_core.event_handler.log_command:Invoking command in '/userdata/navi_ws/build/navi_bringup': CMAKE_PREFIX_PATH=${CMAKE_PREFIX_PATH}:/userdata/control_ws/install/task_controller:/userdata/BPU_bl_ws/install/qr_decoder:/userdata/BPU_bl_ws/install/detection_bridge:/userdata/dev_ws/install/line_follower_pkg:/opt/tros/humble:/opt/ros/humble /usr/bin/cmake --build /userdata/navi_ws/build/navi_bringup -- -j8 -l8
[8.259s] DEBUG:colcon.colcon_core.event_handler.log_command:Invoked command in '/userdata/navi_ws/build/navi_bringup' returned '0': CMAKE_PREFIX_PATH=${CMAKE_PREFIX_PATH}:/userdata/control_ws/install/task_controller:/userdata/BPU_bl_ws/install/qr_decoder:/userdata/BPU_bl_ws/install/detection_bridge:/userdata/dev_ws/install/line_follower_pkg:/opt/tros/humble:/opt/ros/humble /usr/bin/cmake --build /userdata/navi_ws/build/navi_bringup -- -j8 -l8
[8.318s] DEBUG:colcon.colcon_core.event_handler.log_command:Invoking command in '/userdata/navi_ws/build/navi_bringup': CMAKE_PREFIX_PATH=${CMAKE_PREFIX_PATH}:/userdata/control_ws/install/task_controller:/userdata/BPU_bl_ws/install/qr_decoder:/userdata/BPU_bl_ws/install/detection_bridge:/userdata/dev_ws/install/line_follower_pkg:/opt/tros/humble:/opt/ros/humble /usr/bin/cmake --install /userdata/navi_ws/build/navi_bringup
[8.843s] Level 1:colcon.colcon_core.environment:create_environment_scripts_only(navi_bringup)
[8.847s] DEBUG:colcon.colcon_core.event_handler.log_command:Invoked command in '/userdata/navi_ws/build/navi_bringup' returned '0': CMAKE_PREFIX_PATH=${CMAKE_PREFIX_PATH}:/userdata/control_ws/install/task_controller:/userdata/BPU_bl_ws/install/qr_decoder:/userdata/BPU_bl_ws/install/detection_bridge:/userdata/dev_ws/install/line_follower_pkg:/opt/tros/humble:/opt/ros/humble /usr/bin/cmake --install /userdata/navi_ws/build/navi_bringup
[8.909s] Level 1:colcon.colcon_core.environment:checking '/userdata/navi_ws/install/navi_bringup' for CMake module files
[8.917s] Level 1:colcon.colcon_core.environment:checking '/userdata/navi_ws/install/navi_bringup' for CMake config files
[8.922s] Level 1:colcon.colcon_core.shell:create_environment_hook('navi_bringup', 'cmake_prefix_path')
[8.924s] INFO:colcon.colcon_core.shell:Creating environment hook '/userdata/navi_ws/install/navi_bringup/share/navi_bringup/hook/cmake_prefix_path.ps1'
[8.929s] INFO:colcon.colcon_core.shell:Creating environment descriptor '/userdata/navi_ws/install/navi_bringup/share/navi_bringup/hook/cmake_prefix_path.dsv'
[8.933s] INFO:colcon.colcon_core.shell:Creating environment hook '/userdata/navi_ws/install/navi_bringup/share/navi_bringup/hook/cmake_prefix_path.sh'
[8.940s] Level 1:colcon.colcon_core.environment:checking '/userdata/navi_ws/install/navi_bringup/lib'
[8.941s] Level 1:colcon.colcon_core.shell:create_environment_hook('navi_bringup', 'ld_library_path_lib')
[8.943s] INFO:colcon.colcon_core.shell:Creating environment hook '/userdata/navi_ws/install/navi_bringup/share/navi_bringup/hook/ld_library_path_lib.ps1'
[8.946s] INFO:colcon.colcon_core.shell:Creating environment descriptor '/userdata/navi_ws/install/navi_bringup/share/navi_bringup/hook/ld_library_path_lib.dsv'
[8.948s] INFO:colcon.colcon_core.shell:Creating environment hook '/userdata/navi_ws/install/navi_bringup/share/navi_bringup/hook/ld_library_path_lib.sh'
[8.951s] Level 1:colcon.colcon_core.environment:checking '/userdata/navi_ws/install/navi_bringup/bin'
[8.951s] Level 1:colcon.colcon_core.environment:checking '/userdata/navi_ws/install/navi_bringup/lib/pkgconfig/navi_bringup.pc'
[8.953s] Level 1:colcon.colcon_core.environment:checking '/userdata/navi_ws/install/navi_bringup/lib/python3.10/site-packages'
[8.954s] Level 1:colcon.colcon_core.environment:checking '/userdata/navi_ws/install/navi_bringup/bin'
[8.956s] INFO:colcon.colcon_core.shell:Creating package script '/userdata/navi_ws/install/navi_bringup/share/navi_bringup/package.ps1'
[8.963s] INFO:colcon.colcon_core.shell:Creating package descriptor '/userdata/navi_ws/install/navi_bringup/share/navi_bringup/package.dsv'
[8.968s] INFO:colcon.colcon_core.shell:Creating package script '/userdata/navi_ws/install/navi_bringup/share/navi_bringup/package.sh'
[8.975s] INFO:colcon.colcon_core.shell:Creating package script '/userdata/navi_ws/install/navi_bringup/share/navi_bringup/package.bash'
[8.982s] INFO:colcon.colcon_core.shell:Creating package script '/userdata/navi_ws/install/navi_bringup/share/navi_bringup/package.zsh'
[8.989s] Level 1:colcon.colcon_core.environment:create_file_with_runtime_dependencies(/userdata/navi_ws/install/navi_bringup/share/colcon-core/packages/navi_bringup)
[8.993s] Level 1:colcon.colcon_core.environment:create_environment_scripts_only(navi_bringup)
[8.995s] Level 1:colcon.colcon_core.environment:checking '/userdata/navi_ws/install/navi_bringup' for CMake module files
[8.999s] Level 1:colcon.colcon_core.environment:checking '/userdata/navi_ws/install/navi_bringup' for CMake config files
[9.002s] Level 1:colcon.colcon_core.shell:create_environment_hook('navi_bringup', 'cmake_prefix_path')
[9.003s] INFO:colcon.colcon_core.shell:Creating environment hook '/userdata/navi_ws/install/navi_bringup/share/navi_bringup/hook/cmake_prefix_path.ps1'
[9.005s] INFO:colcon.colcon_core.shell:Creating environment descriptor '/userdata/navi_ws/install/navi_bringup/share/navi_bringup/hook/cmake_prefix_path.dsv'
[9.007s] INFO:colcon.colcon_core.shell:Creating environment hook '/userdata/navi_ws/install/navi_bringup/share/navi_bringup/hook/cmake_prefix_path.sh'
[9.010s] Level 1:colcon.colcon_core.environment:checking '/userdata/navi_ws/install/navi_bringup/lib'
[9.011s] Level 1:colcon.colcon_core.shell:create_environment_hook('navi_bringup', 'ld_library_path_lib')
[9.012s] INFO:colcon.colcon_core.shell:Creating environment hook '/userdata/navi_ws/install/navi_bringup/share/navi_bringup/hook/ld_library_path_lib.ps1'
[9.014s] INFO:colcon.colcon_core.shell:Creating environment descriptor '/userdata/navi_ws/install/navi_bringup/share/navi_bringup/hook/ld_library_path_lib.dsv'
[9.016s] INFO:colcon.colcon_core.shell:Creating environment hook '/userdata/navi_ws/install/navi_bringup/share/navi_bringup/hook/ld_library_path_lib.sh'
[9.018s] Level 1:colcon.colcon_core.environment:checking '/userdata/navi_ws/install/navi_bringup/bin'
[9.019s] Level 1:colcon.colcon_core.environment:checking '/userdata/navi_ws/install/navi_bringup/lib/pkgconfig/navi_bringup.pc'
[9.020s] Level 1:colcon.colcon_core.environment:checking '/userdata/navi_ws/install/navi_bringup/lib/python3.10/site-packages'
[9.021s] Level 1:colcon.colcon_core.environment:checking '/userdata/navi_ws/install/navi_bringup/bin'
[9.024s] INFO:colcon.colcon_core.shell:Creating package script '/userdata/navi_ws/install/navi_bringup/share/navi_bringup/package.ps1'
[9.027s] INFO:colcon.colcon_core.shell:Creating package descriptor '/userdata/navi_ws/install/navi_bringup/share/navi_bringup/package.dsv'
[9.031s] INFO:colcon.colcon_core.shell:Creating package script '/userdata/navi_ws/install/navi_bringup/share/navi_bringup/package.sh'
[9.035s] INFO:colcon.colcon_core.shell:Creating package script '/userdata/navi_ws/install/navi_bringup/share/navi_bringup/package.bash'
[9.037s] INFO:colcon.colcon_core.shell:Creating package script '/userdata/navi_ws/install/navi_bringup/share/navi_bringup/package.zsh'
[9.040s] Level 1:colcon.colcon_core.environment:create_file_with_runtime_dependencies(/userdata/navi_ws/install/navi_bringup/share/colcon-core/packages/navi_bringup)
[9.041s] DEBUG:colcon.colcon_parallel_executor.executor.parallel:closing loop
[9.043s] DEBUG:colcon.colcon_parallel_executor.executor.parallel:loop closed
[9.043s] DEBUG:colcon.colcon_parallel_executor.executor.parallel:run_until_complete finished with '0'
[9.043s] DEBUG:colcon.colcon_core.event_reactor:joining thread
[9.136s] INFO:colcon.colcon_core.plugin_system:Skipping extension 'colcon_notification.desktop_notification.terminal_notifier': Not used on non-Darwin systems
[9.137s] INFO:colcon.colcon_core.plugin_system:Skipping extension 'colcon_notification.desktop_notification.win32': Not used on non-Windows systems
[9.137s] INFO:colcon.colcon_notification.desktop_notification:Sending desktop notification using 'notify2'
[34.243s] DEBUG:colcon.colcon_notification.desktop_notification.notify2:Failed to initialize notify2: org.freedesktop.DBus.Error.NoReply: Did not receive a reply. Possible causes include: the remote application did not send a reply, the message bus security policy blocked the reply, the reply timeout expired, or the network connection was broken.
[34.244s] DEBUG:colcon.colcon_core.event_reactor:joined thread
[34.246s] INFO:colcon.colcon_core.shell:Creating prefix script '/userdata/navi_ws/install/local_setup.ps1'
[34.274s] INFO:colcon.colcon_core.shell:Creating prefix util module '/userdata/navi_ws/install/_local_setup_util_ps1.py'
[34.292s] INFO:colcon.colcon_core.shell:Creating prefix chain script '/userdata/navi_ws/install/setup.ps1'
[34.306s] INFO:colcon.colcon_core.shell:Creating prefix script '/userdata/navi_ws/install/local_setup.sh'
[34.315s] INFO:colcon.colcon_core.shell:Creating prefix util module '/userdata/navi_ws/install/_local_setup_util_sh.py'
[34.318s] INFO:colcon.colcon_core.shell:Creating prefix chain script '/userdata/navi_ws/install/setup.sh'
[34.332s] INFO:colcon.colcon_core.shell:Creating prefix script '/userdata/navi_ws/install/local_setup.bash'
[34.336s] INFO:colcon.colcon_core.shell:Creating prefix chain script '/userdata/navi_ws/install/setup.bash'
[34.350s] INFO:colcon.colcon_core.shell:Creating prefix script '/userdata/navi_ws/install/local_setup.zsh'
[34.354s] INFO:colcon.colcon_core.shell:Creating prefix chain script '/userdata/navi_ws/install/setup.zsh'
