[0.699s] DEBUG:colcon:Command line arguments: ['/usr/bin/colcon', 'build', '--symlink-install', '--packages-select', 'detection_bridge', 'detection_interfaces']
[0.700s] DEBUG:colcon:Parsed command line arguments: Namespace(log_base=None, log_level=None, verb_name='build', build_base='build', install_base='install', merge_install=False, symlink_install=True, test_result_base=None, continue_on_error=False, executor='parallel', parallel_workers=8, event_handlers=None, ignore_user_meta=False, metas=['./colcon.meta'], base_paths=['.'], packages_ignore=None, packages_ignore_regex=None, paths=None, packages_up_to=None, packages_up_to_regex=None, packages_above=None, packages_above_and_dependencies=None, packages_above_depth=None, packages_select_by_dep=None, packages_skip_by_dep=None, packages_skip_up_to=None, packages_select_build_failed=False, packages_skip_build_finished=False, packages_select_test_failures=False, packages_skip_test_passed=False, packages_select=['detection_bridge', 'detection_interfaces'], packages_skip=None, packages_select_regex=None, packages_skip_regex=None, packages_start=None, packages_end=None, allow_overriding=[], cmake_args=None, cmake_target=None, cmake_target_skip_unavailable=False, cmake_clean_cache=False, cmake_clean_first=False, cmake_force_configure=False, ament_cmake_args=None, catkin_cmake_args=None, catkin_skip_building_tests=False, verb_parser=<colcon_defaults.argument_parser.defaults.DefaultArgumentsDecorator object at 0xffff7f274dc0>, verb_extension=<colcon_core.verb.build.BuildVerb object at 0xffff7f2748b0>, main=<bound method BuildVerb.main of <colcon_core.verb.build.BuildVerb object at 0xffff7f2748b0>>)
[1.977s] Level 1:colcon.colcon_core.package_discovery:discover_packages(colcon_meta) check parameters
[1.978s] Level 1:colcon.colcon_core.package_discovery:discover_packages(recursive) check parameters
[1.979s] Level 1:colcon.colcon_core.package_discovery:discover_packages(ignore) check parameters
[1.979s] Level 1:colcon.colcon_core.package_discovery:discover_packages(path) check parameters
[1.979s] Level 1:colcon.colcon_core.package_discovery:discover_packages(colcon_meta) discover
[1.980s] Level 1:colcon.colcon_core.package_discovery:discover_packages(recursive) discover
[1.980s] INFO:colcon.colcon_core.package_discovery:Crawling recursively for packages in '/userdata/BPU_bl_ws'
[1.981s] Level 1:colcon.colcon_core.package_identification:_identify(.) by extensions ['ignore', 'ignore_ament_install']
[1.981s] Level 1:colcon.colcon_core.package_identification:_identify(.) by extension 'ignore'
[1.982s] Level 1:colcon.colcon_core.package_identification:_identify(.) by extension 'ignore_ament_install'
[1.983s] Level 1:colcon.colcon_core.package_identification:_identify(.) by extensions ['colcon_pkg']
[1.983s] Level 1:colcon.colcon_core.package_identification:_identify(.) by extension 'colcon_pkg'
[1.983s] Level 1:colcon.colcon_core.package_identification:_identify(.) by extensions ['colcon_meta']
[1.984s] Level 1:colcon.colcon_core.package_identification:_identify(.) by extension 'colcon_meta'
[1.984s] Level 1:colcon.colcon_core.package_identification:_identify(.) by extensions ['ros']
[1.984s] Level 1:colcon.colcon_core.package_identification:_identify(.) by extension 'ros'
[2.062s] Level 1:colcon.colcon_core.package_identification:_identify(.) by extensions ['cmake', 'python']
[2.063s] Level 1:colcon.colcon_core.package_identification:_identify(.) by extension 'cmake'
[2.063s] Level 1:colcon.colcon_core.package_identification:_identify(.) by extension 'python'
[2.064s] Level 1:colcon.colcon_core.package_identification:_identify(.) by extensions ['python_setup_py']
[2.064s] Level 1:colcon.colcon_core.package_identification:_identify(.) by extension 'python_setup_py'
[2.065s] Level 1:colcon.colcon_core.package_identification:_identify(build) by extensions ['ignore', 'ignore_ament_install']
[2.065s] Level 1:colcon.colcon_core.package_identification:_identify(build) by extension 'ignore'
[2.065s] Level 1:colcon.colcon_core.package_identification:_identify(build) ignored
[2.066s] Level 1:colcon.colcon_core.package_identification:_identify(config) by extensions ['ignore', 'ignore_ament_install']
[2.067s] Level 1:colcon.colcon_core.package_identification:_identify(config) by extension 'ignore'
[2.067s] Level 1:colcon.colcon_core.package_identification:_identify(config) by extension 'ignore_ament_install'
[2.067s] Level 1:colcon.colcon_core.package_identification:_identify(config) by extensions ['colcon_pkg']
[2.067s] Level 1:colcon.colcon_core.package_identification:_identify(config) by extension 'colcon_pkg'
[2.068s] Level 1:colcon.colcon_core.package_identification:_identify(config) by extensions ['colcon_meta']
[2.068s] Level 1:colcon.colcon_core.package_identification:_identify(config) by extension 'colcon_meta'
[2.068s] Level 1:colcon.colcon_core.package_identification:_identify(config) by extensions ['ros']
[2.068s] Level 1:colcon.colcon_core.package_identification:_identify(config) by extension 'ros'
[2.069s] Level 1:colcon.colcon_core.package_identification:_identify(config) by extensions ['cmake', 'python']
[2.069s] Level 1:colcon.colcon_core.package_identification:_identify(config) by extension 'cmake'
[2.069s] Level 1:colcon.colcon_core.package_identification:_identify(config) by extension 'python'
[2.070s] Level 1:colcon.colcon_core.package_identification:_identify(config) by extensions ['python_setup_py']
[2.070s] Level 1:colcon.colcon_core.package_identification:_identify(config) by extension 'python_setup_py'
[2.070s] Level 1:colcon.colcon_core.package_identification:_identify(config/coco_80) by extensions ['ignore', 'ignore_ament_install']
[2.071s] Level 1:colcon.colcon_core.package_identification:_identify(config/coco_80) by extension 'ignore'
[2.071s] Level 1:colcon.colcon_core.package_identification:_identify(config/coco_80) by extension 'ignore_ament_install'
[2.071s] Level 1:colcon.colcon_core.package_identification:_identify(config/coco_80) by extensions ['colcon_pkg']
[2.072s] Level 1:colcon.colcon_core.package_identification:_identify(config/coco_80) by extension 'colcon_pkg'
[2.072s] Level 1:colcon.colcon_core.package_identification:_identify(config/coco_80) by extensions ['colcon_meta']
[2.072s] Level 1:colcon.colcon_core.package_identification:_identify(config/coco_80) by extension 'colcon_meta'
[2.072s] Level 1:colcon.colcon_core.package_identification:_identify(config/coco_80) by extensions ['ros']
[2.073s] Level 1:colcon.colcon_core.package_identification:_identify(config/coco_80) by extension 'ros'
[2.073s] Level 1:colcon.colcon_core.package_identification:_identify(config/coco_80) by extensions ['cmake', 'python']
[2.073s] Level 1:colcon.colcon_core.package_identification:_identify(config/coco_80) by extension 'cmake'
[2.074s] Level 1:colcon.colcon_core.package_identification:_identify(config/coco_80) by extension 'python'
[2.074s] Level 1:colcon.colcon_core.package_identification:_identify(config/coco_80) by extensions ['python_setup_py']
[2.074s] Level 1:colcon.colcon_core.package_identification:_identify(config/coco_80) by extension 'python_setup_py'
[2.074s] Level 1:colcon.colcon_core.package_identification:_identify(config/custom_4) by extensions ['ignore', 'ignore_ament_install']
[2.075s] Level 1:colcon.colcon_core.package_identification:_identify(config/custom_4) by extension 'ignore'
[2.075s] Level 1:colcon.colcon_core.package_identification:_identify(config/custom_4) by extension 'ignore_ament_install'
[2.076s] Level 1:colcon.colcon_core.package_identification:_identify(config/custom_4) by extensions ['colcon_pkg']
[2.076s] Level 1:colcon.colcon_core.package_identification:_identify(config/custom_4) by extension 'colcon_pkg'
[2.076s] Level 1:colcon.colcon_core.package_identification:_identify(config/custom_4) by extensions ['colcon_meta']
[2.076s] Level 1:colcon.colcon_core.package_identification:_identify(config/custom_4) by extension 'colcon_meta'
[2.076s] Level 1:colcon.colcon_core.package_identification:_identify(config/custom_4) by extensions ['ros']
[2.077s] Level 1:colcon.colcon_core.package_identification:_identify(config/custom_4) by extension 'ros'
[2.077s] Level 1:colcon.colcon_core.package_identification:_identify(config/custom_4) by extensions ['cmake', 'python']
[2.077s] Level 1:colcon.colcon_core.package_identification:_identify(config/custom_4) by extension 'cmake'
[2.078s] Level 1:colcon.colcon_core.package_identification:_identify(config/custom_4) by extension 'python'
[2.078s] Level 1:colcon.colcon_core.package_identification:_identify(config/custom_4) by extensions ['python_setup_py']
[2.078s] Level 1:colcon.colcon_core.package_identification:_identify(config/custom_4) by extension 'python_setup_py'
[2.079s] Level 1:colcon.colcon_core.package_identification:_identify(install) by extensions ['ignore', 'ignore_ament_install']
[2.079s] Level 1:colcon.colcon_core.package_identification:_identify(install) by extension 'ignore'
[2.079s] Level 1:colcon.colcon_core.package_identification:_identify(install) ignored
[2.080s] Level 1:colcon.colcon_core.package_identification:_identify(log) by extensions ['ignore', 'ignore_ament_install']
[2.081s] Level 1:colcon.colcon_core.package_identification:_identify(log) by extension 'ignore'
[2.081s] Level 1:colcon.colcon_core.package_identification:_identify(log) ignored
[2.082s] Level 1:colcon.colcon_core.package_identification:_identify(src) by extensions ['ignore', 'ignore_ament_install']
[2.082s] Level 1:colcon.colcon_core.package_identification:_identify(src) by extension 'ignore'
[2.083s] Level 1:colcon.colcon_core.package_identification:_identify(src) by extension 'ignore_ament_install'
[2.083s] Level 1:colcon.colcon_core.package_identification:_identify(src) by extensions ['colcon_pkg']
[2.083s] Level 1:colcon.colcon_core.package_identification:_identify(src) by extension 'colcon_pkg'
[2.084s] Level 1:colcon.colcon_core.package_identification:_identify(src) by extensions ['colcon_meta']
[2.084s] Level 1:colcon.colcon_core.package_identification:_identify(src) by extension 'colcon_meta'
[2.084s] Level 1:colcon.colcon_core.package_identification:_identify(src) by extensions ['ros']
[2.084s] Level 1:colcon.colcon_core.package_identification:_identify(src) by extension 'ros'
[2.085s] Level 1:colcon.colcon_core.package_identification:_identify(src) by extensions ['cmake', 'python']
[2.085s] Level 1:colcon.colcon_core.package_identification:_identify(src) by extension 'cmake'
[2.086s] Level 1:colcon.colcon_core.package_identification:_identify(src) by extension 'python'
[2.086s] Level 1:colcon.colcon_core.package_identification:_identify(src) by extensions ['python_setup_py']
[2.086s] Level 1:colcon.colcon_core.package_identification:_identify(src) by extension 'python_setup_py'
[2.087s] Level 1:colcon.colcon_core.package_identification:_identify(src/bpu_bringup) by extensions ['ignore', 'ignore_ament_install']
[2.087s] Level 1:colcon.colcon_core.package_identification:_identify(src/bpu_bringup) by extension 'ignore'
[2.088s] Level 1:colcon.colcon_core.package_identification:_identify(src/bpu_bringup) by extension 'ignore_ament_install'
[2.088s] Level 1:colcon.colcon_core.package_identification:_identify(src/bpu_bringup) by extensions ['colcon_pkg']
[2.089s] Level 1:colcon.colcon_core.package_identification:_identify(src/bpu_bringup) by extension 'colcon_pkg'
[2.089s] Level 1:colcon.colcon_core.package_identification:_identify(src/bpu_bringup) by extensions ['colcon_meta']
[2.089s] Level 1:colcon.colcon_core.package_identification:_identify(src/bpu_bringup) by extension 'colcon_meta'
[2.090s] Level 1:colcon.colcon_core.package_identification:_identify(src/bpu_bringup) by extensions ['ros']
[2.090s] Level 1:colcon.colcon_core.package_identification:_identify(src/bpu_bringup) by extension 'ros'
[2.107s] DEBUG:colcon.colcon_core.package_identification:Package 'src/bpu_bringup' with type 'ros.ament_cmake' and name 'bpu_bringup'
[2.108s] Level 1:colcon.colcon_core.package_identification:_identify(src/detection_bridge) by extensions ['ignore', 'ignore_ament_install']
[2.109s] Level 1:colcon.colcon_core.package_identification:_identify(src/detection_bridge) by extension 'ignore'
[2.109s] Level 1:colcon.colcon_core.package_identification:_identify(src/detection_bridge) by extension 'ignore_ament_install'
[2.110s] Level 1:colcon.colcon_core.package_identification:_identify(src/detection_bridge) by extensions ['colcon_pkg']
[2.110s] Level 1:colcon.colcon_core.package_identification:_identify(src/detection_bridge) by extension 'colcon_pkg'
[2.110s] Level 1:colcon.colcon_core.package_identification:_identify(src/detection_bridge) by extensions ['colcon_meta']
[2.110s] Level 1:colcon.colcon_core.package_identification:_identify(src/detection_bridge) by extension 'colcon_meta'
[2.111s] Level 1:colcon.colcon_core.package_identification:_identify(src/detection_bridge) by extensions ['ros']
[2.111s] Level 1:colcon.colcon_core.package_identification:_identify(src/detection_bridge) by extension 'ros'
[2.114s] DEBUG:colcon.colcon_core.package_identification:Package 'src/detection_bridge' with type 'ros.ament_python' and name 'detection_bridge'
[2.115s] Level 1:colcon.colcon_core.package_identification:_identify(src/detection_interfaces) by extensions ['ignore', 'ignore_ament_install']
[2.116s] Level 1:colcon.colcon_core.package_identification:_identify(src/detection_interfaces) by extension 'ignore'
[2.116s] Level 1:colcon.colcon_core.package_identification:_identify(src/detection_interfaces) by extension 'ignore_ament_install'
[2.117s] Level 1:colcon.colcon_core.package_identification:_identify(src/detection_interfaces) by extensions ['colcon_pkg']
[2.117s] Level 1:colcon.colcon_core.package_identification:_identify(src/detection_interfaces) by extension 'colcon_pkg'
[2.117s] Level 1:colcon.colcon_core.package_identification:_identify(src/detection_interfaces) by extensions ['colcon_meta']
[2.117s] Level 1:colcon.colcon_core.package_identification:_identify(src/detection_interfaces) by extension 'colcon_meta'
[2.118s] Level 1:colcon.colcon_core.package_identification:_identify(src/detection_interfaces) by extensions ['ros']
[2.118s] Level 1:colcon.colcon_core.package_identification:_identify(src/detection_interfaces) by extension 'ros'
[2.122s] DEBUG:colcon.colcon_core.package_identification:Package 'src/detection_interfaces' with type 'ros.ament_cmake' and name 'detection_interfaces'
[2.123s] Level 1:colcon.colcon_core.package_identification:_identify(src/qr_decoder) by extensions ['ignore', 'ignore_ament_install']
[2.123s] Level 1:colcon.colcon_core.package_identification:_identify(src/qr_decoder) by extension 'ignore'
[2.124s] Level 1:colcon.colcon_core.package_identification:_identify(src/qr_decoder) by extension 'ignore_ament_install'
[2.124s] Level 1:colcon.colcon_core.package_identification:_identify(src/qr_decoder) by extensions ['colcon_pkg']
[2.125s] Level 1:colcon.colcon_core.package_identification:_identify(src/qr_decoder) by extension 'colcon_pkg'
[2.125s] Level 1:colcon.colcon_core.package_identification:_identify(src/qr_decoder) by extensions ['colcon_meta']
[2.125s] Level 1:colcon.colcon_core.package_identification:_identify(src/qr_decoder) by extension 'colcon_meta'
[2.126s] Level 1:colcon.colcon_core.package_identification:_identify(src/qr_decoder) by extensions ['ros']
[2.126s] Level 1:colcon.colcon_core.package_identification:_identify(src/qr_decoder) by extension 'ros'
[2.130s] DEBUG:colcon.colcon_core.package_identification:Package 'src/qr_decoder' with type 'ros.ament_python' and name 'qr_decoder'
[2.131s] Level 1:colcon.colcon_core.package_identification:_identify(src/utils) by extensions ['ignore', 'ignore_ament_install']
[2.131s] Level 1:colcon.colcon_core.package_identification:_identify(src/utils) by extension 'ignore'
[2.132s] Level 1:colcon.colcon_core.package_identification:_identify(src/utils) by extension 'ignore_ament_install'
[2.132s] Level 1:colcon.colcon_core.package_identification:_identify(src/utils) by extensions ['colcon_pkg']
[2.132s] Level 1:colcon.colcon_core.package_identification:_identify(src/utils) by extension 'colcon_pkg'
[2.133s] Level 1:colcon.colcon_core.package_identification:_identify(src/utils) by extensions ['colcon_meta']
[2.133s] Level 1:colcon.colcon_core.package_identification:_identify(src/utils) by extension 'colcon_meta'
[2.133s] Level 1:colcon.colcon_core.package_identification:_identify(src/utils) by extensions ['ros']
[2.134s] Level 1:colcon.colcon_core.package_identification:_identify(src/utils) by extension 'ros'
[2.139s] DEBUG:colcon.colcon_core.package_identification:Package 'src/utils' with type 'ros.ament_cmake' and name 'utils'
[2.140s] Level 1:colcon.colcon_core.package_discovery:discover_packages(recursive) using defaults
[2.140s] Level 1:colcon.colcon_core.package_discovery:discover_packages(ignore) discover
[2.140s] Level 1:colcon.colcon_core.package_discovery:discover_packages(ignore) using defaults
[2.140s] Level 1:colcon.colcon_core.package_discovery:discover_packages(path) discover
[2.141s] Level 1:colcon.colcon_core.package_discovery:discover_packages(path) using defaults
[2.362s] INFO:colcon.colcon_core.package_selection:Skipping not selected package 'bpu_bringup' in 'src/bpu_bringup'
[2.362s] INFO:colcon.colcon_core.package_selection:Skipping not selected package 'qr_decoder' in 'src/qr_decoder'
[2.363s] INFO:colcon.colcon_core.package_selection:Skipping not selected package 'utils' in 'src/utils'
[2.366s] Level 1:colcon.colcon_core.package_discovery:discover_packages(prefix_path) check parameters
[2.366s] Level 1:colcon.colcon_core.package_discovery:discover_packages(prefix_path) discover
[2.382s] DEBUG:colcon.colcon_installed_package_information.package_discovery:Found 8 installed packages in /userdata/dev_ws/install
[2.386s] DEBUG:colcon.colcon_installed_package_information.package_discovery:Found 49 installed packages in /opt/tros/humble
[2.397s] DEBUG:colcon.colcon_installed_package_information.package_discovery:Found 290 installed packages in /opt/ros/humble
[2.410s] Level 1:colcon.colcon_core.package_discovery:discover_packages(prefix_path) using defaults
[2.747s] Level 5:colcon.colcon_core.verb:set package 'detection_interfaces' build argument 'cmake_args' from command line to 'None'
[2.747s] Level 5:colcon.colcon_core.verb:set package 'detection_interfaces' build argument 'cmake_target' from command line to 'None'
[2.747s] Level 5:colcon.colcon_core.verb:set package 'detection_interfaces' build argument 'cmake_target_skip_unavailable' from command line to 'False'
[2.748s] Level 5:colcon.colcon_core.verb:set package 'detection_interfaces' build argument 'cmake_clean_cache' from command line to 'False'
[2.748s] Level 5:colcon.colcon_core.verb:set package 'detection_interfaces' build argument 'cmake_clean_first' from command line to 'False'
[2.748s] Level 5:colcon.colcon_core.verb:set package 'detection_interfaces' build argument 'cmake_force_configure' from command line to 'False'
[2.748s] Level 5:colcon.colcon_core.verb:set package 'detection_interfaces' build argument 'ament_cmake_args' from command line to 'None'
[2.748s] Level 5:colcon.colcon_core.verb:set package 'detection_interfaces' build argument 'catkin_cmake_args' from command line to 'None'
[2.749s] Level 5:colcon.colcon_core.verb:set package 'detection_interfaces' build argument 'catkin_skip_building_tests' from command line to 'False'
[2.749s] DEBUG:colcon.colcon_core.verb:Building package 'detection_interfaces' with the following arguments: {'ament_cmake_args': None, 'build_base': '/userdata/BPU_bl_ws/build/detection_interfaces', 'catkin_cmake_args': None, 'catkin_skip_building_tests': False, 'cmake_args': None, 'cmake_clean_cache': False, 'cmake_clean_first': False, 'cmake_force_configure': False, 'cmake_target': None, 'cmake_target_skip_unavailable': False, 'install_base': '/userdata/BPU_bl_ws/install/detection_interfaces', 'merge_install': False, 'path': '/userdata/BPU_bl_ws/src/detection_interfaces', 'symlink_install': True, 'test_result_base': None}
[2.752s] Level 5:colcon.colcon_core.verb:set package 'detection_bridge' build argument 'cmake_args' from command line to 'None'
[2.752s] Level 5:colcon.colcon_core.verb:set package 'detection_bridge' build argument 'cmake_target' from command line to 'None'
[2.752s] Level 5:colcon.colcon_core.verb:set package 'detection_bridge' build argument 'cmake_target_skip_unavailable' from command line to 'False'
[2.753s] Level 5:colcon.colcon_core.verb:set package 'detection_bridge' build argument 'cmake_clean_cache' from command line to 'False'
[2.753s] Level 5:colcon.colcon_core.verb:set package 'detection_bridge' build argument 'cmake_clean_first' from command line to 'False'
[2.753s] Level 5:colcon.colcon_core.verb:set package 'detection_bridge' build argument 'cmake_force_configure' from command line to 'False'
[2.753s] Level 5:colcon.colcon_core.verb:set package 'detection_bridge' build argument 'ament_cmake_args' from command line to 'None'
[2.753s] Level 5:colcon.colcon_core.verb:set package 'detection_bridge' build argument 'catkin_cmake_args' from command line to 'None'
[2.753s] Level 5:colcon.colcon_core.verb:set package 'detection_bridge' build argument 'catkin_skip_building_tests' from command line to 'False'
[2.754s] DEBUG:colcon.colcon_core.verb:Building package 'detection_bridge' with the following arguments: {'ament_cmake_args': None, 'build_base': '/userdata/BPU_bl_ws/build/detection_bridge', 'catkin_cmake_args': None, 'catkin_skip_building_tests': False, 'cmake_args': None, 'cmake_clean_cache': False, 'cmake_clean_first': False, 'cmake_force_configure': False, 'cmake_target': None, 'cmake_target_skip_unavailable': False, 'install_base': '/userdata/BPU_bl_ws/install/detection_bridge', 'merge_install': False, 'path': '/userdata/BPU_bl_ws/src/detection_bridge', 'symlink_install': True, 'test_result_base': None}
[2.755s] INFO:colcon.colcon_core.executor:Executing jobs using 'parallel' executor
[2.760s] DEBUG:colcon.colcon_parallel_executor.executor.parallel:run_until_complete
[2.762s] INFO:colcon.colcon_ros.task.ament_cmake.build:Building ROS package in '/userdata/BPU_bl_ws/src/detection_interfaces' with build type 'ament_cmake'
[2.763s] INFO:colcon.colcon_cmake.task.cmake.build:Building CMake package in '/userdata/BPU_bl_ws/src/detection_interfaces'
[2.775s] INFO:colcon.colcon_core.plugin_system:Skipping extension 'colcon_core.shell.bat': Not used on non-Windows systems
[2.777s] INFO:colcon.colcon_core.shell:Skip shell extension 'powershell' for command environment: Not usable outside of PowerShell
[2.777s] DEBUG:colcon.colcon_core.shell:Skip shell extension 'dsv' for command environment
[2.829s] DEBUG:colcon.colcon_core.event_handler.log_command:Invoking command in '/userdata/BPU_bl_ws/build/detection_interfaces': CMAKE_PREFIX_PATH=${CMAKE_PREFIX_PATH}:/userdata/dev_ws/install/line_follower_pkg:/opt/tros/humble:/opt/ros/humble /usr/bin/cmake --build /userdata/BPU_bl_ws/build/detection_interfaces -- -j8 -l8
[5.218s] DEBUG:colcon.colcon_core.event_handler.log_command:Invoked command in '/userdata/BPU_bl_ws/build/detection_interfaces' returned '0': CMAKE_PREFIX_PATH=${CMAKE_PREFIX_PATH}:/userdata/dev_ws/install/line_follower_pkg:/opt/tros/humble:/opt/ros/humble /usr/bin/cmake --build /userdata/BPU_bl_ws/build/detection_interfaces -- -j8 -l8
[5.270s] DEBUG:colcon.colcon_core.event_handler.log_command:Invoking command in '/userdata/BPU_bl_ws/build/detection_interfaces': CMAKE_PREFIX_PATH=${CMAKE_PREFIX_PATH}:/userdata/dev_ws/install/line_follower_pkg:/opt/tros/humble:/opt/ros/humble /usr/bin/cmake --install /userdata/BPU_bl_ws/build/detection_interfaces
[5.701s] Level 1:colcon.colcon_core.environment:create_environment_scripts_only(detection_interfaces)
[5.705s] DEBUG:colcon.colcon_core.event_handler.log_command:Invoked command in '/userdata/BPU_bl_ws/build/detection_interfaces' returned '0': CMAKE_PREFIX_PATH=${CMAKE_PREFIX_PATH}:/userdata/dev_ws/install/line_follower_pkg:/opt/tros/humble:/opt/ros/humble /usr/bin/cmake --install /userdata/BPU_bl_ws/build/detection_interfaces
[5.719s] Level 1:colcon.colcon_core.environment:checking '/userdata/BPU_bl_ws/install/detection_interfaces' for CMake module files
[5.724s] Level 1:colcon.colcon_core.environment:checking '/userdata/BPU_bl_ws/install/detection_interfaces' for CMake config files
[5.727s] Level 1:colcon.colcon_core.shell:create_environment_hook('detection_interfaces', 'cmake_prefix_path')
[5.728s] INFO:colcon.colcon_core.shell:Creating environment hook '/userdata/BPU_bl_ws/install/detection_interfaces/share/detection_interfaces/hook/cmake_prefix_path.ps1'
[5.733s] INFO:colcon.colcon_core.shell:Creating environment descriptor '/userdata/BPU_bl_ws/install/detection_interfaces/share/detection_interfaces/hook/cmake_prefix_path.dsv'
[5.736s] INFO:colcon.colcon_core.shell:Creating environment hook '/userdata/BPU_bl_ws/install/detection_interfaces/share/detection_interfaces/hook/cmake_prefix_path.sh'
[5.741s] Level 1:colcon.colcon_core.environment:checking '/userdata/BPU_bl_ws/install/detection_interfaces/lib'
[5.742s] Level 1:colcon.colcon_core.shell:create_environment_hook('detection_interfaces', 'ld_library_path_lib')
[5.744s] INFO:colcon.colcon_core.shell:Creating environment hook '/userdata/BPU_bl_ws/install/detection_interfaces/share/detection_interfaces/hook/ld_library_path_lib.ps1'
[5.747s] INFO:colcon.colcon_core.shell:Creating environment descriptor '/userdata/BPU_bl_ws/install/detection_interfaces/share/detection_interfaces/hook/ld_library_path_lib.dsv'
[5.749s] INFO:colcon.colcon_core.shell:Creating environment hook '/userdata/BPU_bl_ws/install/detection_interfaces/share/detection_interfaces/hook/ld_library_path_lib.sh'
[5.751s] Level 1:colcon.colcon_core.environment:checking '/userdata/BPU_bl_ws/install/detection_interfaces/bin'
[5.752s] Level 1:colcon.colcon_core.environment:checking '/userdata/BPU_bl_ws/install/detection_interfaces/lib/pkgconfig/detection_interfaces.pc'
[5.754s] Level 1:colcon.colcon_core.environment:checking '/userdata/BPU_bl_ws/install/detection_interfaces/lib/python3.10/site-packages'
[5.756s] Level 1:colcon.colcon_core.environment:checking '/userdata/BPU_bl_ws/install/detection_interfaces/bin'
[5.759s] INFO:colcon.colcon_core.shell:Creating package script '/userdata/BPU_bl_ws/install/detection_interfaces/share/detection_interfaces/package.ps1'
[5.766s] INFO:colcon.colcon_core.shell:Creating package descriptor '/userdata/BPU_bl_ws/install/detection_interfaces/share/detection_interfaces/package.dsv'
[5.771s] INFO:colcon.colcon_core.shell:Creating package script '/userdata/BPU_bl_ws/install/detection_interfaces/share/detection_interfaces/package.sh'
[5.778s] INFO:colcon.colcon_core.shell:Creating package script '/userdata/BPU_bl_ws/install/detection_interfaces/share/detection_interfaces/package.bash'
[5.784s] INFO:colcon.colcon_core.shell:Creating package script '/userdata/BPU_bl_ws/install/detection_interfaces/share/detection_interfaces/package.zsh'
[5.790s] Level 1:colcon.colcon_core.environment:create_file_with_runtime_dependencies(/userdata/BPU_bl_ws/install/detection_interfaces/share/colcon-core/packages/detection_interfaces)
[5.795s] Level 1:colcon.colcon_core.environment:create_environment_scripts_only(detection_interfaces)
[5.797s] Level 1:colcon.colcon_core.environment:checking '/userdata/BPU_bl_ws/install/detection_interfaces' for CMake module files
[5.802s] Level 1:colcon.colcon_core.environment:checking '/userdata/BPU_bl_ws/install/detection_interfaces' for CMake config files
[5.805s] Level 1:colcon.colcon_core.shell:create_environment_hook('detection_interfaces', 'cmake_prefix_path')
[5.807s] INFO:colcon.colcon_core.shell:Creating environment hook '/userdata/BPU_bl_ws/install/detection_interfaces/share/detection_interfaces/hook/cmake_prefix_path.ps1'
[5.811s] INFO:colcon.colcon_core.shell:Creating environment descriptor '/userdata/BPU_bl_ws/install/detection_interfaces/share/detection_interfaces/hook/cmake_prefix_path.dsv'
[5.814s] INFO:colcon.colcon_core.shell:Creating environment hook '/userdata/BPU_bl_ws/install/detection_interfaces/share/detection_interfaces/hook/cmake_prefix_path.sh'
[5.818s] Level 1:colcon.colcon_core.environment:checking '/userdata/BPU_bl_ws/install/detection_interfaces/lib'
[5.819s] Level 1:colcon.colcon_core.shell:create_environment_hook('detection_interfaces', 'ld_library_path_lib')
[5.821s] INFO:colcon.colcon_core.shell:Creating environment hook '/userdata/BPU_bl_ws/install/detection_interfaces/share/detection_interfaces/hook/ld_library_path_lib.ps1'
[5.824s] INFO:colcon.colcon_core.shell:Creating environment descriptor '/userdata/BPU_bl_ws/install/detection_interfaces/share/detection_interfaces/hook/ld_library_path_lib.dsv'
[5.827s] INFO:colcon.colcon_core.shell:Creating environment hook '/userdata/BPU_bl_ws/install/detection_interfaces/share/detection_interfaces/hook/ld_library_path_lib.sh'
[5.831s] Level 1:colcon.colcon_core.environment:checking '/userdata/BPU_bl_ws/install/detection_interfaces/bin'
[5.831s] Level 1:colcon.colcon_core.environment:checking '/userdata/BPU_bl_ws/install/detection_interfaces/lib/pkgconfig/detection_interfaces.pc'
[5.833s] Level 1:colcon.colcon_core.environment:checking '/userdata/BPU_bl_ws/install/detection_interfaces/lib/python3.10/site-packages'
[5.835s] Level 1:colcon.colcon_core.environment:checking '/userdata/BPU_bl_ws/install/detection_interfaces/bin'
[5.838s] INFO:colcon.colcon_core.shell:Creating package script '/userdata/BPU_bl_ws/install/detection_interfaces/share/detection_interfaces/package.ps1'
[5.842s] INFO:colcon.colcon_core.shell:Creating package descriptor '/userdata/BPU_bl_ws/install/detection_interfaces/share/detection_interfaces/package.dsv'
[5.847s] INFO:colcon.colcon_core.shell:Creating package script '/userdata/BPU_bl_ws/install/detection_interfaces/share/detection_interfaces/package.sh'
[5.851s] INFO:colcon.colcon_core.shell:Creating package script '/userdata/BPU_bl_ws/install/detection_interfaces/share/detection_interfaces/package.bash'
[5.854s] INFO:colcon.colcon_core.shell:Creating package script '/userdata/BPU_bl_ws/install/detection_interfaces/share/detection_interfaces/package.zsh'
[5.857s] Level 1:colcon.colcon_core.environment:create_file_with_runtime_dependencies(/userdata/BPU_bl_ws/install/detection_interfaces/share/colcon-core/packages/detection_interfaces)
[5.858s] INFO:colcon.colcon_ros.task.ament_python.build:Building ROS package in '/userdata/BPU_bl_ws/src/detection_bridge' with build type 'ament_python'
[5.859s] Level 1:colcon.colcon_core.shell:create_environment_hook('detection_bridge', 'ament_prefix_path')
[5.861s] INFO:colcon.colcon_core.shell:Creating environment hook '/userdata/BPU_bl_ws/install/detection_bridge/share/detection_bridge/hook/ament_prefix_path.ps1'
[5.867s] INFO:colcon.colcon_core.shell:Creating environment descriptor '/userdata/BPU_bl_ws/install/detection_bridge/share/detection_bridge/hook/ament_prefix_path.dsv'
[5.870s] INFO:colcon.colcon_core.shell:Creating environment hook '/userdata/BPU_bl_ws/install/detection_bridge/share/detection_bridge/hook/ament_prefix_path.sh'
[5.873s] INFO:colcon.colcon_core.shell:Skip shell extension 'powershell' for command environment: Not usable outside of PowerShell
[5.874s] DEBUG:colcon.colcon_core.shell:Skip shell extension 'dsv' for command environment
[7.774s] INFO:colcon.colcon_core.task.python.build:Building Python package in '/userdata/BPU_bl_ws/src/detection_bridge'
[7.776s] INFO:colcon.colcon_core.shell:Skip shell extension 'powershell' for command environment: Not usable outside of PowerShell
[7.776s] DEBUG:colcon.colcon_core.shell:Skip shell extension 'dsv' for command environment
[10.404s] DEBUG:colcon.colcon_core.event_handler.log_command:Invoking command in '/userdata/BPU_bl_ws/build/detection_bridge': AMENT_PREFIX_PATH=/userdata/BPU_bl_ws/install/detection_interfaces:${AMENT_PREFIX_PATH} CMAKE_PREFIX_PATH=/userdata/BPU_bl_ws/install/detection_interfaces:${CMAKE_PREFIX_PATH} LD_LIBRARY_PATH=/userdata/BPU_bl_ws/install/detection_interfaces/lib:/userdata/dev_ws/install/origincar_base/lib:/userdata/dev_ws/install/serial/lib:/userdata/dev_ws/install/origincar_msg/lib:/userdata/dev_ws/install/ackermann_msgs/lib:/opt/tros/humble/lib/aarch64-linux-gnu:/opt/tros/humble/lib:/opt/ros/humble/opt/rviz_ogre_vendor/lib:/opt/ros/humble/lib/aarch64-linux-gnu:/opt/ros/humble/lib:/usr/hobot/lib:/app/lib:/app/pub/lib:/middleware/lib:/middleware/pub/lib:/usr/hobot/lib/sensor:/system/lib:/system/usr/lib:/lib PYTHONPATH=/userdata/BPU_bl_ws/build/detection_bridge/prefix_override:/usr/lib/python3/dist-packages/colcon_core/task/python/colcon_distutils_commands:/userdata/BPU_bl_ws/install/detection_bridge/lib/python3.10/site-packages:/userdata/BPU_bl_ws/install/detection_interfaces/local/lib/python3.10/dist-packages:${PYTHONPATH} /usr/bin/python3 -W ignore:setup.py install is deprecated -W ignore:easy_install command is deprecated setup.py develop --editable --build-directory /userdata/BPU_bl_ws/build/detection_bridge/build --no-deps symlink_data
[13.713s] Level 1:colcon.colcon_core.shell:create_environment_hook('detection_bridge', 'pythonpath_develop')
[13.715s] INFO:colcon.colcon_core.shell:Creating environment hook '/userdata/BPU_bl_ws/build/detection_bridge/share/detection_bridge/hook/pythonpath_develop.ps1'
[13.718s] DEBUG:colcon.colcon_core.event_handler.log_command:Invoked command in '/userdata/BPU_bl_ws/build/detection_bridge' returned '0': AMENT_PREFIX_PATH=/userdata/BPU_bl_ws/install/detection_interfaces:${AMENT_PREFIX_PATH} CMAKE_PREFIX_PATH=/userdata/BPU_bl_ws/install/detection_interfaces:${CMAKE_PREFIX_PATH} LD_LIBRARY_PATH=/userdata/BPU_bl_ws/install/detection_interfaces/lib:/userdata/dev_ws/install/origincar_base/lib:/userdata/dev_ws/install/serial/lib:/userdata/dev_ws/install/origincar_msg/lib:/userdata/dev_ws/install/ackermann_msgs/lib:/opt/tros/humble/lib/aarch64-linux-gnu:/opt/tros/humble/lib:/opt/ros/humble/opt/rviz_ogre_vendor/lib:/opt/ros/humble/lib/aarch64-linux-gnu:/opt/ros/humble/lib:/usr/hobot/lib:/app/lib:/app/pub/lib:/middleware/lib:/middleware/pub/lib:/usr/hobot/lib/sensor:/system/lib:/system/usr/lib:/lib PYTHONPATH=/userdata/BPU_bl_ws/build/detection_bridge/prefix_override:/usr/lib/python3/dist-packages/colcon_core/task/python/colcon_distutils_commands:/userdata/BPU_bl_ws/install/detection_bridge/lib/python3.10/site-packages:/userdata/BPU_bl_ws/install/detection_interfaces/local/lib/python3.10/dist-packages:${PYTHONPATH} /usr/bin/python3 -W ignore:setup.py install is deprecated -W ignore:easy_install command is deprecated setup.py develop --editable --build-directory /userdata/BPU_bl_ws/build/detection_bridge/build --no-deps symlink_data
[13.721s] INFO:colcon.colcon_core.shell:Creating environment descriptor '/userdata/BPU_bl_ws/build/detection_bridge/share/detection_bridge/hook/pythonpath_develop.dsv'
[13.723s] INFO:colcon.colcon_core.shell:Creating environment hook '/userdata/BPU_bl_ws/build/detection_bridge/share/detection_bridge/hook/pythonpath_develop.sh'
[13.731s] Level 1:colcon.colcon_core.environment:checking '/userdata/BPU_bl_ws/install/detection_bridge' for CMake module files
[13.736s] Level 1:colcon.colcon_core.environment:checking '/userdata/BPU_bl_ws/install/detection_bridge' for CMake config files
[13.739s] Level 1:colcon.colcon_core.environment:checking '/userdata/BPU_bl_ws/install/detection_bridge/lib'
[13.740s] Level 1:colcon.colcon_core.environment:checking '/userdata/BPU_bl_ws/install/detection_bridge/bin'
[13.741s] Level 1:colcon.colcon_core.shell:create_environment_hook('detection_bridge', 'path')
[13.743s] INFO:colcon.colcon_core.shell:Creating environment hook '/userdata/BPU_bl_ws/install/detection_bridge/share/detection_bridge/hook/path.ps1'
[13.746s] INFO:colcon.colcon_core.shell:Creating environment descriptor '/userdata/BPU_bl_ws/install/detection_bridge/share/detection_bridge/hook/path.dsv'
[13.748s] INFO:colcon.colcon_core.shell:Creating environment hook '/userdata/BPU_bl_ws/install/detection_bridge/share/detection_bridge/hook/path.sh'
[13.751s] Level 1:colcon.colcon_core.environment:checking '/userdata/BPU_bl_ws/install/detection_bridge/lib/pkgconfig/detection_bridge.pc'
[13.753s] Level 1:colcon.colcon_core.environment:checking '/userdata/BPU_bl_ws/install/detection_bridge/lib/python3.10/site-packages'
[13.753s] Level 1:colcon.colcon_core.shell:create_environment_hook('detection_bridge', 'pythonpath')
[13.755s] INFO:colcon.colcon_core.shell:Creating environment hook '/userdata/BPU_bl_ws/install/detection_bridge/share/detection_bridge/hook/pythonpath.ps1'
[13.757s] INFO:colcon.colcon_core.shell:Creating environment descriptor '/userdata/BPU_bl_ws/install/detection_bridge/share/detection_bridge/hook/pythonpath.dsv'
[13.759s] INFO:colcon.colcon_core.shell:Creating environment hook '/userdata/BPU_bl_ws/install/detection_bridge/share/detection_bridge/hook/pythonpath.sh'
[13.763s] Level 1:colcon.colcon_core.environment:checking '/userdata/BPU_bl_ws/install/detection_bridge/bin'
[13.764s] Level 1:colcon.colcon_core.shell:create_environment_hook('detection_bridge', 'pythonscriptspath')
[13.766s] INFO:colcon.colcon_core.shell:Creating environment hook '/userdata/BPU_bl_ws/install/detection_bridge/share/detection_bridge/hook/pythonscriptspath.ps1'
[13.768s] INFO:colcon.colcon_core.shell:Creating environment descriptor '/userdata/BPU_bl_ws/install/detection_bridge/share/detection_bridge/hook/pythonscriptspath.dsv'
[13.771s] INFO:colcon.colcon_core.shell:Creating environment hook '/userdata/BPU_bl_ws/install/detection_bridge/share/detection_bridge/hook/pythonscriptspath.sh'
[13.773s] Level 1:colcon.colcon_core.environment:create_environment_scripts_only(detection_bridge)
[13.776s] INFO:colcon.colcon_core.shell:Creating package script '/userdata/BPU_bl_ws/install/detection_bridge/share/detection_bridge/package.ps1'
[13.781s] INFO:colcon.colcon_core.shell:Creating package descriptor '/userdata/BPU_bl_ws/install/detection_bridge/share/detection_bridge/package.dsv'
[13.784s] INFO:colcon.colcon_core.shell:Creating package script '/userdata/BPU_bl_ws/install/detection_bridge/share/detection_bridge/package.sh'
[13.787s] INFO:colcon.colcon_core.shell:Creating package script '/userdata/BPU_bl_ws/install/detection_bridge/share/detection_bridge/package.bash'
[13.789s] INFO:colcon.colcon_core.shell:Creating package script '/userdata/BPU_bl_ws/install/detection_bridge/share/detection_bridge/package.zsh'
[13.791s] Level 1:colcon.colcon_core.environment:create_file_with_runtime_dependencies(/userdata/BPU_bl_ws/install/detection_bridge/share/colcon-core/packages/detection_bridge)
[13.793s] DEBUG:colcon.colcon_parallel_executor.executor.parallel:closing loop
[13.794s] DEBUG:colcon.colcon_parallel_executor.executor.parallel:loop closed
[13.794s] DEBUG:colcon.colcon_parallel_executor.executor.parallel:run_until_complete finished with '0'
[13.795s] DEBUG:colcon.colcon_core.event_reactor:joining thread
[13.824s] INFO:colcon.colcon_core.plugin_system:Skipping extension 'colcon_notification.desktop_notification.terminal_notifier': Not used on non-Darwin systems
[13.825s] INFO:colcon.colcon_core.plugin_system:Skipping extension 'colcon_notification.desktop_notification.win32': Not used on non-Windows systems
[13.825s] INFO:colcon.colcon_notification.desktop_notification:Sending desktop notification using 'notify2'
[38.848s] DEBUG:colcon.colcon_notification.desktop_notification.notify2:Failed to initialize notify2: org.freedesktop.DBus.Error.NoReply: Did not receive a reply. Possible causes include: the remote application did not send a reply, the message bus security policy blocked the reply, the reply timeout expired, or the network connection was broken.
[38.849s] DEBUG:colcon.colcon_core.event_reactor:joined thread
[38.851s] INFO:colcon.colcon_core.shell:Creating prefix script '/userdata/BPU_bl_ws/install/local_setup.ps1'
[38.858s] INFO:colcon.colcon_core.shell:Creating prefix util module '/userdata/BPU_bl_ws/install/_local_setup_util_ps1.py'
[38.868s] INFO:colcon.colcon_core.shell:Creating prefix chain script '/userdata/BPU_bl_ws/install/setup.ps1'
[38.876s] INFO:colcon.colcon_core.shell:Creating prefix script '/userdata/BPU_bl_ws/install/local_setup.sh'
[38.881s] INFO:colcon.colcon_core.shell:Creating prefix util module '/userdata/BPU_bl_ws/install/_local_setup_util_sh.py'
[38.885s] INFO:colcon.colcon_core.shell:Creating prefix chain script '/userdata/BPU_bl_ws/install/setup.sh'
[38.894s] INFO:colcon.colcon_core.shell:Creating prefix script '/userdata/BPU_bl_ws/install/local_setup.bash'
[38.897s] INFO:colcon.colcon_core.shell:Creating prefix chain script '/userdata/BPU_bl_ws/install/setup.bash'
[38.906s] INFO:colcon.colcon_core.shell:Creating prefix script '/userdata/BPU_bl_ws/install/local_setup.zsh'
[38.910s] INFO:colcon.colcon_core.shell:Creating prefix chain script '/userdata/BPU_bl_ws/install/setup.zsh'
