[0.061s] Invoking command in '/userdata/base_ws/build/origincar_bringup': CMAKE_PREFIX_PATH=${CMAKE_PREFIX_PATH}:/userdata/dev_ws/install/line_follower_pkg:/opt/tros/humble:/opt/ros/humble /usr/bin/cmake --build /userdata/base_ws/build/origincar_bringup -- -j8 -l8
[0.244s] Invoked command in '/userdata/base_ws/build/origincar_bringup' returned '0': CMAKE_PREFIX_PATH=${CMAKE_PREFIX_PATH}:/userdata/dev_ws/install/line_follower_pkg:/opt/tros/humble:/opt/ros/humble /usr/bin/cmake --build /userdata/base_ws/build/origincar_bringup -- -j8 -l8
[0.298s] Invoking command in '/userdata/base_ws/build/origincar_bringup': CMAKE_PREFIX_PATH=${CMAKE_PREFIX_PATH}:/userdata/dev_ws/install/line_follower_pkg:/opt/tros/humble:/opt/ros/humble /usr/bin/cmake --install /userdata/base_ws/build/origincar_bringup
[0.338s] -- Install configuration: ""
[0.338s] -- Up-to-date: /userdata/base_ws/install/origincar_bringup/share/origincar_bringup/launch
[0.339s] -- Installing: /userdata/base_ws/install/origincar_bringup/share/origincar_bringup/launch/stm32_ackermann.launch.py
[0.340s] -- Installing: /userdata/base_ws/install/origincar_bringup/share/origincar_bringup/launch/ros_ackermann.launch.py
[0.342s] -- Execute custom install script
[0.343s] -- Up-to-date symlink: /userdata/base_ws/install/origincar_bringup/share/ament_index/resource_index/package_run_dependencies/origincar_bringup
[0.344s] -- Up-to-date symlink: /userdata/base_ws/install/origincar_bringup/share/ament_index/resource_index/parent_prefix_path/origincar_bringup
[0.346s] -- Up-to-date symlink: /userdata/base_ws/install/origincar_bringup/share/origincar_bringup/environment/ament_prefix_path.sh
[0.346s] -- Up-to-date symlink: /userdata/base_ws/install/origincar_bringup/share/origincar_bringup/environment/ament_prefix_path.dsv
[0.347s] -- Up-to-date symlink: /userdata/base_ws/install/origincar_bringup/share/origincar_bringup/environment/path.sh
[0.348s] -- Up-to-date symlink: /userdata/base_ws/install/origincar_bringup/share/origincar_bringup/environment/path.dsv
[0.350s] -- Up-to-date symlink: /userdata/base_ws/install/origincar_bringup/share/origincar_bringup/local_setup.bash
[0.351s] -- Up-to-date symlink: /userdata/base_ws/install/origincar_bringup/share/origincar_bringup/local_setup.sh
[0.351s] -- Up-to-date symlink: /userdata/base_ws/install/origincar_bringup/share/origincar_bringup/local_setup.zsh
[0.352s] -- Up-to-date symlink: /userdata/base_ws/install/origincar_bringup/share/origincar_bringup/local_setup.dsv
[0.353s] -- Symlinking: /userdata/base_ws/install/origincar_bringup/share/origincar_bringup/package.dsv
[0.395s] -- Up-to-date symlink: /userdata/base_ws/install/origincar_bringup/share/ament_index/resource_index/packages/origincar_bringup
[0.396s] -- Up-to-date symlink: /userdata/base_ws/install/origincar_bringup/share/origincar_bringup/cmake/origincar_bringupConfig.cmake
[0.397s] -- Up-to-date symlink: /userdata/base_ws/install/origincar_bringup/share/origincar_bringup/cmake/origincar_bringupConfig-version.cmake
[0.397s] -- Up-to-date symlink: /userdata/base_ws/install/origincar_bringup/share/origincar_bringup/package.xml
[0.407s] Invoked command in '/userdata/base_ws/build/origincar_bringup' returned '0': CMAKE_PREFIX_PATH=${CMAKE_PREFIX_PATH}:/userdata/dev_ws/install/line_follower_pkg:/opt/tros/humble:/opt/ros/humble /usr/bin/cmake --install /userdata/base_ws/build/origincar_bringup
