running develop
Removing /userdata/control_ws/install/task_controller/lib/python3.10/site-packages/task-controller.egg-link (link to .)
running egg_info
writing ../../build/task_controller/task_controller.egg-info/PKG-INFO
writing dependency_links to ../../build/task_controller/task_controller.egg-info/dependency_links.txt
writing entry points to ../../build/task_controller/task_controller.egg-info/entry_points.txt
writing requirements to ../../build/task_controller/task_controller.egg-info/requires.txt
writing top-level names to ../../build/task_controller/task_controller.egg-info/top_level.txt
reading manifest file '../../build/task_controller/task_controller.egg-info/SOURCES.txt'
writing manifest file '../../build/task_controller/task_controller.egg-info/SOURCES.txt'
running build
running build_py
creating /userdata/control_ws/build/task_controller/build
creating /userdata/control_ws/build/task_controller/build/lib
creating /userdata/control_ws/build/task_controller/build/lib/task_controller
copying task_controller/task1_line_follow.py -> /userdata/control_ws/build/task_controller/build/lib/task_controller
copying task_controller/main_controller.py -> /userdata/control_ws/build/task_controller/build/lib/task_controller
copying task_controller/__init__.py -> /userdata/control_ws/build/task_controller/build/lib/task_controller
copying task_controller/state_machine.py -> /userdata/control_ws/build/task_controller/build/lib/task_controller
running install
running install_lib
creating /userdata/control_ws/install/task_controller/lib/python3.10/site-packages/task_controller
copying /userdata/control_ws/build/task_controller/build/lib/task_controller/task1_line_follow.py -> /userdata/control_ws/install/task_controller/lib/python3.10/site-packages/task_controller
copying /userdata/control_ws/build/task_controller/build/lib/task_controller/main_controller.py -> /userdata/control_ws/install/task_controller/lib/python3.10/site-packages/task_controller
copying /userdata/control_ws/build/task_controller/build/lib/task_controller/__init__.py -> /userdata/control_ws/install/task_controller/lib/python3.10/site-packages/task_controller
copying /userdata/control_ws/build/task_controller/build/lib/task_controller/state_machine.py -> /userdata/control_ws/install/task_controller/lib/python3.10/site-packages/task_controller
byte-compiling /userdata/control_ws/install/task_controller/lib/python3.10/site-packages/task_controller/task1_line_follow.py to task1_line_follow.cpython-310.pyc
byte-compiling /userdata/control_ws/install/task_controller/lib/python3.10/site-packages/task_controller/main_controller.py to main_controller.cpython-310.pyc
byte-compiling /userdata/control_ws/install/task_controller/lib/python3.10/site-packages/task_controller/__init__.py to __init__.cpython-310.pyc
byte-compiling /userdata/control_ws/install/task_controller/lib/python3.10/site-packages/task_controller/state_machine.py to state_machine.cpython-310.pyc
running install_data
copying resource/task_controller -> /userdata/control_ws/install/task_controller/share/ament_index/resource_index/packages
copying package.xml -> /userdata/control_ws/install/task_controller/share/task_controller
copying scripts/main_controller_node -> /userdata/control_ws/install/task_controller/lib/task_controller
running install_egg_info
Copying ../../build/task_controller/task_controller.egg-info to /userdata/control_ws/install/task_controller/lib/python3.10/site-packages/task_controller-0.1.0-py3.10.egg-info
running install_scripts
Installing main_controller_node script to /userdata/control_ws/install/task_controller/bin
writing list of installed files to '/userdata/control_ws/build/task_controller/install.log'
