gmake: Warning: File 'Makefile' has modification time 839071776 s in the future
gmake[1]: Warning: File 'CMakeFiles/Makefile2' has modification time 839071776 s in the future
gmake[2]: Warning: File 'CMakeFiles/ament_cmake_python_symlink_navi_bringup.dir/progress.make' has modification time 839071776 s in the future
gmake[2]: Warning: File 'navi_bringup__rs/CMakeFiles/navi_bringup__rs.dir/progress.make' has modification time 839071776 s in the future
gmake[2]: Warning: File 'CMakeFiles/navi_bringup__cpp.dir/progress.make' has modification time 839071776 s in the future
gmake[2]: Warning: File 'CMakeFiles/navi_bringup__rosidl_generator_c.dir/flags.make' has modification time 839070796 s in the future
gmake[2]: warning:  Clock skew detected.  Your build may be incomplete.
gmake[2]: warning:  Clock skew detected.  Your build may be incomplete.
gmake[2]: warning:  Clock skew detected.  Your build may be incomplete.
gmake[2]: Warning: File 'CMakeFiles/ament_cmake_python_symlink_navi_bringup.dir/progress.make' has modification time 839071776 s in the future
gmake[2]: Warning: File 'CMakeFiles/navi_bringup__cpp.dir/progress.make' has modification time 839071776 s in the future
gmake[2]: Warning: File 'navi_bringup__rs/CMakeFiles/navi_bringup__rs.dir/progress.make' has modification time 839071776 s in the future
gmake[2]: warning:  Clock skew detected.  Your build may be incomplete.
gmake[2]: warning:  Clock skew detected.  Your build may be incomplete.
gmake[2]: warning:  Clock skew detected.  Your build may be incomplete.
gmake[2]: Warning: File 'CMakeFiles/navi_bringup__rosidl_generator_c.dir/flags.make' has modification time 839070796 s in the future
gmake[2]: warning:  Clock skew detected.  Your build may be incomplete.
gmake[2]: Warning: File 'CMakeFiles/navi_bringup__rosidl_typesupport_fastrtps_cpp.dir/flags.make' has modification time 839070796 s in the future
gmake[2]: Warning: File 'CMakeFiles/navi_bringup__rosidl_typesupport_cpp.dir/flags.make' has modification time 839070796 s in the future
gmake[2]: Warning: File 'CMakeFiles/navi_bringup__rosidl_typesupport_introspection_cpp.dir/flags.make' has modification time 839070796 s in the future
gmake[2]: Warning: File 'CMakeFiles/ament_cmake_python_build_navi_bringup_egg.dir/progress.make' has modification time 839071776 s in the future
gmake[2]: warning:  Clock skew detected.  Your build may be incomplete.
gmake[2]: warning:  Clock skew detected.  Your build may be incomplete.
gmake[2]: Warning: File 'CMakeFiles/ament_cmake_python_build_navi_bringup_egg.dir/progress.make' has modification time 839071776 s in the future
gmake[2]: warning:  Clock skew detected.  Your build may be incomplete.
gmake[2]: Warning: File 'CMakeFiles/navi_bringup__rosidl_typesupport_fastrtps_cpp.dir/flags.make' has modification time 839070796 s in the future
gmake[2]: warning:  Clock skew detected.  Your build may be incomplete.
gmake[2]: Warning: File 'CMakeFiles/navi_bringup__rosidl_typesupport_cpp.dir/flags.make' has modification time 839070796 s in the future
gmake[2]: warning:  Clock skew detected.  Your build may be incomplete.
gmake[2]: Warning: File 'CMakeFiles/navi_bringup__rosidl_typesupport_introspection_cpp.dir/flags.make' has modification time 839070796 s in the future
gmake[2]: Warning: File 'CMakeFiles/navi_bringup__rosidl_typesupport_introspection_c.dir/flags.make' has modification time 839070796 s in the future
gmake[2]: Warning: File 'CMakeFiles/navi_bringup__rosidl_typesupport_c.dir/flags.make' has modification time 839070796 s in the future
gmake[2]: Warning: File 'CMakeFiles/navi_bringup__rosidl_typesupport_fastrtps_c.dir/flags.make' has modification time 839070796 s in the future
gmake[2]: warning:  Clock skew detected.  Your build may be incomplete.
gmake[2]: warning:  Clock skew detected.  Your build may be incomplete.
gmake[2]: warning:  Clock skew detected.  Your build may be incomplete.
gmake[2]: Warning: File 'CMakeFiles/navi_bringup__rosidl_typesupport_introspection_c.dir/flags.make' has modification time 839070795 s in the future
gmake[2]: warning:  Clock skew detected.  Your build may be incomplete.
gmake[2]: warning:  Clock skew detected.  Your build may be incomplete.
gmake[2]: Warning: File 'CMakeFiles/navi_bringup__rosidl_typesupport_fastrtps_c.dir/flags.make' has modification time 839070795 s in the future
gmake[2]: Warning: File 'CMakeFiles/navi_bringup__rosidl_typesupport_c.dir/flags.make' has modification time 839070795 s in the future
gmake[2]: warning:  Clock skew detected.  Your build may be incomplete.
gmake[2]: warning:  Clock skew detected.  Your build may be incomplete.
gmake[2]: warning:  Clock skew detected.  Your build may be incomplete.
gmake[2]: warning:  Clock skew detected.  Your build may be incomplete.
gmake[2]: Warning: File 'CMakeFiles/navi_bringup.dir/progress.make' has modification time 839071775 s in the future
gmake[2]: warning:  Clock skew detected.  Your build may be incomplete.
gmake[2]: Warning: File 'CMakeFiles/navi_bringup.dir/progress.make' has modification time 839071775 s in the future
gmake[2]: warning:  Clock skew detected.  Your build may be incomplete.
gmake[2]: Warning: File 'navi_bringup__py/CMakeFiles/navi_bringup__py.dir/progress.make' has modification time 839071775 s in the future
gmake[2]: warning:  Clock skew detected.  Your build may be incomplete.
gmake[2]: Warning: File 'navi_bringup__py/CMakeFiles/navi_bringup__py.dir/progress.make' has modification time 839071775 s in the future
gmake[2]: warning:  Clock skew detected.  Your build may be incomplete.
gmake[2]: Warning: File 'CMakeFiles/navi_bringup__rosidl_generator_py.dir/flags.make' has modification time 839070795 s in the future
gmake[2]: warning:  Clock skew detected.  Your build may be incomplete.
gmake[2]: Warning: File 'CMakeFiles/navi_bringup__rosidl_generator_py.dir/flags.make' has modification time 839070795 s in the future
gmake[2]: warning:  Clock skew detected.  Your build may be incomplete.
gmake[2]: Warning: File 'CMakeFiles/navi_bringup__rosidl_typesupport_fastrtps_c__pyext.dir/flags.make' has modification time 839070795 s in the future
gmake[2]: Warning: File 'CMakeFiles/navi_bringup__rosidl_typesupport_introspection_c__pyext.dir/flags.make' has modification time 839070795 s in the future
gmake[2]: Warning: File 'CMakeFiles/navi_bringup__rosidl_typesupport_c__pyext.dir/flags.make' has modification time 839070795 s in the future
gmake[2]: warning:  Clock skew detected.  Your build may be incomplete.
gmake[2]: warning:  Clock skew detected.  Your build may be incomplete.
gmake[2]: warning:  Clock skew detected.  Your build may be incomplete.
gmake[2]: Warning: File 'CMakeFiles/navi_bringup__rosidl_typesupport_introspection_c__pyext.dir/flags.make' has modification time 839070795 s in the future
gmake[2]: Warning: File 'CMakeFiles/navi_bringup__rosidl_typesupport_fastrtps_c__pyext.dir/flags.make' has modification time 839070795 s in the future
gmake[2]: Warning: File 'CMakeFiles/navi_bringup__rosidl_typesupport_c__pyext.dir/flags.make' has modification time 839070795 s in the future
gmake[2]: warning:  Clock skew detected.  Your build may be incomplete.
gmake[2]: warning:  Clock skew detected.  Your build may be incomplete.
gmake[2]: warning:  Clock skew detected.  Your build may be incomplete.
gmake[2]: warning:  Clock skew detected.  Your build may be incomplete.
gmake[1]: warning:  Clock skew detected.  Your build may be incomplete.
gmake: warning:  Clock skew detected.  Your build may be incomplete.
