In file included from /userdata/driver_ws/src/deptrum-ros-driver/src/camera_parameters.cc:4:
/opt/ros/humble/include/tf2_geometry_msgs/tf2_geometry_msgs/tf2_geometry_msgs.h:35:2: warning: #warning This header is obsolete, please include tf2_geometry_msgs/tf2_geometry_msgs.hpp instead [-Wcpp]
   35 | #warning This header is obsolete, please include tf2_geometry_msgs/tf2_geometry_msgs.hpp instead
      |  ^~~~~~~
In file included from /userdata/driver_ws/src/deptrum-ros-driver/include/deptrum_ros_driver/ros2_device.h:20,
                 from /userdata/driver_ws/src/deptrum-ros-driver/src/ros2_node.cc:6:
/opt/ros/humble/include/sensor_msgs/sensor_msgs/point_cloud_conversion.hpp:47:6: warning: #warning POINT_CLOUD_DEPRECATION_MESSAGE [-Wcpp]
   47 | #    warning POINT_CLOUD_DEPRECATION_MESSAGE
      |      ^~~~~~~
In file included from /userdata/driver_ws/src/deptrum-ros-driver/include/deptrum_ros_driver/ros2_device.h:20,
                 from /userdata/driver_ws/src/deptrum-ros-driver/include/deptrum_ros_driver/aurora900_ros2_device.h:4,
                 from /userdata/driver_ws/src/deptrum-ros-driver/src/aurora900_ros2_device.cc:2:
/opt/ros/humble/include/sensor_msgs/sensor_msgs/point_cloud_conversion.hpp:47:6: warning: #warning POINT_CLOUD_DEPRECATION_MESSAGE [-Wcpp]
   47 | #    warning POINT_CLOUD_DEPRECATION_MESSAGE
      |      ^~~~~~~
In file included from /userdata/driver_ws/src/deptrum-ros-driver/include/deptrum_ros_driver/ros2_device.h:20,
                 from /userdata/driver_ws/src/deptrum-ros-driver/src/ros2_device.cc:5:
/opt/ros/humble/include/sensor_msgs/sensor_msgs/point_cloud_conversion.hpp:47:6: warning: #warning POINT_CLOUD_DEPRECATION_MESSAGE [-Wcpp]
   47 | #    warning POINT_CLOUD_DEPRECATION_MESSAGE
      |      ^~~~~~~
/usr/bin/ld: cannot find -ldeptrum_stream_aurora900: No such file or directory
collect2: error: ld returned 1 exit status
gmake[2]: *** [CMakeFiles/aurora930_node.dir/build.make:260: aurora930_node] Error 1
gmake[1]: *** [CMakeFiles/Makefile2:156: CMakeFiles/aurora930_node.dir/all] Error 2
gmake[1]: *** Waiting for unfinished jobs....
gmake: *** [Makefile:146: all] Error 2
