-- The C compiler identification is GNU 11.2.0
-- The CXX compiler identification is GNU 11.2.0
-- Detecting C compiler ABI info
-- Detecting C compiler ABI info - done
-- Check for working C compiler: /usr/bin/cc - skipped
-- Detecting C compile features
-- Detecting C compile features - done
-- Detecting CXX compiler ABI info
-- Detecting CXX compiler ABI info - done
-- Check for working CXX compiler: /usr/bin/c++ - skipped
-- Detecting CXX compile features
-- Detecting CXX compile features - done
-- Found ament_cmake: 1.3.10 (/opt/ros/humble/share/ament_cmake/cmake)
-- Found Python3: /usr/bin/python3 (found version "3.10.12") found components: Interpreter 
-- Override CMake install command with custom implementation using symlinks instead of copying resources
-- Found rclcpp: 16.0.10 (/opt/ros/humble/share/rclcpp/cmake)
-- Found rosidl_generator_c: 3.1.5 (/opt/ros/humble/share/rosidl_generator_c/cmake)
-- Found rosidl_adapter: 3.1.5 (/opt/ros/humble/share/rosidl_adapter/cmake)
-- Found rosidl_generator_cpp: 3.1.5 (/opt/ros/humble/share/rosidl_generator_cpp/cmake)
-- Using all available rosidl_typesupport_c: rosidl_typesupport_fastrtps_c;rosidl_typesupport_introspection_c
-- Using all available rosidl_typesupport_cpp: rosidl_typesupport_fastrtps_cpp;rosidl_typesupport_introspection_cpp
-- Found rmw_implementation_cmake: 6.1.2 (/opt/ros/humble/share/rmw_implementation_cmake/cmake)
-- Found rmw_fastrtps_cpp: 6.2.7 (/opt/ros/humble/share/rmw_fastrtps_cpp/cmake)
-- Found OpenSSL: /usr/lib/aarch64-linux-gnu/libcrypto.so (found version "3.0.2")  
-- Found FastRTPS: /opt/ros/humble/include  
-- Using RMW implementation 'rmw_fastrtps_cpp' as default
-- Looking for pthread.h
-- Looking for pthread.h - found
-- Performing Test CMAKE_HAVE_LIBC_PTHREAD
-- Performing Test CMAKE_HAVE_LIBC_PTHREAD - Success
-- Found Threads: TRUE  
-- STREAM_SDK_TYPE: AURORA930
-- SYSTEM_PLATFORM: linux-aarch64
-- deptrum-stream-aurora900-linux-aarch64-v1.1.22-18.04 exist！
-- Found sensor_msgs: 4.2.4 (/opt/ros/humble/share/sensor_msgs/cmake)
-- Found cv_bridge: 3.2.1 (/opt/ros/humble/share/cv_bridge/cmake)
-- Found OpenCV: /usr (found version "4.5.4") found components: core highgui imgproc videoio 
-- Found tf2: 0.25.20 (/opt/ros/humble/share/tf2/cmake)
-- Found tf2_ros: 0.25.20 (/opt/ros/humble/share/tf2_ros/cmake)
-- Found tf2_geometry_msgs: 0.25.20 (/opt/ros/humble/share/tf2_geometry_msgs/cmake)
-- Found eigen3_cmake_module: 0.1.1 (/opt/ros/humble/share/eigen3_cmake_module/cmake)
-- Found Eigen3: TRUE (found version "3.4.0") 
-- Ensuring Eigen3 include directory is part of orocos-kdl CMake target
-- Found angles: 1.15.0 (/opt/ros/humble/share/angles/cmake)
-- GLog library status:
--     include path: /userdata/driver_ws/src/deptrum-ros-driver/ext/glog-0.4.0/include
--     library path: /userdata/driver_ws/src/deptrum-ros-driver/ext/glog-0.4.0/lib-static
--     libraries: glog
-- GFlags library status:
--     include path: /userdata/driver_ws/src/deptrum-ros-driver/ext/gflags-2.2.2/include
--     library path: /userdata/driver_ws/src/deptrum-ros-driver/ext/gflags-2.2.2/lib-static
--     libraries: gflags
-- Found ament_lint_auto: 0.12.11 (/opt/ros/humble/share/ament_lint_auto/cmake)
-- Found Boost: /usr/lib/aarch64-linux-gnu/cmake/Boost-1.74.0/BoostConfig.cmake (found version "1.74.0") found components: system filesystem 
-- Added test 'copyright' to check source files copyright and LICENSE
-- Added test 'cppcheck' to perform static code analysis on C / C++ code
-- Configured cppcheck include dirs: /userdata/driver_ws/src/deptrum-ros-driver/include;/userdata/driver_ws/src/deptrum-ros-driver/ext/deptrum-stream-aurora900-linux-aarch64-v1.1.22-18.04/include;/userdata/driver_ws/src/deptrum-ros-driver/ext/glog-0.4.0/include;/userdata/driver_ws/src/deptrum-ros-driver/ext/gflags-2.2.2/include
-- Configured cppcheck exclude dirs and/or files: 
-- Added test 'cpplint' to check C / C++ code against the Google style
-- Configured cpplint exclude dirs and/or files: 
-- Added test 'flake8' to check Python code syntax and style conventions
-- Added test 'lint_cmake' to check CMake code style
-- Added test 'pep257' to check Python code against some of the docstring style conventions in PEP 257
-- Added test 'uncrustify' to check C / C++ code style
-- Configured uncrustify additional arguments: 
-- Added test 'xmllint' to check XML markup files
-- Configuring done
-- Generating done
-- Build files have been written to: /userdata/driver_ws/build/deptrum-ros-driver-aurora930
[ 33%] Building CXX object CMakeFiles/aurora930_node.dir/src/ros2_node.cc.o
[ 33%] Building CXX object subscribe_node/CMakeFiles/sub_node.dir/src/sub_node.cc.o
[ 33%] Building CXX object CMakeFiles/aurora930_node.dir/src/aurora900_ros2_device.cc.o
[ 44%] Building CXX object CMakeFiles/aurora930_node.dir/src/ros2_device.cc.o
[ 55%] Building CXX object subscribe_node/CMakeFiles/sub_node_ci.dir/src/sub_node_ci.cc.o
[ 66%] Building CXX object CMakeFiles/aurora930_node.dir/src/camera_parameters.cc.o
In file included from /userdata/driver_ws/src/deptrum-ros-driver/src/camera_parameters.cc:4:
/opt/ros/humble/include/tf2_geometry_msgs/tf2_geometry_msgs/tf2_geometry_msgs.h:35:2: warning: #warning This header is obsolete, please include tf2_geometry_msgs/tf2_geometry_msgs.hpp instead [-Wcpp]
   35 | #warning This header is obsolete, please include tf2_geometry_msgs/tf2_geometry_msgs.hpp instead
      |  ^~~~~~~
In file included from /userdata/driver_ws/src/deptrum-ros-driver/include/deptrum_ros_driver/ros2_device.h:20,
                 from /userdata/driver_ws/src/deptrum-ros-driver/src/ros2_node.cc:6:
/opt/ros/humble/include/sensor_msgs/sensor_msgs/point_cloud_conversion.hpp:47:6: warning: #warning POINT_CLOUD_DEPRECATION_MESSAGE [-Wcpp]
   47 | #    warning POINT_CLOUD_DEPRECATION_MESSAGE
      |      ^~~~~~~
In file included from /userdata/driver_ws/src/deptrum-ros-driver/include/deptrum_ros_driver/ros2_device.h:20,
                 from /userdata/driver_ws/src/deptrum-ros-driver/include/deptrum_ros_driver/aurora900_ros2_device.h:4,
                 from /userdata/driver_ws/src/deptrum-ros-driver/src/aurora900_ros2_device.cc:2:
/opt/ros/humble/include/sensor_msgs/sensor_msgs/point_cloud_conversion.hpp:47:6: warning: #warning POINT_CLOUD_DEPRECATION_MESSAGE [-Wcpp]
   47 | #    warning POINT_CLOUD_DEPRECATION_MESSAGE
      |      ^~~~~~~
In file included from /userdata/driver_ws/src/deptrum-ros-driver/include/deptrum_ros_driver/ros2_device.h:20,
                 from /userdata/driver_ws/src/deptrum-ros-driver/src/ros2_device.cc:5:
/opt/ros/humble/include/sensor_msgs/sensor_msgs/point_cloud_conversion.hpp:47:6: warning: #warning POINT_CLOUD_DEPRECATION_MESSAGE [-Wcpp]
   47 | #    warning POINT_CLOUD_DEPRECATION_MESSAGE
      |      ^~~~~~~
[ 77%] Linking CXX executable aurora930_node
/usr/bin/ld: cannot find -ldeptrum_stream_aurora900: No such file or directory
collect2: error: ld returned 1 exit status
gmake[2]: *** [CMakeFiles/aurora930_node.dir/build.make:260: aurora930_node] Error 1
gmake[1]: *** [CMakeFiles/Makefile2:156: CMakeFiles/aurora930_node.dir/all] Error 2
gmake[1]: *** Waiting for unfinished jobs....
[ 88%] Linking CXX executable sub_node
[100%] Linking CXX executable sub_node_ci
[100%] Built target sub_node
[100%] Built target sub_node_ci
gmake: *** [Makefile:146: all] Error 2
