[0.055s] Invoking command in '/userdata/driver_ws/build/deptrum-ros-driver-aurora930': CMAKE_PREFIX_PATH=${CMAKE_PREFIX_PATH}:/userdata/dev_ws/install/line_follower_pkg:/opt/tros/humble:/opt/ros/humble /usr/bin/cmake /userdata/driver_ws/src/deptrum-ros-driver -DSTREAM_SDK_TYPE=AURORA930 -DAMENT_CMAKE_SYMLINK_INSTALL=1 -DCMAKE_INSTALL_PREFIX=/userdata/driver_ws/install/deptrum-ros-driver-aurora930
[0.359s] -- The C compiler identification is GNU 11.2.0
[0.682s] -- The CXX compiler identification is GNU 11.2.0
[0.716s] -- Detecting C compiler ABI info
[1.107s] -- Detecting C compiler ABI info - done
[1.158s] -- Check for working C compiler: /usr/bin/cc - skipped
[1.159s] -- Detecting C compile features
[1.160s] -- Detecting C compile features - done
[1.176s] -- Detecting CXX compiler ABI info
[1.594s] -- Detecting CXX compiler ABI info - done
[1.643s] -- Check for working CXX compiler: /usr/bin/c++ - skipped
[1.645s] -- Detecting CXX compile features
[1.646s] -- Detecting CXX compile features - done
[1.659s] -- Found ament_cmake: 1.3.10 (/opt/ros/humble/share/ament_cmake/cmake)
[2.784s] -- Found Python3: /usr/bin/python3 (found version "3.10.12") found components: Interpreter 
[3.244s] -- Override CMake install command with custom implementation using symlinks instead of copying resources
[3.419s] -- Found rclcpp: 16.0.10 (/opt/ros/humble/share/rclcpp/cmake)
[3.667s] -- Found rosidl_generator_c: 3.1.5 (/opt/ros/humble/share/rosidl_generator_c/cmake)
[3.700s] -- Found rosidl_adapter: 3.1.5 (/opt/ros/humble/share/rosidl_adapter/cmake)
[3.754s] -- Found rosidl_generator_cpp: 3.1.5 (/opt/ros/humble/share/rosidl_generator_cpp/cmake)
[3.831s] -- Using all available rosidl_typesupport_c: rosidl_typesupport_fastrtps_c;rosidl_typesupport_introspection_c
[3.934s] -- Using all available rosidl_typesupport_cpp: rosidl_typesupport_fastrtps_cpp;rosidl_typesupport_introspection_cpp
[4.223s] -- Found rmw_implementation_cmake: 6.1.2 (/opt/ros/humble/share/rmw_implementation_cmake/cmake)
[4.242s] -- Found rmw_fastrtps_cpp: 6.2.7 (/opt/ros/humble/share/rmw_fastrtps_cpp/cmake)
[4.720s] -- Found OpenSSL: /usr/lib/aarch64-linux-gnu/libcrypto.so (found version "3.0.2")  
[4.858s] -- Found FastRTPS: /opt/ros/humble/include  
[5.058s] -- Using RMW implementation 'rmw_fastrtps_cpp' as default
[5.112s] -- Looking for pthread.h
[5.498s] -- Looking for pthread.h - found
[5.500s] -- Performing Test CMAKE_HAVE_LIBC_PTHREAD
[5.886s] -- Performing Test CMAKE_HAVE_LIBC_PTHREAD - Success
[5.891s] -- Found Threads: TRUE  
[6.209s] -- STREAM_SDK_TYPE: AURORA930
[6.209s] -- SYSTEM_PLATFORM: linux-aarch64
[6.211s] -- deptrum-stream-aurora900-linux-aarch64-v1.1.22-18.04 exist！
[6.223s] -- Found sensor_msgs: 4.2.4 (/opt/ros/humble/share/sensor_msgs/cmake)
[6.428s] -- Found cv_bridge: 3.2.1 (/opt/ros/humble/share/cv_bridge/cmake)
[6.504s] -- Found OpenCV: /usr (found version "4.5.4") found components: core highgui imgproc videoio 
[6.518s] -- Found tf2: 0.25.20 (/opt/ros/humble/share/tf2/cmake)
[6.582s] -- Found tf2_ros: 0.25.20 (/opt/ros/humble/share/tf2_ros/cmake)
[7.559s] -- Found tf2_geometry_msgs: 0.25.20 (/opt/ros/humble/share/tf2_geometry_msgs/cmake)
[7.649s] -- Found eigen3_cmake_module: 0.1.1 (/opt/ros/humble/share/eigen3_cmake_module/cmake)
[7.657s] -- Found Eigen3: TRUE (found version "3.4.0") 
[7.657s] -- Ensuring Eigen3 include directory is part of orocos-kdl CMake target
[7.676s] -- Found angles: 1.15.0 (/opt/ros/humble/share/angles/cmake)
[7.684s] -- GLog library status:
[7.685s] --     include path: /userdata/driver_ws/src/deptrum-ros-driver/ext/glog-0.4.0/include
[7.686s] --     library path: /userdata/driver_ws/src/deptrum-ros-driver/ext/glog-0.4.0/lib-static
[7.686s] --     libraries: glog
[7.687s] -- GFlags library status:
[7.687s] --     include path: /userdata/driver_ws/src/deptrum-ros-driver/ext/gflags-2.2.2/include
[7.688s] --     library path: /userdata/driver_ws/src/deptrum-ros-driver/ext/gflags-2.2.2/lib-static
[7.688s] --     libraries: gflags
[7.696s] -- Found ament_lint_auto: 0.12.11 (/opt/ros/humble/share/ament_lint_auto/cmake)
[8.433s] -- Found Boost: /usr/lib/aarch64-linux-gnu/cmake/Boost-1.74.0/BoostConfig.cmake (found version "1.74.0") found components: system filesystem 
[8.499s] -- Added test 'copyright' to check source files copyright and LICENSE
[8.590s] -- Added test 'cppcheck' to perform static code analysis on C / C++ code
[8.593s] -- Configured cppcheck include dirs: /userdata/driver_ws/src/deptrum-ros-driver/include;/userdata/driver_ws/src/deptrum-ros-driver/ext/deptrum-stream-aurora900-linux-aarch64-v1.1.22-18.04/include;/userdata/driver_ws/src/deptrum-ros-driver/ext/glog-0.4.0/include;/userdata/driver_ws/src/deptrum-ros-driver/ext/gflags-2.2.2/include
[8.593s] -- Configured cppcheck exclude dirs and/or files: 
[8.683s] -- Added test 'cpplint' to check C / C++ code against the Google style
[8.684s] -- Configured cpplint exclude dirs and/or files: 
[8.697s] -- Added test 'flake8' to check Python code syntax and style conventions
[8.722s] -- Added test 'lint_cmake' to check CMake code style
[8.736s] -- Added test 'pep257' to check Python code against some of the docstring style conventions in PEP 257
[8.826s] -- Added test 'uncrustify' to check C / C++ code style
[8.827s] -- Configured uncrustify additional arguments: 
[8.840s] -- Added test 'xmllint' to check XML markup files
[8.853s] -- Configuring done
[9.028s] -- Generating done
[9.078s] -- Build files have been written to: /userdata/driver_ws/build/deptrum-ros-driver-aurora930
[9.176s] Invoked command in '/userdata/driver_ws/build/deptrum-ros-driver-aurora930' returned '0': CMAKE_PREFIX_PATH=${CMAKE_PREFIX_PATH}:/userdata/dev_ws/install/line_follower_pkg:/opt/tros/humble:/opt/ros/humble /usr/bin/cmake /userdata/driver_ws/src/deptrum-ros-driver -DSTREAM_SDK_TYPE=AURORA930 -DAMENT_CMAKE_SYMLINK_INSTALL=1 -DCMAKE_INSTALL_PREFIX=/userdata/driver_ws/install/deptrum-ros-driver-aurora930
[9.186s] Invoking command in '/userdata/driver_ws/build/deptrum-ros-driver-aurora930': CMAKE_PREFIX_PATH=${CMAKE_PREFIX_PATH}:/userdata/dev_ws/install/line_follower_pkg:/opt/tros/humble:/opt/ros/humble /usr/bin/cmake --build /userdata/driver_ws/build/deptrum-ros-driver-aurora930 -- -j8 -l8
[9.419s] [ 33%] Building CXX object CMakeFiles/aurora930_node.dir/src/ros2_node.cc.o
[9.419s] [ 33%] Building CXX object subscribe_node/CMakeFiles/sub_node.dir/src/sub_node.cc.o
[9.421s] [ 33%] Building CXX object CMakeFiles/aurora930_node.dir/src/aurora900_ros2_device.cc.o
[9.422s] [ 44%] Building CXX object CMakeFiles/aurora930_node.dir/src/ros2_device.cc.o
[9.423s] [ 55%] Building CXX object subscribe_node/CMakeFiles/sub_node_ci.dir/src/sub_node_ci.cc.o
[9.440s] [ 66%] Building CXX object CMakeFiles/aurora930_node.dir/src/camera_parameters.cc.o
[10.309s] In file included from /userdata/driver_ws/src/deptrum-ros-driver/src/camera_parameters.cc:4:
[10.310s] /opt/ros/humble/include/tf2_geometry_msgs/tf2_geometry_msgs/tf2_geometry_msgs.h:35:2: warning: #warning This header is obsolete, please include tf2_geometry_msgs/tf2_geometry_msgs.hpp instead [-Wcpp]
[10.311s]    35 | #warning This header is obsolete, please include tf2_geometry_msgs/tf2_geometry_msgs.hpp instead
[10.311s]       |  ^~~~~~~
[11.317s] In file included from /userdata/driver_ws/src/deptrum-ros-driver/include/deptrum_ros_driver/ros2_device.h:20,
[11.318s]                  from /userdata/driver_ws/src/deptrum-ros-driver/src/ros2_node.cc:6:
[11.319s] /opt/ros/humble/include/sensor_msgs/sensor_msgs/point_cloud_conversion.hpp:47:6: warning: #warning POINT_CLOUD_DEPRECATION_MESSAGE [-Wcpp]
[11.319s]    47 | #    warning POINT_CLOUD_DEPRECATION_MESSAGE
[11.320s]       |      ^~~~~~~
[11.321s] In file included from /userdata/driver_ws/src/deptrum-ros-driver/include/deptrum_ros_driver/ros2_device.h:20,
[11.322s]                  from /userdata/driver_ws/src/deptrum-ros-driver/include/deptrum_ros_driver/aurora900_ros2_device.h:4,
[11.323s]                  from /userdata/driver_ws/src/deptrum-ros-driver/src/aurora900_ros2_device.cc:2:
[11.323s] /opt/ros/humble/include/sensor_msgs/sensor_msgs/point_cloud_conversion.hpp:47:6: warning: #warning POINT_CLOUD_DEPRECATION_MESSAGE [-Wcpp]
[11.324s]    47 | #    warning POINT_CLOUD_DEPRECATION_MESSAGE
[11.325s]       |      ^~~~~~~
[11.332s] In file included from /userdata/driver_ws/src/deptrum-ros-driver/include/deptrum_ros_driver/ros2_device.h:20,
[11.333s]                  from /userdata/driver_ws/src/deptrum-ros-driver/src/ros2_device.cc:5:
[11.334s] /opt/ros/humble/include/sensor_msgs/sensor_msgs/point_cloud_conversion.hpp:47:6: warning: #warning POINT_CLOUD_DEPRECATION_MESSAGE [-Wcpp]
[11.335s]    47 | #    warning POINT_CLOUD_DEPRECATION_MESSAGE
[11.335s]       |      ^~~~~~~
[73.968s] [ 77%] Linking CXX executable aurora930_node
[74.230s] /usr/bin/ld: cannot find -ldeptrum_stream_aurora900: No such file or directory
[77.258s] collect2: error: ld returned 1 exit status
[77.266s] gmake[2]: *** [CMakeFiles/aurora930_node.dir/build.make:260: aurora930_node] Error 1
[77.267s] gmake[1]: *** [CMakeFiles/Makefile2:156: CMakeFiles/aurora930_node.dir/all] Error 2
[77.268s] gmake[1]: *** Waiting for unfinished jobs....
[116.175s] [ 88%] Linking CXX executable sub_node
[116.647s] [100%] Linking CXX executable sub_node_ci
[125.155s] [100%] Built target sub_node
[125.224s] [100%] Built target sub_node_ci
[125.228s] gmake: *** [Makefile:146: all] Error 2
[125.237s] Invoked command in '/userdata/driver_ws/build/deptrum-ros-driver-aurora930' returned '2': CMAKE_PREFIX_PATH=${CMAKE_PREFIX_PATH}:/userdata/dev_ws/install/line_follower_pkg:/opt/tros/humble:/opt/ros/humble /usr/bin/cmake --build /userdata/driver_ws/build/deptrum-ros-driver-aurora930 -- -j8 -l8
