[0.780s] DEBUG:colcon:Command line arguments: ['/usr/bin/colcon', 'build']
[0.780s] DEBUG:colcon:Parsed command line arguments: Namespace(log_base=None, log_level=None, verb_name='build', build_base='build', install_base='install', merge_install=False, symlink_install=False, test_result_base=None, continue_on_error=False, executor='parallel', parallel_workers=8, event_handlers=None, ignore_user_meta=False, metas=['./colcon.meta'], base_paths=['.'], packages_ignore=None, packages_ignore_regex=None, paths=None, packages_up_to=None, packages_up_to_regex=None, packages_above=None, packages_above_and_dependencies=None, packages_above_depth=None, packages_select_by_dep=None, packages_skip_by_dep=None, packages_skip_up_to=None, packages_select_build_failed=False, packages_skip_build_finished=False, packages_select_test_failures=False, packages_skip_test_passed=False, packages_select=None, packages_skip=None, packages_select_regex=None, packages_skip_regex=None, packages_start=None, packages_end=None, allow_overriding=[], cmake_args=None, cmake_target=None, cmake_target_skip_unavailable=False, cmake_clean_cache=False, cmake_clean_first=False, cmake_force_configure=False, ament_cmake_args=None, catkin_cmake_args=None, catkin_skip_building_tests=False, verb_parser=<colcon_defaults.argument_parser.defaults.DefaultArgumentsDecorator object at 0xffff80139780>, verb_extension=<colcon_core.verb.build.BuildVerb object at 0xffff80139270>, main=<bound method BuildVerb.main of <colcon_core.verb.build.BuildVerb object at 0xffff80139270>>)
[2.129s] Level 1:colcon.colcon_core.package_discovery:discover_packages(colcon_meta) check parameters
[2.129s] Level 1:colcon.colcon_core.package_discovery:discover_packages(recursive) check parameters
[2.130s] Level 1:colcon.colcon_core.package_discovery:discover_packages(ignore) check parameters
[2.130s] Level 1:colcon.colcon_core.package_discovery:discover_packages(path) check parameters
[2.130s] Level 1:colcon.colcon_core.package_discovery:discover_packages(colcon_meta) discover
[2.130s] Level 1:colcon.colcon_core.package_discovery:discover_packages(recursive) discover
[2.131s] INFO:colcon.colcon_core.package_discovery:Crawling recursively for packages in '/userdata/control_ws'
[2.131s] Level 1:colcon.colcon_core.package_identification:_identify(.) by extensions ['ignore', 'ignore_ament_install']
[2.131s] Level 1:colcon.colcon_core.package_identification:_identify(.) by extension 'ignore'
[2.132s] Level 1:colcon.colcon_core.package_identification:_identify(.) by extension 'ignore_ament_install'
[2.132s] Level 1:colcon.colcon_core.package_identification:_identify(.) by extensions ['colcon_pkg']
[2.132s] Level 1:colcon.colcon_core.package_identification:_identify(.) by extension 'colcon_pkg'
[2.133s] Level 1:colcon.colcon_core.package_identification:_identify(.) by extensions ['colcon_meta']
[2.133s] Level 1:colcon.colcon_core.package_identification:_identify(.) by extension 'colcon_meta'
[2.133s] Level 1:colcon.colcon_core.package_identification:_identify(.) by extensions ['ros']
[2.133s] Level 1:colcon.colcon_core.package_identification:_identify(.) by extension 'ros'
[2.214s] Level 1:colcon.colcon_core.package_identification:_identify(.) by extensions ['cmake', 'python']
[2.215s] Level 1:colcon.colcon_core.package_identification:_identify(.) by extension 'cmake'
[2.215s] Level 1:colcon.colcon_core.package_identification:_identify(.) by extension 'python'
[2.215s] Level 1:colcon.colcon_core.package_identification:_identify(.) by extensions ['python_setup_py']
[2.215s] Level 1:colcon.colcon_core.package_identification:_identify(.) by extension 'python_setup_py'
[2.216s] Level 1:colcon.colcon_core.package_identification:_identify(build) by extensions ['ignore', 'ignore_ament_install']
[2.217s] Level 1:colcon.colcon_core.package_identification:_identify(build) by extension 'ignore'
[2.217s] Level 1:colcon.colcon_core.package_identification:_identify(build) ignored
[2.218s] Level 1:colcon.colcon_core.package_identification:_identify(install) by extensions ['ignore', 'ignore_ament_install']
[2.219s] Level 1:colcon.colcon_core.package_identification:_identify(install) by extension 'ignore'
[2.219s] Level 1:colcon.colcon_core.package_identification:_identify(install) ignored
[2.220s] Level 1:colcon.colcon_core.package_identification:_identify(log) by extensions ['ignore', 'ignore_ament_install']
[2.220s] Level 1:colcon.colcon_core.package_identification:_identify(log) by extension 'ignore'
[2.220s] Level 1:colcon.colcon_core.package_identification:_identify(log) ignored
[2.221s] Level 1:colcon.colcon_core.package_identification:_identify(src) by extensions ['ignore', 'ignore_ament_install']
[2.221s] Level 1:colcon.colcon_core.package_identification:_identify(src) by extension 'ignore'
[2.222s] Level 1:colcon.colcon_core.package_identification:_identify(src) by extension 'ignore_ament_install'
[2.222s] Level 1:colcon.colcon_core.package_identification:_identify(src) by extensions ['colcon_pkg']
[2.223s] Level 1:colcon.colcon_core.package_identification:_identify(src) by extension 'colcon_pkg'
[2.223s] Level 1:colcon.colcon_core.package_identification:_identify(src) by extensions ['colcon_meta']
[2.223s] Level 1:colcon.colcon_core.package_identification:_identify(src) by extension 'colcon_meta'
[2.223s] Level 1:colcon.colcon_core.package_identification:_identify(src) by extensions ['ros']
[2.224s] Level 1:colcon.colcon_core.package_identification:_identify(src) by extension 'ros'
[2.224s] Level 1:colcon.colcon_core.package_identification:_identify(src) by extensions ['cmake', 'python']
[2.224s] Level 1:colcon.colcon_core.package_identification:_identify(src) by extension 'cmake'
[2.224s] Level 1:colcon.colcon_core.package_identification:_identify(src) by extension 'python'
[2.225s] Level 1:colcon.colcon_core.package_identification:_identify(src) by extensions ['python_setup_py']
[2.225s] Level 1:colcon.colcon_core.package_identification:_identify(src) by extension 'python_setup_py'
[2.226s] Level 1:colcon.colcon_core.package_identification:_identify(src/task_controller) by extensions ['ignore', 'ignore_ament_install']
[2.226s] Level 1:colcon.colcon_core.package_identification:_identify(src/task_controller) by extension 'ignore'
[2.227s] Level 1:colcon.colcon_core.package_identification:_identify(src/task_controller) by extension 'ignore_ament_install'
[2.227s] Level 1:colcon.colcon_core.package_identification:_identify(src/task_controller) by extensions ['colcon_pkg']
[2.227s] Level 1:colcon.colcon_core.package_identification:_identify(src/task_controller) by extension 'colcon_pkg'
[2.227s] Level 1:colcon.colcon_core.package_identification:_identify(src/task_controller) by extensions ['colcon_meta']
[2.228s] Level 1:colcon.colcon_core.package_identification:_identify(src/task_controller) by extension 'colcon_meta'
[2.228s] Level 1:colcon.colcon_core.package_identification:_identify(src/task_controller) by extensions ['ros']
[2.228s] Level 1:colcon.colcon_core.package_identification:_identify(src/task_controller) by extension 'ros'
[2.243s] DEBUG:colcon.colcon_core.package_identification:Package 'src/task_controller' with type 'ros.ament_python' and name 'task_controller'
[2.244s] Level 1:colcon.colcon_core.package_discovery:discover_packages(recursive) using defaults
[2.244s] Level 1:colcon.colcon_core.package_discovery:discover_packages(ignore) discover
[2.244s] Level 1:colcon.colcon_core.package_discovery:discover_packages(ignore) using defaults
[2.244s] Level 1:colcon.colcon_core.package_discovery:discover_packages(path) discover
[2.245s] Level 1:colcon.colcon_core.package_discovery:discover_packages(path) using defaults
[2.387s] Level 1:colcon.colcon_core.package_discovery:discover_packages(prefix_path) check parameters
[2.388s] Level 1:colcon.colcon_core.package_discovery:discover_packages(prefix_path) discover
[2.402s] DEBUG:colcon.colcon_installed_package_information.package_discovery:Found 1 installed packages in /userdata/control_ws/install
[2.405s] DEBUG:colcon.colcon_installed_package_information.package_discovery:Found 1 installed packages in /userdata/navi_ws/install
[2.410s] DEBUG:colcon.colcon_installed_package_information.package_discovery:Found 8 installed packages in /userdata/dev_ws/install
[2.414s] DEBUG:colcon.colcon_installed_package_information.package_discovery:Found 5 installed packages in /userdata/BPU_bl_ws/install
[2.417s] DEBUG:colcon.colcon_installed_package_information.package_discovery:Found 1 installed packages in /userdata/base_ws/install
[2.421s] DEBUG:colcon.colcon_installed_package_information.package_discovery:Found 49 installed packages in /opt/tros/humble
[2.516s] DEBUG:colcon.colcon_installed_package_information.package_discovery:Found 290 installed packages in /opt/ros/humble
[2.529s] Level 1:colcon.colcon_core.package_discovery:discover_packages(prefix_path) using defaults
[2.867s] Level 5:colcon.colcon_core.verb:set package 'task_controller' build argument 'cmake_args' from command line to 'None'
[2.868s] Level 5:colcon.colcon_core.verb:set package 'task_controller' build argument 'cmake_target' from command line to 'None'
[2.868s] Level 5:colcon.colcon_core.verb:set package 'task_controller' build argument 'cmake_target_skip_unavailable' from command line to 'False'
[2.868s] Level 5:colcon.colcon_core.verb:set package 'task_controller' build argument 'cmake_clean_cache' from command line to 'False'
[2.868s] Level 5:colcon.colcon_core.verb:set package 'task_controller' build argument 'cmake_clean_first' from command line to 'False'
[2.868s] Level 5:colcon.colcon_core.verb:set package 'task_controller' build argument 'cmake_force_configure' from command line to 'False'
[2.869s] Level 5:colcon.colcon_core.verb:set package 'task_controller' build argument 'ament_cmake_args' from command line to 'None'
[2.869s] Level 5:colcon.colcon_core.verb:set package 'task_controller' build argument 'catkin_cmake_args' from command line to 'None'
[2.869s] Level 5:colcon.colcon_core.verb:set package 'task_controller' build argument 'catkin_skip_building_tests' from command line to 'False'
[2.869s] DEBUG:colcon.colcon_core.verb:Building package 'task_controller' with the following arguments: {'ament_cmake_args': None, 'build_base': '/userdata/control_ws/build/task_controller', 'catkin_cmake_args': None, 'catkin_skip_building_tests': False, 'cmake_args': None, 'cmake_clean_cache': False, 'cmake_clean_first': False, 'cmake_force_configure': False, 'cmake_target': None, 'cmake_target_skip_unavailable': False, 'install_base': '/userdata/control_ws/install/task_controller', 'merge_install': False, 'path': '/userdata/control_ws/src/task_controller', 'symlink_install': False, 'test_result_base': None}
[2.870s] INFO:colcon.colcon_core.executor:Executing jobs using 'parallel' executor
[2.876s] DEBUG:colcon.colcon_parallel_executor.executor.parallel:run_until_complete
[2.878s] INFO:colcon.colcon_ros.task.ament_python.build:Building ROS package in '/userdata/control_ws/src/task_controller' with build type 'ament_python'
[2.879s] Level 1:colcon.colcon_core.shell:create_environment_hook('task_controller', 'ament_prefix_path')
[2.892s] INFO:colcon.colcon_core.plugin_system:Skipping extension 'colcon_core.shell.bat': Not used on non-Windows systems
[2.894s] INFO:colcon.colcon_core.shell:Creating environment hook '/userdata/control_ws/install/task_controller/share/task_controller/hook/ament_prefix_path.ps1'
[2.898s] INFO:colcon.colcon_core.shell:Creating environment descriptor '/userdata/control_ws/install/task_controller/share/task_controller/hook/ament_prefix_path.dsv'
[2.902s] INFO:colcon.colcon_core.shell:Creating environment hook '/userdata/control_ws/install/task_controller/share/task_controller/hook/ament_prefix_path.sh'
[2.908s] INFO:colcon.colcon_core.shell:Skip shell extension 'powershell' for command environment: Not usable outside of PowerShell
[2.909s] DEBUG:colcon.colcon_core.shell:Skip shell extension 'dsv' for command environment
[5.016s] INFO:colcon.colcon_core.task.python.build:Building Python package in '/userdata/control_ws/src/task_controller'
[5.018s] INFO:colcon.colcon_core.shell:Skip shell extension 'powershell' for command environment: Not usable outside of PowerShell
[5.019s] DEBUG:colcon.colcon_core.shell:Skip shell extension 'dsv' for command environment
[8.013s] DEBUG:colcon.colcon_core.event_handler.log_command:Invoking command in '/userdata/control_ws/build/task_controller': PYTHONPATH=/userdata/control_ws/build/task_controller/prefix_override:/usr/lib/python3/dist-packages/colcon_core/task/python/colcon_distutils_commands:/userdata/control_ws/install/task_controller/lib/python3.10/site-packages:${PYTHONPATH} /usr/bin/python3 -W ignore:setup.py install is deprecated -W ignore:easy_install command is deprecated setup.py develop --uninstall --editable --build-directory /userdata/control_ws/build/task_controller/build
[11.987s] DEBUG:colcon.colcon_core.event_handler.log_command:Invoked command in '/userdata/control_ws/build/task_controller' returned '0': PYTHONPATH=/userdata/control_ws/build/task_controller/prefix_override:/usr/lib/python3/dist-packages/colcon_core/task/python/colcon_distutils_commands:/userdata/control_ws/install/task_controller/lib/python3.10/site-packages:${PYTHONPATH} /usr/bin/python3 -W ignore:setup.py install is deprecated -W ignore:easy_install command is deprecated setup.py develop --uninstall --editable --build-directory /userdata/control_ws/build/task_controller/build
[11.994s] DEBUG:colcon.colcon_core.event_handler.log_command:Invoking command in '/userdata/control_ws/src/task_controller': PYTHONPATH=/userdata/control_ws/build/task_controller/prefix_override:/usr/lib/python3/dist-packages/colcon_core/task/python/colcon_distutils_commands:/userdata/control_ws/install/task_controller/lib/python3.10/site-packages:${PYTHONPATH} /usr/bin/python3 -W ignore:setup.py install is deprecated -W ignore:easy_install command is deprecated setup.py egg_info --egg-base ../../build/task_controller build --build-base /userdata/control_ws/build/task_controller/build install --record /userdata/control_ws/build/task_controller/install.log --single-version-externally-managed install_data --force
[14.539s] DEBUG:colcon.colcon_core.event_handler.log_command:Invoked command in '/userdata/control_ws/src/task_controller' returned '0': PYTHONPATH=/userdata/control_ws/build/task_controller/prefix_override:/usr/lib/python3/dist-packages/colcon_core/task/python/colcon_distutils_commands:/userdata/control_ws/install/task_controller/lib/python3.10/site-packages:${PYTHONPATH} /usr/bin/python3 -W ignore:setup.py install is deprecated -W ignore:easy_install command is deprecated setup.py egg_info --egg-base ../../build/task_controller build --build-base /userdata/control_ws/build/task_controller/build install --record /userdata/control_ws/build/task_controller/install.log --single-version-externally-managed install_data --force
[14.557s] Level 1:colcon.colcon_core.environment:checking '/userdata/control_ws/install/task_controller' for CMake module files
[14.560s] Level 1:colcon.colcon_core.environment:checking '/userdata/control_ws/install/task_controller' for CMake config files
[14.564s] Level 1:colcon.colcon_core.environment:checking '/userdata/control_ws/install/task_controller/lib'
[14.566s] Level 1:colcon.colcon_core.environment:checking '/userdata/control_ws/install/task_controller/bin'
[14.567s] Level 1:colcon.colcon_core.shell:create_environment_hook('task_controller', 'path')
[14.568s] INFO:colcon.colcon_core.shell:Creating environment hook '/userdata/control_ws/install/task_controller/share/task_controller/hook/path.ps1'
[14.572s] INFO:colcon.colcon_core.shell:Creating environment descriptor '/userdata/control_ws/install/task_controller/share/task_controller/hook/path.dsv'
[14.574s] INFO:colcon.colcon_core.shell:Creating environment hook '/userdata/control_ws/install/task_controller/share/task_controller/hook/path.sh'
[14.578s] Level 1:colcon.colcon_core.environment:checking '/userdata/control_ws/install/task_controller/lib/pkgconfig/task_controller.pc'
[14.580s] Level 1:colcon.colcon_core.environment:checking '/userdata/control_ws/install/task_controller/lib/python3.10/site-packages'
[14.581s] Level 1:colcon.colcon_core.shell:create_environment_hook('task_controller', 'pythonpath')
[14.583s] INFO:colcon.colcon_core.shell:Creating environment hook '/userdata/control_ws/install/task_controller/share/task_controller/hook/pythonpath.ps1'
[14.586s] INFO:colcon.colcon_core.shell:Creating environment descriptor '/userdata/control_ws/install/task_controller/share/task_controller/hook/pythonpath.dsv'
[14.589s] INFO:colcon.colcon_core.shell:Creating environment hook '/userdata/control_ws/install/task_controller/share/task_controller/hook/pythonpath.sh'
[14.592s] Level 1:colcon.colcon_core.environment:checking '/userdata/control_ws/install/task_controller/bin'
[14.593s] Level 1:colcon.colcon_core.shell:create_environment_hook('task_controller', 'pythonscriptspath')
[14.595s] INFO:colcon.colcon_core.shell:Creating environment hook '/userdata/control_ws/install/task_controller/share/task_controller/hook/pythonscriptspath.ps1'
[14.598s] INFO:colcon.colcon_core.shell:Creating environment descriptor '/userdata/control_ws/install/task_controller/share/task_controller/hook/pythonscriptspath.dsv'
[14.601s] INFO:colcon.colcon_core.shell:Creating environment hook '/userdata/control_ws/install/task_controller/share/task_controller/hook/pythonscriptspath.sh'
[14.604s] Level 1:colcon.colcon_core.environment:create_environment_scripts_only(task_controller)
[14.607s] INFO:colcon.colcon_core.shell:Creating package script '/userdata/control_ws/install/task_controller/share/task_controller/package.ps1'
[14.614s] INFO:colcon.colcon_core.shell:Creating package descriptor '/userdata/control_ws/install/task_controller/share/task_controller/package.dsv'
[14.620s] INFO:colcon.colcon_core.shell:Creating package script '/userdata/control_ws/install/task_controller/share/task_controller/package.sh'
[14.625s] INFO:colcon.colcon_core.shell:Creating package script '/userdata/control_ws/install/task_controller/share/task_controller/package.bash'
[14.632s] INFO:colcon.colcon_core.shell:Creating package script '/userdata/control_ws/install/task_controller/share/task_controller/package.zsh'
[14.637s] Level 1:colcon.colcon_core.environment:create_file_with_runtime_dependencies(/userdata/control_ws/install/task_controller/share/colcon-core/packages/task_controller)
[14.639s] DEBUG:colcon.colcon_parallel_executor.executor.parallel:closing loop
[14.640s] DEBUG:colcon.colcon_parallel_executor.executor.parallel:loop closed
[14.640s] DEBUG:colcon.colcon_parallel_executor.executor.parallel:run_until_complete finished with '0'
[14.641s] DEBUG:colcon.colcon_core.event_reactor:joining thread
[14.674s] INFO:colcon.colcon_core.plugin_system:Skipping extension 'colcon_notification.desktop_notification.terminal_notifier': Not used on non-Darwin systems
[14.674s] INFO:colcon.colcon_core.plugin_system:Skipping extension 'colcon_notification.desktop_notification.win32': Not used on non-Windows systems
[14.674s] INFO:colcon.colcon_notification.desktop_notification:Sending desktop notification using 'notify2'
[39.698s] DEBUG:colcon.colcon_notification.desktop_notification.notify2:Failed to initialize notify2: org.freedesktop.DBus.Error.NoReply: Did not receive a reply. Possible causes include: the remote application did not send a reply, the message bus security policy blocked the reply, the reply timeout expired, or the network connection was broken.
[39.698s] DEBUG:colcon.colcon_core.event_reactor:joined thread
[39.700s] INFO:colcon.colcon_core.shell:Creating prefix script '/userdata/control_ws/install/local_setup.ps1'
[39.706s] INFO:colcon.colcon_core.shell:Creating prefix util module '/userdata/control_ws/install/_local_setup_util_ps1.py'
[39.717s] INFO:colcon.colcon_core.shell:Creating prefix chain script '/userdata/control_ws/install/setup.ps1'
[39.729s] INFO:colcon.colcon_core.shell:Creating prefix script '/userdata/control_ws/install/local_setup.sh'
[39.733s] INFO:colcon.colcon_core.shell:Creating prefix util module '/userdata/control_ws/install/_local_setup_util_sh.py'
[39.737s] INFO:colcon.colcon_core.shell:Creating prefix chain script '/userdata/control_ws/install/setup.sh'
[39.749s] INFO:colcon.colcon_core.shell:Creating prefix script '/userdata/control_ws/install/local_setup.bash'
[39.752s] INFO:colcon.colcon_core.shell:Creating prefix chain script '/userdata/control_ws/install/setup.bash'
[39.764s] INFO:colcon.colcon_core.shell:Creating prefix script '/userdata/control_ws/install/local_setup.zsh'
[39.767s] INFO:colcon.colcon_core.shell:Creating prefix chain script '/userdata/control_ws/install/setup.zsh'
